0.000000 0.000000
0.003922 0.000000
0.007843 0.000000
0.011765 0.000000
0.015686 0.000000
0.019608 0.000000
0.023529 0.000000
0.027451 0.000000
0.031373 0.000000
0.035294 0.000000
0.039216 0.000000
0.043137 0.000000
0.047059 0.000000
0.050980 0.000000
0.054902 0.000000
0.058824 0.000000
0.062745 0.000000
0.066667 0.000000
0.070588 0.000000
0.074510 0.000000
0.078431 0.000000
0.082353 0.000000
0.086275 0.000000
0.090196 0.000000
0.094118 0.000000
0.098039 0.000000
0.101961 0.000000
0.105882 0.000000
0.109804 0.000000
0.113725 0.000000
0.117647 0.000000
0.121569 0.000000
0.125490 0.000000
0.129412 0.000000
0.133333 0.000000
0.137255 0.000000
0.141176 0.000000
0.145098 0.000000
0.149020 0.000000
0.152941 0.000000
0.156863 0.000000
0.160784 0.000000
0.164706 0.000000
0.168627 0.000000
0.172549 0.000000
0.176471 0.000000
0.180392 0.000000
0.184314 0.000000
0.188235 0.000000
0.192157 0.000000
0.196078 0.000000
0.200000 0.000000
0.203922 0.000000
0.207843 0.000000
0.211765 0.000000
0.215686 0.000000
0.219608 0.000000
0.223529 0.000000
0.227451 0.000000
0.231373 0.000000
0.235294 0.000000
0.239216 0.000000
0.243137 0.000000
0.247059 0.000000
0.250980 0.000000
0.254902 0.000000
0.258824 0.000000
0.262745 0.000000
0.266667 0.000000
0.270588 0.000000
0.274510 0.000000
0.278431 0.000000
0.282353 0.000000
0.286275 0.000000
0.290196 0.000000
0.294118 0.000000
0.298039 0.000000
0.301961 0.000000
0.305882 0.000000
0.309804 0.000000
0.313726 0.000000
0.317647 0.000000
0.321569 0.000000
0.325490 0.000000
0.329412 0.000000
0.333333 0.000000
0.337255 0.000000
0.341176 0.000000
0.345098 0.000000
0.349020 0.000000
0.352941 0.000000
0.356863 0.000000
0.360784 0.000000
0.364706 0.000000
0.368627 0.000000
0.372549 0.000000
0.376471 0.000000
0.380392 0.000000
0.384314 0.000000
0.388235 0.000000
0.392157 0.000000
0.396078 0.000000
0.400000 0.000000
0.403922 0.000000
0.407843 0.000000
0.411765 0.000000
0.415686 0.000000
0.419608 0.000000
0.423529 0.000000
0.427451 0.000000
0.431373 0.000000
0.435294 0.000000
0.439216 0.000000
0.443137 0.000000
0.447059 0.000000
0.450980 0.000000
0.454902 0.000000
0.458824 0.000000
0.462745 0.000000
0.466667 0.000000
0.470588 0.000000
0.474510 0.000000
0.478431 0.000000
0.482353 0.000000
0.486275 0.000000
0.490196 0.000000
0.494118 0.000000
0.498039 0.000000
0.501961 0.000000
0.505882 0.000000
0.509804 0.000000
0.513726 0.000000
0.517647 0.000000
0.521569 0.000000
0.525490 0.000000
0.529412 0.000000
0.533333 0.000000
0.537255 0.000000
0.541176 0.000000
0.545098 0.000000
0.549020 0.000000
0.552941 0.000000
0.556863 0.000000
0.560784 0.000000
0.564706 0.000000
0.568627 0.000000
0.572549 0.000000
0.576471 0.000000
0.580392 0.000000
0.584314 0.000000
0.588235 0.000000
0.592157 0.000000
0.596078 0.000000
0.600000 0.000000
0.603922 0.000000
0.607843 0.000000
0.611765 0.000000
0.615686 0.000000
0.619608 0.000000
0.623529 0.000000
0.627451 0.000000
0.631373 0.000000
0.635294 0.000000
0.639216 0.000000
0.643137 0.000000
0.647059 0.000000
0.650980 0.000000
0.654902 0.000000
0.658824 0.000000
0.662745 0.000000
0.666667 0.000000
0.670588 0.000000
0.674510 0.000000
0.678431 0.000000
0.682353 0.000000
0.686275 0.000000
0.690196 0.000000
0.694118 0.000000
0.698039 0.000000
0.701961 0.000000
0.705882 0.000000
0.709804 0.000000
0.713726 0.000000
0.717647 0.000000
0.721569 0.000000
0.725490 0.000000
0.729412 0.000000
0.733333 0.000000
0.737255 0.000000
0.741176 0.000000
0.745098 0.000000
0.749020 0.000000
0.752941 0.000000
0.756863 0.000000
0.760784 0.000000
0.764706 0.000000
0.768627 0.000000
0.772549 0.000000
0.776471 0.000000
0.780392 0.000000
0.784314 0.000000
0.788235 0.000000
0.792157 0.000000
0.796078 0.000000
0.800000 0.000000
0.803922 0.000000
0.807843 0.000000
0.811765 0.000000
0.815686 0.000000
0.819608 0.000000
0.823529 0.000000
0.827451 0.000000
0.831373 0.000000
0.835294 0.000000
0.839216 0.000000
0.843137 0.000000
0.847059 0.000000
0.850980 0.000000
0.854902 0.000000
0.858824 0.000000
0.862745 0.000000
0.866667 0.000000
0.870588 0.000000
0.874510 0.000000
0.878431 0.000000
0.882353 0.000000
0.886275 0.000000
0.890196 0.000000
0.894118 0.000000
0.898039 0.000000
0.901961 0.000000
0.905882 0.000000
0.909804 0.000000
0.913725 0.000000
0.917647 0.000000
0.921569 0.000000
0.925490 0.000000
0.929412 0.000000
0.933333 0.000000
0.937255 0.000000
0.941176 0.000000
0.945098 0.000000
0.949020 0.000000
0.952941 0.000000
0.956863 0.000000
0.960784 0.000000
0.964706 0.000000
0.968627 0.000000
0.972549 0.000000
0.976471 0.000000
0.980392 0.000000
0.984314 0.000000
0.988235 0.000000
0.992157 0.000000
0.996078 0.000000
1.000000 0.000000

i = 10.000000 0.003922
0.003922 0.003922
0.007843 0.003922
0.011765 0.003922
0.015686 0.003922
0.019608 0.003922
0.023529 0.003922
0.027451 0.003922
0.031373 0.003922
0.035294 0.003922
0.039216 0.003922
0.043137 0.003922
0.047059 0.003922
0.050980 0.003922
0.054902 0.003922
0.058824 0.003922
0.062745 0.003922
0.066667 0.003922
0.070588 0.003922
0.074510 0.003922
0.078431 0.003922
0.082353 0.003922
0.086275 0.003922
0.090196 0.003922
0.094118 0.003922
0.098039 0.003922
0.101961 0.003922
0.105882 0.003922
0.109804 0.003922
0.113725 0.003922
0.117647 0.003922
0.121569 0.003922
0.125490 0.003922
0.129412 0.003922
0.133333 0.003922
0.137255 0.003922
0.141176 0.003922
0.145098 0.003922
0.149020 0.003922
0.152941 0.003922
0.156863 0.003922
0.160784 0.003922
0.164706 0.003922
0.168627 0.003922
0.172549 0.003922
0.176471 0.003922
0.180392 0.003922
0.184314 0.003922
0.188235 0.003922
0.192157 0.003922
0.196078 0.003922
0.200000 0.003922
0.203922 0.003922
0.207843 0.003922
0.211765 0.003922
0.215686 0.003922
0.219608 0.003922
0.223529 0.003922
0.227451 0.003922
0.231373 0.003922
0.235294 0.003922
0.239216 0.003922
0.243137 0.003922
0.247059 0.003922
0.250980 0.003922
0.254902 0.003922
0.258824 0.003922
0.262745 0.003922
0.266667 0.003922
0.270588 0.003922
0.274510 0.003922
0.278431 0.003922
0.282353 0.003922
0.286275 0.003922
0.290196 0.003922
0.294118 0.003922
0.298039 0.003922
0.301961 0.003922
0.305882 0.003922
0.309804 0.003922
0.313726 0.003922
0.317647 0.003922
0.321569 0.003922
0.325490 0.003922
0.329412 0.003922
0.333333 0.003922
0.337255 0.003922
0.341176 0.003922
0.345098 0.003922
0.349020 0.003922
0.352941 0.003922
0.356863 0.003922
0.360784 0.003922
0.364706 0.003922
0.368627 0.003922
0.372549 0.003922
0.376471 0.003922
0.380392 0.003922
0.384314 0.003922
0.388235 0.003922
0.392157 0.003922
0.396078 0.003922
0.400000 0.003922
0.403922 0.003922
0.407843 0.003922
0.411765 0.003922
0.415686 0.003922
0.419608 0.003922
0.423529 0.003922
0.427451 0.003922
0.431373 0.003922
0.435294 0.003922
0.439216 0.003922
0.443137 0.003922
0.447059 0.003922
0.450980 0.003922
0.454902 0.003922
0.458824 0.003922
0.462745 0.003922
0.466667 0.003922
0.470588 0.003922
0.474510 0.003922
0.478431 0.003922
0.482353 0.003922
0.486275 0.003922
0.490196 0.003922
0.494118 0.003922
0.498039 0.003922
0.501961 0.003922
0.505882 0.003922
0.509804 0.003922
0.513726 0.003922
0.517647 0.003922
0.521569 0.003922
0.525490 0.003922
0.529412 0.003922
0.533333 0.003922
0.537255 0.003922
0.541176 0.003922
0.545098 0.003922
0.549020 0.003922
0.552941 0.003922
0.556863 0.003922
0.560784 0.003922
0.564706 0.003922
0.568627 0.003922
0.572549 0.003922
0.576471 0.003922
0.580392 0.003922
0.584314 0.003922
0.588235 0.003922
0.592157 0.003922
0.596078 0.003922
0.600000 0.003922
0.603922 0.003922
0.607843 0.003922
0.611765 0.003922
0.615686 0.003922
0.619608 0.003922
0.623529 0.003922
0.627451 0.003922
0.631373 0.003922
0.635294 0.003922
0.639216 0.003922
0.643137 0.003922
0.647059 0.003922
0.650980 0.003922
0.654902 0.003922
0.658824 0.003922
0.662745 0.003922
0.666667 0.003922
0.670588 0.003922
0.674510 0.003922
0.678431 0.003922
0.682353 0.003922
0.686275 0.003922
0.690196 0.003922
0.694118 0.003922
0.698039 0.003922
0.701961 0.003922
0.705882 0.003922
0.709804 0.003922
0.713726 0.003922
0.717647 0.003922
0.721569 0.003922
0.725490 0.003922
0.729412 0.003922
0.733333 0.003922
0.737255 0.003922
0.741176 0.003922
0.745098 0.003922
0.749020 0.003922
0.752941 0.003922
0.756863 0.003922
0.760784 0.003922
0.764706 0.003922
0.768627 0.003922
0.772549 0.003922
0.776471 0.003922
0.780392 0.003922
0.784314 0.003922
0.788235 0.003922
0.792157 0.003922
0.796078 0.003922
0.800000 0.003922
0.803922 0.003922
0.807843 0.003922
0.811765 0.003922
0.815686 0.003922
0.819608 0.003922
0.823529 0.003922
0.827451 0.003922
0.831373 0.003922
0.835294 0.003922
0.839216 0.003922
0.843137 0.003922
0.847059 0.003922
0.850980 0.003922
0.854902 0.003922
0.858824 0.003922
0.862745 0.003922
0.866667 0.003922
0.870588 0.003922
0.874510 0.003922
0.878431 0.003922
0.882353 0.003922
0.886275 0.003922
0.890196 0.003922
0.894118 0.003922
0.898039 0.003922
0.901961 0.003922
0.905882 0.003922
0.909804 0.003922
0.913725 0.003922
0.917647 0.003922
0.921569 0.003922
0.925490 0.003922
0.929412 0.003922
0.933333 0.003922
0.937255 0.003922
0.941176 0.003922
0.945098 0.003922
0.949020 0.003922
0.952941 0.003922
0.956863 0.003922
0.960784 0.003922
0.964706 0.003922
0.968627 0.003922
0.972549 0.003922
0.976471 0.003922
0.980392 0.003922
0.984314 0.003922
0.988235 0.003922
0.992157 0.003922
0.996078 0.003922
1.000000 0.003922

i = 20.000000 0.007843
0.003922 0.007843
0.007843 0.007843
0.011765 0.007843
0.015686 0.007843
0.019608 0.007843
0.023529 0.007843
0.027451 0.007843
0.031373 0.007843
0.035294 0.007843
0.039216 0.007843
0.043137 0.007843
0.047059 0.007843
0.050980 0.007843
0.054902 0.007843
0.058824 0.007843
0.062745 0.007843
0.066667 0.007843
0.070588 0.007843
0.074510 0.007843
0.078431 0.007843
0.082353 0.007843
0.086275 0.007843
0.090196 0.007843
0.094118 0.007843
0.098039 0.007843
0.101961 0.007843
0.105882 0.007843
0.109804 0.007843
0.113725 0.007843
0.117647 0.007843
0.121569 0.007843
0.125490 0.007843
0.129412 0.007843
0.133333 0.007843
0.137255 0.007843
0.141176 0.007843
0.145098 0.007843
0.149020 0.007843
0.152941 0.007843
0.156863 0.007843
0.160784 0.007843
0.164706 0.007843
0.168627 0.007843
0.172549 0.007843
0.176471 0.007843
0.180392 0.007843
0.184314 0.007843
0.188235 0.007843
0.192157 0.007843
0.196078 0.007843
0.200000 0.007843
0.203922 0.007843
0.207843 0.007843
0.211765 0.007843
0.215686 0.007843
0.219608 0.007843
0.223529 0.007843
0.227451 0.007843
0.231373 0.007843
0.235294 0.007843
0.239216 0.007843
0.243137 0.007843
0.247059 0.007843
0.250980 0.007843
0.254902 0.007843
0.258824 0.007843
0.262745 0.007843
0.266667 0.007843
0.270588 0.007843
0.274510 0.007843
0.278431 0.007843
0.282353 0.007843
0.286275 0.007843
0.290196 0.007843
0.294118 0.007843
0.298039 0.007843
0.301961 0.007843
0.305882 0.007843
0.309804 0.007843
0.313726 0.007843
0.317647 0.007843
0.321569 0.007843
0.325490 0.007843
0.329412 0.007843
0.333333 0.007843
0.337255 0.007843
0.341176 0.007843
0.345098 0.007843
0.349020 0.007843
0.352941 0.007843
0.356863 0.007843
0.360784 0.007843
0.364706 0.007843
0.368627 0.007843
0.372549 0.007843
0.376471 0.007843
0.380392 0.007843
0.384314 0.007843
0.388235 0.007843
0.392157 0.007843
0.396078 0.007843
0.400000 0.007843
0.403922 0.007843
0.407843 0.007843
0.411765 0.007843
0.415686 0.007843
0.419608 0.007843
0.423529 0.007843
0.427451 0.007843
0.431373 0.007843
0.435294 0.007843
0.439216 0.007843
0.443137 0.007843
0.447059 0.007843
0.450980 0.007843
0.454902 0.007843
0.458824 0.007843
0.462745 0.007843
0.466667 0.007843
0.470588 0.007843
0.474510 0.007843
0.478431 0.007843
0.482353 0.007843
0.486275 0.007843
0.490196 0.007843
0.494118 0.007843
0.498039 0.007843
0.501961 0.007843
0.505882 0.007843
0.509804 0.007843
0.513726 0.007843
0.517647 0.007843
0.521569 0.007843
0.525490 0.007843
0.529412 0.007843
0.533333 0.007843
0.537255 0.007843
0.541176 0.007843
0.545098 0.007843
0.549020 0.007843
0.552941 0.007843
0.556863 0.007843
0.560784 0.007843
0.564706 0.007843
0.568627 0.007843
0.572549 0.007843
0.576471 0.007843
0.580392 0.007843
0.584314 0.007843
0.588235 0.007843
0.592157 0.007843
0.596078 0.007843
0.600000 0.007843
0.603922 0.007843
0.607843 0.007843
0.611765 0.007843
0.615686 0.007843
0.619608 0.007843
0.623529 0.007843
0.627451 0.007843
0.631373 0.007843
0.635294 0.007843
0.639216 0.007843
0.643137 0.007843
0.647059 0.007843
0.650980 0.007843
0.654902 0.007843
0.658824 0.007843
0.662745 0.007843
0.666667 0.007843
0.670588 0.007843
0.674510 0.007843
0.678431 0.007843
0.682353 0.007843
0.686275 0.007843
0.690196 0.007843
0.694118 0.007843
0.698039 0.007843
0.701961 0.007843
0.705882 0.007843
0.709804 0.007843
0.713726 0.007843
0.717647 0.007843
0.721569 0.007843
0.725490 0.007843
0.729412 0.007843
0.733333 0.007843
0.737255 0.007843
0.741176 0.007843
0.745098 0.007843
0.749020 0.007843
0.752941 0.007843
0.756863 0.007843
0.760784 0.007843
0.764706 0.007843
0.768627 0.007843
0.772549 0.007843
0.776471 0.007843
0.780392 0.007843
0.784314 0.007843
0.788235 0.007843
0.792157 0.007843
0.796078 0.007843
0.800000 0.007843
0.803922 0.007843
0.807843 0.007843
0.811765 0.007843
0.815686 0.007843
0.819608 0.007843
0.823529 0.007843
0.827451 0.007843
0.831373 0.007843
0.835294 0.007843
0.839216 0.007843
0.843137 0.007843
0.847059 0.007843
0.850980 0.007843
0.854902 0.007843
0.858824 0.007843
0.862745 0.007843
0.866667 0.007843
0.870588 0.007843
0.874510 0.007843
0.878431 0.007843
0.882353 0.007843
0.886275 0.007843
0.890196 0.007843
0.894118 0.007843
0.898039 0.007843
0.901961 0.007843
0.905882 0.007843
0.909804 0.007843
0.913725 0.007843
0.917647 0.007843
0.921569 0.007843
0.925490 0.007843
0.929412 0.007843
0.933333 0.007843
0.937255 0.007843
0.941176 0.007843
0.945098 0.007843
0.949020 0.007843
0.952941 0.007843
0.956863 0.007843
0.960784 0.007843
0.964706 0.007843
0.968627 0.007843
0.972549 0.007843
0.976471 0.007843
0.980392 0.007843
0.984314 0.007843
0.988235 0.007843
0.992157 0.007843
0.996078 0.007843
1.000000 0.007843

i = 30.000000 0.011765
0.003922 0.011765
0.007843 0.011765
0.011765 0.011765
0.015686 0.011765
0.019608 0.011765
0.023529 0.011765
0.027451 0.011765
0.031373 0.011765
0.035294 0.011765
0.039216 0.011765
0.043137 0.011765
0.047059 0.011765
0.050980 0.011765
0.054902 0.011765
0.058824 0.011765
0.062745 0.011765
0.066667 0.011765
0.070588 0.011765
0.074510 0.011765
0.078431 0.011765
0.082353 0.011765
0.086275 0.011765
0.090196 0.011765
0.094118 0.011765
0.098039 0.011765
0.101961 0.011765
0.105882 0.011765
0.109804 0.011765
0.113725 0.011765
0.117647 0.011765
0.121569 0.011765
0.125490 0.011765
0.129412 0.011765
0.133333 0.011765
0.137255 0.011765
0.141176 0.011765
0.145098 0.011765
0.149020 0.011765
0.152941 0.011765
0.156863 0.011765
0.160784 0.011765
0.164706 0.011765
0.168627 0.011765
0.172549 0.011765
0.176471 0.011765
0.180392 0.011765
0.184314 0.011765
0.188235 0.011765
0.192157 0.011765
0.196078 0.011765
0.200000 0.011765
0.203922 0.011765
0.207843 0.011765
0.211765 0.011765
0.215686 0.011765
0.219608 0.011765
0.223529 0.011765
0.227451 0.011765
0.231373 0.011765
0.235294 0.011765
0.239216 0.011765
0.243137 0.011765
0.247059 0.011765
0.250980 0.011765
0.254902 0.011765
0.258824 0.011765
0.262745 0.011765
0.266667 0.011765
0.270588 0.011765
0.274510 0.011765
0.278431 0.011765
0.282353 0.011765
0.286275 0.011765
0.290196 0.011765
0.294118 0.011765
0.298039 0.011765
0.301961 0.011765
0.305882 0.011765
0.309804 0.011765
0.313726 0.011765
0.317647 0.011765
0.321569 0.011765
0.325490 0.011765
0.329412 0.011765
0.333333 0.011765
0.337255 0.011765
0.341176 0.011765
0.345098 0.011765
0.349020 0.011765
0.352941 0.011765
0.356863 0.011765
0.360784 0.011765
0.364706 0.011765
0.368627 0.011765
0.372549 0.011765
0.376471 0.011765
0.380392 0.011765
0.384314 0.011765
0.388235 0.011765
0.392157 0.011765
0.396078 0.011765
0.400000 0.011765
0.403922 0.011765
0.407843 0.011765
0.411765 0.011765
0.415686 0.011765
0.419608 0.011765
0.423529 0.011765
0.427451 0.011765
0.431373 0.011765
0.435294 0.011765
0.439216 0.011765
0.443137 0.011765
0.447059 0.011765
0.450980 0.011765
0.454902 0.011765
0.458824 0.011765
0.462745 0.011765
0.466667 0.011765
0.470588 0.011765
0.474510 0.011765
0.478431 0.011765
0.482353 0.011765
0.486275 0.011765
0.490196 0.011765
0.494118 0.011765
0.498039 0.011765
0.501961 0.011765
0.505882 0.011765
0.509804 0.011765
0.513726 0.011765
0.517647 0.011765
0.521569 0.011765
0.525490 0.011765
0.529412 0.011765
0.533333 0.011765
0.537255 0.011765
0.541176 0.011765
0.545098 0.011765
0.549020 0.011765
0.552941 0.011765
0.556863 0.011765
0.560784 0.011765
0.564706 0.011765
0.568627 0.011765
0.572549 0.011765
0.576471 0.011765
0.580392 0.011765
0.584314 0.011765
0.588235 0.011765
0.592157 0.011765
0.596078 0.011765
0.600000 0.011765
0.603922 0.011765
0.607843 0.011765
0.611765 0.011765
0.615686 0.011765
0.619608 0.011765
0.623529 0.011765
0.627451 0.011765
0.631373 0.011765
0.635294 0.011765
0.639216 0.011765
0.643137 0.011765
0.647059 0.011765
0.650980 0.011765
0.654902 0.011765
0.658824 0.011765
0.662745 0.011765
0.666667 0.011765
0.670588 0.011765
0.674510 0.011765
0.678431 0.011765
0.682353 0.011765
0.686275 0.011765
0.690196 0.011765
0.694118 0.011765
0.698039 0.011765
0.701961 0.011765
0.705882 0.011765
0.709804 0.011765
0.713726 0.011765
0.717647 0.011765
0.721569 0.011765
0.725490 0.011765
0.729412 0.011765
0.733333 0.011765
0.737255 0.011765
0.741176 0.011765
0.745098 0.011765
0.749020 0.011765
0.752941 0.011765
0.756863 0.011765
0.760784 0.011765
0.764706 0.011765
0.768627 0.011765
0.772549 0.011765
0.776471 0.011765
0.780392 0.011765
0.784314 0.011765
0.788235 0.011765
0.792157 0.011765
0.796078 0.011765
0.800000 0.011765
0.803922 0.011765
0.807843 0.011765
0.811765 0.011765
0.815686 0.011765
0.819608 0.011765
0.823529 0.011765
0.827451 0.011765
0.831373 0.011765
0.835294 0.011765
0.839216 0.011765
0.843137 0.011765
0.847059 0.011765
0.850980 0.011765
0.854902 0.011765
0.858824 0.011765
0.862745 0.011765
0.866667 0.011765
0.870588 0.011765
0.874510 0.011765
0.878431 0.011765
0.882353 0.011765
0.886275 0.011765
0.890196 0.011765
0.894118 0.011765
0.898039 0.011765
0.901961 0.011765
0.905882 0.011765
0.909804 0.011765
0.913725 0.011765
0.917647 0.011765
0.921569 0.011765
0.925490 0.011765
0.929412 0.011765
0.933333 0.011765
0.937255 0.011765
0.941176 0.011765
0.945098 0.011765
0.949020 0.011765
0.952941 0.011765
0.956863 0.011765
0.960784 0.011765
0.964706 0.011765
0.968627 0.011765
0.972549 0.011765
0.976471 0.011765
0.980392 0.011765
0.984314 0.011765
0.988235 0.011765
0.992157 0.011765
0.996078 0.011765
1.000000 0.011765

i = 40.000000 0.015686
0.003922 0.015686
0.007843 0.015686
0.011765 0.015686
0.015686 0.015686
0.019608 0.015686
0.023529 0.015686
0.027451 0.015686
0.031373 0.015686
0.035294 0.015686
0.039216 0.015686
0.043137 0.015686
0.047059 0.015686
0.050980 0.015686
0.054902 0.015686
0.058824 0.015686
0.062745 0.015686
0.066667 0.015686
0.070588 0.015686
0.074510 0.015686
0.078431 0.015686
0.082353 0.015686
0.086275 0.015686
0.090196 0.015686
0.094118 0.015686
0.098039 0.015686
0.101961 0.015686
0.105882 0.015686
0.109804 0.015686
0.113725 0.015686
0.117647 0.015686
0.121569 0.015686
0.125490 0.015686
0.129412 0.015686
0.133333 0.015686
0.137255 0.015686
0.141176 0.015686
0.145098 0.015686
0.149020 0.015686
0.152941 0.015686
0.156863 0.015686
0.160784 0.015686
0.164706 0.015686
0.168627 0.015686
0.172549 0.015686
0.176471 0.015686
0.180392 0.015686
0.184314 0.015686
0.188235 0.015686
0.192157 0.015686
0.196078 0.015686
0.200000 0.015686
0.203922 0.015686
0.207843 0.015686
0.211765 0.015686
0.215686 0.015686
0.219608 0.015686
0.223529 0.015686
0.227451 0.015686
0.231373 0.015686
0.235294 0.015686
0.239216 0.015686
0.243137 0.015686
0.247059 0.015686
0.250980 0.015686
0.254902 0.015686
0.258824 0.015686
0.262745 0.015686
0.266667 0.015686
0.270588 0.015686
0.274510 0.015686
0.278431 0.015686
0.282353 0.015686
0.286275 0.015686
0.290196 0.015686
0.294118 0.015686
0.298039 0.015686
0.301961 0.015686
0.305882 0.015686
0.309804 0.015686
0.313726 0.015686
0.317647 0.015686
0.321569 0.015686
0.325490 0.015686
0.329412 0.015686
0.333333 0.015686
0.337255 0.015686
0.341176 0.015686
0.345098 0.015686
0.349020 0.015686
0.352941 0.015686
0.356863 0.015686
0.360784 0.015686
0.364706 0.015686
0.368627 0.015686
0.372549 0.015686
0.376471 0.015686
0.380392 0.015686
0.384314 0.015686
0.388235 0.015686
0.392157 0.015686
0.396078 0.015686
0.400000 0.015686
0.403922 0.015686
0.407843 0.015686
0.411765 0.015686
0.415686 0.015686
0.419608 0.015686
0.423529 0.015686
0.427451 0.015686
0.431373 0.015686
0.435294 0.015686
0.439216 0.015686
0.443137 0.015686
0.447059 0.015686
0.450980 0.015686
0.454902 0.015686
0.458824 0.015686
0.462745 0.015686
0.466667 0.015686
0.470588 0.015686
0.474510 0.015686
0.478431 0.015686
0.482353 0.015686
0.486275 0.015686
0.490196 0.015686
0.494118 0.015686
0.498039 0.015686
0.501961 0.015686
0.505882 0.015686
0.509804 0.015686
0.513726 0.015686
0.517647 0.015686
0.521569 0.015686
0.525490 0.015686
0.529412 0.015686
0.533333 0.015686
0.537255 0.015686
0.541176 0.015686
0.545098 0.015686
0.549020 0.015686
0.552941 0.015686
0.556863 0.015686
0.560784 0.015686
0.564706 0.015686
0.568627 0.015686
0.572549 0.015686
0.576471 0.015686
0.580392 0.015686
0.584314 0.015686
0.588235 0.015686
0.592157 0.015686
0.596078 0.015686
0.600000 0.015686
0.603922 0.015686
0.607843 0.015686
0.611765 0.015686
0.615686 0.015686
0.619608 0.015686
0.623529 0.015686
0.627451 0.015686
0.631373 0.015686
0.635294 0.015686
0.639216 0.015686
0.643137 0.015686
0.647059 0.015686
0.650980 0.015686
0.654902 0.015686
0.658824 0.015686
0.662745 0.015686
0.666667 0.015686
0.670588 0.015686
0.674510 0.015686
0.678431 0.015686
0.682353 0.015686
0.686275 0.015686
0.690196 0.015686
0.694118 0.015686
0.698039 0.015686
0.701961 0.015686
0.705882 0.015686
0.709804 0.015686
0.713726 0.015686
0.717647 0.015686
0.721569 0.015686
0.725490 0.015686
0.729412 0.015686
0.733333 0.015686
0.737255 0.015686
0.741176 0.015686
0.745098 0.015686
0.749020 0.015686
0.752941 0.015686
0.756863 0.015686
0.760784 0.015686
0.764706 0.015686
0.768627 0.015686
0.772549 0.015686
0.776471 0.015686
0.780392 0.015686
0.784314 0.015686
0.788235 0.015686
0.792157 0.015686
0.796078 0.015686
0.800000 0.015686
0.803922 0.015686
0.807843 0.015686
0.811765 0.015686
0.815686 0.015686
0.819608 0.015686
0.823529 0.015686
0.827451 0.015686
0.831373 0.015686
0.835294 0.015686
0.839216 0.015686
0.843137 0.015686
0.847059 0.015686
0.850980 0.015686
0.854902 0.015686
0.858824 0.015686
0.862745 0.015686
0.866667 0.015686
0.870588 0.015686
0.874510 0.015686
0.878431 0.015686
0.882353 0.015686
0.886275 0.015686
0.890196 0.015686
0.894118 0.015686
0.898039 0.015686
0.901961 0.015686
0.905882 0.015686
0.909804 0.015686
0.913725 0.015686
0.917647 0.015686
0.921569 0.015686
0.925490 0.015686
0.929412 0.015686
0.933333 0.015686
0.937255 0.015686
0.941176 0.015686
0.945098 0.015686
0.949020 0.015686
0.952941 0.015686
0.956863 0.015686
0.960784 0.015686
0.964706 0.015686
0.968627 0.015686
0.972549 0.015686
0.976471 0.015686
0.980392 0.015686
0.984314 0.015686
0.988235 0.015686
0.992157 0.015686
0.996078 0.015686
1.000000 0.015686

i = 50.000000 0.019608
0.003922 0.019608
0.007843 0.019608
0.011765 0.019608
0.015686 0.019608
0.019608 0.019608
0.023529 0.019608
0.027451 0.019608
0.031373 0.019608
0.035294 0.019608
0.039216 0.019608
0.043137 0.019608
0.047059 0.019608
0.050980 0.019608
0.054902 0.019608
0.058824 0.019608
0.062745 0.019608
0.066667 0.019608
0.070588 0.019608
0.074510 0.019608
0.078431 0.019608
0.082353 0.019608
0.086275 0.019608
0.090196 0.019608
0.094118 0.019608
0.098039 0.019608
0.101961 0.019608
0.105882 0.019608
0.109804 0.019608
0.113725 0.019608
0.117647 0.019608
0.121569 0.019608
0.125490 0.019608
0.129412 0.019608
0.133333 0.019608
0.137255 0.019608
0.141176 0.019608
0.145098 0.019608
0.149020 0.019608
0.152941 0.019608
0.156863 0.019608
0.160784 0.019608
0.164706 0.019608
0.168627 0.019608
0.172549 0.019608
0.176471 0.019608
0.180392 0.019608
0.184314 0.019608
0.188235 0.019608
0.192157 0.019608
0.196078 0.019608
0.200000 0.019608
0.203922 0.019608
0.207843 0.019608
0.211765 0.019608
0.215686 0.019608
0.219608 0.019608
0.223529 0.019608
0.227451 0.019608
0.231373 0.019608
0.235294 0.019608
0.239216 0.019608
0.243137 0.019608
0.247059 0.019608
0.250980 0.019608
0.254902 0.019608
0.258824 0.019608
0.262745 0.019608
0.266667 0.019608
0.270588 0.019608
0.274510 0.019608
0.278431 0.019608
0.282353 0.019608
0.286275 0.019608
0.290196 0.019608
0.294118 0.019608
0.298039 0.019608
0.301961 0.019608
0.305882 0.019608
0.309804 0.019608
0.313726 0.019608
0.317647 0.019608
0.321569 0.019608
0.325490 0.019608
0.329412 0.019608
0.333333 0.019608
0.337255 0.019608
0.341176 0.019608
0.345098 0.019608
0.349020 0.019608
0.352941 0.019608
0.356863 0.019608
0.360784 0.019608
0.364706 0.019608
0.368627 0.019608
0.372549 0.019608
0.376471 0.019608
0.380392 0.019608
0.384314 0.019608
0.388235 0.019608
0.392157 0.019608
0.396078 0.019608
0.400000 0.019608
0.403922 0.019608
0.407843 0.019608
0.411765 0.019608
0.415686 0.019608
0.419608 0.019608
0.423529 0.019608
0.427451 0.019608
0.431373 0.019608
0.435294 0.019608
0.439216 0.019608
0.443137 0.019608
0.447059 0.019608
0.450980 0.019608
0.454902 0.019608
0.458824 0.019608
0.462745 0.019608
0.466667 0.019608
0.470588 0.019608
0.474510 0.019608
0.478431 0.019608
0.482353 0.019608
0.486275 0.019608
0.490196 0.019608
0.494118 0.019608
0.498039 0.019608
0.501961 0.019608
0.505882 0.019608
0.509804 0.019608
0.513726 0.019608
0.517647 0.019608
0.521569 0.019608
0.525490 0.019608
0.529412 0.019608
0.533333 0.019608
0.537255 0.019608
0.541176 0.019608
0.545098 0.019608
0.549020 0.019608
0.552941 0.019608
0.556863 0.019608
0.560784 0.019608
0.564706 0.019608
0.568627 0.019608
0.572549 0.019608
0.576471 0.019608
0.580392 0.019608
0.584314 0.019608
0.588235 0.019608
0.592157 0.019608
0.596078 0.019608
0.600000 0.019608
0.603922 0.019608
0.607843 0.019608
0.611765 0.019608
0.615686 0.019608
0.619608 0.019608
0.623529 0.019608
0.627451 0.019608
0.631373 0.019608
0.635294 0.019608
0.639216 0.019608
0.643137 0.019608
0.647059 0.019608
0.650980 0.019608
0.654902 0.019608
0.658824 0.019608
0.662745 0.019608
0.666667 0.019608
0.670588 0.019608
0.674510 0.019608
0.678431 0.019608
0.682353 0.019608
0.686275 0.019608
0.690196 0.019608
0.694118 0.019608
0.698039 0.019608
0.701961 0.019608
0.705882 0.019608
0.709804 0.019608
0.713726 0.019608
0.717647 0.019608
0.721569 0.019608
0.725490 0.019608
0.729412 0.019608
0.733333 0.019608
0.737255 0.019608
0.741176 0.019608
0.745098 0.019608
0.749020 0.019608
0.752941 0.019608
0.756863 0.019608
0.760784 0.019608
0.764706 0.019608
0.768627 0.019608
0.772549 0.019608
0.776471 0.019608
0.780392 0.019608
0.784314 0.019608
0.788235 0.019608
0.792157 0.019608
0.796078 0.019608
0.800000 0.019608
0.803922 0.019608
0.807843 0.019608
0.811765 0.019608
0.815686 0.019608
0.819608 0.019608
0.823529 0.019608
0.827451 0.019608
0.831373 0.019608
0.835294 0.019608
0.839216 0.019608
0.843137 0.019608
0.847059 0.019608
0.850980 0.019608
0.854902 0.019608
0.858824 0.019608
0.862745 0.019608
0.866667 0.019608
0.870588 0.019608
0.874510 0.019608
0.878431 0.019608
0.882353 0.019608
0.886275 0.019608
0.890196 0.019608
0.894118 0.019608
0.898039 0.019608
0.901961 0.019608
0.905882 0.019608
0.909804 0.019608
0.913725 0.019608
0.917647 0.019608
0.921569 0.019608
0.925490 0.019608
0.929412 0.019608
0.933333 0.019608
0.937255 0.019608
0.941176 0.019608
0.945098 0.019608
0.949020 0.019608
0.952941 0.019608
0.956863 0.019608
0.960784 0.019608
0.964706 0.019608
0.968627 0.019608
0.972549 0.019608
0.976471 0.019608
0.980392 0.019608
0.984314 0.019608
0.988235 0.019608
0.992157 0.019608
0.996078 0.019608
1.000000 0.019608

i = 60.000000 0.023529
0.003922 0.023529
0.007843 0.023529
0.011765 0.023529
0.015686 0.023529
0.019608 0.023529
0.023529 0.023529
0.027451 0.023529
0.031373 0.023529
0.035294 0.023529
0.039216 0.023529
0.043137 0.023529
0.047059 0.023529
0.050980 0.023529
0.054902 0.023529
0.058824 0.023529
0.062745 0.023529
0.066667 0.023529
0.070588 0.023529
0.074510 0.023529
0.078431 0.023529
0.082353 0.023529
0.086275 0.023529
0.090196 0.023529
0.094118 0.023529
0.098039 0.023529
0.101961 0.023529
0.105882 0.023529
0.109804 0.023529
0.113725 0.023529
0.117647 0.023529
0.121569 0.023529
0.125490 0.023529
0.129412 0.023529
0.133333 0.023529
0.137255 0.023529
0.141176 0.023529
0.145098 0.023529
0.149020 0.023529
0.152941 0.023529
0.156863 0.023529
0.160784 0.023529
0.164706 0.023529
0.168627 0.023529
0.172549 0.023529
0.176471 0.023529
0.180392 0.023529
0.184314 0.023529
0.188235 0.023529
0.192157 0.023529
0.196078 0.023529
0.200000 0.023529
0.203922 0.023529
0.207843 0.023529
0.211765 0.023529
0.215686 0.023529
0.219608 0.023529
0.223529 0.023529
0.227451 0.023529
0.231373 0.023529
0.235294 0.023529
0.239216 0.023529
0.243137 0.023529
0.247059 0.023529
0.250980 0.023529
0.254902 0.023529
0.258824 0.023529
0.262745 0.023529
0.266667 0.023529
0.270588 0.023529
0.274510 0.023529
0.278431 0.023529
0.282353 0.023529
0.286275 0.023529
0.290196 0.023529
0.294118 0.023529
0.298039 0.023529
0.301961 0.023529
0.305882 0.023529
0.309804 0.023529
0.313726 0.023529
0.317647 0.023529
0.321569 0.023529
0.325490 0.023529
0.329412 0.023529
0.333333 0.023529
0.337255 0.023529
0.341176 0.023529
0.345098 0.023529
0.349020 0.023529
0.352941 0.023529
0.356863 0.023529
0.360784 0.023529
0.364706 0.023529
0.368627 0.023529
0.372549 0.023529
0.376471 0.023529
0.380392 0.023529
0.384314 0.023529
0.388235 0.023529
0.392157 0.023529
0.396078 0.023529
0.400000 0.023529
0.403922 0.023529
0.407843 0.023529
0.411765 0.023529
0.415686 0.023529
0.419608 0.023529
0.423529 0.023529
0.427451 0.023529
0.431373 0.023529
0.435294 0.023529
0.439216 0.023529
0.443137 0.023529
0.447059 0.023529
0.450980 0.023529
0.454902 0.023529
0.458824 0.023529
0.462745 0.023529
0.466667 0.023529
0.470588 0.023529
0.474510 0.023529
0.478431 0.023529
0.482353 0.023529
0.486275 0.023529
0.490196 0.023529
0.494118 0.023529
0.498039 0.023529
0.501961 0.023529
0.505882 0.023529
0.509804 0.023529
0.513726 0.023529
0.517647 0.023529
0.521569 0.023529
0.525490 0.023529
0.529412 0.023529
0.533333 0.023529
0.537255 0.023529
0.541176 0.023529
0.545098 0.023529
0.549020 0.023529
0.552941 0.023529
0.556863 0.023529
0.560784 0.023529
0.564706 0.023529
0.568627 0.023529
0.572549 0.023529
0.576471 0.023529
0.580392 0.023529
0.584314 0.023529
0.588235 0.023529
0.592157 0.023529
0.596078 0.023529
0.600000 0.023529
0.603922 0.023529
0.607843 0.023529
0.611765 0.023529
0.615686 0.023529
0.619608 0.023529
0.623529 0.023529
0.627451 0.023529
0.631373 0.023529
0.635294 0.023529
0.639216 0.023529
0.643137 0.023529
0.647059 0.023529
0.650980 0.023529
0.654902 0.023529
0.658824 0.023529
0.662745 0.023529
0.666667 0.023529
0.670588 0.023529
0.674510 0.023529
0.678431 0.023529
0.682353 0.023529
0.686275 0.023529
0.690196 0.023529
0.694118 0.023529
0.698039 0.023529
0.701961 0.023529
0.705882 0.023529
0.709804 0.023529
0.713726 0.023529
0.717647 0.023529
0.721569 0.023529
0.725490 0.023529
0.729412 0.023529
0.733333 0.023529
0.737255 0.023529
0.741176 0.023529
0.745098 0.023529
0.749020 0.023529
0.752941 0.023529
0.756863 0.023529
0.760784 0.023529
0.764706 0.023529
0.768627 0.023529
0.772549 0.023529
0.776471 0.023529
0.780392 0.023529
0.784314 0.023529
0.788235 0.023529
0.792157 0.023529
0.796078 0.023529
0.800000 0.023529
0.803922 0.023529
0.807843 0.023529
0.811765 0.023529
0.815686 0.023529
0.819608 0.023529
0.823529 0.023529
0.827451 0.023529
0.831373 0.023529
0.835294 0.023529
0.839216 0.023529
0.843137 0.023529
0.847059 0.023529
0.850980 0.023529
0.854902 0.023529
0.858824 0.023529
0.862745 0.023529
0.866667 0.023529
0.870588 0.023529
0.874510 0.023529
0.878431 0.023529
0.882353 0.023529
0.886275 0.023529
0.890196 0.023529
0.894118 0.023529
0.898039 0.023529
0.901961 0.023529
0.905882 0.023529
0.909804 0.023529
0.913725 0.023529
0.917647 0.023529
0.921569 0.023529
0.925490 0.023529
0.929412 0.023529
0.933333 0.023529
0.937255 0.023529
0.941176 0.023529
0.945098 0.023529
0.949020 0.023529
0.952941 0.023529
0.956863 0.023529
0.960784 0.023529
0.964706 0.023529
0.968627 0.023529
0.972549 0.023529
0.976471 0.023529
0.980392 0.023529
0.984314 0.023529
0.988235 0.023529
0.992157 0.023529
0.996078 0.023529
1.000000 0.023529

i = 70.000000 0.027451
0.003922 0.027451
0.007843 0.027451
0.011765 0.027451
0.015686 0.027451
0.019608 0.027451
0.023529 0.027451
0.027451 0.027451
0.031373 0.027451
0.035294 0.027451
0.039216 0.027451
0.043137 0.027451
0.047059 0.027451
0.050980 0.027451
0.054902 0.027451
0.058824 0.027451
0.062745 0.027451
0.066667 0.027451
0.070588 0.027451
0.074510 0.027451
0.078431 0.027451
0.082353 0.027451
0.086275 0.027451
0.090196 0.027451
0.094118 0.027451
0.098039 0.027451
0.101961 0.027451
0.105882 0.027451
0.109804 0.027451
0.113725 0.027451
0.117647 0.027451
0.121569 0.027451
0.125490 0.027451
0.129412 0.027451
0.133333 0.027451
0.137255 0.027451
0.141176 0.027451
0.145098 0.027451
0.149020 0.027451
0.152941 0.027451
0.156863 0.027451
0.160784 0.027451
0.164706 0.027451
0.168627 0.027451
0.172549 0.027451
0.176471 0.027451
0.180392 0.027451
0.184314 0.027451
0.188235 0.027451
0.192157 0.027451
0.196078 0.027451
0.200000 0.027451
0.203922 0.027451
0.207843 0.027451
0.211765 0.027451
0.215686 0.027451
0.219608 0.027451
0.223529 0.027451
0.227451 0.027451
0.231373 0.027451
0.235294 0.027451
0.239216 0.027451
0.243137 0.027451
0.247059 0.027451
0.250980 0.027451
0.254902 0.027451
0.258824 0.027451
0.262745 0.027451
0.266667 0.027451
0.270588 0.027451
0.274510 0.027451
0.278431 0.027451
0.282353 0.027451
0.286275 0.027451
0.290196 0.027451
0.294118 0.027451
0.298039 0.027451
0.301961 0.027451
0.305882 0.027451
0.309804 0.027451
0.313726 0.027451
0.317647 0.027451
0.321569 0.027451
0.325490 0.027451
0.329412 0.027451
0.333333 0.027451
0.337255 0.027451
0.341176 0.027451
0.345098 0.027451
0.349020 0.027451
0.352941 0.027451
0.356863 0.027451
0.360784 0.027451
0.364706 0.027451
0.368627 0.027451
0.372549 0.027451
0.376471 0.027451
0.380392 0.027451
0.384314 0.027451
0.388235 0.027451
0.392157 0.027451
0.396078 0.027451
0.400000 0.027451
0.403922 0.027451
0.407843 0.027451
0.411765 0.027451
0.415686 0.027451
0.419608 0.027451
0.423529 0.027451
0.427451 0.027451
0.431373 0.027451
0.435294 0.027451
0.439216 0.027451
0.443137 0.027451
0.447059 0.027451
0.450980 0.027451
0.454902 0.027451
0.458824 0.027451
0.462745 0.027451
0.466667 0.027451
0.470588 0.027451
0.474510 0.027451
0.478431 0.027451
0.482353 0.027451
0.486275 0.027451
0.490196 0.027451
0.494118 0.027451
0.498039 0.027451
0.501961 0.027451
0.505882 0.027451
0.509804 0.027451
0.513726 0.027451
0.517647 0.027451
0.521569 0.027451
0.525490 0.027451
0.529412 0.027451
0.533333 0.027451
0.537255 0.027451
0.541176 0.027451
0.545098 0.027451
0.549020 0.027451
0.552941 0.027451
0.556863 0.027451
0.560784 0.027451
0.564706 0.027451
0.568627 0.027451
0.572549 0.027451
0.576471 0.027451
0.580392 0.027451
0.584314 0.027451
0.588235 0.027451
0.592157 0.027451
0.596078 0.027451
0.600000 0.027451
0.603922 0.027451
0.607843 0.027451
0.611765 0.027451
0.615686 0.027451
0.619608 0.027451
0.623529 0.027451
0.627451 0.027451
0.631373 0.027451
0.635294 0.027451
0.639216 0.027451
0.643137 0.027451
0.647059 0.027451
0.650980 0.027451
0.654902 0.027451
0.658824 0.027451
0.662745 0.027451
0.666667 0.027451
0.670588 0.027451
0.674510 0.027451
0.678431 0.027451
0.682353 0.027451
0.686275 0.027451
0.690196 0.027451
0.694118 0.027451
0.698039 0.027451
0.701961 0.027451
0.705882 0.027451
0.709804 0.027451
0.713726 0.027451
0.717647 0.027451
0.721569 0.027451
0.725490 0.027451
0.729412 0.027451
0.733333 0.027451
0.737255 0.027451
0.741176 0.027451
0.745098 0.027451
0.749020 0.027451
0.752941 0.027451
0.756863 0.027451
0.760784 0.027451
0.764706 0.027451
0.768627 0.027451
0.772549 0.027451
0.776471 0.027451
0.780392 0.027451
0.784314 0.027451
0.788235 0.027451
0.792157 0.027451
0.796078 0.027451
0.800000 0.027451
0.803922 0.027451
0.807843 0.027451
0.811765 0.027451
0.815686 0.027451
0.819608 0.027451
0.823529 0.027451
0.827451 0.027451
0.831373 0.027451
0.835294 0.027451
0.839216 0.027451
0.843137 0.027451
0.847059 0.027451
0.850980 0.027451
0.854902 0.027451
0.858824 0.027451
0.862745 0.027451
0.866667 0.027451
0.870588 0.027451
0.874510 0.027451
0.878431 0.027451
0.882353 0.027451
0.886275 0.027451
0.890196 0.027451
0.894118 0.027451
0.898039 0.027451
0.901961 0.027451
0.905882 0.027451
0.909804 0.027451
0.913725 0.027451
0.917647 0.027451
0.921569 0.027451
0.925490 0.027451
0.929412 0.027451
0.933333 0.027451
0.937255 0.027451
0.941176 0.027451
0.945098 0.027451
0.949020 0.027451
0.952941 0.027451
0.956863 0.027451
0.960784 0.027451
0.964706 0.027451
0.968627 0.027451
0.972549 0.027451
0.976471 0.027451
0.980392 0.027451
0.984314 0.027451
0.988235 0.027451
0.992157 0.027451
0.996078 0.027451
1.000000 0.027451

i = 80.000000 0.031373
0.003922 0.031373
0.007843 0.031373
0.011765 0.031373
0.015686 0.031373
0.019608 0.031373
0.023529 0.031373
0.027451 0.031373
0.031373 0.031373
0.035294 0.031373
0.039216 0.031373
0.043137 0.031373
0.047059 0.031373
0.050980 0.031373
0.054902 0.031373
0.058824 0.031373
0.062745 0.031373
0.066667 0.031373
0.070588 0.031373
0.074510 0.031373
0.078431 0.031373
0.082353 0.031373
0.086275 0.031373
0.090196 0.031373
0.094118 0.031373
0.098039 0.031373
0.101961 0.031373
0.105882 0.031373
0.109804 0.031373
0.113725 0.031373
0.117647 0.031373
0.121569 0.031373
0.125490 0.031373
0.129412 0.031373
0.133333 0.031373
0.137255 0.031373
0.141176 0.031373
0.145098 0.031373
0.149020 0.031373
0.152941 0.031373
0.156863 0.031373
0.160784 0.031373
0.164706 0.031373
0.168627 0.031373
0.172549 0.031373
0.176471 0.031373
0.180392 0.031373
0.184314 0.031373
0.188235 0.031373
0.192157 0.031373
0.196078 0.031373
0.200000 0.031373
0.203922 0.031373
0.207843 0.031373
0.211765 0.031373
0.215686 0.031373
0.219608 0.031373
0.223529 0.031373
0.227451 0.031373
0.231373 0.031373
0.235294 0.031373
0.239216 0.031373
0.243137 0.031373
0.247059 0.031373
0.250980 0.031373
0.254902 0.031373
0.258824 0.031373
0.262745 0.031373
0.266667 0.031373
0.270588 0.031373
0.274510 0.031373
0.278431 0.031373
0.282353 0.031373
0.286275 0.031373
0.290196 0.031373
0.294118 0.031373
0.298039 0.031373
0.301961 0.031373
0.305882 0.031373
0.309804 0.031373
0.313726 0.031373
0.317647 0.031373
0.321569 0.031373
0.325490 0.031373
0.329412 0.031373
0.333333 0.031373
0.337255 0.031373
0.341176 0.031373
0.345098 0.031373
0.349020 0.031373
0.352941 0.031373
0.356863 0.031373
0.360784 0.031373
0.364706 0.031373
0.368627 0.031373
0.372549 0.031373
0.376471 0.031373
0.380392 0.031373
0.384314 0.031373
0.388235 0.031373
0.392157 0.031373
0.396078 0.031373
0.400000 0.031373
0.403922 0.031373
0.407843 0.031373
0.411765 0.031373
0.415686 0.031373
0.419608 0.031373
0.423529 0.031373
0.427451 0.031373
0.431373 0.031373
0.435294 0.031373
0.439216 0.031373
0.443137 0.031373
0.447059 0.031373
0.450980 0.031373
0.454902 0.031373
0.458824 0.031373
0.462745 0.031373
0.466667 0.031373
0.470588 0.031373
0.474510 0.031373
0.478431 0.031373
0.482353 0.031373
0.486275 0.031373
0.490196 0.031373
0.494118 0.031373
0.498039 0.031373
0.501961 0.031373
0.505882 0.031373
0.509804 0.031373
0.513726 0.031373
0.517647 0.031373
0.521569 0.031373
0.525490 0.031373
0.529412 0.031373
0.533333 0.031373
0.537255 0.031373
0.541176 0.031373
0.545098 0.031373
0.549020 0.031373
0.552941 0.031373
0.556863 0.031373
0.560784 0.031373
0.564706 0.031373
0.568627 0.031373
0.572549 0.031373
0.576471 0.031373
0.580392 0.031373
0.584314 0.031373
0.588235 0.031373
0.592157 0.031373
0.596078 0.031373
0.600000 0.031373
0.603922 0.031373
0.607843 0.031373
0.611765 0.031373
0.615686 0.031373
0.619608 0.031373
0.623529 0.031373
0.627451 0.031373
0.631373 0.031373
0.635294 0.031373
0.639216 0.031373
0.643137 0.031373
0.647059 0.031373
0.650980 0.031373
0.654902 0.031373
0.658824 0.031373
0.662745 0.031373
0.666667 0.031373
0.670588 0.031373
0.674510 0.031373
0.678431 0.031373
0.682353 0.031373
0.686275 0.031373
0.690196 0.031373
0.694118 0.031373
0.698039 0.031373
0.701961 0.031373
0.705882 0.031373
0.709804 0.031373
0.713726 0.031373
0.717647 0.031373
0.721569 0.031373
0.725490 0.031373
0.729412 0.031373
0.733333 0.031373
0.737255 0.031373
0.741176 0.031373
0.745098 0.031373
0.749020 0.031373
0.752941 0.031373
0.756863 0.031373
0.760784 0.031373
0.764706 0.031373
0.768627 0.031373
0.772549 0.031373
0.776471 0.031373
0.780392 0.031373
0.784314 0.031373
0.788235 0.031373
0.792157 0.031373
0.796078 0.031373
0.800000 0.031373
0.803922 0.031373
0.807843 0.031373
0.811765 0.031373
0.815686 0.031373
0.819608 0.031373
0.823529 0.031373
0.827451 0.031373
0.831373 0.031373
0.835294 0.031373
0.839216 0.031373
0.843137 0.031373
0.847059 0.031373
0.850980 0.031373
0.854902 0.031373
0.858824 0.031373
0.862745 0.031373
0.866667 0.031373
0.870588 0.031373
0.874510 0.031373
0.878431 0.031373
0.882353 0.031373
0.886275 0.031373
0.890196 0.031373
0.894118 0.031373
0.898039 0.031373
0.901961 0.031373
0.905882 0.031373
0.909804 0.031373
0.913725 0.031373
0.917647 0.031373
0.921569 0.031373
0.925490 0.031373
0.929412 0.031373
0.933333 0.031373
0.937255 0.031373
0.941176 0.031373
0.945098 0.031373
0.949020 0.031373
0.952941 0.031373
0.956863 0.031373
0.960784 0.031373
0.964706 0.031373
0.968627 0.031373
0.972549 0.031373
0.976471 0.031373
0.980392 0.031373
0.984314 0.031373
0.988235 0.031373
0.992157 0.031373
0.996078 0.031373
1.000000 0.031373

i = 90.000000 0.035294
0.003922 0.035294
0.007843 0.035294
0.011765 0.035294
0.015686 0.035294
0.019608 0.035294
0.023529 0.035294
0.027451 0.035294
0.031373 0.035294
0.035294 0.035294
0.039216 0.035294
0.043137 0.035294
0.047059 0.035294
0.050980 0.035294
0.054902 0.035294
0.058824 0.035294
0.062745 0.035294
0.066667 0.035294
0.070588 0.035294
0.074510 0.035294
0.078431 0.035294
0.082353 0.035294
0.086275 0.035294
0.090196 0.035294
0.094118 0.035294
0.098039 0.035294
0.101961 0.035294
0.105882 0.035294
0.109804 0.035294
0.113725 0.035294
0.117647 0.035294
0.121569 0.035294
0.125490 0.035294
0.129412 0.035294
0.133333 0.035294
0.137255 0.035294
0.141176 0.035294
0.145098 0.035294
0.149020 0.035294
0.152941 0.035294
0.156863 0.035294
0.160784 0.035294
0.164706 0.035294
0.168627 0.035294
0.172549 0.035294
0.176471 0.035294
0.180392 0.035294
0.184314 0.035294
0.188235 0.035294
0.192157 0.035294
0.196078 0.035294
0.200000 0.035294
0.203922 0.035294
0.207843 0.035294
0.211765 0.035294
0.215686 0.035294
0.219608 0.035294
0.223529 0.035294
0.227451 0.035294
0.231373 0.035294
0.235294 0.035294
0.239216 0.035294
0.243137 0.035294
0.247059 0.035294
0.250980 0.035294
0.254902 0.035294
0.258824 0.035294
0.262745 0.035294
0.266667 0.035294
0.270588 0.035294
0.274510 0.035294
0.278431 0.035294
0.282353 0.035294
0.286275 0.035294
0.290196 0.035294
0.294118 0.035294
0.298039 0.035294
0.301961 0.035294
0.305882 0.035294
0.309804 0.035294
0.313726 0.035294
0.317647 0.035294
0.321569 0.035294
0.325490 0.035294
0.329412 0.035294
0.333333 0.035294
0.337255 0.035294
0.341176 0.035294
0.345098 0.035294
0.349020 0.035294
0.352941 0.035294
0.356863 0.035294
0.360784 0.035294
0.364706 0.035294
0.368627 0.035294
0.372549 0.035294
0.376471 0.035294
0.380392 0.035294
0.384314 0.035294
0.388235 0.035294
0.392157 0.035294
0.396078 0.035294
0.400000 0.035294
0.403922 0.035294
0.407843 0.035294
0.411765 0.035294
0.415686 0.035294
0.419608 0.035294
0.423529 0.035294
0.427451 0.035294
0.431373 0.035294
0.435294 0.035294
0.439216 0.035294
0.443137 0.035294
0.447059 0.035294
0.450980 0.035294
0.454902 0.035294
0.458824 0.035294
0.462745 0.035294
0.466667 0.035294
0.470588 0.035294
0.474510 0.035294
0.478431 0.035294
0.482353 0.035294
0.486275 0.035294
0.490196 0.035294
0.494118 0.035294
0.498039 0.035294
0.501961 0.035294
0.505882 0.035294
0.509804 0.035294
0.513726 0.035294
0.517647 0.035294
0.521569 0.035294
0.525490 0.035294
0.529412 0.035294
0.533333 0.035294
0.537255 0.035294
0.541176 0.035294
0.545098 0.035294
0.549020 0.035294
0.552941 0.035294
0.556863 0.035294
0.560784 0.035294
0.564706 0.035294
0.568627 0.035294
0.572549 0.035294
0.576471 0.035294
0.580392 0.035294
0.584314 0.035294
0.588235 0.035294
0.592157 0.035294
0.596078 0.035294
0.600000 0.035294
0.603922 0.035294
0.607843 0.035294
0.611765 0.035294
0.615686 0.035294
0.619608 0.035294
0.623529 0.035294
0.627451 0.035294
0.631373 0.035294
0.635294 0.035294
0.639216 0.035294
0.643137 0.035294
0.647059 0.035294
0.650980 0.035294
0.654902 0.035294
0.658824 0.035294
0.662745 0.035294
0.666667 0.035294
0.670588 0.035294
0.674510 0.035294
0.678431 0.035294
0.682353 0.035294
0.686275 0.035294
0.690196 0.035294
0.694118 0.035294
0.698039 0.035294
0.701961 0.035294
0.705882 0.035294
0.709804 0.035294
0.713726 0.035294
0.717647 0.035294
0.721569 0.035294
0.725490 0.035294
0.729412 0.035294
0.733333 0.035294
0.737255 0.035294
0.741176 0.035294
0.745098 0.035294
0.749020 0.035294
0.752941 0.035294
0.756863 0.035294
0.760784 0.035294
0.764706 0.035294
0.768627 0.035294
0.772549 0.035294
0.776471 0.035294
0.780392 0.035294
0.784314 0.035294
0.788235 0.035294
0.792157 0.035294
0.796078 0.035294
0.800000 0.035294
0.803922 0.035294
0.807843 0.035294
0.811765 0.035294
0.815686 0.035294
0.819608 0.035294
0.823529 0.035294
0.827451 0.035294
0.831373 0.035294
0.835294 0.035294
0.839216 0.035294
0.843137 0.035294
0.847059 0.035294
0.850980 0.035294
0.854902 0.035294
0.858824 0.035294
0.862745 0.035294
0.866667 0.035294
0.870588 0.035294
0.874510 0.035294
0.878431 0.035294
0.882353 0.035294
0.886275 0.035294
0.890196 0.035294
0.894118 0.035294
0.898039 0.035294
0.901961 0.035294
0.905882 0.035294
0.909804 0.035294
0.913725 0.035294
0.917647 0.035294
0.921569 0.035294
0.925490 0.035294
0.929412 0.035294
0.933333 0.035294
0.937255 0.035294
0.941176 0.035294
0.945098 0.035294
0.949020 0.035294
0.952941 0.035294
0.956863 0.035294
0.960784 0.035294
0.964706 0.035294
0.968627 0.035294
0.972549 0.035294
0.976471 0.035294
0.980392 0.035294
0.984314 0.035294
0.988235 0.035294
0.992157 0.035294
0.996078 0.035294
1.000000 0.035294

i = 100.000000 0.039216
0.003922 0.039216
0.007843 0.039216
0.011765 0.039216
0.015686 0.039216
0.019608 0.039216
0.023529 0.039216
0.027451 0.039216
0.031373 0.039216
0.035294 0.039216
0.039216 0.039216
0.043137 0.039216
0.047059 0.039216
0.050980 0.039216
0.054902 0.039216
0.058824 0.039216
0.062745 0.039216
0.066667 0.039216
0.070588 0.039216
0.074510 0.039216
0.078431 0.039216
0.082353 0.039216
0.086275 0.039216
0.090196 0.039216
0.094118 0.039216
0.098039 0.039216
0.101961 0.039216
0.105882 0.039216
0.109804 0.039216
0.113725 0.039216
0.117647 0.039216
0.121569 0.039216
0.125490 0.039216
0.129412 0.039216
0.133333 0.039216
0.137255 0.039216
0.141176 0.039216
0.145098 0.039216
0.149020 0.039216
0.152941 0.039216
0.156863 0.039216
0.160784 0.039216
0.164706 0.039216
0.168627 0.039216
0.172549 0.039216
0.176471 0.039216
0.180392 0.039216
0.184314 0.039216
0.188235 0.039216
0.192157 0.039216
0.196078 0.039216
0.200000 0.039216
0.203922 0.039216
0.207843 0.039216
0.211765 0.039216
0.215686 0.039216
0.219608 0.039216
0.223529 0.039216
0.227451 0.039216
0.231373 0.039216
0.235294 0.039216
0.239216 0.039216
0.243137 0.039216
0.247059 0.039216
0.250980 0.039216
0.254902 0.039216
0.258824 0.039216
0.262745 0.039216
0.266667 0.039216
0.270588 0.039216
0.274510 0.039216
0.278431 0.039216
0.282353 0.039216
0.286275 0.039216
0.290196 0.039216
0.294118 0.039216
0.298039 0.039216
0.301961 0.039216
0.305882 0.039216
0.309804 0.039216
0.313726 0.039216
0.317647 0.039216
0.321569 0.039216
0.325490 0.039216
0.329412 0.039216
0.333333 0.039216
0.337255 0.039216
0.341176 0.039216
0.345098 0.039216
0.349020 0.039216
0.352941 0.039216
0.356863 0.039216
0.360784 0.039216
0.364706 0.039216
0.368627 0.039216
0.372549 0.039216
0.376471 0.039216
0.380392 0.039216
0.384314 0.039216
0.388235 0.039216
0.392157 0.039216
0.396078 0.039216
0.400000 0.039216
0.403922 0.039216
0.407843 0.039216
0.411765 0.039216
0.415686 0.039216
0.419608 0.039216
0.423529 0.039216
0.427451 0.039216
0.431373 0.039216
0.435294 0.039216
0.439216 0.039216
0.443137 0.039216
0.447059 0.039216
0.450980 0.039216
0.454902 0.039216
0.458824 0.039216
0.462745 0.039216
0.466667 0.039216
0.470588 0.039216
0.474510 0.039216
0.478431 0.039216
0.482353 0.039216
0.486275 0.039216
0.490196 0.039216
0.494118 0.039216
0.498039 0.039216
0.501961 0.039216
0.505882 0.039216
0.509804 0.039216
0.513726 0.039216
0.517647 0.039216
0.521569 0.039216
0.525490 0.039216
0.529412 0.039216
0.533333 0.039216
0.537255 0.039216
0.541176 0.039216
0.545098 0.039216
0.549020 0.039216
0.552941 0.039216
0.556863 0.039216
0.560784 0.039216
0.564706 0.039216
0.568627 0.039216
0.572549 0.039216
0.576471 0.039216
0.580392 0.039216
0.584314 0.039216
0.588235 0.039216
0.592157 0.039216
0.596078 0.039216
0.600000 0.039216
0.603922 0.039216
0.607843 0.039216
0.611765 0.039216
0.615686 0.039216
0.619608 0.039216
0.623529 0.039216
0.627451 0.039216
0.631373 0.039216
0.635294 0.039216
0.639216 0.039216
0.643137 0.039216
0.647059 0.039216
0.650980 0.039216
0.654902 0.039216
0.658824 0.039216
0.662745 0.039216
0.666667 0.039216
0.670588 0.039216
0.674510 0.039216
0.678431 0.039216
0.682353 0.039216
0.686275 0.039216
0.690196 0.039216
0.694118 0.039216
0.698039 0.039216
0.701961 0.039216
0.705882 0.039216
0.709804 0.039216
0.713726 0.039216
0.717647 0.039216
0.721569 0.039216
0.725490 0.039216
0.729412 0.039216
0.733333 0.039216
0.737255 0.039216
0.741176 0.039216
0.745098 0.039216
0.749020 0.039216
0.752941 0.039216
0.756863 0.039216
0.760784 0.039216
0.764706 0.039216
0.768627 0.039216
0.772549 0.039216
0.776471 0.039216
0.780392 0.039216
0.784314 0.039216
0.788235 0.039216
0.792157 0.039216
0.796078 0.039216
0.800000 0.039216
0.803922 0.039216
0.807843 0.039216
0.811765 0.039216
0.815686 0.039216
0.819608 0.039216
0.823529 0.039216
0.827451 0.039216
0.831373 0.039216
0.835294 0.039216
0.839216 0.039216
0.843137 0.039216
0.847059 0.039216
0.850980 0.039216
0.854902 0.039216
0.858824 0.039216
0.862745 0.039216
0.866667 0.039216
0.870588 0.039216
0.874510 0.039216
0.878431 0.039216
0.882353 0.039216
0.886275 0.039216
0.890196 0.039216
0.894118 0.039216
0.898039 0.039216
0.901961 0.039216
0.905882 0.039216
0.909804 0.039216
0.913725 0.039216
0.917647 0.039216
0.921569 0.039216
0.925490 0.039216
0.929412 0.039216
0.933333 0.039216
0.937255 0.039216
0.941176 0.039216
0.945098 0.039216
0.949020 0.039216
0.952941 0.039216
0.956863 0.039216
0.960784 0.039216
0.964706 0.039216
0.968627 0.039216
0.972549 0.039216
0.976471 0.039216
0.980392 0.039216
0.984314 0.039216
0.988235 0.039216
0.992157 0.039216
0.996078 0.039216
1.000000 0.039216

i = 110.000000 0.043137
0.003922 0.043137
0.007843 0.043137
0.011765 0.043137
0.015686 0.043137
0.019608 0.043137
0.023529 0.043137
0.027451 0.043137
0.031373 0.043137
0.035294 0.043137
0.039216 0.043137
0.043137 0.043137
0.047059 0.043137
0.050980 0.043137
0.054902 0.043137
0.058824 0.043137
0.062745 0.043137
0.066667 0.043137
0.070588 0.043137
0.074510 0.043137
0.078431 0.043137
0.082353 0.043137
0.086275 0.043137
0.090196 0.043137
0.094118 0.043137
0.098039 0.043137
0.101961 0.043137
0.105882 0.043137
0.109804 0.043137
0.113725 0.043137
0.117647 0.043137
0.121569 0.043137
0.125490 0.043137
0.129412 0.043137
0.133333 0.043137
0.137255 0.043137
0.141176 0.043137
0.145098 0.043137
0.149020 0.043137
0.152941 0.043137
0.156863 0.043137
0.160784 0.043137
0.164706 0.043137
0.168627 0.043137
0.172549 0.043137
0.176471 0.043137
0.180392 0.043137
0.184314 0.043137
0.188235 0.043137
0.192157 0.043137
0.196078 0.043137
0.200000 0.043137
0.203922 0.043137
0.207843 0.043137
0.211765 0.043137
0.215686 0.043137
0.219608 0.043137
0.223529 0.043137
0.227451 0.043137
0.231373 0.043137
0.235294 0.043137
0.239216 0.043137
0.243137 0.043137
0.247059 0.043137
0.250980 0.043137
0.254902 0.043137
0.258824 0.043137
0.262745 0.043137
0.266667 0.043137
0.270588 0.043137
0.274510 0.043137
0.278431 0.043137
0.282353 0.043137
0.286275 0.043137
0.290196 0.043137
0.294118 0.043137
0.298039 0.043137
0.301961 0.043137
0.305882 0.043137
0.309804 0.043137
0.313726 0.043137
0.317647 0.043137
0.321569 0.043137
0.325490 0.043137
0.329412 0.043137
0.333333 0.043137
0.337255 0.043137
0.341176 0.043137
0.345098 0.043137
0.349020 0.043137
0.352941 0.043137
0.356863 0.043137
0.360784 0.043137
0.364706 0.043137
0.368627 0.043137
0.372549 0.043137
0.376471 0.043137
0.380392 0.043137
0.384314 0.043137
0.388235 0.043137
0.392157 0.043137
0.396078 0.043137
0.400000 0.043137
0.403922 0.043137
0.407843 0.043137
0.411765 0.043137
0.415686 0.043137
0.419608 0.043137
0.423529 0.043137
0.427451 0.043137
0.431373 0.043137
0.435294 0.043137
0.439216 0.043137
0.443137 0.043137
0.447059 0.043137
0.450980 0.043137
0.454902 0.043137
0.458824 0.043137
0.462745 0.043137
0.466667 0.043137
0.470588 0.043137
0.474510 0.043137
0.478431 0.043137
0.482353 0.043137
0.486275 0.043137
0.490196 0.043137
0.494118 0.043137
0.498039 0.043137
0.501961 0.043137
0.505882 0.043137
0.509804 0.043137
0.513726 0.043137
0.517647 0.043137
0.521569 0.043137
0.525490 0.043137
0.529412 0.043137
0.533333 0.043137
0.537255 0.043137
0.541176 0.043137
0.545098 0.043137
0.549020 0.043137
0.552941 0.043137
0.556863 0.043137
0.560784 0.043137
0.564706 0.043137
0.568627 0.043137
0.572549 0.043137
0.576471 0.043137
0.580392 0.043137
0.584314 0.043137
0.588235 0.043137
0.592157 0.043137
0.596078 0.043137
0.600000 0.043137
0.603922 0.043137
0.607843 0.043137
0.611765 0.043137
0.615686 0.043137
0.619608 0.043137
0.623529 0.043137
0.627451 0.043137
0.631373 0.043137
0.635294 0.043137
0.639216 0.043137
0.643137 0.043137
0.647059 0.043137
0.650980 0.043137
0.654902 0.043137
0.658824 0.043137
0.662745 0.043137
0.666667 0.043137
0.670588 0.043137
0.674510 0.043137
0.678431 0.043137
0.682353 0.043137
0.686275 0.043137
0.690196 0.043137
0.694118 0.043137
0.698039 0.043137
0.701961 0.043137
0.705882 0.043137
0.709804 0.043137
0.713726 0.043137
0.717647 0.043137
0.721569 0.043137
0.725490 0.043137
0.729412 0.043137
0.733333 0.043137
0.737255 0.043137
0.741176 0.043137
0.745098 0.043137
0.749020 0.043137
0.752941 0.043137
0.756863 0.043137
0.760784 0.043137
0.764706 0.043137
0.768627 0.043137
0.772549 0.043137
0.776471 0.043137
0.780392 0.043137
0.784314 0.043137
0.788235 0.043137
0.792157 0.043137
0.796078 0.043137
0.800000 0.043137
0.803922 0.043137
0.807843 0.043137
0.811765 0.043137
0.815686 0.043137
0.819608 0.043137
0.823529 0.043137
0.827451 0.043137
0.831373 0.043137
0.835294 0.043137
0.839216 0.043137
0.843137 0.043137
0.847059 0.043137
0.850980 0.043137
0.854902 0.043137
0.858824 0.043137
0.862745 0.043137
0.866667 0.043137
0.870588 0.043137
0.874510 0.043137
0.878431 0.043137
0.882353 0.043137
0.886275 0.043137
0.890196 0.043137
0.894118 0.043137
0.898039 0.043137
0.901961 0.043137
0.905882 0.043137
0.909804 0.043137
0.913725 0.043137
0.917647 0.043137
0.921569 0.043137
0.925490 0.043137
0.929412 0.043137
0.933333 0.043137
0.937255 0.043137
0.941176 0.043137
0.945098 0.043137
0.949020 0.043137
0.952941 0.043137
0.956863 0.043137
0.960784 0.043137
0.964706 0.043137
0.968627 0.043137
0.972549 0.043137
0.976471 0.043137
0.980392 0.043137
0.984314 0.043137
0.988235 0.043137
0.992157 0.043137
0.996078 0.043137
1.000000 0.043137

i = 120.000000 0.047059
0.003922 0.047059
0.007843 0.047059
0.011765 0.047059
0.015686 0.047059
0.019608 0.047059
0.023529 0.047059
0.027451 0.047059
0.031373 0.047059
0.035294 0.047059
0.039216 0.047059
0.043137 0.047059
0.047059 0.047059
0.050980 0.047059
0.054902 0.047059
0.058824 0.047059
0.062745 0.047059
0.066667 0.047059
0.070588 0.047059
0.074510 0.047059
0.078431 0.047059
0.082353 0.047059
0.086275 0.047059
0.090196 0.047059
0.094118 0.047059
0.098039 0.047059
0.101961 0.047059
0.105882 0.047059
0.109804 0.047059
0.113725 0.047059
0.117647 0.047059
0.121569 0.047059
0.125490 0.047059
0.129412 0.047059
0.133333 0.047059
0.137255 0.047059
0.141176 0.047059
0.145098 0.047059
0.149020 0.047059
0.152941 0.047059
0.156863 0.047059
0.160784 0.047059
0.164706 0.047059
0.168627 0.047059
0.172549 0.047059
0.176471 0.047059
0.180392 0.047059
0.184314 0.047059
0.188235 0.047059
0.192157 0.047059
0.196078 0.047059
0.200000 0.047059
0.203922 0.047059
0.207843 0.047059
0.211765 0.047059
0.215686 0.047059
0.219608 0.047059
0.223529 0.047059
0.227451 0.047059
0.231373 0.047059
0.235294 0.047059
0.239216 0.047059
0.243137 0.047059
0.247059 0.047059
0.250980 0.047059
0.254902 0.047059
0.258824 0.047059
0.262745 0.047059
0.266667 0.047059
0.270588 0.047059
0.274510 0.047059
0.278431 0.047059
0.282353 0.047059
0.286275 0.047059
0.290196 0.047059
0.294118 0.047059
0.298039 0.047059
0.301961 0.047059
0.305882 0.047059
0.309804 0.047059
0.313726 0.047059
0.317647 0.047059
0.321569 0.047059
0.325490 0.047059
0.329412 0.047059
0.333333 0.047059
0.337255 0.047059
0.341176 0.047059
0.345098 0.047059
0.349020 0.047059
0.352941 0.047059
0.356863 0.047059
0.360784 0.047059
0.364706 0.047059
0.368627 0.047059
0.372549 0.047059
0.376471 0.047059
0.380392 0.047059
0.384314 0.047059
0.388235 0.047059
0.392157 0.047059
0.396078 0.047059
0.400000 0.047059
0.403922 0.047059
0.407843 0.047059
0.411765 0.047059
0.415686 0.047059
0.419608 0.047059
0.423529 0.047059
0.427451 0.047059
0.431373 0.047059
0.435294 0.047059
0.439216 0.047059
0.443137 0.047059
0.447059 0.047059
0.450980 0.047059
0.454902 0.047059
0.458824 0.047059
0.462745 0.047059
0.466667 0.047059
0.470588 0.047059
0.474510 0.047059
0.478431 0.047059
0.482353 0.047059
0.486275 0.047059
0.490196 0.047059
0.494118 0.047059
0.498039 0.047059
0.501961 0.047059
0.505882 0.047059
0.509804 0.047059
0.513726 0.047059
0.517647 0.047059
0.521569 0.047059
0.525490 0.047059
0.529412 0.047059
0.533333 0.047059
0.537255 0.047059
0.541176 0.047059
0.545098 0.047059
0.549020 0.047059
0.552941 0.047059
0.556863 0.047059
0.560784 0.047059
0.564706 0.047059
0.568627 0.047059
0.572549 0.047059
0.576471 0.047059
0.580392 0.047059
0.584314 0.047059
0.588235 0.047059
0.592157 0.047059
0.596078 0.047059
0.600000 0.047059
0.603922 0.047059
0.607843 0.047059
0.611765 0.047059
0.615686 0.047059
0.619608 0.047059
0.623529 0.047059
0.627451 0.047059
0.631373 0.047059
0.635294 0.047059
0.639216 0.047059
0.643137 0.047059
0.647059 0.047059
0.650980 0.047059
0.654902 0.047059
0.658824 0.047059
0.662745 0.047059
0.666667 0.047059
0.670588 0.047059
0.674510 0.047059
0.678431 0.047059
0.682353 0.047059
0.686275 0.047059
0.690196 0.047059
0.694118 0.047059
0.698039 0.047059
0.701961 0.047059
0.705882 0.047059
0.709804 0.047059
0.713726 0.047059
0.717647 0.047059
0.721569 0.047059
0.725490 0.047059
0.729412 0.047059
0.733333 0.047059
0.737255 0.047059
0.741176 0.047059
0.745098 0.047059
0.749020 0.047059
0.752941 0.047059
0.756863 0.047059
0.760784 0.047059
0.764706 0.047059
0.768627 0.047059
0.772549 0.047059
0.776471 0.047059
0.780392 0.047059
0.784314 0.047059
0.788235 0.047059
0.792157 0.047059
0.796078 0.047059
0.800000 0.047059
0.803922 0.047059
0.807843 0.047059
0.811765 0.047059
0.815686 0.047059
0.819608 0.047059
0.823529 0.047059
0.827451 0.047059
0.831373 0.047059
0.835294 0.047059
0.839216 0.047059
0.843137 0.047059
0.847059 0.047059
0.850980 0.047059
0.854902 0.047059
0.858824 0.047059
0.862745 0.047059
0.866667 0.047059
0.870588 0.047059
0.874510 0.047059
0.878431 0.047059
0.882353 0.047059
0.886275 0.047059
0.890196 0.047059
0.894118 0.047059
0.898039 0.047059
0.901961 0.047059
0.905882 0.047059
0.909804 0.047059
0.913725 0.047059
0.917647 0.047059
0.921569 0.047059
0.925490 0.047059
0.929412 0.047059
0.933333 0.047059
0.937255 0.047059
0.941176 0.047059
0.945098 0.047059
0.949020 0.047059
0.952941 0.047059
0.956863 0.047059
0.960784 0.047059
0.964706 0.047059
0.968627 0.047059
0.972549 0.047059
0.976471 0.047059
0.980392 0.047059
0.984314 0.047059
0.988235 0.047059
0.992157 0.047059
0.996078 0.047059
1.000000 0.047059

i = 130.000000 0.050980
0.003922 0.050980
0.007843 0.050980
0.011765 0.050980
0.015686 0.050980
0.019608 0.050980
0.023529 0.050980
0.027451 0.050980
0.031373 0.050980
0.035294 0.050980
0.039216 0.050980
0.043137 0.050980
0.047059 0.050980
0.050980 0.050980
0.054902 0.050980
0.058824 0.050980
0.062745 0.050980
0.066667 0.050980
0.070588 0.050980
0.074510 0.050980
0.078431 0.050980
0.082353 0.050980
0.086275 0.050980
0.090196 0.050980
0.094118 0.050980
0.098039 0.050980
0.101961 0.050980
0.105882 0.050980
0.109804 0.050980
0.113725 0.050980
0.117647 0.050980
0.121569 0.050980
0.125490 0.050980
0.129412 0.050980
0.133333 0.050980
0.137255 0.050980
0.141176 0.050980
0.145098 0.050980
0.149020 0.050980
0.152941 0.050980
0.156863 0.050980
0.160784 0.050980
0.164706 0.050980
0.168627 0.050980
0.172549 0.050980
0.176471 0.050980
0.180392 0.050980
0.184314 0.050980
0.188235 0.050980
0.192157 0.050980
0.196078 0.050980
0.200000 0.050980
0.203922 0.050980
0.207843 0.050980
0.211765 0.050980
0.215686 0.050980
0.219608 0.050980
0.223529 0.050980
0.227451 0.050980
0.231373 0.050980
0.235294 0.050980
0.239216 0.050980
0.243137 0.050980
0.247059 0.050980
0.250980 0.050980
0.254902 0.050980
0.258824 0.050980
0.262745 0.050980
0.266667 0.050980
0.270588 0.050980
0.274510 0.050980
0.278431 0.050980
0.282353 0.050980
0.286275 0.050980
0.290196 0.050980
0.294118 0.050980
0.298039 0.050980
0.301961 0.050980
0.305882 0.050980
0.309804 0.050980
0.313726 0.050980
0.317647 0.050980
0.321569 0.050980
0.325490 0.050980
0.329412 0.050980
0.333333 0.050980
0.337255 0.050980
0.341176 0.050980
0.345098 0.050980
0.349020 0.050980
0.352941 0.050980
0.356863 0.050980
0.360784 0.050980
0.364706 0.050980
0.368627 0.050980
0.372549 0.050980
0.376471 0.050980
0.380392 0.050980
0.384314 0.050980
0.388235 0.050980
0.392157 0.050980
0.396078 0.050980
0.400000 0.050980
0.403922 0.050980
0.407843 0.050980
0.411765 0.050980
0.415686 0.050980
0.419608 0.050980
0.423529 0.050980
0.427451 0.050980
0.431373 0.050980
0.435294 0.050980
0.439216 0.050980
0.443137 0.050980
0.447059 0.050980
0.450980 0.050980
0.454902 0.050980
0.458824 0.050980
0.462745 0.050980
0.466667 0.050980
0.470588 0.050980
0.474510 0.050980
0.478431 0.050980
0.482353 0.050980
0.486275 0.050980
0.490196 0.050980
0.494118 0.050980
0.498039 0.050980
0.501961 0.050980
0.505882 0.050980
0.509804 0.050980
0.513726 0.050980
0.517647 0.050980
0.521569 0.050980
0.525490 0.050980
0.529412 0.050980
0.533333 0.050980
0.537255 0.050980
0.541176 0.050980
0.545098 0.050980
0.549020 0.050980
0.552941 0.050980
0.556863 0.050980
0.560784 0.050980
0.564706 0.050980
0.568627 0.050980
0.572549 0.050980
0.576471 0.050980
0.580392 0.050980
0.584314 0.050980
0.588235 0.050980
0.592157 0.050980
0.596078 0.050980
0.600000 0.050980
0.603922 0.050980
0.607843 0.050980
0.611765 0.050980
0.615686 0.050980
0.619608 0.050980
0.623529 0.050980
0.627451 0.050980
0.631373 0.050980
0.635294 0.050980
0.639216 0.050980
0.643137 0.050980
0.647059 0.050980
0.650980 0.050980
0.654902 0.050980
0.658824 0.050980
0.662745 0.050980
0.666667 0.050980
0.670588 0.050980
0.674510 0.050980
0.678431 0.050980
0.682353 0.050980
0.686275 0.050980
0.690196 0.050980
0.694118 0.050980
0.698039 0.050980
0.701961 0.050980
0.705882 0.050980
0.709804 0.050980
0.713726 0.050980
0.717647 0.050980
0.721569 0.050980
0.725490 0.050980
0.729412 0.050980
0.733333 0.050980
0.737255 0.050980
0.741176 0.050980
0.745098 0.050980
0.749020 0.050980
0.752941 0.050980
0.756863 0.050980
0.760784 0.050980
0.764706 0.050980
0.768627 0.050980
0.772549 0.050980
0.776471 0.050980
0.780392 0.050980
0.784314 0.050980
0.788235 0.050980
0.792157 0.050980
0.796078 0.050980
0.800000 0.050980
0.803922 0.050980
0.807843 0.050980
0.811765 0.050980
0.815686 0.050980
0.819608 0.050980
0.823529 0.050980
0.827451 0.050980
0.831373 0.050980
0.835294 0.050980
0.839216 0.050980
0.843137 0.050980
0.847059 0.050980
0.850980 0.050980
0.854902 0.050980
0.858824 0.050980
0.862745 0.050980
0.866667 0.050980
0.870588 0.050980
0.874510 0.050980
0.878431 0.050980
0.882353 0.050980
0.886275 0.050980
0.890196 0.050980
0.894118 0.050980
0.898039 0.050980
0.901961 0.050980
0.905882 0.050980
0.909804 0.050980
0.913725 0.050980
0.917647 0.050980
0.921569 0.050980
0.925490 0.050980
0.929412 0.050980
0.933333 0.050980
0.937255 0.050980
0.941176 0.050980
0.945098 0.050980
0.949020 0.050980
0.952941 0.050980
0.956863 0.050980
0.960784 0.050980
0.964706 0.050980
0.968627 0.050980
0.972549 0.050980
0.976471 0.050980
0.980392 0.050980
0.984314 0.050980
0.988235 0.050980
0.992157 0.050980
0.996078 0.050980
1.000000 0.050980

i = 140.000000 0.054902
0.003922 0.054902
0.007843 0.054902
0.011765 0.054902
0.015686 0.054902
0.019608 0.054902
0.023529 0.054902
0.027451 0.054902
0.031373 0.054902
0.035294 0.054902
0.039216 0.054902
0.043137 0.054902
0.047059 0.054902
0.050980 0.054902
0.054902 0.054902
0.058824 0.054902
0.062745 0.054902
0.066667 0.054902
0.070588 0.054902
0.074510 0.054902
0.078431 0.054902
0.082353 0.054902
0.086275 0.054902
0.090196 0.054902
0.094118 0.054902
0.098039 0.054902
0.101961 0.054902
0.105882 0.054902
0.109804 0.054902
0.113725 0.054902
0.117647 0.054902
0.121569 0.054902
0.125490 0.054902
0.129412 0.054902
0.133333 0.054902
0.137255 0.054902
0.141176 0.054902
0.145098 0.054902
0.149020 0.054902
0.152941 0.054902
0.156863 0.054902
0.160784 0.054902
0.164706 0.054902
0.168627 0.054902
0.172549 0.054902
0.176471 0.054902
0.180392 0.054902
0.184314 0.054902
0.188235 0.054902
0.192157 0.054902
0.196078 0.054902
0.200000 0.054902
0.203922 0.054902
0.207843 0.054902
0.211765 0.054902
0.215686 0.054902
0.219608 0.054902
0.223529 0.054902
0.227451 0.054902
0.231373 0.054902
0.235294 0.054902
0.239216 0.054902
0.243137 0.054902
0.247059 0.054902
0.250980 0.054902
0.254902 0.054902
0.258824 0.054902
0.262745 0.054902
0.266667 0.054902
0.270588 0.054902
0.274510 0.054902
0.278431 0.054902
0.282353 0.054902
0.286275 0.054902
0.290196 0.054902
0.294118 0.054902
0.298039 0.054902
0.301961 0.054902
0.305882 0.054902
0.309804 0.054902
0.313726 0.054902
0.317647 0.054902
0.321569 0.054902
0.325490 0.054902
0.329412 0.054902
0.333333 0.054902
0.337255 0.054902
0.341176 0.054902
0.345098 0.054902
0.349020 0.054902
0.352941 0.054902
0.356863 0.054902
0.360784 0.054902
0.364706 0.054902
0.368627 0.054902
0.372549 0.054902
0.376471 0.054902
0.380392 0.054902
0.384314 0.054902
0.388235 0.054902
0.392157 0.054902
0.396078 0.054902
0.400000 0.054902
0.403922 0.054902
0.407843 0.054902
0.411765 0.054902
0.415686 0.054902
0.419608 0.054902
0.423529 0.054902
0.427451 0.054902
0.431373 0.054902
0.435294 0.054902
0.439216 0.054902
0.443137 0.054902
0.447059 0.054902
0.450980 0.054902
0.454902 0.054902
0.458824 0.054902
0.462745 0.054902
0.466667 0.054902
0.470588 0.054902
0.474510 0.054902
0.478431 0.054902
0.482353 0.054902
0.486275 0.054902
0.490196 0.054902
0.494118 0.054902
0.498039 0.054902
0.501961 0.054902
0.505882 0.054902
0.509804 0.054902
0.513726 0.054902
0.517647 0.054902
0.521569 0.054902
0.525490 0.054902
0.529412 0.054902
0.533333 0.054902
0.537255 0.054902
0.541176 0.054902
0.545098 0.054902
0.549020 0.054902
0.552941 0.054902
0.556863 0.054902
0.560784 0.054902
0.564706 0.054902
0.568627 0.054902
0.572549 0.054902
0.576471 0.054902
0.580392 0.054902
0.584314 0.054902
0.588235 0.054902
0.592157 0.054902
0.596078 0.054902
0.600000 0.054902
0.603922 0.054902
0.607843 0.054902
0.611765 0.054902
0.615686 0.054902
0.619608 0.054902
0.623529 0.054902
0.627451 0.054902
0.631373 0.054902
0.635294 0.054902
0.639216 0.054902
0.643137 0.054902
0.647059 0.054902
0.650980 0.054902
0.654902 0.054902
0.658824 0.054902
0.662745 0.054902
0.666667 0.054902
0.670588 0.054902
0.674510 0.054902
0.678431 0.054902
0.682353 0.054902
0.686275 0.054902
0.690196 0.054902
0.694118 0.054902
0.698039 0.054902
0.701961 0.054902
0.705882 0.054902
0.709804 0.054902
0.713726 0.054902
0.717647 0.054902
0.721569 0.054902
0.725490 0.054902
0.729412 0.054902
0.733333 0.054902
0.737255 0.054902
0.741176 0.054902
0.745098 0.054902
0.749020 0.054902
0.752941 0.054902
0.756863 0.054902
0.760784 0.054902
0.764706 0.054902
0.768627 0.054902
0.772549 0.054902
0.776471 0.054902
0.780392 0.054902
0.784314 0.054902
0.788235 0.054902
0.792157 0.054902
0.796078 0.054902
0.800000 0.054902
0.803922 0.054902
0.807843 0.054902
0.811765 0.054902
0.815686 0.054902
0.819608 0.054902
0.823529 0.054902
0.827451 0.054902
0.831373 0.054902
0.835294 0.054902
0.839216 0.054902
0.843137 0.054902
0.847059 0.054902
0.850980 0.054902
0.854902 0.054902
0.858824 0.054902
0.862745 0.054902
0.866667 0.054902
0.870588 0.054902
0.874510 0.054902
0.878431 0.054902
0.882353 0.054902
0.886275 0.054902
0.890196 0.054902
0.894118 0.054902
0.898039 0.054902
0.901961 0.054902
0.905882 0.054902
0.909804 0.054902
0.913725 0.054902
0.917647 0.054902
0.921569 0.054902
0.925490 0.054902
0.929412 0.054902
0.933333 0.054902
0.937255 0.054902
0.941176 0.054902
0.945098 0.054902
0.949020 0.054902
0.952941 0.054902
0.956863 0.054902
0.960784 0.054902
0.964706 0.054902
0.968627 0.054902
0.972549 0.054902
0.976471 0.054902
0.980392 0.054902
0.984314 0.054902
0.988235 0.054902
0.992157 0.054902
0.996078 0.054902
1.000000 0.054902

i = 150.000000 0.058824
0.003922 0.058824
0.007843 0.058824
0.011765 0.058824
0.015686 0.058824
0.019608 0.058824
0.023529 0.058824
0.027451 0.058824
0.031373 0.058824
0.035294 0.058824
0.039216 0.058824
0.043137 0.058824
0.047059 0.058824
0.050980 0.058824
0.054902 0.058824
0.058824 0.058824
0.062745 0.058824
0.066667 0.058824
0.070588 0.058824
0.074510 0.058824
0.078431 0.058824
0.082353 0.058824
0.086275 0.058824
0.090196 0.058824
0.094118 0.058824
0.098039 0.058824
0.101961 0.058824
0.105882 0.058824
0.109804 0.058824
0.113725 0.058824
0.117647 0.058824
0.121569 0.058824
0.125490 0.058824
0.129412 0.058824
0.133333 0.058824
0.137255 0.058824
0.141176 0.058824
0.145098 0.058824
0.149020 0.058824
0.152941 0.058824
0.156863 0.058824
0.160784 0.058824
0.164706 0.058824
0.168627 0.058824
0.172549 0.058824
0.176471 0.058824
0.180392 0.058824
0.184314 0.058824
0.188235 0.058824
0.192157 0.058824
0.196078 0.058824
0.200000 0.058824
0.203922 0.058824
0.207843 0.058824
0.211765 0.058824
0.215686 0.058824
0.219608 0.058824
0.223529 0.058824
0.227451 0.058824
0.231373 0.058824
0.235294 0.058824
0.239216 0.058824
0.243137 0.058824
0.247059 0.058824
0.250980 0.058824
0.254902 0.058824
0.258824 0.058824
0.262745 0.058824
0.266667 0.058824
0.270588 0.058824
0.274510 0.058824
0.278431 0.058824
0.282353 0.058824
0.286275 0.058824
0.290196 0.058824
0.294118 0.058824
0.298039 0.058824
0.301961 0.058824
0.305882 0.058824
0.309804 0.058824
0.313726 0.058824
0.317647 0.058824
0.321569 0.058824
0.325490 0.058824
0.329412 0.058824
0.333333 0.058824
0.337255 0.058824
0.341176 0.058824
0.345098 0.058824
0.349020 0.058824
0.352941 0.058824
0.356863 0.058824
0.360784 0.058824
0.364706 0.058824
0.368627 0.058824
0.372549 0.058824
0.376471 0.058824
0.380392 0.058824
0.384314 0.058824
0.388235 0.058824
0.392157 0.058824
0.396078 0.058824
0.400000 0.058824
0.403922 0.058824
0.407843 0.058824
0.411765 0.058824
0.415686 0.058824
0.419608 0.058824
0.423529 0.058824
0.427451 0.058824
0.431373 0.058824
0.435294 0.058824
0.439216 0.058824
0.443137 0.058824
0.447059 0.058824
0.450980 0.058824
0.454902 0.058824
0.458824 0.058824
0.462745 0.058824
0.466667 0.058824
0.470588 0.058824
0.474510 0.058824
0.478431 0.058824
0.482353 0.058824
0.486275 0.058824
0.490196 0.058824
0.494118 0.058824
0.498039 0.058824
0.501961 0.058824
0.505882 0.058824
0.509804 0.058824
0.513726 0.058824
0.517647 0.058824
0.521569 0.058824
0.525490 0.058824
0.529412 0.058824
0.533333 0.058824
0.537255 0.058824
0.541176 0.058824
0.545098 0.058824
0.549020 0.058824
0.552941 0.058824
0.556863 0.058824
0.560784 0.058824
0.564706 0.058824
0.568627 0.058824
0.572549 0.058824
0.576471 0.058824
0.580392 0.058824
0.584314 0.058824
0.588235 0.058824
0.592157 0.058824
0.596078 0.058824
0.600000 0.058824
0.603922 0.058824
0.607843 0.058824
0.611765 0.058824
0.615686 0.058824
0.619608 0.058824
0.623529 0.058824
0.627451 0.058824
0.631373 0.058824
0.635294 0.058824
0.639216 0.058824
0.643137 0.058824
0.647059 0.058824
0.650980 0.058824
0.654902 0.058824
0.658824 0.058824
0.662745 0.058824
0.666667 0.058824
0.670588 0.058824
0.674510 0.058824
0.678431 0.058824
0.682353 0.058824
0.686275 0.058824
0.690196 0.058824
0.694118 0.058824
0.698039 0.058824
0.701961 0.058824
0.705882 0.058824
0.709804 0.058824
0.713726 0.058824
0.717647 0.058824
0.721569 0.058824
0.725490 0.058824
0.729412 0.058824
0.733333 0.058824
0.737255 0.058824
0.741176 0.058824
0.745098 0.058824
0.749020 0.058824
0.752941 0.058824
0.756863 0.058824
0.760784 0.058824
0.764706 0.058824
0.768627 0.058824
0.772549 0.058824
0.776471 0.058824
0.780392 0.058824
0.784314 0.058824
0.788235 0.058824
0.792157 0.058824
0.796078 0.058824
0.800000 0.058824
0.803922 0.058824
0.807843 0.058824
0.811765 0.058824
0.815686 0.058824
0.819608 0.058824
0.823529 0.058824
0.827451 0.058824
0.831373 0.058824
0.835294 0.058824
0.839216 0.058824
0.843137 0.058824
0.847059 0.058824
0.850980 0.058824
0.854902 0.058824
0.858824 0.058824
0.862745 0.058824
0.866667 0.058824
0.870588 0.058824
0.874510 0.058824
0.878431 0.058824
0.882353 0.058824
0.886275 0.058824
0.890196 0.058824
0.894118 0.058824
0.898039 0.058824
0.901961 0.058824
0.905882 0.058824
0.909804 0.058824
0.913725 0.058824
0.917647 0.058824
0.921569 0.058824
0.925490 0.058824
0.929412 0.058824
0.933333 0.058824
0.937255 0.058824
0.941176 0.058824
0.945098 0.058824
0.949020 0.058824
0.952941 0.058824
0.956863 0.058824
0.960784 0.058824
0.964706 0.058824
0.968627 0.058824
0.972549 0.058824
0.976471 0.058824
0.980392 0.058824
0.984314 0.058824
0.988235 0.058824
0.992157 0.058824
0.996078 0.058824
1.000000 0.058824

i = 160.000000 0.062745
0.003922 0.062745
0.007843 0.062745
0.011765 0.062745
0.015686 0.062745
0.019608 0.062745
0.023529 0.062745
0.027451 0.062745
0.031373 0.062745
0.035294 0.062745
0.039216 0.062745
0.043137 0.062745
0.047059 0.062745
0.050980 0.062745
0.054902 0.062745
0.058824 0.062745
0.062745 0.062745
0.066667 0.062745
0.070588 0.062745
0.074510 0.062745
0.078431 0.062745
0.082353 0.062745
0.086275 0.062745
0.090196 0.062745
0.094118 0.062745
0.098039 0.062745
0.101961 0.062745
0.105882 0.062745
0.109804 0.062745
0.113725 0.062745
0.117647 0.062745
0.121569 0.062745
0.125490 0.062745
0.129412 0.062745
0.133333 0.062745
0.137255 0.062745
0.141176 0.062745
0.145098 0.062745
0.149020 0.062745
0.152941 0.062745
0.156863 0.062745
0.160784 0.062745
0.164706 0.062745
0.168627 0.062745
0.172549 0.062745
0.176471 0.062745
0.180392 0.062745
0.184314 0.062745
0.188235 0.062745
0.192157 0.062745
0.196078 0.062745
0.200000 0.062745
0.203922 0.062745
0.207843 0.062745
0.211765 0.062745
0.215686 0.062745
0.219608 0.062745
0.223529 0.062745
0.227451 0.062745
0.231373 0.062745
0.235294 0.062745
0.239216 0.062745
0.243137 0.062745
0.247059 0.062745
0.250980 0.062745
0.254902 0.062745
0.258824 0.062745
0.262745 0.062745
0.266667 0.062745
0.270588 0.062745
0.274510 0.062745
0.278431 0.062745
0.282353 0.062745
0.286275 0.062745
0.290196 0.062745
0.294118 0.062745
0.298039 0.062745
0.301961 0.062745
0.305882 0.062745
0.309804 0.062745
0.313726 0.062745
0.317647 0.062745
0.321569 0.062745
0.325490 0.062745
0.329412 0.062745
0.333333 0.062745
0.337255 0.062745
0.341176 0.062745
0.345098 0.062745
0.349020 0.062745
0.352941 0.062745
0.356863 0.062745
0.360784 0.062745
0.364706 0.062745
0.368627 0.062745
0.372549 0.062745
0.376471 0.062745
0.380392 0.062745
0.384314 0.062745
0.388235 0.062745
0.392157 0.062745
0.396078 0.062745
0.400000 0.062745
0.403922 0.062745
0.407843 0.062745
0.411765 0.062745
0.415686 0.062745
0.419608 0.062745
0.423529 0.062745
0.427451 0.062745
0.431373 0.062745
0.435294 0.062745
0.439216 0.062745
0.443137 0.062745
0.447059 0.062745
0.450980 0.062745
0.454902 0.062745
0.458824 0.062745
0.462745 0.062745
0.466667 0.062745
0.470588 0.062745
0.474510 0.062745
0.478431 0.062745
0.482353 0.062745
0.486275 0.062745
0.490196 0.062745
0.494118 0.062745
0.498039 0.062745
0.501961 0.062745
0.505882 0.062745
0.509804 0.062745
0.513726 0.062745
0.517647 0.062745
0.521569 0.062745
0.525490 0.062745
0.529412 0.062745
0.533333 0.062745
0.537255 0.062745
0.541176 0.062745
0.545098 0.062745
0.549020 0.062745
0.552941 0.062745
0.556863 0.062745
0.560784 0.062745
0.564706 0.062745
0.568627 0.062745
0.572549 0.062745
0.576471 0.062745
0.580392 0.062745
0.584314 0.062745
0.588235 0.062745
0.592157 0.062745
0.596078 0.062745
0.600000 0.062745
0.603922 0.062745
0.607843 0.062745
0.611765 0.062745
0.615686 0.062745
0.619608 0.062745
0.623529 0.062745
0.627451 0.062745
0.631373 0.062745
0.635294 0.062745
0.639216 0.062745
0.643137 0.062745
0.647059 0.062745
0.650980 0.062745
0.654902 0.062745
0.658824 0.062745
0.662745 0.062745
0.666667 0.062745
0.670588 0.062745
0.674510 0.062745
0.678431 0.062745
0.682353 0.062745
0.686275 0.062745
0.690196 0.062745
0.694118 0.062745
0.698039 0.062745
0.701961 0.062745
0.705882 0.062745
0.709804 0.062745
0.713726 0.062745
0.717647 0.062745
0.721569 0.062745
0.725490 0.062745
0.729412 0.062745
0.733333 0.062745
0.737255 0.062745
0.741176 0.062745
0.745098 0.062745
0.749020 0.062745
0.752941 0.062745
0.756863 0.062745
0.760784 0.062745
0.764706 0.062745
0.768627 0.062745
0.772549 0.062745
0.776471 0.062745
0.780392 0.062745
0.784314 0.062745
0.788235 0.062745
0.792157 0.062745
0.796078 0.062745
0.800000 0.062745
0.803922 0.062745
0.807843 0.062745
0.811765 0.062745
0.815686 0.062745
0.819608 0.062745
0.823529 0.062745
0.827451 0.062745
0.831373 0.062745
0.835294 0.062745
0.839216 0.062745
0.843137 0.062745
0.847059 0.062745
0.850980 0.062745
0.854902 0.062745
0.858824 0.062745
0.862745 0.062745
0.866667 0.062745
0.870588 0.062745
0.874510 0.062745
0.878431 0.062745
0.882353 0.062745
0.886275 0.062745
0.890196 0.062745
0.894118 0.062745
0.898039 0.062745
0.901961 0.062745
0.905882 0.062745
0.909804 0.062745
0.913725 0.062745
0.917647 0.062745
0.921569 0.062745
0.925490 0.062745
0.929412 0.062745
0.933333 0.062745
0.937255 0.062745
0.941176 0.062745
0.945098 0.062745
0.949020 0.062745
0.952941 0.062745
0.956863 0.062745
0.960784 0.062745
0.964706 0.062745
0.968627 0.062745
0.972549 0.062745
0.976471 0.062745
0.980392 0.062745
0.984314 0.062745
0.988235 0.062745
0.992157 0.062745
0.996078 0.062745
1.000000 0.062745

i = 170.000000 0.066667
0.003922 0.066667
0.007843 0.066667
0.011765 0.066667
0.015686 0.066667
0.019608 0.066667
0.023529 0.066667
0.027451 0.066667
0.031373 0.066667
0.035294 0.066667
0.039216 0.066667
0.043137 0.066667
0.047059 0.066667
0.050980 0.066667
0.054902 0.066667
0.058824 0.066667
0.062745 0.066667
0.066667 0.066667
0.070588 0.066667
0.074510 0.066667
0.078431 0.066667
0.082353 0.066667
0.086275 0.066667
0.090196 0.066667
0.094118 0.066667
0.098039 0.066667
0.101961 0.066667
0.105882 0.066667
0.109804 0.066667
0.113725 0.066667
0.117647 0.066667
0.121569 0.066667
0.125490 0.066667
0.129412 0.066667
0.133333 0.066667
0.137255 0.066667
0.141176 0.066667
0.145098 0.066667
0.149020 0.066667
0.152941 0.066667
0.156863 0.066667
0.160784 0.066667
0.164706 0.066667
0.168627 0.066667
0.172549 0.066667
0.176471 0.066667
0.180392 0.066667
0.184314 0.066667
0.188235 0.066667
0.192157 0.066667
0.196078 0.066667
0.200000 0.066667
0.203922 0.066667
0.207843 0.066667
0.211765 0.066667
0.215686 0.066667
0.219608 0.066667
0.223529 0.066667
0.227451 0.066667
0.231373 0.066667
0.235294 0.066667
0.239216 0.066667
0.243137 0.066667
0.247059 0.066667
0.250980 0.066667
0.254902 0.066667
0.258824 0.066667
0.262745 0.066667
0.266667 0.066667
0.270588 0.066667
0.274510 0.066667
0.278431 0.066667
0.282353 0.066667
0.286275 0.066667
0.290196 0.066667
0.294118 0.066667
0.298039 0.066667
0.301961 0.066667
0.305882 0.066667
0.309804 0.066667
0.313726 0.066667
0.317647 0.066667
0.321569 0.066667
0.325490 0.066667
0.329412 0.066667
0.333333 0.066667
0.337255 0.066667
0.341176 0.066667
0.345098 0.066667
0.349020 0.066667
0.352941 0.066667
0.356863 0.066667
0.360784 0.066667
0.364706 0.066667
0.368627 0.066667
0.372549 0.066667
0.376471 0.066667
0.380392 0.066667
0.384314 0.066667
0.388235 0.066667
0.392157 0.066667
0.396078 0.066667
0.400000 0.066667
0.403922 0.066667
0.407843 0.066667
0.411765 0.066667
0.415686 0.066667
0.419608 0.066667
0.423529 0.066667
0.427451 0.066667
0.431373 0.066667
0.435294 0.066667
0.439216 0.066667
0.443137 0.066667
0.447059 0.066667
0.450980 0.066667
0.454902 0.066667
0.458824 0.066667
0.462745 0.066667
0.466667 0.066667
0.470588 0.066667
0.474510 0.066667
0.478431 0.066667
0.482353 0.066667
0.486275 0.066667
0.490196 0.066667
0.494118 0.066667
0.498039 0.066667
0.501961 0.066667
0.505882 0.066667
0.509804 0.066667
0.513726 0.066667
0.517647 0.066667
0.521569 0.066667
0.525490 0.066667
0.529412 0.066667
0.533333 0.066667
0.537255 0.066667
0.541176 0.066667
0.545098 0.066667
0.549020 0.066667
0.552941 0.066667
0.556863 0.066667
0.560784 0.066667
0.564706 0.066667
0.568627 0.066667
0.572549 0.066667
0.576471 0.066667
0.580392 0.066667
0.584314 0.066667
0.588235 0.066667
0.592157 0.066667
0.596078 0.066667
0.600000 0.066667
0.603922 0.066667
0.607843 0.066667
0.611765 0.066667
0.615686 0.066667
0.619608 0.066667
0.623529 0.066667
0.627451 0.066667
0.631373 0.066667
0.635294 0.066667
0.639216 0.066667
0.643137 0.066667
0.647059 0.066667
0.650980 0.066667
0.654902 0.066667
0.658824 0.066667
0.662745 0.066667
0.666667 0.066667
0.670588 0.066667
0.674510 0.066667
0.678431 0.066667
0.682353 0.066667
0.686275 0.066667
0.690196 0.066667
0.694118 0.066667
0.698039 0.066667
0.701961 0.066667
0.705882 0.066667
0.709804 0.066667
0.713726 0.066667
0.717647 0.066667
0.721569 0.066667
0.725490 0.066667
0.729412 0.066667
0.733333 0.066667
0.737255 0.066667
0.741176 0.066667
0.745098 0.066667
0.749020 0.066667
0.752941 0.066667
0.756863 0.066667
0.760784 0.066667
0.764706 0.066667
0.768627 0.066667
0.772549 0.066667
0.776471 0.066667
0.780392 0.066667
0.784314 0.066667
0.788235 0.066667
0.792157 0.066667
0.796078 0.066667
0.800000 0.066667
0.803922 0.066667
0.807843 0.066667
0.811765 0.066667
0.815686 0.066667
0.819608 0.066667
0.823529 0.066667
0.827451 0.066667
0.831373 0.066667
0.835294 0.066667
0.839216 0.066667
0.843137 0.066667
0.847059 0.066667
0.850980 0.066667
0.854902 0.066667
0.858824 0.066667
0.862745 0.066667
0.866667 0.066667
0.870588 0.066667
0.874510 0.066667
0.878431 0.066667
0.882353 0.066667
0.886275 0.066667
0.890196 0.066667
0.894118 0.066667
0.898039 0.066667
0.901961 0.066667
0.905882 0.066667
0.909804 0.066667
0.913725 0.066667
0.917647 0.066667
0.921569 0.066667
0.925490 0.066667
0.929412 0.066667
0.933333 0.066667
0.937255 0.066667
0.941176 0.066667
0.945098 0.066667
0.949020 0.066667
0.952941 0.066667
0.956863 0.066667
0.960784 0.066667
0.964706 0.066667
0.968627 0.066667
0.972549 0.066667
0.976471 0.066667
0.980392 0.066667
0.984314 0.066667
0.988235 0.066667
0.992157 0.066667
0.996078 0.066667
1.000000 0.066667

i = 180.000000 0.070588
0.003922 0.070588
0.007843 0.070588
0.011765 0.070588
0.015686 0.070588
0.019608 0.070588
0.023529 0.070588
0.027451 0.070588
0.031373 0.070588
0.035294 0.070588
0.039216 0.070588
0.043137 0.070588
0.047059 0.070588
0.050980 0.070588
0.054902 0.070588
0.058824 0.070588
0.062745 0.070588
0.066667 0.070588
0.070588 0.070588
0.074510 0.070588
0.078431 0.070588
0.082353 0.070588
0.086275 0.070588
0.090196 0.070588
0.094118 0.070588
0.098039 0.070588
0.101961 0.070588
0.105882 0.070588
0.109804 0.070588
0.113725 0.070588
0.117647 0.070588
0.121569 0.070588
0.125490 0.070588
0.129412 0.070588
0.133333 0.070588
0.137255 0.070588
0.141176 0.070588
0.145098 0.070588
0.149020 0.070588
0.152941 0.070588
0.156863 0.070588
0.160784 0.070588
0.164706 0.070588
0.168627 0.070588
0.172549 0.070588
0.176471 0.070588
0.180392 0.070588
0.184314 0.070588
0.188235 0.070588
0.192157 0.070588
0.196078 0.070588
0.200000 0.070588
0.203922 0.070588
0.207843 0.070588
0.211765 0.070588
0.215686 0.070588
0.219608 0.070588
0.223529 0.070588
0.227451 0.070588
0.231373 0.070588
0.235294 0.070588
0.239216 0.070588
0.243137 0.070588
0.247059 0.070588
0.250980 0.070588
0.254902 0.070588
0.258824 0.070588
0.262745 0.070588
0.266667 0.070588
0.270588 0.070588
0.274510 0.070588
0.278431 0.070588
0.282353 0.070588
0.286275 0.070588
0.290196 0.070588
0.294118 0.070588
0.298039 0.070588
0.301961 0.070588
0.305882 0.070588
0.309804 0.070588
0.313726 0.070588
0.317647 0.070588
0.321569 0.070588
0.325490 0.070588
0.329412 0.070588
0.333333 0.070588
0.337255 0.070588
0.341176 0.070588
0.345098 0.070588
0.349020 0.070588
0.352941 0.070588
0.356863 0.070588
0.360784 0.070588
0.364706 0.070588
0.368627 0.070588
0.372549 0.070588
0.376471 0.070588
0.380392 0.070588
0.384314 0.070588
0.388235 0.070588
0.392157 0.070588
0.396078 0.070588
0.400000 0.070588
0.403922 0.070588
0.407843 0.070588
0.411765 0.070588
0.415686 0.070588
0.419608 0.070588
0.423529 0.070588
0.427451 0.070588
0.431373 0.070588
0.435294 0.070588
0.439216 0.070588
0.443137 0.070588
0.447059 0.070588
0.450980 0.070588
0.454902 0.070588
0.458824 0.070588
0.462745 0.070588
0.466667 0.070588
0.470588 0.070588
0.474510 0.070588
0.478431 0.070588
0.482353 0.070588
0.486275 0.070588
0.490196 0.070588
0.494118 0.070588
0.498039 0.070588
0.501961 0.070588
0.505882 0.070588
0.509804 0.070588
0.513726 0.070588
0.517647 0.070588
0.521569 0.070588
0.525490 0.070588
0.529412 0.070588
0.533333 0.070588
0.537255 0.070588
0.541176 0.070588
0.545098 0.070588
0.549020 0.070588
0.552941 0.070588
0.556863 0.070588
0.560784 0.070588
0.564706 0.070588
0.568627 0.070588
0.572549 0.070588
0.576471 0.070588
0.580392 0.070588
0.584314 0.070588
0.588235 0.070588
0.592157 0.070588
0.596078 0.070588
0.600000 0.070588
0.603922 0.070588
0.607843 0.070588
0.611765 0.070588
0.615686 0.070588
0.619608 0.070588
0.623529 0.070588
0.627451 0.070588
0.631373 0.070588
0.635294 0.070588
0.639216 0.070588
0.643137 0.070588
0.647059 0.070588
0.650980 0.070588
0.654902 0.070588
0.658824 0.070588
0.662745 0.070588
0.666667 0.070588
0.670588 0.070588
0.674510 0.070588
0.678431 0.070588
0.682353 0.070588
0.686275 0.070588
0.690196 0.070588
0.694118 0.070588
0.698039 0.070588
0.701961 0.070588
0.705882 0.070588
0.709804 0.070588
0.713726 0.070588
0.717647 0.070588
0.721569 0.070588
0.725490 0.070588
0.729412 0.070588
0.733333 0.070588
0.737255 0.070588
0.741176 0.070588
0.745098 0.070588
0.749020 0.070588
0.752941 0.070588
0.756863 0.070588
0.760784 0.070588
0.764706 0.070588
0.768627 0.070588
0.772549 0.070588
0.776471 0.070588
0.780392 0.070588
0.784314 0.070588
0.788235 0.070588
0.792157 0.070588
0.796078 0.070588
0.800000 0.070588
0.803922 0.070588
0.807843 0.070588
0.811765 0.070588
0.815686 0.070588
0.819608 0.070588
0.823529 0.070588
0.827451 0.070588
0.831373 0.070588
0.835294 0.070588
0.839216 0.070588
0.843137 0.070588
0.847059 0.070588
0.850980 0.070588
0.854902 0.070588
0.858824 0.070588
0.862745 0.070588
0.866667 0.070588
0.870588 0.070588
0.874510 0.070588
0.878431 0.070588
0.882353 0.070588
0.886275 0.070588
0.890196 0.070588
0.894118 0.070588
0.898039 0.070588
0.901961 0.070588
0.905882 0.070588
0.909804 0.070588
0.913725 0.070588
0.917647 0.070588
0.921569 0.070588
0.925490 0.070588
0.929412 0.070588
0.933333 0.070588
0.937255 0.070588
0.941176 0.070588
0.945098 0.070588
0.949020 0.070588
0.952941 0.070588
0.956863 0.070588
0.960784 0.070588
0.964706 0.070588
0.968627 0.070588
0.972549 0.070588
0.976471 0.070588
0.980392 0.070588
0.984314 0.070588
0.988235 0.070588
0.992157 0.070588
0.996078 0.070588
1.000000 0.070588

i = 190.000000 0.074510
0.003922 0.074510
0.007843 0.074510
0.011765 0.074510
0.015686 0.074510
0.019608 0.074510
0.023529 0.074510
0.027451 0.074510
0.031373 0.074510
0.035294 0.074510
0.039216 0.074510
0.043137 0.074510
0.047059 0.074510
0.050980 0.074510
0.054902 0.074510
0.058824 0.074510
0.062745 0.074510
0.066667 0.074510
0.070588 0.074510
0.074510 0.074510
0.078431 0.074510
0.082353 0.074510
0.086275 0.074510
0.090196 0.074510
0.094118 0.074510
0.098039 0.074510
0.101961 0.074510
0.105882 0.074510
0.109804 0.074510
0.113725 0.074510
0.117647 0.074510
0.121569 0.074510
0.125490 0.074510
0.129412 0.074510
0.133333 0.074510
0.137255 0.074510
0.141176 0.074510
0.145098 0.074510
0.149020 0.074510
0.152941 0.074510
0.156863 0.074510
0.160784 0.074510
0.164706 0.074510
0.168627 0.074510
0.172549 0.074510
0.176471 0.074510
0.180392 0.074510
0.184314 0.074510
0.188235 0.074510
0.192157 0.074510
0.196078 0.074510
0.200000 0.074510
0.203922 0.074510
0.207843 0.074510
0.211765 0.074510
0.215686 0.074510
0.219608 0.074510
0.223529 0.074510
0.227451 0.074510
0.231373 0.074510
0.235294 0.074510
0.239216 0.074510
0.243137 0.074510
0.247059 0.074510
0.250980 0.074510
0.254902 0.074510
0.258824 0.074510
0.262745 0.074510
0.266667 0.074510
0.270588 0.074510
0.274510 0.074510
0.278431 0.074510
0.282353 0.074510
0.286275 0.074510
0.290196 0.074510
0.294118 0.074510
0.298039 0.074510
0.301961 0.074510
0.305882 0.074510
0.309804 0.074510
0.313726 0.074510
0.317647 0.074510
0.321569 0.074510
0.325490 0.074510
0.329412 0.074510
0.333333 0.074510
0.337255 0.074510
0.341176 0.074510
0.345098 0.074510
0.349020 0.074510
0.352941 0.074510
0.356863 0.074510
0.360784 0.074510
0.364706 0.074510
0.368627 0.074510
0.372549 0.074510
0.376471 0.074510
0.380392 0.074510
0.384314 0.074510
0.388235 0.074510
0.392157 0.074510
0.396078 0.074510
0.400000 0.074510
0.403922 0.074510
0.407843 0.074510
0.411765 0.074510
0.415686 0.074510
0.419608 0.074510
0.423529 0.074510
0.427451 0.074510
0.431373 0.074510
0.435294 0.074510
0.439216 0.074510
0.443137 0.074510
0.447059 0.074510
0.450980 0.074510
0.454902 0.074510
0.458824 0.074510
0.462745 0.074510
0.466667 0.074510
0.470588 0.074510
0.474510 0.074510
0.478431 0.074510
0.482353 0.074510
0.486275 0.074510
0.490196 0.074510
0.494118 0.074510
0.498039 0.074510
0.501961 0.074510
0.505882 0.074510
0.509804 0.074510
0.513726 0.074510
0.517647 0.074510
0.521569 0.074510
0.525490 0.074510
0.529412 0.074510
0.533333 0.074510
0.537255 0.074510
0.541176 0.074510
0.545098 0.074510
0.549020 0.074510
0.552941 0.074510
0.556863 0.074510
0.560784 0.074510
0.564706 0.074510
0.568627 0.074510
0.572549 0.074510
0.576471 0.074510
0.580392 0.074510
0.584314 0.074510
0.588235 0.074510
0.592157 0.074510
0.596078 0.074510
0.600000 0.074510
0.603922 0.074510
0.607843 0.074510
0.611765 0.074510
0.615686 0.074510
0.619608 0.074510
0.623529 0.074510
0.627451 0.074510
0.631373 0.074510
0.635294 0.074510
0.639216 0.074510
0.643137 0.074510
0.647059 0.074510
0.650980 0.074510
0.654902 0.074510
0.658824 0.074510
0.662745 0.074510
0.666667 0.074510
0.670588 0.074510
0.674510 0.074510
0.678431 0.074510
0.682353 0.074510
0.686275 0.074510
0.690196 0.074510
0.694118 0.074510
0.698039 0.074510
0.701961 0.074510
0.705882 0.074510
0.709804 0.074510
0.713726 0.074510
0.717647 0.074510
0.721569 0.074510
0.725490 0.074510
0.729412 0.074510
0.733333 0.074510
0.737255 0.074510
0.741176 0.074510
0.745098 0.074510
0.749020 0.074510
0.752941 0.074510
0.756863 0.074510
0.760784 0.074510
0.764706 0.074510
0.768627 0.074510
0.772549 0.074510
0.776471 0.074510
0.780392 0.074510
0.784314 0.074510
0.788235 0.074510
0.792157 0.074510
0.796078 0.074510
0.800000 0.074510
0.803922 0.074510
0.807843 0.074510
0.811765 0.074510
0.815686 0.074510
0.819608 0.074510
0.823529 0.074510
0.827451 0.074510
0.831373 0.074510
0.835294 0.074510
0.839216 0.074510
0.843137 0.074510
0.847059 0.074510
0.850980 0.074510
0.854902 0.074510
0.858824 0.074510
0.862745 0.074510
0.866667 0.074510
0.870588 0.074510
0.874510 0.074510
0.878431 0.074510
0.882353 0.074510
0.886275 0.074510
0.890196 0.074510
0.894118 0.074510
0.898039 0.074510
0.901961 0.074510
0.905882 0.074510
0.909804 0.074510
0.913725 0.074510
0.917647 0.074510
0.921569 0.074510
0.925490 0.074510
0.929412 0.074510
0.933333 0.074510
0.937255 0.074510
0.941176 0.074510
0.945098 0.074510
0.949020 0.074510
0.952941 0.074510
0.956863 0.074510
0.960784 0.074510
0.964706 0.074510
0.968627 0.074510
0.972549 0.074510
0.976471 0.074510
0.980392 0.074510
0.984314 0.074510
0.988235 0.074510
0.992157 0.074510
0.996078 0.074510
1.000000 0.074510

i = 200.000000 0.078431
0.003922 0.078431
0.007843 0.078431
0.011765 0.078431
0.015686 0.078431
0.019608 0.078431
0.023529 0.078431
0.027451 0.078431
0.031373 0.078431
0.035294 0.078431
0.039216 0.078431
0.043137 0.078431
0.047059 0.078431
0.050980 0.078431
0.054902 0.078431
0.058824 0.078431
0.062745 0.078431
0.066667 0.078431
0.070588 0.078431
0.074510 0.078431
0.078431 0.078431
0.082353 0.078431
0.086275 0.078431
0.090196 0.078431
0.094118 0.078431
0.098039 0.078431
0.101961 0.078431
0.105882 0.078431
0.109804 0.078431
0.113725 0.078431
0.117647 0.078431
0.121569 0.078431
0.125490 0.078431
0.129412 0.078431
0.133333 0.078431
0.137255 0.078431
0.141176 0.078431
0.145098 0.078431
0.149020 0.078431
0.152941 0.078431
0.156863 0.078431
0.160784 0.078431
0.164706 0.078431
0.168627 0.078431
0.172549 0.078431
0.176471 0.078431
0.180392 0.078431
0.184314 0.078431
0.188235 0.078431
0.192157 0.078431
0.196078 0.078431
0.200000 0.078431
0.203922 0.078431
0.207843 0.078431
0.211765 0.078431
0.215686 0.078431
0.219608 0.078431
0.223529 0.078431
0.227451 0.078431
0.231373 0.078431
0.235294 0.078431
0.239216 0.078431
0.243137 0.078431
0.247059 0.078431
0.250980 0.078431
0.254902 0.078431
0.258824 0.078431
0.262745 0.078431
0.266667 0.078431
0.270588 0.078431
0.274510 0.078431
0.278431 0.078431
0.282353 0.078431
0.286275 0.078431
0.290196 0.078431
0.294118 0.078431
0.298039 0.078431
0.301961 0.078431
0.305882 0.078431
0.309804 0.078431
0.313726 0.078431
0.317647 0.078431
0.321569 0.078431
0.325490 0.078431
0.329412 0.078431
0.333333 0.078431
0.337255 0.078431
0.341176 0.078431
0.345098 0.078431
0.349020 0.078431
0.352941 0.078431
0.356863 0.078431
0.360784 0.078431
0.364706 0.078431
0.368627 0.078431
0.372549 0.078431
0.376471 0.078431
0.380392 0.078431
0.384314 0.078431
0.388235 0.078431
0.392157 0.078431
0.396078 0.078431
0.400000 0.078431
0.403922 0.078431
0.407843 0.078431
0.411765 0.078431
0.415686 0.078431
0.419608 0.078431
0.423529 0.078431
0.427451 0.078431
0.431373 0.078431
0.435294 0.078431
0.439216 0.078431
0.443137 0.078431
0.447059 0.078431
0.450980 0.078431
0.454902 0.078431
0.458824 0.078431
0.462745 0.078431
0.466667 0.078431
0.470588 0.078431
0.474510 0.078431
0.478431 0.078431
0.482353 0.078431
0.486275 0.078431
0.490196 0.078431
0.494118 0.078431
0.498039 0.078431
0.501961 0.078431
0.505882 0.078431
0.509804 0.078431
0.513726 0.078431
0.517647 0.078431
0.521569 0.078431
0.525490 0.078431
0.529412 0.078431
0.533333 0.078431
0.537255 0.078431
0.541176 0.078431
0.545098 0.078431
0.549020 0.078431
0.552941 0.078431
0.556863 0.078431
0.560784 0.078431
0.564706 0.078431
0.568627 0.078431
0.572549 0.078431
0.576471 0.078431
0.580392 0.078431
0.584314 0.078431
0.588235 0.078431
0.592157 0.078431
0.596078 0.078431
0.600000 0.078431
0.603922 0.078431
0.607843 0.078431
0.611765 0.078431
0.615686 0.078431
0.619608 0.078431
0.623529 0.078431
0.627451 0.078431
0.631373 0.078431
0.635294 0.078431
0.639216 0.078431
0.643137 0.078431
0.647059 0.078431
0.650980 0.078431
0.654902 0.078431
0.658824 0.078431
0.662745 0.078431
0.666667 0.078431
0.670588 0.078431
0.674510 0.078431
0.678431 0.078431
0.682353 0.078431
0.686275 0.078431
0.690196 0.078431
0.694118 0.078431
0.698039 0.078431
0.701961 0.078431
0.705882 0.078431
0.709804 0.078431
0.713726 0.078431
0.717647 0.078431
0.721569 0.078431
0.725490 0.078431
0.729412 0.078431
0.733333 0.078431
0.737255 0.078431
0.741176 0.078431
0.745098 0.078431
0.749020 0.078431
0.752941 0.078431
0.756863 0.078431
0.760784 0.078431
0.764706 0.078431
0.768627 0.078431
0.772549 0.078431
0.776471 0.078431
0.780392 0.078431
0.784314 0.078431
0.788235 0.078431
0.792157 0.078431
0.796078 0.078431
0.800000 0.078431
0.803922 0.078431
0.807843 0.078431
0.811765 0.078431
0.815686 0.078431
0.819608 0.078431
0.823529 0.078431
0.827451 0.078431
0.831373 0.078431
0.835294 0.078431
0.839216 0.078431
0.843137 0.078431
0.847059 0.078431
0.850980 0.078431
0.854902 0.078431
0.858824 0.078431
0.862745 0.078431
0.866667 0.078431
0.870588 0.078431
0.874510 0.078431
0.878431 0.078431
0.882353 0.078431
0.886275 0.078431
0.890196 0.078431
0.894118 0.078431
0.898039 0.078431
0.901961 0.078431
0.905882 0.078431
0.909804 0.078431
0.913725 0.078431
0.917647 0.078431
0.921569 0.078431
0.925490 0.078431
0.929412 0.078431
0.933333 0.078431
0.937255 0.078431
0.941176 0.078431
0.945098 0.078431
0.949020 0.078431
0.952941 0.078431
0.956863 0.078431
0.960784 0.078431
0.964706 0.078431
0.968627 0.078431
0.972549 0.078431
0.976471 0.078431
0.980392 0.078431
0.984314 0.078431
0.988235 0.078431
0.992157 0.078431
0.996078 0.078431
1.000000 0.078431

i = 210.000000 0.082353
0.003922 0.082353
0.007843 0.082353
0.011765 0.082353
0.015686 0.082353
0.019608 0.082353
0.023529 0.082353
0.027451 0.082353
0.031373 0.082353
0.035294 0.082353
0.039216 0.082353
0.043137 0.082353
0.047059 0.082353
0.050980 0.082353
0.054902 0.082353
0.058824 0.082353
0.062745 0.082353
0.066667 0.082353
0.070588 0.082353
0.074510 0.082353
0.078431 0.082353
0.082353 0.082353
0.086275 0.082353
0.090196 0.082353
0.094118 0.082353
0.098039 0.082353
0.101961 0.082353
0.105882 0.082353
0.109804 0.082353
0.113725 0.082353
0.117647 0.082353
0.121569 0.082353
0.125490 0.082353
0.129412 0.082353
0.133333 0.082353
0.137255 0.082353
0.141176 0.082353
0.145098 0.082353
0.149020 0.082353
0.152941 0.082353
0.156863 0.082353
0.160784 0.082353
0.164706 0.082353
0.168627 0.082353
0.172549 0.082353
0.176471 0.082353
0.180392 0.082353
0.184314 0.082353
0.188235 0.082353
0.192157 0.082353
0.196078 0.082353
0.200000 0.082353
0.203922 0.082353
0.207843 0.082353
0.211765 0.082353
0.215686 0.082353
0.219608 0.082353
0.223529 0.082353
0.227451 0.082353
0.231373 0.082353
0.235294 0.082353
0.239216 0.082353
0.243137 0.082353
0.247059 0.082353
0.250980 0.082353
0.254902 0.082353
0.258824 0.082353
0.262745 0.082353
0.266667 0.082353
0.270588 0.082353
0.274510 0.082353
0.278431 0.082353
0.282353 0.082353
0.286275 0.082353
0.290196 0.082353
0.294118 0.082353
0.298039 0.082353
0.301961 0.082353
0.305882 0.082353
0.309804 0.082353
0.313726 0.082353
0.317647 0.082353
0.321569 0.082353
0.325490 0.082353
0.329412 0.082353
0.333333 0.082353
0.337255 0.082353
0.341176 0.082353
0.345098 0.082353
0.349020 0.082353
0.352941 0.082353
0.356863 0.082353
0.360784 0.082353
0.364706 0.082353
0.368627 0.082353
0.372549 0.082353
0.376471 0.082353
0.380392 0.082353
0.384314 0.082353
0.388235 0.082353
0.392157 0.082353
0.396078 0.082353
0.400000 0.082353
0.403922 0.082353
0.407843 0.082353
0.411765 0.082353
0.415686 0.082353
0.419608 0.082353
0.423529 0.082353
0.427451 0.082353
0.431373 0.082353
0.435294 0.082353
0.439216 0.082353
0.443137 0.082353
0.447059 0.082353
0.450980 0.082353
0.454902 0.082353
0.458824 0.082353
0.462745 0.082353
0.466667 0.082353
0.470588 0.082353
0.474510 0.082353
0.478431 0.082353
0.482353 0.082353
0.486275 0.082353
0.490196 0.082353
0.494118 0.082353
0.498039 0.082353
0.501961 0.082353
0.505882 0.082353
0.509804 0.082353
0.513726 0.082353
0.517647 0.082353
0.521569 0.082353
0.525490 0.082353
0.529412 0.082353
0.533333 0.082353
0.537255 0.082353
0.541176 0.082353
0.545098 0.082353
0.549020 0.082353
0.552941 0.082353
0.556863 0.082353
0.560784 0.082353
0.564706 0.082353
0.568627 0.082353
0.572549 0.082353
0.576471 0.082353
0.580392 0.082353
0.584314 0.082353
0.588235 0.082353
0.592157 0.082353
0.596078 0.082353
0.600000 0.082353
0.603922 0.082353
0.607843 0.082353
0.611765 0.082353
0.615686 0.082353
0.619608 0.082353
0.623529 0.082353
0.627451 0.082353
0.631373 0.082353
0.635294 0.082353
0.639216 0.082353
0.643137 0.082353
0.647059 0.082353
0.650980 0.082353
0.654902 0.082353
0.658824 0.082353
0.662745 0.082353
0.666667 0.082353
0.670588 0.082353
0.674510 0.082353
0.678431 0.082353
0.682353 0.082353
0.686275 0.082353
0.690196 0.082353
0.694118 0.082353
0.698039 0.082353
0.701961 0.082353
0.705882 0.082353
0.709804 0.082353
0.713726 0.082353
0.717647 0.082353
0.721569 0.082353
0.725490 0.082353
0.729412 0.082353
0.733333 0.082353
0.737255 0.082353
0.741176 0.082353
0.745098 0.082353
0.749020 0.082353
0.752941 0.082353
0.756863 0.082353
0.760784 0.082353
0.764706 0.082353
0.768627 0.082353
0.772549 0.082353
0.776471 0.082353
0.780392 0.082353
0.784314 0.082353
0.788235 0.082353
0.792157 0.082353
0.796078 0.082353
0.800000 0.082353
0.803922 0.082353
0.807843 0.082353
0.811765 0.082353
0.815686 0.082353
0.819608 0.082353
0.823529 0.082353
0.827451 0.082353
0.831373 0.082353
0.835294 0.082353
0.839216 0.082353
0.843137 0.082353
0.847059 0.082353
0.850980 0.082353
0.854902 0.082353
0.858824 0.082353
0.862745 0.082353
0.866667 0.082353
0.870588 0.082353
0.874510 0.082353
0.878431 0.082353
0.882353 0.082353
0.886275 0.082353
0.890196 0.082353
0.894118 0.082353
0.898039 0.082353
0.901961 0.082353
0.905882 0.082353
0.909804 0.082353
0.913725 0.082353
0.917647 0.082353
0.921569 0.082353
0.925490 0.082353
0.929412 0.082353
0.933333 0.082353
0.937255 0.082353
0.941176 0.082353
0.945098 0.082353
0.949020 0.082353
0.952941 0.082353
0.956863 0.082353
0.960784 0.082353
0.964706 0.082353
0.968627 0.082353
0.972549 0.082353
0.976471 0.082353
0.980392 0.082353
0.984314 0.082353
0.988235 0.082353
0.992157 0.082353
0.996078 0.082353
1.000000 0.082353

i = 220.000000 0.086275
0.003922 0.086275
0.007843 0.086275
0.011765 0.086275
0.015686 0.086275
0.019608 0.086275
0.023529 0.086275
0.027451 0.086275
0.031373 0.086275
0.035294 0.086275
0.039216 0.086275
0.043137 0.086275
0.047059 0.086275
0.050980 0.086275
0.054902 0.086275
0.058824 0.086275
0.062745 0.086275
0.066667 0.086275
0.070588 0.086275
0.074510 0.086275
0.078431 0.086275
0.082353 0.086275
0.086275 0.086275
0.090196 0.086275
0.094118 0.086275
0.098039 0.086275
0.101961 0.086275
0.105882 0.086275
0.109804 0.086275
0.113725 0.086275
0.117647 0.086275
0.121569 0.086275
0.125490 0.086275
0.129412 0.086275
0.133333 0.086275
0.137255 0.086275
0.141176 0.086275
0.145098 0.086275
0.149020 0.086275
0.152941 0.086275
0.156863 0.086275
0.160784 0.086275
0.164706 0.086275
0.168627 0.086275
0.172549 0.086275
0.176471 0.086275
0.180392 0.086275
0.184314 0.086275
0.188235 0.086275
0.192157 0.086275
0.196078 0.086275
0.200000 0.086275
0.203922 0.086275
0.207843 0.086275
0.211765 0.086275
0.215686 0.086275
0.219608 0.086275
0.223529 0.086275
0.227451 0.086275
0.231373 0.086275
0.235294 0.086275
0.239216 0.086275
0.243137 0.086275
0.247059 0.086275
0.250980 0.086275
0.254902 0.086275
0.258824 0.086275
0.262745 0.086275
0.266667 0.086275
0.270588 0.086275
0.274510 0.086275
0.278431 0.086275
0.282353 0.086275
0.286275 0.086275
0.290196 0.086275
0.294118 0.086275
0.298039 0.086275
0.301961 0.086275
0.305882 0.086275
0.309804 0.086275
0.313726 0.086275
0.317647 0.086275
0.321569 0.086275
0.325490 0.086275
0.329412 0.086275
0.333333 0.086275
0.337255 0.086275
0.341176 0.086275
0.345098 0.086275
0.349020 0.086275
0.352941 0.086275
0.356863 0.086275
0.360784 0.086275
0.364706 0.086275
0.368627 0.086275
0.372549 0.086275
0.376471 0.086275
0.380392 0.086275
0.384314 0.086275
0.388235 0.086275
0.392157 0.086275
0.396078 0.086275
0.400000 0.086275
0.403922 0.086275
0.407843 0.086275
0.411765 0.086275
0.415686 0.086275
0.419608 0.086275
0.423529 0.086275
0.427451 0.086275
0.431373 0.086275
0.435294 0.086275
0.439216 0.086275
0.443137 0.086275
0.447059 0.086275
0.450980 0.086275
0.454902 0.086275
0.458824 0.086275
0.462745 0.086275
0.466667 0.086275
0.470588 0.086275
0.474510 0.086275
0.478431 0.086275
0.482353 0.086275
0.486275 0.086275
0.490196 0.086275
0.494118 0.086275
0.498039 0.086275
0.501961 0.086275
0.505882 0.086275
0.509804 0.086275
0.513726 0.086275
0.517647 0.086275
0.521569 0.086275
0.525490 0.086275
0.529412 0.086275
0.533333 0.086275
0.537255 0.086275
0.541176 0.086275
0.545098 0.086275
0.549020 0.086275
0.552941 0.086275
0.556863 0.086275
0.560784 0.086275
0.564706 0.086275
0.568627 0.086275
0.572549 0.086275
0.576471 0.086275
0.580392 0.086275
0.584314 0.086275
0.588235 0.086275
0.592157 0.086275
0.596078 0.086275
0.600000 0.086275
0.603922 0.086275
0.607843 0.086275
0.611765 0.086275
0.615686 0.086275
0.619608 0.086275
0.623529 0.086275
0.627451 0.086275
0.631373 0.086275
0.635294 0.086275
0.639216 0.086275
0.643137 0.086275
0.647059 0.086275
0.650980 0.086275
0.654902 0.086275
0.658824 0.086275
0.662745 0.086275
0.666667 0.086275
0.670588 0.086275
0.674510 0.086275
0.678431 0.086275
0.682353 0.086275
0.686275 0.086275
0.690196 0.086275
0.694118 0.086275
0.698039 0.086275
0.701961 0.086275
0.705882 0.086275
0.709804 0.086275
0.713726 0.086275
0.717647 0.086275
0.721569 0.086275
0.725490 0.086275
0.729412 0.086275
0.733333 0.086275
0.737255 0.086275
0.741176 0.086275
0.745098 0.086275
0.749020 0.086275
0.752941 0.086275
0.756863 0.086275
0.760784 0.086275
0.764706 0.086275
0.768627 0.086275
0.772549 0.086275
0.776471 0.086275
0.780392 0.086275
0.784314 0.086275
0.788235 0.086275
0.792157 0.086275
0.796078 0.086275
0.800000 0.086275
0.803922 0.086275
0.807843 0.086275
0.811765 0.086275
0.815686 0.086275
0.819608 0.086275
0.823529 0.086275
0.827451 0.086275
0.831373 0.086275
0.835294 0.086275
0.839216 0.086275
0.843137 0.086275
0.847059 0.086275
0.850980 0.086275
0.854902 0.086275
0.858824 0.086275
0.862745 0.086275
0.866667 0.086275
0.870588 0.086275
0.874510 0.086275
0.878431 0.086275
0.882353 0.086275
0.886275 0.086275
0.890196 0.086275
0.894118 0.086275
0.898039 0.086275
0.901961 0.086275
0.905882 0.086275
0.909804 0.086275
0.913725 0.086275
0.917647 0.086275
0.921569 0.086275
0.925490 0.086275
0.929412 0.086275
0.933333 0.086275
0.937255 0.086275
0.941176 0.086275
0.945098 0.086275
0.949020 0.086275
0.952941 0.086275
0.956863 0.086275
0.960784 0.086275
0.964706 0.086275
0.968627 0.086275
0.972549 0.086275
0.976471 0.086275
0.980392 0.086275
0.984314 0.086275
0.988235 0.086275
0.992157 0.086275
0.996078 0.086275
1.000000 0.086275

i = 230.000000 0.090196
0.003922 0.090196
0.007843 0.090196
0.011765 0.090196
0.015686 0.090196
0.019608 0.090196
0.023529 0.090196
0.027451 0.090196
0.031373 0.090196
0.035294 0.090196
0.039216 0.090196
0.043137 0.090196
0.047059 0.090196
0.050980 0.090196
0.054902 0.090196
0.058824 0.090196
0.062745 0.090196
0.066667 0.090196
0.070588 0.090196
0.074510 0.090196
0.078431 0.090196
0.082353 0.090196
0.086275 0.090196
0.090196 0.090196
0.094118 0.090196
0.098039 0.090196
0.101961 0.090196
0.105882 0.090196
0.109804 0.090196
0.113725 0.090196
0.117647 0.090196
0.121569 0.090196
0.125490 0.090196
0.129412 0.090196
0.133333 0.090196
0.137255 0.090196
0.141176 0.090196
0.145098 0.090196
0.149020 0.090196
0.152941 0.090196
0.156863 0.090196
0.160784 0.090196
0.164706 0.090196
0.168627 0.090196
0.172549 0.090196
0.176471 0.090196
0.180392 0.090196
0.184314 0.090196
0.188235 0.090196
0.192157 0.090196
0.196078 0.090196
0.200000 0.090196
0.203922 0.090196
0.207843 0.090196
0.211765 0.090196
0.215686 0.090196
0.219608 0.090196
0.223529 0.090196
0.227451 0.090196
0.231373 0.090196
0.235294 0.090196
0.239216 0.090196
0.243137 0.090196
0.247059 0.090196
0.250980 0.090196
0.254902 0.090196
0.258824 0.090196
0.262745 0.090196
0.266667 0.090196
0.270588 0.090196
0.274510 0.090196
0.278431 0.090196
0.282353 0.090196
0.286275 0.090196
0.290196 0.090196
0.294118 0.090196
0.298039 0.090196
0.301961 0.090196
0.305882 0.090196
0.309804 0.090196
0.313726 0.090196
0.317647 0.090196
0.321569 0.090196
0.325490 0.090196
0.329412 0.090196
0.333333 0.090196
0.337255 0.090196
0.341176 0.090196
0.345098 0.090196
0.349020 0.090196
0.352941 0.090196
0.356863 0.090196
0.360784 0.090196
0.364706 0.090196
0.368627 0.090196
0.372549 0.090196
0.376471 0.090196
0.380392 0.090196
0.384314 0.090196
0.388235 0.090196
0.392157 0.090196
0.396078 0.090196
0.400000 0.090196
0.403922 0.090196
0.407843 0.090196
0.411765 0.090196
0.415686 0.090196
0.419608 0.090196
0.423529 0.090196
0.427451 0.090196
0.431373 0.090196
0.435294 0.090196
0.439216 0.090196
0.443137 0.090196
0.447059 0.090196
0.450980 0.090196
0.454902 0.090196
0.458824 0.090196
0.462745 0.090196
0.466667 0.090196
0.470588 0.090196
0.474510 0.090196
0.478431 0.090196
0.482353 0.090196
0.486275 0.090196
0.490196 0.090196
0.494118 0.090196
0.498039 0.090196
0.501961 0.090196
0.505882 0.090196
0.509804 0.090196
0.513726 0.090196
0.517647 0.090196
0.521569 0.090196
0.525490 0.090196
0.529412 0.090196
0.533333 0.090196
0.537255 0.090196
0.541176 0.090196
0.545098 0.090196
0.549020 0.090196
0.552941 0.090196
0.556863 0.090196
0.560784 0.090196
0.564706 0.090196
0.568627 0.090196
0.572549 0.090196
0.576471 0.090196
0.580392 0.090196
0.584314 0.090196
0.588235 0.090196
0.592157 0.090196
0.596078 0.090196
0.600000 0.090196
0.603922 0.090196
0.607843 0.090196
0.611765 0.090196
0.615686 0.090196
0.619608 0.090196
0.623529 0.090196
0.627451 0.090196
0.631373 0.090196
0.635294 0.090196
0.639216 0.090196
0.643137 0.090196
0.647059 0.090196
0.650980 0.090196
0.654902 0.090196
0.658824 0.090196
0.662745 0.090196
0.666667 0.090196
0.670588 0.090196
0.674510 0.090196
0.678431 0.090196
0.682353 0.090196
0.686275 0.090196
0.690196 0.090196
0.694118 0.090196
0.698039 0.090196
0.701961 0.090196
0.705882 0.090196
0.709804 0.090196
0.713726 0.090196
0.717647 0.090196
0.721569 0.090196
0.725490 0.090196
0.729412 0.090196
0.733333 0.090196
0.737255 0.090196
0.741176 0.090196
0.745098 0.090196
0.749020 0.090196
0.752941 0.090196
0.756863 0.090196
0.760784 0.090196
0.764706 0.090196
0.768627 0.090196
0.772549 0.090196
0.776471 0.090196
0.780392 0.090196
0.784314 0.090196
0.788235 0.090196
0.792157 0.090196
0.796078 0.090196
0.800000 0.090196
0.803922 0.090196
0.807843 0.090196
0.811765 0.090196
0.815686 0.090196
0.819608 0.090196
0.823529 0.090196
0.827451 0.090196
0.831373 0.090196
0.835294 0.090196
0.839216 0.090196
0.843137 0.090196
0.847059 0.090196
0.850980 0.090196
0.854902 0.090196
0.858824 0.090196
0.862745 0.090196
0.866667 0.090196
0.870588 0.090196
0.874510 0.090196
0.878431 0.090196
0.882353 0.090196
0.886275 0.090196
0.890196 0.090196
0.894118 0.090196
0.898039 0.090196
0.901961 0.090196
0.905882 0.090196
0.909804 0.090196
0.913725 0.090196
0.917647 0.090196
0.921569 0.090196
0.925490 0.090196
0.929412 0.090196
0.933333 0.090196
0.937255 0.090196
0.941176 0.090196
0.945098 0.090196
0.949020 0.090196
0.952941 0.090196
0.956863 0.090196
0.960784 0.090196
0.964706 0.090196
0.968627 0.090196
0.972549 0.090196
0.976471 0.090196
0.980392 0.090196
0.984314 0.090196
0.988235 0.090196
0.992157 0.090196
0.996078 0.090196
1.000000 0.090196

i = 240.000000 0.094118
0.003922 0.094118
0.007843 0.094118
0.011765 0.094118
0.015686 0.094118
0.019608 0.094118
0.023529 0.094118
0.027451 0.094118
0.031373 0.094118
0.035294 0.094118
0.039216 0.094118
0.043137 0.094118
0.047059 0.094118
0.050980 0.094118
0.054902 0.094118
0.058824 0.094118
0.062745 0.094118
0.066667 0.094118
0.070588 0.094118
0.074510 0.094118
0.078431 0.094118
0.082353 0.094118
0.086275 0.094118
0.090196 0.094118
0.094118 0.094118
0.098039 0.094118
0.101961 0.094118
0.105882 0.094118
0.109804 0.094118
0.113725 0.094118
0.117647 0.094118
0.121569 0.094118
0.125490 0.094118
0.129412 0.094118
0.133333 0.094118
0.137255 0.094118
0.141176 0.094118
0.145098 0.094118
0.149020 0.094118
0.152941 0.094118
0.156863 0.094118
0.160784 0.094118
0.164706 0.094118
0.168627 0.094118
0.172549 0.094118
0.176471 0.094118
0.180392 0.094118
0.184314 0.094118
0.188235 0.094118
0.192157 0.094118
0.196078 0.094118
0.200000 0.094118
0.203922 0.094118
0.207843 0.094118
0.211765 0.094118
0.215686 0.094118
0.219608 0.094118
0.223529 0.094118
0.227451 0.094118
0.231373 0.094118
0.235294 0.094118
0.239216 0.094118
0.243137 0.094118
0.247059 0.094118
0.250980 0.094118
0.254902 0.094118
0.258824 0.094118
0.262745 0.094118
0.266667 0.094118
0.270588 0.094118
0.274510 0.094118
0.278431 0.094118
0.282353 0.094118
0.286275 0.094118
0.290196 0.094118
0.294118 0.094118
0.298039 0.094118
0.301961 0.094118
0.305882 0.094118
0.309804 0.094118
0.313726 0.094118
0.317647 0.094118
0.321569 0.094118
0.325490 0.094118
0.329412 0.094118
0.333333 0.094118
0.337255 0.094118
0.341176 0.094118
0.345098 0.094118
0.349020 0.094118
0.352941 0.094118
0.356863 0.094118
0.360784 0.094118
0.364706 0.094118
0.368627 0.094118
0.372549 0.094118
0.376471 0.094118
0.380392 0.094118
0.384314 0.094118
0.388235 0.094118
0.392157 0.094118
0.396078 0.094118
0.400000 0.094118
0.403922 0.094118
0.407843 0.094118
0.411765 0.094118
0.415686 0.094118
0.419608 0.094118
0.423529 0.094118
0.427451 0.094118
0.431373 0.094118
0.435294 0.094118
0.439216 0.094118
0.443137 0.094118
0.447059 0.094118
0.450980 0.094118
0.454902 0.094118
0.458824 0.094118
0.462745 0.094118
0.466667 0.094118
0.470588 0.094118
0.474510 0.094118
0.478431 0.094118
0.482353 0.094118
0.486275 0.094118
0.490196 0.094118
0.494118 0.094118
0.498039 0.094118
0.501961 0.094118
0.505882 0.094118
0.509804 0.094118
0.513726 0.094118
0.517647 0.094118
0.521569 0.094118
0.525490 0.094118
0.529412 0.094118
0.533333 0.094118
0.537255 0.094118
0.541176 0.094118
0.545098 0.094118
0.549020 0.094118
0.552941 0.094118
0.556863 0.094118
0.560784 0.094118
0.564706 0.094118
0.568627 0.094118
0.572549 0.094118
0.576471 0.094118
0.580392 0.094118
0.584314 0.094118
0.588235 0.094118
0.592157 0.094118
0.596078 0.094118
0.600000 0.094118
0.603922 0.094118
0.607843 0.094118
0.611765 0.094118
0.615686 0.094118
0.619608 0.094118
0.623529 0.094118
0.627451 0.094118
0.631373 0.094118
0.635294 0.094118
0.639216 0.094118
0.643137 0.094118
0.647059 0.094118
0.650980 0.094118
0.654902 0.094118
0.658824 0.094118
0.662745 0.094118
0.666667 0.094118
0.670588 0.094118
0.674510 0.094118
0.678431 0.094118
0.682353 0.094118
0.686275 0.094118
0.690196 0.094118
0.694118 0.094118
0.698039 0.094118
0.701961 0.094118
0.705882 0.094118
0.709804 0.094118
0.713726 0.094118
0.717647 0.094118
0.721569 0.094118
0.725490 0.094118
0.729412 0.094118
0.733333 0.094118
0.737255 0.094118
0.741176 0.094118
0.745098 0.094118
0.749020 0.094118
0.752941 0.094118
0.756863 0.094118
0.760784 0.094118
0.764706 0.094118
0.768627 0.094118
0.772549 0.094118
0.776471 0.094118
0.780392 0.094118
0.784314 0.094118
0.788235 0.094118
0.792157 0.094118
0.796078 0.094118
0.800000 0.094118
0.803922 0.094118
0.807843 0.094118
0.811765 0.094118
0.815686 0.094118
0.819608 0.094118
0.823529 0.094118
0.827451 0.094118
0.831373 0.094118
0.835294 0.094118
0.839216 0.094118
0.843137 0.094118
0.847059 0.094118
0.850980 0.094118
0.854902 0.094118
0.858824 0.094118
0.862745 0.094118
0.866667 0.094118
0.870588 0.094118
0.874510 0.094118
0.878431 0.094118
0.882353 0.094118
0.886275 0.094118
0.890196 0.094118
0.894118 0.094118
0.898039 0.094118
0.901961 0.094118
0.905882 0.094118
0.909804 0.094118
0.913725 0.094118
0.917647 0.094118
0.921569 0.094118
0.925490 0.094118
0.929412 0.094118
0.933333 0.094118
0.937255 0.094118
0.941176 0.094118
0.945098 0.094118
0.949020 0.094118
0.952941 0.094118
0.956863 0.094118
0.960784 0.094118
0.964706 0.094118
0.968627 0.094118
0.972549 0.094118
0.976471 0.094118
0.980392 0.094118
0.984314 0.094118
0.988235 0.094118
0.992157 0.094118
0.996078 0.094118
1.000000 0.094118

i = 250.000000 0.098039
0.003922 0.098039
0.007843 0.098039
0.011765 0.098039
0.015686 0.098039
0.019608 0.098039
0.023529 0.098039
0.027451 0.098039
0.031373 0.098039
0.035294 0.098039
0.039216 0.098039
0.043137 0.098039
0.047059 0.098039
0.050980 0.098039
0.054902 0.098039
0.058824 0.098039
0.062745 0.098039
0.066667 0.098039
0.070588 0.098039
0.074510 0.098039
0.078431 0.098039
0.082353 0.098039
0.086275 0.098039
0.090196 0.098039
0.094118 0.098039
0.098039 0.098039
0.101961 0.098039
0.105882 0.098039
0.109804 0.098039
0.113725 0.098039
0.117647 0.098039
0.121569 0.098039
0.125490 0.098039
0.129412 0.098039
0.133333 0.098039
0.137255 0.098039
0.141176 0.098039
0.145098 0.098039
0.149020 0.098039
0.152941 0.098039
0.156863 0.098039
0.160784 0.098039
0.164706 0.098039
0.168627 0.098039
0.172549 0.098039
0.176471 0.098039
0.180392 0.098039
0.184314 0.098039
0.188235 0.098039
0.192157 0.098039
0.196078 0.098039
0.200000 0.098039
0.203922 0.098039
0.207843 0.098039
0.211765 0.098039
0.215686 0.098039
0.219608 0.098039
0.223529 0.098039
0.227451 0.098039
0.231373 0.098039
0.235294 0.098039
0.239216 0.098039
0.243137 0.098039
0.247059 0.098039
0.250980 0.098039
0.254902 0.098039
0.258824 0.098039
0.262745 0.098039
0.266667 0.098039
0.270588 0.098039
0.274510 0.098039
0.278431 0.098039
0.282353 0.098039
0.286275 0.098039
0.290196 0.098039
0.294118 0.098039
0.298039 0.098039
0.301961 0.098039
0.305882 0.098039
0.309804 0.098039
0.313726 0.098039
0.317647 0.098039
0.321569 0.098039
0.325490 0.098039
0.329412 0.098039
0.333333 0.098039
0.337255 0.098039
0.341176 0.098039
0.345098 0.098039
0.349020 0.098039
0.352941 0.098039
0.356863 0.098039
0.360784 0.098039
0.364706 0.098039
0.368627 0.098039
0.372549 0.098039
0.376471 0.098039
0.380392 0.098039
0.384314 0.098039
0.388235 0.098039
0.392157 0.098039
0.396078 0.098039
0.400000 0.098039
0.403922 0.098039
0.407843 0.098039
0.411765 0.098039
0.415686 0.098039
0.419608 0.098039
0.423529 0.098039
0.427451 0.098039
0.431373 0.098039
0.435294 0.098039
0.439216 0.098039
0.443137 0.098039
0.447059 0.098039
0.450980 0.098039
0.454902 0.098039
0.458824 0.098039
0.462745 0.098039
0.466667 0.098039
0.470588 0.098039
0.474510 0.098039
0.478431 0.098039
0.482353 0.098039
0.486275 0.098039
0.490196 0.098039
0.494118 0.098039
0.498039 0.098039
0.501961 0.098039
0.505882 0.098039
0.509804 0.098039
0.513726 0.098039
0.517647 0.098039
0.521569 0.098039
0.525490 0.098039
0.529412 0.098039
0.533333 0.098039
0.537255 0.098039
0.541176 0.098039
0.545098 0.098039
0.549020 0.098039
0.552941 0.098039
0.556863 0.098039
0.560784 0.098039
0.564706 0.098039
0.568627 0.098039
0.572549 0.098039
0.576471 0.098039
0.580392 0.098039
0.584314 0.098039
0.588235 0.098039
0.592157 0.098039
0.596078 0.098039
0.600000 0.098039
0.603922 0.098039
0.607843 0.098039
0.611765 0.098039
0.615686 0.098039
0.619608 0.098039
0.623529 0.098039
0.627451 0.098039
0.631373 0.098039
0.635294 0.098039
0.639216 0.098039
0.643137 0.098039
0.647059 0.098039
0.650980 0.098039
0.654902 0.098039
0.658824 0.098039
0.662745 0.098039
0.666667 0.098039
0.670588 0.098039
0.674510 0.098039
0.678431 0.098039
0.682353 0.098039
0.686275 0.098039
0.690196 0.098039
0.694118 0.098039
0.698039 0.098039
0.701961 0.098039
0.705882 0.098039
0.709804 0.098039
0.713726 0.098039
0.717647 0.098039
0.721569 0.098039
0.725490 0.098039
0.729412 0.098039
0.733333 0.098039
0.737255 0.098039
0.741176 0.098039
0.745098 0.098039
0.749020 0.098039
0.752941 0.098039
0.756863 0.098039
0.760784 0.098039
0.764706 0.098039
0.768627 0.098039
0.772549 0.098039
0.776471 0.098039
0.780392 0.098039
0.784314 0.098039
0.788235 0.098039
0.792157 0.098039
0.796078 0.098039
0.800000 0.098039
0.803922 0.098039
0.807843 0.098039
0.811765 0.098039
0.815686 0.098039
0.819608 0.098039
0.823529 0.098039
0.827451 0.098039
0.831373 0.098039
0.835294 0.098039
0.839216 0.098039
0.843137 0.098039
0.847059 0.098039
0.850980 0.098039
0.854902 0.098039
0.858824 0.098039
0.862745 0.098039
0.866667 0.098039
0.870588 0.098039
0.874510 0.098039
0.878431 0.098039
0.882353 0.098039
0.886275 0.098039
0.890196 0.098039
0.894118 0.098039
0.898039 0.098039
0.901961 0.098039
0.905882 0.098039
0.909804 0.098039
0.913725 0.098039
0.917647 0.098039
0.921569 0.098039
0.925490 0.098039
0.929412 0.098039
0.933333 0.098039
0.937255 0.098039
0.941176 0.098039
0.945098 0.098039
0.949020 0.098039
0.952941 0.098039
0.956863 0.098039
0.960784 0.098039
0.964706 0.098039
0.968627 0.098039
0.972549 0.098039
0.976471 0.098039
0.980392 0.098039
0.984314 0.098039
0.988235 0.098039
0.992157 0.098039
0.996078 0.098039
1.000000 0.098039

i = 260.000000 0.101961
0.003922 0.101961
0.007843 0.101961
0.011765 0.101961
0.015686 0.101961
0.019608 0.101961
0.023529 0.101961
0.027451 0.101961
0.031373 0.101961
0.035294 0.101961
0.039216 0.101961
0.043137 0.101961
0.047059 0.101961
0.050980 0.101961
0.054902 0.101961
0.058824 0.101961
0.062745 0.101961
0.066667 0.101961
0.070588 0.101961
0.074510 0.101961
0.078431 0.101961
0.082353 0.101961
0.086275 0.101961
0.090196 0.101961
0.094118 0.101961
0.098039 0.101961
0.101961 0.101961
0.105882 0.101961
0.109804 0.101961
0.113725 0.101961
0.117647 0.101961
0.121569 0.101961
0.125490 0.101961
0.129412 0.101961
0.133333 0.101961
0.137255 0.101961
0.141176 0.101961
0.145098 0.101961
0.149020 0.101961
0.152941 0.101961
0.156863 0.101961
0.160784 0.101961
0.164706 0.101961
0.168627 0.101961
0.172549 0.101961
0.176471 0.101961
0.180392 0.101961
0.184314 0.101961
0.188235 0.101961
0.192157 0.101961
0.196078 0.101961
0.200000 0.101961
0.203922 0.101961
0.207843 0.101961
0.211765 0.101961
0.215686 0.101961
0.219608 0.101961
0.223529 0.101961
0.227451 0.101961
0.231373 0.101961
0.235294 0.101961
0.239216 0.101961
0.243137 0.101961
0.247059 0.101961
0.250980 0.101961
0.254902 0.101961
0.258824 0.101961
0.262745 0.101961
0.266667 0.101961
0.270588 0.101961
0.274510 0.101961
0.278431 0.101961
0.282353 0.101961
0.286275 0.101961
0.290196 0.101961
0.294118 0.101961
0.298039 0.101961
0.301961 0.101961
0.305882 0.101961
0.309804 0.101961
0.313726 0.101961
0.317647 0.101961
0.321569 0.101961
0.325490 0.101961
0.329412 0.101961
0.333333 0.101961
0.337255 0.101961
0.341176 0.101961
0.345098 0.101961
0.349020 0.101961
0.352941 0.101961
0.356863 0.101961
0.360784 0.101961
0.364706 0.101961
0.368627 0.101961
0.372549 0.101961
0.376471 0.101961
0.380392 0.101961
0.384314 0.101961
0.388235 0.101961
0.392157 0.101961
0.396078 0.101961
0.400000 0.101961
0.403922 0.101961
0.407843 0.101961
0.411765 0.101961
0.415686 0.101961
0.419608 0.101961
0.423529 0.101961
0.427451 0.101961
0.431373 0.101961
0.435294 0.101961
0.439216 0.101961
0.443137 0.101961
0.447059 0.101961
0.450980 0.101961
0.454902 0.101961
0.458824 0.101961
0.462745 0.101961
0.466667 0.101961
0.470588 0.101961
0.474510 0.101961
0.478431 0.101961
0.482353 0.101961
0.486275 0.101961
0.490196 0.101961
0.494118 0.101961
0.498039 0.101961
0.501961 0.101961
0.505882 0.101961
0.509804 0.101961
0.513726 0.101961
0.517647 0.101961
0.521569 0.101961
0.525490 0.101961
0.529412 0.101961
0.533333 0.101961
0.537255 0.101961
0.541176 0.101961
0.545098 0.101961
0.549020 0.101961
0.552941 0.101961
0.556863 0.101961
0.560784 0.101961
0.564706 0.101961
0.568627 0.101961
0.572549 0.101961
0.576471 0.101961
0.580392 0.101961
0.584314 0.101961
0.588235 0.101961
0.592157 0.101961
0.596078 0.101961
0.600000 0.101961
0.603922 0.101961
0.607843 0.101961
0.611765 0.101961
0.615686 0.101961
0.619608 0.101961
0.623529 0.101961
0.627451 0.101961
0.631373 0.101961
0.635294 0.101961
0.639216 0.101961
0.643137 0.101961
0.647059 0.101961
0.650980 0.101961
0.654902 0.101961
0.658824 0.101961
0.662745 0.101961
0.666667 0.101961
0.670588 0.101961
0.674510 0.101961
0.678431 0.101961
0.682353 0.101961
0.686275 0.101961
0.690196 0.101961
0.694118 0.101961
0.698039 0.101961
0.701961 0.101961
0.705882 0.101961
0.709804 0.101961
0.713726 0.101961
0.717647 0.101961
0.721569 0.101961
0.725490 0.101961
0.729412 0.101961
0.733333 0.101961
0.737255 0.101961
0.741176 0.101961
0.745098 0.101961
0.749020 0.101961
0.752941 0.101961
0.756863 0.101961
0.760784 0.101961
0.764706 0.101961
0.768627 0.101961
0.772549 0.101961
0.776471 0.101961
0.780392 0.101961
0.784314 0.101961
0.788235 0.101961
0.792157 0.101961
0.796078 0.101961
0.800000 0.101961
0.803922 0.101961
0.807843 0.101961
0.811765 0.101961
0.815686 0.101961
0.819608 0.101961
0.823529 0.101961
0.827451 0.101961
0.831373 0.101961
0.835294 0.101961
0.839216 0.101961
0.843137 0.101961
0.847059 0.101961
0.850980 0.101961
0.854902 0.101961
0.858824 0.101961
0.862745 0.101961
0.866667 0.101961
0.870588 0.101961
0.874510 0.101961
0.878431 0.101961
0.882353 0.101961
0.886275 0.101961
0.890196 0.101961
0.894118 0.101961
0.898039 0.101961
0.901961 0.101961
0.905882 0.101961
0.909804 0.101961
0.913725 0.101961
0.917647 0.101961
0.921569 0.101961
0.925490 0.101961
0.929412 0.101961
0.933333 0.101961
0.937255 0.101961
0.941176 0.101961
0.945098 0.101961
0.949020 0.101961
0.952941 0.101961
0.956863 0.101961
0.960784 0.101961
0.964706 0.101961
0.968627 0.101961
0.972549 0.101961
0.976471 0.101961
0.980392 0.101961
0.984314 0.101961
0.988235 0.101961
0.992157 0.101961
0.996078 0.101961
1.000000 0.101961

i = 270.000000 0.105882
0.003922 0.105882
0.007843 0.105882
0.011765 0.105882
0.015686 0.105882
0.019608 0.105882
0.023529 0.105882
0.027451 0.105882
0.031373 0.105882
0.035294 0.105882
0.039216 0.105882
0.043137 0.105882
0.047059 0.105882
0.050980 0.105882
0.054902 0.105882
0.058824 0.105882
0.062745 0.105882
0.066667 0.105882
0.070588 0.105882
0.074510 0.105882
0.078431 0.105882
0.082353 0.105882
0.086275 0.105882
0.090196 0.105882
0.094118 0.105882
0.098039 0.105882
0.101961 0.105882
0.105882 0.105882
0.109804 0.105882
0.113725 0.105882
0.117647 0.105882
0.121569 0.105882
0.125490 0.105882
0.129412 0.105882
0.133333 0.105882
0.137255 0.105882
0.141176 0.105882
0.145098 0.105882
0.149020 0.105882
0.152941 0.105882
0.156863 0.105882
0.160784 0.105882
0.164706 0.105882
0.168627 0.105882
0.172549 0.105882
0.176471 0.105882
0.180392 0.105882
0.184314 0.105882
0.188235 0.105882
0.192157 0.105882
0.196078 0.105882
0.200000 0.105882
0.203922 0.105882
0.207843 0.105882
0.211765 0.105882
0.215686 0.105882
0.219608 0.105882
0.223529 0.105882
0.227451 0.105882
0.231373 0.105882
0.235294 0.105882
0.239216 0.105882
0.243137 0.105882
0.247059 0.105882
0.250980 0.105882
0.254902 0.105882
0.258824 0.105882
0.262745 0.105882
0.266667 0.105882
0.270588 0.105882
0.274510 0.105882
0.278431 0.105882
0.282353 0.105882
0.286275 0.105882
0.290196 0.105882
0.294118 0.105882
0.298039 0.105882
0.301961 0.105882
0.305882 0.105882
0.309804 0.105882
0.313726 0.105882
0.317647 0.105882
0.321569 0.105882
0.325490 0.105882
0.329412 0.105882
0.333333 0.105882
0.337255 0.105882
0.341176 0.105882
0.345098 0.105882
0.349020 0.105882
0.352941 0.105882
0.356863 0.105882
0.360784 0.105882
0.364706 0.105882
0.368627 0.105882
0.372549 0.105882
0.376471 0.105882
0.380392 0.105882
0.384314 0.105882
0.388235 0.105882
0.392157 0.105882
0.396078 0.105882
0.400000 0.105882
0.403922 0.105882
0.407843 0.105882
0.411765 0.105882
0.415686 0.105882
0.419608 0.105882
0.423529 0.105882
0.427451 0.105882
0.431373 0.105882
0.435294 0.105882
0.439216 0.105882
0.443137 0.105882
0.447059 0.105882
0.450980 0.105882
0.454902 0.105882
0.458824 0.105882
0.462745 0.105882
0.466667 0.105882
0.470588 0.105882
0.474510 0.105882
0.478431 0.105882
0.482353 0.105882
0.486275 0.105882
0.490196 0.105882
0.494118 0.105882
0.498039 0.105882
0.501961 0.105882
0.505882 0.105882
0.509804 0.105882
0.513726 0.105882
0.517647 0.105882
0.521569 0.105882
0.525490 0.105882
0.529412 0.105882
0.533333 0.105882
0.537255 0.105882
0.541176 0.105882
0.545098 0.105882
0.549020 0.105882
0.552941 0.105882
0.556863 0.105882
0.560784 0.105882
0.564706 0.105882
0.568627 0.105882
0.572549 0.105882
0.576471 0.105882
0.580392 0.105882
0.584314 0.105882
0.588235 0.105882
0.592157 0.105882
0.596078 0.105882
0.600000 0.105882
0.603922 0.105882
0.607843 0.105882
0.611765 0.105882
0.615686 0.105882
0.619608 0.105882
0.623529 0.105882
0.627451 0.105882
0.631373 0.105882
0.635294 0.105882
0.639216 0.105882
0.643137 0.105882
0.647059 0.105882
0.650980 0.105882
0.654902 0.105882
0.658824 0.105882
0.662745 0.105882
0.666667 0.105882
0.670588 0.105882
0.674510 0.105882
0.678431 0.105882
0.682353 0.105882
0.686275 0.105882
0.690196 0.105882
0.694118 0.105882
0.698039 0.105882
0.701961 0.105882
0.705882 0.105882
0.709804 0.105882
0.713726 0.105882
0.717647 0.105882
0.721569 0.105882
0.725490 0.105882
0.729412 0.105882
0.733333 0.105882
0.737255 0.105882
0.741176 0.105882
0.745098 0.105882
0.749020 0.105882
0.752941 0.105882
0.756863 0.105882
0.760784 0.105882
0.764706 0.105882
0.768627 0.105882
0.772549 0.105882
0.776471 0.105882
0.780392 0.105882
0.784314 0.105882
0.788235 0.105882
0.792157 0.105882
0.796078 0.105882
0.800000 0.105882
0.803922 0.105882
0.807843 0.105882
0.811765 0.105882
0.815686 0.105882
0.819608 0.105882
0.823529 0.105882
0.827451 0.105882
0.831373 0.105882
0.835294 0.105882
0.839216 0.105882
0.843137 0.105882
0.847059 0.105882
0.850980 0.105882
0.854902 0.105882
0.858824 0.105882
0.862745 0.105882
0.866667 0.105882
0.870588 0.105882
0.874510 0.105882
0.878431 0.105882
0.882353 0.105882
0.886275 0.105882
0.890196 0.105882
0.894118 0.105882
0.898039 0.105882
0.901961 0.105882
0.905882 0.105882
0.909804 0.105882
0.913725 0.105882
0.917647 0.105882
0.921569 0.105882
0.925490 0.105882
0.929412 0.105882
0.933333 0.105882
0.937255 0.105882
0.941176 0.105882
0.945098 0.105882
0.949020 0.105882
0.952941 0.105882
0.956863 0.105882
0.960784 0.105882
0.964706 0.105882
0.968627 0.105882
0.972549 0.105882
0.976471 0.105882
0.980392 0.105882
0.984314 0.105882
0.988235 0.105882
0.992157 0.105882
0.996078 0.105882
1.000000 0.105882

i = 280.000000 0.109804
0.003922 0.109804
0.007843 0.109804
0.011765 0.109804
0.015686 0.109804
0.019608 0.109804
0.023529 0.109804
0.027451 0.109804
0.031373 0.109804
0.035294 0.109804
0.039216 0.109804
0.043137 0.109804
0.047059 0.109804
0.050980 0.109804
0.054902 0.109804
0.058824 0.109804
0.062745 0.109804
0.066667 0.109804
0.070588 0.109804
0.074510 0.109804
0.078431 0.109804
0.082353 0.109804
0.086275 0.109804
0.090196 0.109804
0.094118 0.109804
0.098039 0.109804
0.101961 0.109804
0.105882 0.109804
0.109804 0.109804
0.113725 0.109804
0.117647 0.109804
0.121569 0.109804
0.125490 0.109804
0.129412 0.109804
0.133333 0.109804
0.137255 0.109804
0.141176 0.109804
0.145098 0.109804
0.149020 0.109804
0.152941 0.109804
0.156863 0.109804
0.160784 0.109804
0.164706 0.109804
0.168627 0.109804
0.172549 0.109804
0.176471 0.109804
0.180392 0.109804
0.184314 0.109804
0.188235 0.109804
0.192157 0.109804
0.196078 0.109804
0.200000 0.109804
0.203922 0.109804
0.207843 0.109804
0.211765 0.109804
0.215686 0.109804
0.219608 0.109804
0.223529 0.109804
0.227451 0.109804
0.231373 0.109804
0.235294 0.109804
0.239216 0.109804
0.243137 0.109804
0.247059 0.109804
0.250980 0.109804
0.254902 0.109804
0.258824 0.109804
0.262745 0.109804
0.266667 0.109804
0.270588 0.109804
0.274510 0.109804
0.278431 0.109804
0.282353 0.109804
0.286275 0.109804
0.290196 0.109804
0.294118 0.109804
0.298039 0.109804
0.301961 0.109804
0.305882 0.109804
0.309804 0.109804
0.313726 0.109804
0.317647 0.109804
0.321569 0.109804
0.325490 0.109804
0.329412 0.109804
0.333333 0.109804
0.337255 0.109804
0.341176 0.109804
0.345098 0.109804
0.349020 0.109804
0.352941 0.109804
0.356863 0.109804
0.360784 0.109804
0.364706 0.109804
0.368627 0.109804
0.372549 0.109804
0.376471 0.109804
0.380392 0.109804
0.384314 0.109804
0.388235 0.109804
0.392157 0.109804
0.396078 0.109804
0.400000 0.109804
0.403922 0.109804
0.407843 0.109804
0.411765 0.109804
0.415686 0.109804
0.419608 0.109804
0.423529 0.109804
0.427451 0.109804
0.431373 0.109804
0.435294 0.109804
0.439216 0.109804
0.443137 0.109804
0.447059 0.109804
0.450980 0.109804
0.454902 0.109804
0.458824 0.109804
0.462745 0.109804
0.466667 0.109804
0.470588 0.109804
0.474510 0.109804
0.478431 0.109804
0.482353 0.109804
0.486275 0.109804
0.490196 0.109804
0.494118 0.109804
0.498039 0.109804
0.501961 0.109804
0.505882 0.109804
0.509804 0.109804
0.513726 0.109804
0.517647 0.109804
0.521569 0.109804
0.525490 0.109804
0.529412 0.109804
0.533333 0.109804
0.537255 0.109804
0.541176 0.109804
0.545098 0.109804
0.549020 0.109804
0.552941 0.109804
0.556863 0.109804
0.560784 0.109804
0.564706 0.109804
0.568627 0.109804
0.572549 0.109804
0.576471 0.109804
0.580392 0.109804
0.584314 0.109804
0.588235 0.109804
0.592157 0.109804
0.596078 0.109804
0.600000 0.109804
0.603922 0.109804
0.607843 0.109804
0.611765 0.109804
0.615686 0.109804
0.619608 0.109804
0.623529 0.109804
0.627451 0.109804
0.631373 0.109804
0.635294 0.109804
0.639216 0.109804
0.643137 0.109804
0.647059 0.109804
0.650980 0.109804
0.654902 0.109804
0.658824 0.109804
0.662745 0.109804
0.666667 0.109804
0.670588 0.109804
0.674510 0.109804
0.678431 0.109804
0.682353 0.109804
0.686275 0.109804
0.690196 0.109804
0.694118 0.109804
0.698039 0.109804
0.701961 0.109804
0.705882 0.109804
0.709804 0.109804
0.713726 0.109804
0.717647 0.109804
0.721569 0.109804
0.725490 0.109804
0.729412 0.109804
0.733333 0.109804
0.737255 0.109804
0.741176 0.109804
0.745098 0.109804
0.749020 0.109804
0.752941 0.109804
0.756863 0.109804
0.760784 0.109804
0.764706 0.109804
0.768627 0.109804
0.772549 0.109804
0.776471 0.109804
0.780392 0.109804
0.784314 0.109804
0.788235 0.109804
0.792157 0.109804
0.796078 0.109804
0.800000 0.109804
0.803922 0.109804
0.807843 0.109804
0.811765 0.109804
0.815686 0.109804
0.819608 0.109804
0.823529 0.109804
0.827451 0.109804
0.831373 0.109804
0.835294 0.109804
0.839216 0.109804
0.843137 0.109804
0.847059 0.109804
0.850980 0.109804
0.854902 0.109804
0.858824 0.109804
0.862745 0.109804
0.866667 0.109804
0.870588 0.109804
0.874510 0.109804
0.878431 0.109804
0.882353 0.109804
0.886275 0.109804
0.890196 0.109804
0.894118 0.109804
0.898039 0.109804
0.901961 0.109804
0.905882 0.109804
0.909804 0.109804
0.913725 0.109804
0.917647 0.109804
0.921569 0.109804
0.925490 0.109804
0.929412 0.109804
0.933333 0.109804
0.937255 0.109804
0.941176 0.109804
0.945098 0.109804
0.949020 0.109804
0.952941 0.109804
0.956863 0.109804
0.960784 0.109804
0.964706 0.109804
0.968627 0.109804
0.972549 0.109804
0.976471 0.109804
0.980392 0.109804
0.984314 0.109804
0.988235 0.109804
0.992157 0.109804
0.996078 0.109804
1.000000 0.109804

i = 290.000000 0.113725
0.003922 0.113725
0.007843 0.113725
0.011765 0.113725
0.015686 0.113725
0.019608 0.113725
0.023529 0.113725
0.027451 0.113725
0.031373 0.113725
0.035294 0.113725
0.039216 0.113725
0.043137 0.113725
0.047059 0.113725
0.050980 0.113725
0.054902 0.113725
0.058824 0.113725
0.062745 0.113725
0.066667 0.113725
0.070588 0.113725
0.074510 0.113725
0.078431 0.113725
0.082353 0.113725
0.086275 0.113725
0.090196 0.113725
0.094118 0.113725
0.098039 0.113725
0.101961 0.113725
0.105882 0.113725
0.109804 0.113725
0.113725 0.113725
0.117647 0.113725
0.121569 0.113725
0.125490 0.113725
0.129412 0.113725
0.133333 0.113725
0.137255 0.113725
0.141176 0.113725
0.145098 0.113725
0.149020 0.113725
0.152941 0.113725
0.156863 0.113725
0.160784 0.113725
0.164706 0.113725
0.168627 0.113725
0.172549 0.113725
0.176471 0.113725
0.180392 0.113725
0.184314 0.113725
0.188235 0.113725
0.192157 0.113725
0.196078 0.113725
0.200000 0.113725
0.203922 0.113725
0.207843 0.113725
0.211765 0.113725
0.215686 0.113725
0.219608 0.113725
0.223529 0.113725
0.227451 0.113725
0.231373 0.113725
0.235294 0.113725
0.239216 0.113725
0.243137 0.113725
0.247059 0.113725
0.250980 0.113725
0.254902 0.113725
0.258824 0.113725
0.262745 0.113725
0.266667 0.113725
0.270588 0.113725
0.274510 0.113725
0.278431 0.113725
0.282353 0.113725
0.286275 0.113725
0.290196 0.113725
0.294118 0.113725
0.298039 0.113725
0.301961 0.113725
0.305882 0.113725
0.309804 0.113725
0.313726 0.113725
0.317647 0.113725
0.321569 0.113725
0.325490 0.113725
0.329412 0.113725
0.333333 0.113725
0.337255 0.113725
0.341176 0.113725
0.345098 0.113725
0.349020 0.113725
0.352941 0.113725
0.356863 0.113725
0.360784 0.113725
0.364706 0.113725
0.368627 0.113725
0.372549 0.113725
0.376471 0.113725
0.380392 0.113725
0.384314 0.113725
0.388235 0.113725
0.392157 0.113725
0.396078 0.113725
0.400000 0.113725
0.403922 0.113725
0.407843 0.113725
0.411765 0.113725
0.415686 0.113725
0.419608 0.113725
0.423529 0.113725
0.427451 0.113725
0.431373 0.113725
0.435294 0.113725
0.439216 0.113725
0.443137 0.113725
0.447059 0.113725
0.450980 0.113725
0.454902 0.113725
0.458824 0.113725
0.462745 0.113725
0.466667 0.113725
0.470588 0.113725
0.474510 0.113725
0.478431 0.113725
0.482353 0.113725
0.486275 0.113725
0.490196 0.113725
0.494118 0.113725
0.498039 0.113725
0.501961 0.113725
0.505882 0.113725
0.509804 0.113725
0.513726 0.113725
0.517647 0.113725
0.521569 0.113725
0.525490 0.113725
0.529412 0.113725
0.533333 0.113725
0.537255 0.113725
0.541176 0.113725
0.545098 0.113725
0.549020 0.113725
0.552941 0.113725
0.556863 0.113725
0.560784 0.113725
0.564706 0.113725
0.568627 0.113725
0.572549 0.113725
0.576471 0.113725
0.580392 0.113725
0.584314 0.113725
0.588235 0.113725
0.592157 0.113725
0.596078 0.113725
0.600000 0.113725
0.603922 0.113725
0.607843 0.113725
0.611765 0.113725
0.615686 0.113725
0.619608 0.113725
0.623529 0.113725
0.627451 0.113725
0.631373 0.113725
0.635294 0.113725
0.639216 0.113725
0.643137 0.113725
0.647059 0.113725
0.650980 0.113725
0.654902 0.113725
0.658824 0.113725
0.662745 0.113725
0.666667 0.113725
0.670588 0.113725
0.674510 0.113725
0.678431 0.113725
0.682353 0.113725
0.686275 0.113725
0.690196 0.113725
0.694118 0.113725
0.698039 0.113725
0.701961 0.113725
0.705882 0.113725
0.709804 0.113725
0.713726 0.113725
0.717647 0.113725
0.721569 0.113725
0.725490 0.113725
0.729412 0.113725
0.733333 0.113725
0.737255 0.113725
0.741176 0.113725
0.745098 0.113725
0.749020 0.113725
0.752941 0.113725
0.756863 0.113725
0.760784 0.113725
0.764706 0.113725
0.768627 0.113725
0.772549 0.113725
0.776471 0.113725
0.780392 0.113725
0.784314 0.113725
0.788235 0.113725
0.792157 0.113725
0.796078 0.113725
0.800000 0.113725
0.803922 0.113725
0.807843 0.113725
0.811765 0.113725
0.815686 0.113725
0.819608 0.113725
0.823529 0.113725
0.827451 0.113725
0.831373 0.113725
0.835294 0.113725
0.839216 0.113725
0.843137 0.113725
0.847059 0.113725
0.850980 0.113725
0.854902 0.113725
0.858824 0.113725
0.862745 0.113725
0.866667 0.113725
0.870588 0.113725
0.874510 0.113725
0.878431 0.113725
0.882353 0.113725
0.886275 0.113725
0.890196 0.113725
0.894118 0.113725
0.898039 0.113725
0.901961 0.113725
0.905882 0.113725
0.909804 0.113725
0.913725 0.113725
0.917647 0.113725
0.921569 0.113725
0.925490 0.113725
0.929412 0.113725
0.933333 0.113725
0.937255 0.113725
0.941176 0.113725
0.945098 0.113725
0.949020 0.113725
0.952941 0.113725
0.956863 0.113725
0.960784 0.113725
0.964706 0.113725
0.968627 0.113725
0.972549 0.113725
0.976471 0.113725
0.980392 0.113725
0.984314 0.113725
0.988235 0.113725
0.992157 0.113725
0.996078 0.113725
1.000000 0.113725

i = 300.000000 0.117647
0.003922 0.117647
0.007843 0.117647
0.011765 0.117647
0.015686 0.117647
0.019608 0.117647
0.023529 0.117647
0.027451 0.117647
0.031373 0.117647
0.035294 0.117647
0.039216 0.117647
0.043137 0.117647
0.047059 0.117647
0.050980 0.117647
0.054902 0.117647
0.058824 0.117647
0.062745 0.117647
0.066667 0.117647
0.070588 0.117647
0.074510 0.117647
0.078431 0.117647
0.082353 0.117647
0.086275 0.117647
0.090196 0.117647
0.094118 0.117647
0.098039 0.117647
0.101961 0.117647
0.105882 0.117647
0.109804 0.117647
0.113725 0.117647
0.117647 0.117647
0.121569 0.117647
0.125490 0.117647
0.129412 0.117647
0.133333 0.117647
0.137255 0.117647
0.141176 0.117647
0.145098 0.117647
0.149020 0.117647
0.152941 0.117647
0.156863 0.117647
0.160784 0.117647
0.164706 0.117647
0.168627 0.117647
0.172549 0.117647
0.176471 0.117647
0.180392 0.117647
0.184314 0.117647
0.188235 0.117647
0.192157 0.117647
0.196078 0.117647
0.200000 0.117647
0.203922 0.117647
0.207843 0.117647
0.211765 0.117647
0.215686 0.117647
0.219608 0.117647
0.223529 0.117647
0.227451 0.117647
0.231373 0.117647
0.235294 0.117647
0.239216 0.117647
0.243137 0.117647
0.247059 0.117647
0.250980 0.117647
0.254902 0.117647
0.258824 0.117647
0.262745 0.117647
0.266667 0.117647
0.270588 0.117647
0.274510 0.117647
0.278431 0.117647
0.282353 0.117647
0.286275 0.117647
0.290196 0.117647
0.294118 0.117647
0.298039 0.117647
0.301961 0.117647
0.305882 0.117647
0.309804 0.117647
0.313726 0.117647
0.317647 0.117647
0.321569 0.117647
0.325490 0.117647
0.329412 0.117647
0.333333 0.117647
0.337255 0.117647
0.341176 0.117647
0.345098 0.117647
0.349020 0.117647
0.352941 0.117647
0.356863 0.117647
0.360784 0.117647
0.364706 0.117647
0.368627 0.117647
0.372549 0.117647
0.376471 0.117647
0.380392 0.117647
0.384314 0.117647
0.388235 0.117647
0.392157 0.117647
0.396078 0.117647
0.400000 0.117647
0.403922 0.117647
0.407843 0.117647
0.411765 0.117647
0.415686 0.117647
0.419608 0.117647
0.423529 0.117647
0.427451 0.117647
0.431373 0.117647
0.435294 0.117647
0.439216 0.117647
0.443137 0.117647
0.447059 0.117647
0.450980 0.117647
0.454902 0.117647
0.458824 0.117647
0.462745 0.117647
0.466667 0.117647
0.470588 0.117647
0.474510 0.117647
0.478431 0.117647
0.482353 0.117647
0.486275 0.117647
0.490196 0.117647
0.494118 0.117647
0.498039 0.117647
0.501961 0.117647
0.505882 0.117647
0.509804 0.117647
0.513726 0.117647
0.517647 0.117647
0.521569 0.117647
0.525490 0.117647
0.529412 0.117647
0.533333 0.117647
0.537255 0.117647
0.541176 0.117647
0.545098 0.117647
0.549020 0.117647
0.552941 0.117647
0.556863 0.117647
0.560784 0.117647
0.564706 0.117647
0.568627 0.117647
0.572549 0.117647
0.576471 0.117647
0.580392 0.117647
0.584314 0.117647
0.588235 0.117647
0.592157 0.117647
0.596078 0.117647
0.600000 0.117647
0.603922 0.117647
0.607843 0.117647
0.611765 0.117647
0.615686 0.117647
0.619608 0.117647
0.623529 0.117647
0.627451 0.117647
0.631373 0.117647
0.635294 0.117647
0.639216 0.117647
0.643137 0.117647
0.647059 0.117647
0.650980 0.117647
0.654902 0.117647
0.658824 0.117647
0.662745 0.117647
0.666667 0.117647
0.670588 0.117647
0.674510 0.117647
0.678431 0.117647
0.682353 0.117647
0.686275 0.117647
0.690196 0.117647
0.694118 0.117647
0.698039 0.117647
0.701961 0.117647
0.705882 0.117647
0.709804 0.117647
0.713726 0.117647
0.717647 0.117647
0.721569 0.117647
0.725490 0.117647
0.729412 0.117647
0.733333 0.117647
0.737255 0.117647
0.741176 0.117647
0.745098 0.117647
0.749020 0.117647
0.752941 0.117647
0.756863 0.117647
0.760784 0.117647
0.764706 0.117647
0.768627 0.117647
0.772549 0.117647
0.776471 0.117647
0.780392 0.117647
0.784314 0.117647
0.788235 0.117647
0.792157 0.117647
0.796078 0.117647
0.800000 0.117647
0.803922 0.117647
0.807843 0.117647
0.811765 0.117647
0.815686 0.117647
0.819608 0.117647
0.823529 0.117647
0.827451 0.117647
0.831373 0.117647
0.835294 0.117647
0.839216 0.117647
0.843137 0.117647
0.847059 0.117647
0.850980 0.117647
0.854902 0.117647
0.858824 0.117647
0.862745 0.117647
0.866667 0.117647
0.870588 0.117647
0.874510 0.117647
0.878431 0.117647
0.882353 0.117647
0.886275 0.117647
0.890196 0.117647
0.894118 0.117647
0.898039 0.117647
0.901961 0.117647
0.905882 0.117647
0.909804 0.117647
0.913725 0.117647
0.917647 0.117647
0.921569 0.117647
0.925490 0.117647
0.929412 0.117647
0.933333 0.117647
0.937255 0.117647
0.941176 0.117647
0.945098 0.117647
0.949020 0.117647
0.952941 0.117647
0.956863 0.117647
0.960784 0.117647
0.964706 0.117647
0.968627 0.117647
0.972549 0.117647
0.976471 0.117647
0.980392 0.117647
0.984314 0.117647
0.988235 0.117647
0.992157 0.117647
0.996078 0.117647
1.000000 0.117647

i = 310.000000 0.121569
0.003922 0.121569
0.007843 0.121569
0.011765 0.121569
0.015686 0.121569
0.019608 0.121569
0.023529 0.121569
0.027451 0.121569
0.031373 0.121569
0.035294 0.121569
0.039216 0.121569
0.043137 0.121569
0.047059 0.121569
0.050980 0.121569
0.054902 0.121569
0.058824 0.121569
0.062745 0.121569
0.066667 0.121569
0.070588 0.121569
0.074510 0.121569
0.078431 0.121569
0.082353 0.121569
0.086275 0.121569
0.090196 0.121569
0.094118 0.121569
0.098039 0.121569
0.101961 0.121569
0.105882 0.121569
0.109804 0.121569
0.113725 0.121569
0.117647 0.121569
0.121569 0.121569
0.125490 0.121569
0.129412 0.121569
0.133333 0.121569
0.137255 0.121569
0.141176 0.121569
0.145098 0.121569
0.149020 0.121569
0.152941 0.121569
0.156863 0.121569
0.160784 0.121569
0.164706 0.121569
0.168627 0.121569
0.172549 0.121569
0.176471 0.121569
0.180392 0.121569
0.184314 0.121569
0.188235 0.121569
0.192157 0.121569
0.196078 0.121569
0.200000 0.121569
0.203922 0.121569
0.207843 0.121569
0.211765 0.121569
0.215686 0.121569
0.219608 0.121569
0.223529 0.121569
0.227451 0.121569
0.231373 0.121569
0.235294 0.121569
0.239216 0.121569
0.243137 0.121569
0.247059 0.121569
0.250980 0.121569
0.254902 0.121569
0.258824 0.121569
0.262745 0.121569
0.266667 0.121569
0.270588 0.121569
0.274510 0.121569
0.278431 0.121569
0.282353 0.121569
0.286275 0.121569
0.290196 0.121569
0.294118 0.121569
0.298039 0.121569
0.301961 0.121569
0.305882 0.121569
0.309804 0.121569
0.313726 0.121569
0.317647 0.121569
0.321569 0.121569
0.325490 0.121569
0.329412 0.121569
0.333333 0.121569
0.337255 0.121569
0.341176 0.121569
0.345098 0.121569
0.349020 0.121569
0.352941 0.121569
0.356863 0.121569
0.360784 0.121569
0.364706 0.121569
0.368627 0.121569
0.372549 0.121569
0.376471 0.121569
0.380392 0.121569
0.384314 0.121569
0.388235 0.121569
0.392157 0.121569
0.396078 0.121569
0.400000 0.121569
0.403922 0.121569
0.407843 0.121569
0.411765 0.121569
0.415686 0.121569
0.419608 0.121569
0.423529 0.121569
0.427451 0.121569
0.431373 0.121569
0.435294 0.121569
0.439216 0.121569
0.443137 0.121569
0.447059 0.121569
0.450980 0.121569
0.454902 0.121569
0.458824 0.121569
0.462745 0.121569
0.466667 0.121569
0.470588 0.121569
0.474510 0.121569
0.478431 0.121569
0.482353 0.121569
0.486275 0.121569
0.490196 0.121569
0.494118 0.121569
0.498039 0.121569
0.501961 0.121569
0.505882 0.121569
0.509804 0.121569
0.513726 0.121569
0.517647 0.121569
0.521569 0.121569
0.525490 0.121569
0.529412 0.121569
0.533333 0.121569
0.537255 0.121569
0.541176 0.121569
0.545098 0.121569
0.549020 0.121569
0.552941 0.121569
0.556863 0.121569
0.560784 0.121569
0.564706 0.121569
0.568627 0.121569
0.572549 0.121569
0.576471 0.121569
0.580392 0.121569
0.584314 0.121569
0.588235 0.121569
0.592157 0.121569
0.596078 0.121569
0.600000 0.121569
0.603922 0.121569
0.607843 0.121569
0.611765 0.121569
0.615686 0.121569
0.619608 0.121569
0.623529 0.121569
0.627451 0.121569
0.631373 0.121569
0.635294 0.121569
0.639216 0.121569
0.643137 0.121569
0.647059 0.121569
0.650980 0.121569
0.654902 0.121569
0.658824 0.121569
0.662745 0.121569
0.666667 0.121569
0.670588 0.121569
0.674510 0.121569
0.678431 0.121569
0.682353 0.121569
0.686275 0.121569
0.690196 0.121569
0.694118 0.121569
0.698039 0.121569
0.701961 0.121569
0.705882 0.121569
0.709804 0.121569
0.713726 0.121569
0.717647 0.121569
0.721569 0.121569
0.725490 0.121569
0.729412 0.121569
0.733333 0.121569
0.737255 0.121569
0.741176 0.121569
0.745098 0.121569
0.749020 0.121569
0.752941 0.121569
0.756863 0.121569
0.760784 0.121569
0.764706 0.121569
0.768627 0.121569
0.772549 0.121569
0.776471 0.121569
0.780392 0.121569
0.784314 0.121569
0.788235 0.121569
0.792157 0.121569
0.796078 0.121569
0.800000 0.121569
0.803922 0.121569
0.807843 0.121569
0.811765 0.121569
0.815686 0.121569
0.819608 0.121569
0.823529 0.121569
0.827451 0.121569
0.831373 0.121569
0.835294 0.121569
0.839216 0.121569
0.843137 0.121569
0.847059 0.121569
0.850980 0.121569
0.854902 0.121569
0.858824 0.121569
0.862745 0.121569
0.866667 0.121569
0.870588 0.121569
0.874510 0.121569
0.878431 0.121569
0.882353 0.121569
0.886275 0.121569
0.890196 0.121569
0.894118 0.121569
0.898039 0.121569
0.901961 0.121569
0.905882 0.121569
0.909804 0.121569
0.913725 0.121569
0.917647 0.121569
0.921569 0.121569
0.925490 0.121569
0.929412 0.121569
0.933333 0.121569
0.937255 0.121569
0.941176 0.121569
0.945098 0.121569
0.949020 0.121569
0.952941 0.121569
0.956863 0.121569
0.960784 0.121569
0.964706 0.121569
0.968627 0.121569
0.972549 0.121569
0.976471 0.121569
0.980392 0.121569
0.984314 0.121569
0.988235 0.121569
0.992157 0.121569
0.996078 0.121569
1.000000 0.121569

i = 320.000000 0.125490
0.003922 0.125490
0.007843 0.125490
0.011765 0.125490
0.015686 0.125490
0.019608 0.125490
0.023529 0.125490
0.027451 0.125490
0.031373 0.125490
0.035294 0.125490
0.039216 0.125490
0.043137 0.125490
0.047059 0.125490
0.050980 0.125490
0.054902 0.125490
0.058824 0.125490
0.062745 0.125490
0.066667 0.125490
0.070588 0.125490
0.074510 0.125490
0.078431 0.125490
0.082353 0.125490
0.086275 0.125490
0.090196 0.125490
0.094118 0.125490
0.098039 0.125490
0.101961 0.125490
0.105882 0.125490
0.109804 0.125490
0.113725 0.125490
0.117647 0.125490
0.121569 0.125490
0.125490 0.125490
0.129412 0.125490
0.133333 0.125490
0.137255 0.125490
0.141176 0.125490
0.145098 0.125490
0.149020 0.125490
0.152941 0.125490
0.156863 0.125490
0.160784 0.125490
0.164706 0.125490
0.168627 0.125490
0.172549 0.125490
0.176471 0.125490
0.180392 0.125490
0.184314 0.125490
0.188235 0.125490
0.192157 0.125490
0.196078 0.125490
0.200000 0.125490
0.203922 0.125490
0.207843 0.125490
0.211765 0.125490
0.215686 0.125490
0.219608 0.125490
0.223529 0.125490
0.227451 0.125490
0.231373 0.125490
0.235294 0.125490
0.239216 0.125490
0.243137 0.125490
0.247059 0.125490
0.250980 0.125490
0.254902 0.125490
0.258824 0.125490
0.262745 0.125490
0.266667 0.125490
0.270588 0.125490
0.274510 0.125490
0.278431 0.125490
0.282353 0.125490
0.286275 0.125490
0.290196 0.125490
0.294118 0.125490
0.298039 0.125490
0.301961 0.125490
0.305882 0.125490
0.309804 0.125490
0.313726 0.125490
0.317647 0.125490
0.321569 0.125490
0.325490 0.125490
0.329412 0.125490
0.333333 0.125490
0.337255 0.125490
0.341176 0.125490
0.345098 0.125490
0.349020 0.125490
0.352941 0.125490
0.356863 0.125490
0.360784 0.125490
0.364706 0.125490
0.368627 0.125490
0.372549 0.125490
0.376471 0.125490
0.380392 0.125490
0.384314 0.125490
0.388235 0.125490
0.392157 0.125490
0.396078 0.125490
0.400000 0.125490
0.403922 0.125490
0.407843 0.125490
0.411765 0.125490
0.415686 0.125490
0.419608 0.125490
0.423529 0.125490
0.427451 0.125490
0.431373 0.125490
0.435294 0.125490
0.439216 0.125490
0.443137 0.125490
0.447059 0.125490
0.450980 0.125490
0.454902 0.125490
0.458824 0.125490
0.462745 0.125490
0.466667 0.125490
0.470588 0.125490
0.474510 0.125490
0.478431 0.125490
0.482353 0.125490
0.486275 0.125490
0.490196 0.125490
0.494118 0.125490
0.498039 0.125490
0.501961 0.125490
0.505882 0.125490
0.509804 0.125490
0.513726 0.125490
0.517647 0.125490
0.521569 0.125490
0.525490 0.125490
0.529412 0.125490
0.533333 0.125490
0.537255 0.125490
0.541176 0.125490
0.545098 0.125490
0.549020 0.125490
0.552941 0.125490
0.556863 0.125490
0.560784 0.125490
0.564706 0.125490
0.568627 0.125490
0.572549 0.125490
0.576471 0.125490
0.580392 0.125490
0.584314 0.125490
0.588235 0.125490
0.592157 0.125490
0.596078 0.125490
0.600000 0.125490
0.603922 0.125490
0.607843 0.125490
0.611765 0.125490
0.615686 0.125490
0.619608 0.125490
0.623529 0.125490
0.627451 0.125490
0.631373 0.125490
0.635294 0.125490
0.639216 0.125490
0.643137 0.125490
0.647059 0.125490
0.650980 0.125490
0.654902 0.125490
0.658824 0.125490
0.662745 0.125490
0.666667 0.125490
0.670588 0.125490
0.674510 0.125490
0.678431 0.125490
0.682353 0.125490
0.686275 0.125490
0.690196 0.125490
0.694118 0.125490
0.698039 0.125490
0.701961 0.125490
0.705882 0.125490
0.709804 0.125490
0.713726 0.125490
0.717647 0.125490
0.721569 0.125490
0.725490 0.125490
0.729412 0.125490
0.733333 0.125490
0.737255 0.125490
0.741176 0.125490
0.745098 0.125490
0.749020 0.125490
0.752941 0.125490
0.756863 0.125490
0.760784 0.125490
0.764706 0.125490
0.768627 0.125490
0.772549 0.125490
0.776471 0.125490
0.780392 0.125490
0.784314 0.125490
0.788235 0.125490
0.792157 0.125490
0.796078 0.125490
0.800000 0.125490
0.803922 0.125490
0.807843 0.125490
0.811765 0.125490
0.815686 0.125490
0.819608 0.125490
0.823529 0.125490
0.827451 0.125490
0.831373 0.125490
0.835294 0.125490
0.839216 0.125490
0.843137 0.125490
0.847059 0.125490
0.850980 0.125490
0.854902 0.125490
0.858824 0.125490
0.862745 0.125490
0.866667 0.125490
0.870588 0.125490
0.874510 0.125490
0.878431 0.125490
0.882353 0.125490
0.886275 0.125490
0.890196 0.125490
0.894118 0.125490
0.898039 0.125490
0.901961 0.125490
0.905882 0.125490
0.909804 0.125490
0.913725 0.125490
0.917647 0.125490
0.921569 0.125490
0.925490 0.125490
0.929412 0.125490
0.933333 0.125490
0.937255 0.125490
0.941176 0.125490
0.945098 0.125490
0.949020 0.125490
0.952941 0.125490
0.956863 0.125490
0.960784 0.125490
0.964706 0.125490
0.968627 0.125490
0.972549 0.125490
0.976471 0.125490
0.980392 0.125490
0.984314 0.125490
0.988235 0.125490
0.992157 0.125490
0.996078 0.125490
1.000000 0.125490

i = 330.000000 0.129412
0.003922 0.129412
0.007843 0.129412
0.011765 0.129412
0.015686 0.129412
0.019608 0.129412
0.023529 0.129412
0.027451 0.129412
0.031373 0.129412
0.035294 0.129412
0.039216 0.129412
0.043137 0.129412
0.047059 0.129412
0.050980 0.129412
0.054902 0.129412
0.058824 0.129412
0.062745 0.129412
0.066667 0.129412
0.070588 0.129412
0.074510 0.129412
0.078431 0.129412
0.082353 0.129412
0.086275 0.129412
0.090196 0.129412
0.094118 0.129412
0.098039 0.129412
0.101961 0.129412
0.105882 0.129412
0.109804 0.129412
0.113725 0.129412
0.117647 0.129412
0.121569 0.129412
0.125490 0.129412
0.129412 0.129412
0.133333 0.129412
0.137255 0.129412
0.141176 0.129412
0.145098 0.129412
0.149020 0.129412
0.152941 0.129412
0.156863 0.129412
0.160784 0.129412
0.164706 0.129412
0.168627 0.129412
0.172549 0.129412
0.176471 0.129412
0.180392 0.129412
0.184314 0.129412
0.188235 0.129412
0.192157 0.129412
0.196078 0.129412
0.200000 0.129412
0.203922 0.129412
0.207843 0.129412
0.211765 0.129412
0.215686 0.129412
0.219608 0.129412
0.223529 0.129412
0.227451 0.129412
0.231373 0.129412
0.235294 0.129412
0.239216 0.129412
0.243137 0.129412
0.247059 0.129412
0.250980 0.129412
0.254902 0.129412
0.258824 0.129412
0.262745 0.129412
0.266667 0.129412
0.270588 0.129412
0.274510 0.129412
0.278431 0.129412
0.282353 0.129412
0.286275 0.129412
0.290196 0.129412
0.294118 0.129412
0.298039 0.129412
0.301961 0.129412
0.305882 0.129412
0.309804 0.129412
0.313726 0.129412
0.317647 0.129412
0.321569 0.129412
0.325490 0.129412
0.329412 0.129412
0.333333 0.129412
0.337255 0.129412
0.341176 0.129412
0.345098 0.129412
0.349020 0.129412
0.352941 0.129412
0.356863 0.129412
0.360784 0.129412
0.364706 0.129412
0.368627 0.129412
0.372549 0.129412
0.376471 0.129412
0.380392 0.129412
0.384314 0.129412
0.388235 0.129412
0.392157 0.129412
0.396078 0.129412
0.400000 0.129412
0.403922 0.129412
0.407843 0.129412
0.411765 0.129412
0.415686 0.129412
0.419608 0.129412
0.423529 0.129412
0.427451 0.129412
0.431373 0.129412
0.435294 0.129412
0.439216 0.129412
0.443137 0.129412
0.447059 0.129412
0.450980 0.129412
0.454902 0.129412
0.458824 0.129412
0.462745 0.129412
0.466667 0.129412
0.470588 0.129412
0.474510 0.129412
0.478431 0.129412
0.482353 0.129412
0.486275 0.129412
0.490196 0.129412
0.494118 0.129412
0.498039 0.129412
0.501961 0.129412
0.505882 0.129412
0.509804 0.129412
0.513726 0.129412
0.517647 0.129412
0.521569 0.129412
0.525490 0.129412
0.529412 0.129412
0.533333 0.129412
0.537255 0.129412
0.541176 0.129412
0.545098 0.129412
0.549020 0.129412
0.552941 0.129412
0.556863 0.129412
0.560784 0.129412
0.564706 0.129412
0.568627 0.129412
0.572549 0.129412
0.576471 0.129412
0.580392 0.129412
0.584314 0.129412
0.588235 0.129412
0.592157 0.129412
0.596078 0.129412
0.600000 0.129412
0.603922 0.129412
0.607843 0.129412
0.611765 0.129412
0.615686 0.129412
0.619608 0.129412
0.623529 0.129412
0.627451 0.129412
0.631373 0.129412
0.635294 0.129412
0.639216 0.129412
0.643137 0.129412
0.647059 0.129412
0.650980 0.129412
0.654902 0.129412
0.658824 0.129412
0.662745 0.129412
0.666667 0.129412
0.670588 0.129412
0.674510 0.129412
0.678431 0.129412
0.682353 0.129412
0.686275 0.129412
0.690196 0.129412
0.694118 0.129412
0.698039 0.129412
0.701961 0.129412
0.705882 0.129412
0.709804 0.129412
0.713726 0.129412
0.717647 0.129412
0.721569 0.129412
0.725490 0.129412
0.729412 0.129412
0.733333 0.129412
0.737255 0.129412
0.741176 0.129412
0.745098 0.129412
0.749020 0.129412
0.752941 0.129412
0.756863 0.129412
0.760784 0.129412
0.764706 0.129412
0.768627 0.129412
0.772549 0.129412
0.776471 0.129412
0.780392 0.129412
0.784314 0.129412
0.788235 0.129412
0.792157 0.129412
0.796078 0.129412
0.800000 0.129412
0.803922 0.129412
0.807843 0.129412
0.811765 0.129412
0.815686 0.129412
0.819608 0.129412
0.823529 0.129412
0.827451 0.129412
0.831373 0.129412
0.835294 0.129412
0.839216 0.129412
0.843137 0.129412
0.847059 0.129412
0.850980 0.129412
0.854902 0.129412
0.858824 0.129412
0.862745 0.129412
0.866667 0.129412
0.870588 0.129412
0.874510 0.129412
0.878431 0.129412
0.882353 0.129412
0.886275 0.129412
0.890196 0.129412
0.894118 0.129412
0.898039 0.129412
0.901961 0.129412
0.905882 0.129412
0.909804 0.129412
0.913725 0.129412
0.917647 0.129412
0.921569 0.129412
0.925490 0.129412
0.929412 0.129412
0.933333 0.129412
0.937255 0.129412
0.941176 0.129412
0.945098 0.129412
0.949020 0.129412
0.952941 0.129412
0.956863 0.129412
0.960784 0.129412
0.964706 0.129412
0.968627 0.129412
0.972549 0.129412
0.976471 0.129412
0.980392 0.129412
0.984314 0.129412
0.988235 0.129412
0.992157 0.129412
0.996078 0.129412
1.000000 0.129412

i = 340.000000 0.133333
0.003922 0.133333
0.007843 0.133333
0.011765 0.133333
0.015686 0.133333
0.019608 0.133333
0.023529 0.133333
0.027451 0.133333
0.031373 0.133333
0.035294 0.133333
0.039216 0.133333
0.043137 0.133333
0.047059 0.133333
0.050980 0.133333
0.054902 0.133333
0.058824 0.133333
0.062745 0.133333
0.066667 0.133333
0.070588 0.133333
0.074510 0.133333
0.078431 0.133333
0.082353 0.133333
0.086275 0.133333
0.090196 0.133333
0.094118 0.133333
0.098039 0.133333
0.101961 0.133333
0.105882 0.133333
0.109804 0.133333
0.113725 0.133333
0.117647 0.133333
0.121569 0.133333
0.125490 0.133333
0.129412 0.133333
0.133333 0.133333
0.137255 0.133333
0.141176 0.133333
0.145098 0.133333
0.149020 0.133333
0.152941 0.133333
0.156863 0.133333
0.160784 0.133333
0.164706 0.133333
0.168627 0.133333
0.172549 0.133333
0.176471 0.133333
0.180392 0.133333
0.184314 0.133333
0.188235 0.133333
0.192157 0.133333
0.196078 0.133333
0.200000 0.133333
0.203922 0.133333
0.207843 0.133333
0.211765 0.133333
0.215686 0.133333
0.219608 0.133333
0.223529 0.133333
0.227451 0.133333
0.231373 0.133333
0.235294 0.133333
0.239216 0.133333
0.243137 0.133333
0.247059 0.133333
0.250980 0.133333
0.254902 0.133333
0.258824 0.133333
0.262745 0.133333
0.266667 0.133333
0.270588 0.133333
0.274510 0.133333
0.278431 0.133333
0.282353 0.133333
0.286275 0.133333
0.290196 0.133333
0.294118 0.133333
0.298039 0.133333
0.301961 0.133333
0.305882 0.133333
0.309804 0.133333
0.313726 0.133333
0.317647 0.133333
0.321569 0.133333
0.325490 0.133333
0.329412 0.133333
0.333333 0.133333
0.337255 0.133333
0.341176 0.133333
0.345098 0.133333
0.349020 0.133333
0.352941 0.133333
0.356863 0.133333
0.360784 0.133333
0.364706 0.133333
0.368627 0.133333
0.372549 0.133333
0.376471 0.133333
0.380392 0.133333
0.384314 0.133333
0.388235 0.133333
0.392157 0.133333
0.396078 0.133333
0.400000 0.133333
0.403922 0.133333
0.407843 0.133333
0.411765 0.133333
0.415686 0.133333
0.419608 0.133333
0.423529 0.133333
0.427451 0.133333
0.431373 0.133333
0.435294 0.133333
0.439216 0.133333
0.443137 0.133333
0.447059 0.133333
0.450980 0.133333
0.454902 0.133333
0.458824 0.133333
0.462745 0.133333
0.466667 0.133333
0.470588 0.133333
0.474510 0.133333
0.478431 0.133333
0.482353 0.133333
0.486275 0.133333
0.490196 0.133333
0.494118 0.133333
0.498039 0.133333
0.501961 0.133333
0.505882 0.133333
0.509804 0.133333
0.513726 0.133333
0.517647 0.133333
0.521569 0.133333
0.525490 0.133333
0.529412 0.133333
0.533333 0.133333
0.537255 0.133333
0.541176 0.133333
0.545098 0.133333
0.549020 0.133333
0.552941 0.133333
0.556863 0.133333
0.560784 0.133333
0.564706 0.133333
0.568627 0.133333
0.572549 0.133333
0.576471 0.133333
0.580392 0.133333
0.584314 0.133333
0.588235 0.133333
0.592157 0.133333
0.596078 0.133333
0.600000 0.133333
0.603922 0.133333
0.607843 0.133333
0.611765 0.133333
0.615686 0.133333
0.619608 0.133333
0.623529 0.133333
0.627451 0.133333
0.631373 0.133333
0.635294 0.133333
0.639216 0.133333
0.643137 0.133333
0.647059 0.133333
0.650980 0.133333
0.654902 0.133333
0.658824 0.133333
0.662745 0.133333
0.666667 0.133333
0.670588 0.133333
0.674510 0.133333
0.678431 0.133333
0.682353 0.133333
0.686275 0.133333
0.690196 0.133333
0.694118 0.133333
0.698039 0.133333
0.701961 0.133333
0.705882 0.133333
0.709804 0.133333
0.713726 0.133333
0.717647 0.133333
0.721569 0.133333
0.725490 0.133333
0.729412 0.133333
0.733333 0.133333
0.737255 0.133333
0.741176 0.133333
0.745098 0.133333
0.749020 0.133333
0.752941 0.133333
0.756863 0.133333
0.760784 0.133333
0.764706 0.133333
0.768627 0.133333
0.772549 0.133333
0.776471 0.133333
0.780392 0.133333
0.784314 0.133333
0.788235 0.133333
0.792157 0.133333
0.796078 0.133333
0.800000 0.133333
0.803922 0.133333
0.807843 0.133333
0.811765 0.133333
0.815686 0.133333
0.819608 0.133333
0.823529 0.133333
0.827451 0.133333
0.831373 0.133333
0.835294 0.133333
0.839216 0.133333
0.843137 0.133333
0.847059 0.133333
0.850980 0.133333
0.854902 0.133333
0.858824 0.133333
0.862745 0.133333
0.866667 0.133333
0.870588 0.133333
0.874510 0.133333
0.878431 0.133333
0.882353 0.133333
0.886275 0.133333
0.890196 0.133333
0.894118 0.133333
0.898039 0.133333
0.901961 0.133333
0.905882 0.133333
0.909804 0.133333
0.913725 0.133333
0.917647 0.133333
0.921569 0.133333
0.925490 0.133333
0.929412 0.133333
0.933333 0.133333
0.937255 0.133333
0.941176 0.133333
0.945098 0.133333
0.949020 0.133333
0.952941 0.133333
0.956863 0.133333
0.960784 0.133333
0.964706 0.133333
0.968627 0.133333
0.972549 0.133333
0.976471 0.133333
0.980392 0.133333
0.984314 0.133333
0.988235 0.133333
0.992157 0.133333
0.996078 0.133333
1.000000 0.133333

i = 350.000000 0.137255
0.003922 0.137255
0.007843 0.137255
0.011765 0.137255
0.015686 0.137255
0.019608 0.137255
0.023529 0.137255
0.027451 0.137255
0.031373 0.137255
0.035294 0.137255
0.039216 0.137255
0.043137 0.137255
0.047059 0.137255
0.050980 0.137255
0.054902 0.137255
0.058824 0.137255
0.062745 0.137255
0.066667 0.137255
0.070588 0.137255
0.074510 0.137255
0.078431 0.137255
0.082353 0.137255
0.086275 0.137255
0.090196 0.137255
0.094118 0.137255
0.098039 0.137255
0.101961 0.137255
0.105882 0.137255
0.109804 0.137255
0.113725 0.137255
0.117647 0.137255
0.121569 0.137255
0.125490 0.137255
0.129412 0.137255
0.133333 0.137255
0.137255 0.137255
0.141176 0.137255
0.145098 0.137255
0.149020 0.137255
0.152941 0.137255
0.156863 0.137255
0.160784 0.137255
0.164706 0.137255
0.168627 0.137255
0.172549 0.137255
0.176471 0.137255
0.180392 0.137255
0.184314 0.137255
0.188235 0.137255
0.192157 0.137255
0.196078 0.137255
0.200000 0.137255
0.203922 0.137255
0.207843 0.137255
0.211765 0.137255
0.215686 0.137255
0.219608 0.137255
0.223529 0.137255
0.227451 0.137255
0.231373 0.137255
0.235294 0.137255
0.239216 0.137255
0.243137 0.137255
0.247059 0.137255
0.250980 0.137255
0.254902 0.137255
0.258824 0.137255
0.262745 0.137255
0.266667 0.137255
0.270588 0.137255
0.274510 0.137255
0.278431 0.137255
0.282353 0.137255
0.286275 0.137255
0.290196 0.137255
0.294118 0.137255
0.298039 0.137255
0.301961 0.137255
0.305882 0.137255
0.309804 0.137255
0.313726 0.137255
0.317647 0.137255
0.321569 0.137255
0.325490 0.137255
0.329412 0.137255
0.333333 0.137255
0.337255 0.137255
0.341176 0.137255
0.345098 0.137255
0.349020 0.137255
0.352941 0.137255
0.356863 0.137255
0.360784 0.137255
0.364706 0.137255
0.368627 0.137255
0.372549 0.137255
0.376471 0.137255
0.380392 0.137255
0.384314 0.137255
0.388235 0.137255
0.392157 0.137255
0.396078 0.137255
0.400000 0.137255
0.403922 0.137255
0.407843 0.137255
0.411765 0.137255
0.415686 0.137255
0.419608 0.137255
0.423529 0.137255
0.427451 0.137255
0.431373 0.137255
0.435294 0.137255
0.439216 0.137255
0.443137 0.137255
0.447059 0.137255
0.450980 0.137255
0.454902 0.137255
0.458824 0.137255
0.462745 0.137255
0.466667 0.137255
0.470588 0.137255
0.474510 0.137255
0.478431 0.137255
0.482353 0.137255
0.486275 0.137255
0.490196 0.137255
0.494118 0.137255
0.498039 0.137255
0.501961 0.137255
0.505882 0.137255
0.509804 0.137255
0.513726 0.137255
0.517647 0.137255
0.521569 0.137255
0.525490 0.137255
0.529412 0.137255
0.533333 0.137255
0.537255 0.137255
0.541176 0.137255
0.545098 0.137255
0.549020 0.137255
0.552941 0.137255
0.556863 0.137255
0.560784 0.137255
0.564706 0.137255
0.568627 0.137255
0.572549 0.137255
0.576471 0.137255
0.580392 0.137255
0.584314 0.137255
0.588235 0.137255
0.592157 0.137255
0.596078 0.137255
0.600000 0.137255
0.603922 0.137255
0.607843 0.137255
0.611765 0.137255
0.615686 0.137255
0.619608 0.137255
0.623529 0.137255
0.627451 0.137255
0.631373 0.137255
0.635294 0.137255
0.639216 0.137255
0.643137 0.137255
0.647059 0.137255
0.650980 0.137255
0.654902 0.137255
0.658824 0.137255
0.662745 0.137255
0.666667 0.137255
0.670588 0.137255
0.674510 0.137255
0.678431 0.137255
0.682353 0.137255
0.686275 0.137255
0.690196 0.137255
0.694118 0.137255
0.698039 0.137255
0.701961 0.137255
0.705882 0.137255
0.709804 0.137255
0.713726 0.137255
0.717647 0.137255
0.721569 0.137255
0.725490 0.137255
0.729412 0.137255
0.733333 0.137255
0.737255 0.137255
0.741176 0.137255
0.745098 0.137255
0.749020 0.137255
0.752941 0.137255
0.756863 0.137255
0.760784 0.137255
0.764706 0.137255
0.768627 0.137255
0.772549 0.137255
0.776471 0.137255
0.780392 0.137255
0.784314 0.137255
0.788235 0.137255
0.792157 0.137255
0.796078 0.137255
0.800000 0.137255
0.803922 0.137255
0.807843 0.137255
0.811765 0.137255
0.815686 0.137255
0.819608 0.137255
0.823529 0.137255
0.827451 0.137255
0.831373 0.137255
0.835294 0.137255
0.839216 0.137255
0.843137 0.137255
0.847059 0.137255
0.850980 0.137255
0.854902 0.137255
0.858824 0.137255
0.862745 0.137255
0.866667 0.137255
0.870588 0.137255
0.874510 0.137255
0.878431 0.137255
0.882353 0.137255
0.886275 0.137255
0.890196 0.137255
0.894118 0.137255
0.898039 0.137255
0.901961 0.137255
0.905882 0.137255
0.909804 0.137255
0.913725 0.137255
0.917647 0.137255
0.921569 0.137255
0.925490 0.137255
0.929412 0.137255
0.933333 0.137255
0.937255 0.137255
0.941176 0.137255
0.945098 0.137255
0.949020 0.137255
0.952941 0.137255
0.956863 0.137255
0.960784 0.137255
0.964706 0.137255
0.968627 0.137255
0.972549 0.137255
0.976471 0.137255
0.980392 0.137255
0.984314 0.137255
0.988235 0.137255
0.992157 0.137255
0.996078 0.137255
1.000000 0.137255

i = 360.000000 0.141176
0.003922 0.141176
0.007843 0.141176
0.011765 0.141176
0.015686 0.141176
0.019608 0.141176
0.023529 0.141176
0.027451 0.141176
0.031373 0.141176
0.035294 0.141176
0.039216 0.141176
0.043137 0.141176
0.047059 0.141176
0.050980 0.141176
0.054902 0.141176
0.058824 0.141176
0.062745 0.141176
0.066667 0.141176
0.070588 0.141176
0.074510 0.141176
0.078431 0.141176
0.082353 0.141176
0.086275 0.141176
0.090196 0.141176
0.094118 0.141176
0.098039 0.141176
0.101961 0.141176
0.105882 0.141176
0.109804 0.141176
0.113725 0.141176
0.117647 0.141176
0.121569 0.141176
0.125490 0.141176
0.129412 0.141176
0.133333 0.141176
0.137255 0.141176
0.141176 0.141176
0.145098 0.141176
0.149020 0.141176
0.152941 0.141176
0.156863 0.141176
0.160784 0.141176
0.164706 0.141176
0.168627 0.141176
0.172549 0.141176
0.176471 0.141176
0.180392 0.141176
0.184314 0.141176
0.188235 0.141176
0.192157 0.141176
0.196078 0.141176
0.200000 0.141176
0.203922 0.141176
0.207843 0.141176
0.211765 0.141176
0.215686 0.141176
0.219608 0.141176
0.223529 0.141176
0.227451 0.141176
0.231373 0.141176
0.235294 0.141176
0.239216 0.141176
0.243137 0.141176
0.247059 0.141176
0.250980 0.141176
0.254902 0.141176
0.258824 0.141176
0.262745 0.141176
0.266667 0.141176
0.270588 0.141176
0.274510 0.141176
0.278431 0.141176
0.282353 0.141176
0.286275 0.141176
0.290196 0.141176
0.294118 0.141176
0.298039 0.141176
0.301961 0.141176
0.305882 0.141176
0.309804 0.141176
0.313726 0.141176
0.317647 0.141176
0.321569 0.141176
0.325490 0.141176
0.329412 0.141176
0.333333 0.141176
0.337255 0.141176
0.341176 0.141176
0.345098 0.141176
0.349020 0.141176
0.352941 0.141176
0.356863 0.141176
0.360784 0.141176
0.364706 0.141176
0.368627 0.141176
0.372549 0.141176
0.376471 0.141176
0.380392 0.141176
0.384314 0.141176
0.388235 0.141176
0.392157 0.141176
0.396078 0.141176
0.400000 0.141176
0.403922 0.141176
0.407843 0.141176
0.411765 0.141176
0.415686 0.141176
0.419608 0.141176
0.423529 0.141176
0.427451 0.141176
0.431373 0.141176
0.435294 0.141176
0.439216 0.141176
0.443137 0.141176
0.447059 0.141176
0.450980 0.141176
0.454902 0.141176
0.458824 0.141176
0.462745 0.141176
0.466667 0.141176
0.470588 0.141176
0.474510 0.141176
0.478431 0.141176
0.482353 0.141176
0.486275 0.141176
0.490196 0.141176
0.494118 0.141176
0.498039 0.141176
0.501961 0.141176
0.505882 0.141176
0.509804 0.141176
0.513726 0.141176
0.517647 0.141176
0.521569 0.141176
0.525490 0.141176
0.529412 0.141176
0.533333 0.141176
0.537255 0.141176
0.541176 0.141176
0.545098 0.141176
0.549020 0.141176
0.552941 0.141176
0.556863 0.141176
0.560784 0.141176
0.564706 0.141176
0.568627 0.141176
0.572549 0.141176
0.576471 0.141176
0.580392 0.141176
0.584314 0.141176
0.588235 0.141176
0.592157 0.141176
0.596078 0.141176
0.600000 0.141176
0.603922 0.141176
0.607843 0.141176
0.611765 0.141176
0.615686 0.141176
0.619608 0.141176
0.623529 0.141176
0.627451 0.141176
0.631373 0.141176
0.635294 0.141176
0.639216 0.141176
0.643137 0.141176
0.647059 0.141176
0.650980 0.141176
0.654902 0.141176
0.658824 0.141176
0.662745 0.141176
0.666667 0.141176
0.670588 0.141176
0.674510 0.141176
0.678431 0.141176
0.682353 0.141176
0.686275 0.141176
0.690196 0.141176
0.694118 0.141176
0.698039 0.141176
0.701961 0.141176
0.705882 0.141176
0.709804 0.141176
0.713726 0.141176
0.717647 0.141176
0.721569 0.141176
0.725490 0.141176
0.729412 0.141176
0.733333 0.141176
0.737255 0.141176
0.741176 0.141176
0.745098 0.141176
0.749020 0.141176
0.752941 0.141176
0.756863 0.141176
0.760784 0.141176
0.764706 0.141176
0.768627 0.141176
0.772549 0.141176
0.776471 0.141176
0.780392 0.141176
0.784314 0.141176
0.788235 0.141176
0.792157 0.141176
0.796078 0.141176
0.800000 0.141176
0.803922 0.141176
0.807843 0.141176
0.811765 0.141176
0.815686 0.141176
0.819608 0.141176
0.823529 0.141176
0.827451 0.141176
0.831373 0.141176
0.835294 0.141176
0.839216 0.141176
0.843137 0.141176
0.847059 0.141176
0.850980 0.141176
0.854902 0.141176
0.858824 0.141176
0.862745 0.141176
0.866667 0.141176
0.870588 0.141176
0.874510 0.141176
0.878431 0.141176
0.882353 0.141176
0.886275 0.141176
0.890196 0.141176
0.894118 0.141176
0.898039 0.141176
0.901961 0.141176
0.905882 0.141176
0.909804 0.141176
0.913725 0.141176
0.917647 0.141176
0.921569 0.141176
0.925490 0.141176
0.929412 0.141176
0.933333 0.141176
0.937255 0.141176
0.941176 0.141176
0.945098 0.141176
0.949020 0.141176
0.952941 0.141176
0.956863 0.141176
0.960784 0.141176
0.964706 0.141176
0.968627 0.141176
0.972549 0.141176
0.976471 0.141176
0.980392 0.141176
0.984314 0.141176
0.988235 0.141176
0.992157 0.141176
0.996078 0.141176
1.000000 0.141176

i = 370.000000 0.145098
0.003922 0.145098
0.007843 0.145098
0.011765 0.145098
0.015686 0.145098
0.019608 0.145098
0.023529 0.145098
0.027451 0.145098
0.031373 0.145098
0.035294 0.145098
0.039216 0.145098
0.043137 0.145098
0.047059 0.145098
0.050980 0.145098
0.054902 0.145098
0.058824 0.145098
0.062745 0.145098
0.066667 0.145098
0.070588 0.145098
0.074510 0.145098
0.078431 0.145098
0.082353 0.145098
0.086275 0.145098
0.090196 0.145098
0.094118 0.145098
0.098039 0.145098
0.101961 0.145098
0.105882 0.145098
0.109804 0.145098
0.113725 0.145098
0.117647 0.145098
0.121569 0.145098
0.125490 0.145098
0.129412 0.145098
0.133333 0.145098
0.137255 0.145098
0.141176 0.145098
0.145098 0.145098
0.149020 0.145098
0.152941 0.145098
0.156863 0.145098
0.160784 0.145098
0.164706 0.145098
0.168627 0.145098
0.172549 0.145098
0.176471 0.145098
0.180392 0.145098
0.184314 0.145098
0.188235 0.145098
0.192157 0.145098
0.196078 0.145098
0.200000 0.145098
0.203922 0.145098
0.207843 0.145098
0.211765 0.145098
0.215686 0.145098
0.219608 0.145098
0.223529 0.145098
0.227451 0.145098
0.231373 0.145098
0.235294 0.145098
0.239216 0.145098
0.243137 0.145098
0.247059 0.145098
0.250980 0.145098
0.254902 0.145098
0.258824 0.145098
0.262745 0.145098
0.266667 0.145098
0.270588 0.145098
0.274510 0.145098
0.278431 0.145098
0.282353 0.145098
0.286275 0.145098
0.290196 0.145098
0.294118 0.145098
0.298039 0.145098
0.301961 0.145098
0.305882 0.145098
0.309804 0.145098
0.313726 0.145098
0.317647 0.145098
0.321569 0.145098
0.325490 0.145098
0.329412 0.145098
0.333333 0.145098
0.337255 0.145098
0.341176 0.145098
0.345098 0.145098
0.349020 0.145098
0.352941 0.145098
0.356863 0.145098
0.360784 0.145098
0.364706 0.145098
0.368627 0.145098
0.372549 0.145098
0.376471 0.145098
0.380392 0.145098
0.384314 0.145098
0.388235 0.145098
0.392157 0.145098
0.396078 0.145098
0.400000 0.145098
0.403922 0.145098
0.407843 0.145098
0.411765 0.145098
0.415686 0.145098
0.419608 0.145098
0.423529 0.145098
0.427451 0.145098
0.431373 0.145098
0.435294 0.145098
0.439216 0.145098
0.443137 0.145098
0.447059 0.145098
0.450980 0.145098
0.454902 0.145098
0.458824 0.145098
0.462745 0.145098
0.466667 0.145098
0.470588 0.145098
0.474510 0.145098
0.478431 0.145098
0.482353 0.145098
0.486275 0.145098
0.490196 0.145098
0.494118 0.145098
0.498039 0.145098
0.501961 0.145098
0.505882 0.145098
0.509804 0.145098
0.513726 0.145098
0.517647 0.145098
0.521569 0.145098
0.525490 0.145098
0.529412 0.145098
0.533333 0.145098
0.537255 0.145098
0.541176 0.145098
0.545098 0.145098
0.549020 0.145098
0.552941 0.145098
0.556863 0.145098
0.560784 0.145098
0.564706 0.145098
0.568627 0.145098
0.572549 0.145098
0.576471 0.145098
0.580392 0.145098
0.584314 0.145098
0.588235 0.145098
0.592157 0.145098
0.596078 0.145098
0.600000 0.145098
0.603922 0.145098
0.607843 0.145098
0.611765 0.145098
0.615686 0.145098
0.619608 0.145098
0.623529 0.145098
0.627451 0.145098
0.631373 0.145098
0.635294 0.145098
0.639216 0.145098
0.643137 0.145098
0.647059 0.145098
0.650980 0.145098
0.654902 0.145098
0.658824 0.145098
0.662745 0.145098
0.666667 0.145098
0.670588 0.145098
0.674510 0.145098
0.678431 0.145098
0.682353 0.145098
0.686275 0.145098
0.690196 0.145098
0.694118 0.145098
0.698039 0.145098
0.701961 0.145098
0.705882 0.145098
0.709804 0.145098
0.713726 0.145098
0.717647 0.145098
0.721569 0.145098
0.725490 0.145098
0.729412 0.145098
0.733333 0.145098
0.737255 0.145098
0.741176 0.145098
0.745098 0.145098
0.749020 0.145098
0.752941 0.145098
0.756863 0.145098
0.760784 0.145098
0.764706 0.145098
0.768627 0.145098
0.772549 0.145098
0.776471 0.145098
0.780392 0.145098
0.784314 0.145098
0.788235 0.145098
0.792157 0.145098
0.796078 0.145098
0.800000 0.145098
0.803922 0.145098
0.807843 0.145098
0.811765 0.145098
0.815686 0.145098
0.819608 0.145098
0.823529 0.145098
0.827451 0.145098
0.831373 0.145098
0.835294 0.145098
0.839216 0.145098
0.843137 0.145098
0.847059 0.145098
0.850980 0.145098
0.854902 0.145098
0.858824 0.145098
0.862745 0.145098
0.866667 0.145098
0.870588 0.145098
0.874510 0.145098
0.878431 0.145098
0.882353 0.145098
0.886275 0.145098
0.890196 0.145098
0.894118 0.145098
0.898039 0.145098
0.901961 0.145098
0.905882 0.145098
0.909804 0.145098
0.913725 0.145098
0.917647 0.145098
0.921569 0.145098
0.925490 0.145098
0.929412 0.145098
0.933333 0.145098
0.937255 0.145098
0.941176 0.145098
0.945098 0.145098
0.949020 0.145098
0.952941 0.145098
0.956863 0.145098
0.960784 0.145098
0.964706 0.145098
0.968627 0.145098
0.972549 0.145098
0.976471 0.145098
0.980392 0.145098
0.984314 0.145098
0.988235 0.145098
0.992157 0.145098
0.996078 0.145098
1.000000 0.145098

i = 380.000000 0.149020
0.003922 0.149020
0.007843 0.149020
0.011765 0.149020
0.015686 0.149020
0.019608 0.149020
0.023529 0.149020
0.027451 0.149020
0.031373 0.149020
0.035294 0.149020
0.039216 0.149020
0.043137 0.149020
0.047059 0.149020
0.050980 0.149020
0.054902 0.149020
0.058824 0.149020
0.062745 0.149020
0.066667 0.149020
0.070588 0.149020
0.074510 0.149020
0.078431 0.149020
0.082353 0.149020
0.086275 0.149020
0.090196 0.149020
0.094118 0.149020
0.098039 0.149020
0.101961 0.149020
0.105882 0.149020
0.109804 0.149020
0.113725 0.149020
0.117647 0.149020
0.121569 0.149020
0.125490 0.149020
0.129412 0.149020
0.133333 0.149020
0.137255 0.149020
0.141176 0.149020
0.145098 0.149020
0.149020 0.149020
0.152941 0.149020
0.156863 0.149020
0.160784 0.149020
0.164706 0.149020
0.168627 0.149020
0.172549 0.149020
0.176471 0.149020
0.180392 0.149020
0.184314 0.149020
0.188235 0.149020
0.192157 0.149020
0.196078 0.149020
0.200000 0.149020
0.203922 0.149020
0.207843 0.149020
0.211765 0.149020
0.215686 0.149020
0.219608 0.149020
0.223529 0.149020
0.227451 0.149020
0.231373 0.149020
0.235294 0.149020
0.239216 0.149020
0.243137 0.149020
0.247059 0.149020
0.250980 0.149020
0.254902 0.149020
0.258824 0.149020
0.262745 0.149020
0.266667 0.149020
0.270588 0.149020
0.274510 0.149020
0.278431 0.149020
0.282353 0.149020
0.286275 0.149020
0.290196 0.149020
0.294118 0.149020
0.298039 0.149020
0.301961 0.149020
0.305882 0.149020
0.309804 0.149020
0.313726 0.149020
0.317647 0.149020
0.321569 0.149020
0.325490 0.149020
0.329412 0.149020
0.333333 0.149020
0.337255 0.149020
0.341176 0.149020
0.345098 0.149020
0.349020 0.149020
0.352941 0.149020
0.356863 0.149020
0.360784 0.149020
0.364706 0.149020
0.368627 0.149020
0.372549 0.149020
0.376471 0.149020
0.380392 0.149020
0.384314 0.149020
0.388235 0.149020
0.392157 0.149020
0.396078 0.149020
0.400000 0.149020
0.403922 0.149020
0.407843 0.149020
0.411765 0.149020
0.415686 0.149020
0.419608 0.149020
0.423529 0.149020
0.427451 0.149020
0.431373 0.149020
0.435294 0.149020
0.439216 0.149020
0.443137 0.149020
0.447059 0.149020
0.450980 0.149020
0.454902 0.149020
0.458824 0.149020
0.462745 0.149020
0.466667 0.149020
0.470588 0.149020
0.474510 0.149020
0.478431 0.149020
0.482353 0.149020
0.486275 0.149020
0.490196 0.149020
0.494118 0.149020
0.498039 0.149020
0.501961 0.149020
0.505882 0.149020
0.509804 0.149020
0.513726 0.149020
0.517647 0.149020
0.521569 0.149020
0.525490 0.149020
0.529412 0.149020
0.533333 0.149020
0.537255 0.149020
0.541176 0.149020
0.545098 0.149020
0.549020 0.149020
0.552941 0.149020
0.556863 0.149020
0.560784 0.149020
0.564706 0.149020
0.568627 0.149020
0.572549 0.149020
0.576471 0.149020
0.580392 0.149020
0.584314 0.149020
0.588235 0.149020
0.592157 0.149020
0.596078 0.149020
0.600000 0.149020
0.603922 0.149020
0.607843 0.149020
0.611765 0.149020
0.615686 0.149020
0.619608 0.149020
0.623529 0.149020
0.627451 0.149020
0.631373 0.149020
0.635294 0.149020
0.639216 0.149020
0.643137 0.149020
0.647059 0.149020
0.650980 0.149020
0.654902 0.149020
0.658824 0.149020
0.662745 0.149020
0.666667 0.149020
0.670588 0.149020
0.674510 0.149020
0.678431 0.149020
0.682353 0.149020
0.686275 0.149020
0.690196 0.149020
0.694118 0.149020
0.698039 0.149020
0.701961 0.149020
0.705882 0.149020
0.709804 0.149020
0.713726 0.149020
0.717647 0.149020
0.721569 0.149020
0.725490 0.149020
0.729412 0.149020
0.733333 0.149020
0.737255 0.149020
0.741176 0.149020
0.745098 0.149020
0.749020 0.149020
0.752941 0.149020
0.756863 0.149020
0.760784 0.149020
0.764706 0.149020
0.768627 0.149020
0.772549 0.149020
0.776471 0.149020
0.780392 0.149020
0.784314 0.149020
0.788235 0.149020
0.792157 0.149020
0.796078 0.149020
0.800000 0.149020
0.803922 0.149020
0.807843 0.149020
0.811765 0.149020
0.815686 0.149020
0.819608 0.149020
0.823529 0.149020
0.827451 0.149020
0.831373 0.149020
0.835294 0.149020
0.839216 0.149020
0.843137 0.149020
0.847059 0.149020
0.850980 0.149020
0.854902 0.149020
0.858824 0.149020
0.862745 0.149020
0.866667 0.149020
0.870588 0.149020
0.874510 0.149020
0.878431 0.149020
0.882353 0.149020
0.886275 0.149020
0.890196 0.149020
0.894118 0.149020
0.898039 0.149020
0.901961 0.149020
0.905882 0.149020
0.909804 0.149020
0.913725 0.149020
0.917647 0.149020
0.921569 0.149020
0.925490 0.149020
0.929412 0.149020
0.933333 0.149020
0.937255 0.149020
0.941176 0.149020
0.945098 0.149020
0.949020 0.149020
0.952941 0.149020
0.956863 0.149020
0.960784 0.149020
0.964706 0.149020
0.968627 0.149020
0.972549 0.149020
0.976471 0.149020
0.980392 0.149020
0.984314 0.149020
0.988235 0.149020
0.992157 0.149020
0.996078 0.149020
1.000000 0.149020

i = 390.000000 0.152941
0.003922 0.152941
0.007843 0.152941
0.011765 0.152941
0.015686 0.152941
0.019608 0.152941
0.023529 0.152941
0.027451 0.152941
0.031373 0.152941
0.035294 0.152941
0.039216 0.152941
0.043137 0.152941
0.047059 0.152941
0.050980 0.152941
0.054902 0.152941
0.058824 0.152941
0.062745 0.152941
0.066667 0.152941
0.070588 0.152941
0.074510 0.152941
0.078431 0.152941
0.082353 0.152941
0.086275 0.152941
0.090196 0.152941
0.094118 0.152941
0.098039 0.152941
0.101961 0.152941
0.105882 0.152941
0.109804 0.152941
0.113725 0.152941
0.117647 0.152941
0.121569 0.152941
0.125490 0.152941
0.129412 0.152941
0.133333 0.152941
0.137255 0.152941
0.141176 0.152941
0.145098 0.152941
0.149020 0.152941
0.152941 0.152941
0.156863 0.152941
0.160784 0.152941
0.164706 0.152941
0.168627 0.152941
0.172549 0.152941
0.176471 0.152941
0.180392 0.152941
0.184314 0.152941
0.188235 0.152941
0.192157 0.152941
0.196078 0.152941
0.200000 0.152941
0.203922 0.152941
0.207843 0.152941
0.211765 0.152941
0.215686 0.152941
0.219608 0.152941
0.223529 0.152941
0.227451 0.152941
0.231373 0.152941
0.235294 0.152941
0.239216 0.152941
0.243137 0.152941
0.247059 0.152941
0.250980 0.152941
0.254902 0.152941
0.258824 0.152941
0.262745 0.152941
0.266667 0.152941
0.270588 0.152941
0.274510 0.152941
0.278431 0.152941
0.282353 0.152941
0.286275 0.152941
0.290196 0.152941
0.294118 0.152941
0.298039 0.152941
0.301961 0.152941
0.305882 0.152941
0.309804 0.152941
0.313726 0.152941
0.317647 0.152941
0.321569 0.152941
0.325490 0.152941
0.329412 0.152941
0.333333 0.152941
0.337255 0.152941
0.341176 0.152941
0.345098 0.152941
0.349020 0.152941
0.352941 0.152941
0.356863 0.152941
0.360784 0.152941
0.364706 0.152941
0.368627 0.152941
0.372549 0.152941
0.376471 0.152941
0.380392 0.152941
0.384314 0.152941
0.388235 0.152941
0.392157 0.152941
0.396078 0.152941
0.400000 0.152941
0.403922 0.152941
0.407843 0.152941
0.411765 0.152941
0.415686 0.152941
0.419608 0.152941
0.423529 0.152941
0.427451 0.152941
0.431373 0.152941
0.435294 0.152941
0.439216 0.152941
0.443137 0.152941
0.447059 0.152941
0.450980 0.152941
0.454902 0.152941
0.458824 0.152941
0.462745 0.152941
0.466667 0.152941
0.470588 0.152941
0.474510 0.152941
0.478431 0.152941
0.482353 0.152941
0.486275 0.152941
0.490196 0.152941
0.494118 0.152941
0.498039 0.152941
0.501961 0.152941
0.505882 0.152941
0.509804 0.152941
0.513726 0.152941
0.517647 0.152941
0.521569 0.152941
0.525490 0.152941
0.529412 0.152941
0.533333 0.152941
0.537255 0.152941
0.541176 0.152941
0.545098 0.152941
0.549020 0.152941
0.552941 0.152941
0.556863 0.152941
0.560784 0.152941
0.564706 0.152941
0.568627 0.152941
0.572549 0.152941
0.576471 0.152941
0.580392 0.152941
0.584314 0.152941
0.588235 0.152941
0.592157 0.152941
0.596078 0.152941
0.600000 0.152941
0.603922 0.152941
0.607843 0.152941
0.611765 0.152941
0.615686 0.152941
0.619608 0.152941
0.623529 0.152941
0.627451 0.152941
0.631373 0.152941
0.635294 0.152941
0.639216 0.152941
0.643137 0.152941
0.647059 0.152941
0.650980 0.152941
0.654902 0.152941
0.658824 0.152941
0.662745 0.152941
0.666667 0.152941
0.670588 0.152941
0.674510 0.152941
0.678431 0.152941
0.682353 0.152941
0.686275 0.152941
0.690196 0.152941
0.694118 0.152941
0.698039 0.152941
0.701961 0.152941
0.705882 0.152941
0.709804 0.152941
0.713726 0.152941
0.717647 0.152941
0.721569 0.152941
0.725490 0.152941
0.729412 0.152941
0.733333 0.152941
0.737255 0.152941
0.741176 0.152941
0.745098 0.152941
0.749020 0.152941
0.752941 0.152941
0.756863 0.152941
0.760784 0.152941
0.764706 0.152941
0.768627 0.152941
0.772549 0.152941
0.776471 0.152941
0.780392 0.152941
0.784314 0.152941
0.788235 0.152941
0.792157 0.152941
0.796078 0.152941
0.800000 0.152941
0.803922 0.152941
0.807843 0.152941
0.811765 0.152941
0.815686 0.152941
0.819608 0.152941
0.823529 0.152941
0.827451 0.152941
0.831373 0.152941
0.835294 0.152941
0.839216 0.152941
0.843137 0.152941
0.847059 0.152941
0.850980 0.152941
0.854902 0.152941
0.858824 0.152941
0.862745 0.152941
0.866667 0.152941
0.870588 0.152941
0.874510 0.152941
0.878431 0.152941
0.882353 0.152941
0.886275 0.152941
0.890196 0.152941
0.894118 0.152941
0.898039 0.152941
0.901961 0.152941
0.905882 0.152941
0.909804 0.152941
0.913725 0.152941
0.917647 0.152941
0.921569 0.152941
0.925490 0.152941
0.929412 0.152941
0.933333 0.152941
0.937255 0.152941
0.941176 0.152941
0.945098 0.152941
0.949020 0.152941
0.952941 0.152941
0.956863 0.152941
0.960784 0.152941
0.964706 0.152941
0.968627 0.152941
0.972549 0.152941
0.976471 0.152941
0.980392 0.152941
0.984314 0.152941
0.988235 0.152941
0.992157 0.152941
0.996078 0.152941
1.000000 0.152941

i = 400.000000 0.156863
0.003922 0.156863
0.007843 0.156863
0.011765 0.156863
0.015686 0.156863
0.019608 0.156863
0.023529 0.156863
0.027451 0.156863
0.031373 0.156863
0.035294 0.156863
0.039216 0.156863
0.043137 0.156863
0.047059 0.156863
0.050980 0.156863
0.054902 0.156863
0.058824 0.156863
0.062745 0.156863
0.066667 0.156863
0.070588 0.156863
0.074510 0.156863
0.078431 0.156863
0.082353 0.156863
0.086275 0.156863
0.090196 0.156863
0.094118 0.156863
0.098039 0.156863
0.101961 0.156863
0.105882 0.156863
0.109804 0.156863
0.113725 0.156863
0.117647 0.156863
0.121569 0.156863
0.125490 0.156863
0.129412 0.156863
0.133333 0.156863
0.137255 0.156863
0.141176 0.156863
0.145098 0.156863
0.149020 0.156863
0.152941 0.156863
0.156863 0.156863
0.160784 0.156863
0.164706 0.156863
0.168627 0.156863
0.172549 0.156863
0.176471 0.156863
0.180392 0.156863
0.184314 0.156863
0.188235 0.156863
0.192157 0.156863
0.196078 0.156863
0.200000 0.156863
0.203922 0.156863
0.207843 0.156863
0.211765 0.156863
0.215686 0.156863
0.219608 0.156863
0.223529 0.156863
0.227451 0.156863
0.231373 0.156863
0.235294 0.156863
0.239216 0.156863
0.243137 0.156863
0.247059 0.156863
0.250980 0.156863
0.254902 0.156863
0.258824 0.156863
0.262745 0.156863
0.266667 0.156863
0.270588 0.156863
0.274510 0.156863
0.278431 0.156863
0.282353 0.156863
0.286275 0.156863
0.290196 0.156863
0.294118 0.156863
0.298039 0.156863
0.301961 0.156863
0.305882 0.156863
0.309804 0.156863
0.313726 0.156863
0.317647 0.156863
0.321569 0.156863
0.325490 0.156863
0.329412 0.156863
0.333333 0.156863
0.337255 0.156863
0.341176 0.156863
0.345098 0.156863
0.349020 0.156863
0.352941 0.156863
0.356863 0.156863
0.360784 0.156863
0.364706 0.156863
0.368627 0.156863
0.372549 0.156863
0.376471 0.156863
0.380392 0.156863
0.384314 0.156863
0.388235 0.156863
0.392157 0.156863
0.396078 0.156863
0.400000 0.156863
0.403922 0.156863
0.407843 0.156863
0.411765 0.156863
0.415686 0.156863
0.419608 0.156863
0.423529 0.156863
0.427451 0.156863
0.431373 0.156863
0.435294 0.156863
0.439216 0.156863
0.443137 0.156863
0.447059 0.156863
0.450980 0.156863
0.454902 0.156863
0.458824 0.156863
0.462745 0.156863
0.466667 0.156863
0.470588 0.156863
0.474510 0.156863
0.478431 0.156863
0.482353 0.156863
0.486275 0.156863
0.490196 0.156863
0.494118 0.156863
0.498039 0.156863
0.501961 0.156863
0.505882 0.156863
0.509804 0.156863
0.513726 0.156863
0.517647 0.156863
0.521569 0.156863
0.525490 0.156863
0.529412 0.156863
0.533333 0.156863
0.537255 0.156863
0.541176 0.156863
0.545098 0.156863
0.549020 0.156863
0.552941 0.156863
0.556863 0.156863
0.560784 0.156863
0.564706 0.156863
0.568627 0.156863
0.572549 0.156863
0.576471 0.156863
0.580392 0.156863
0.584314 0.156863
0.588235 0.156863
0.592157 0.156863
0.596078 0.156863
0.600000 0.156863
0.603922 0.156863
0.607843 0.156863
0.611765 0.156863
0.615686 0.156863
0.619608 0.156863
0.623529 0.156863
0.627451 0.156863
0.631373 0.156863
0.635294 0.156863
0.639216 0.156863
0.643137 0.156863
0.647059 0.156863
0.650980 0.156863
0.654902 0.156863
0.658824 0.156863
0.662745 0.156863
0.666667 0.156863
0.670588 0.156863
0.674510 0.156863
0.678431 0.156863
0.682353 0.156863
0.686275 0.156863
0.690196 0.156863
0.694118 0.156863
0.698039 0.156863
0.701961 0.156863
0.705882 0.156863
0.709804 0.156863
0.713726 0.156863
0.717647 0.156863
0.721569 0.156863
0.725490 0.156863
0.729412 0.156863
0.733333 0.156863
0.737255 0.156863
0.741176 0.156863
0.745098 0.156863
0.749020 0.156863
0.752941 0.156863
0.756863 0.156863
0.760784 0.156863
0.764706 0.156863
0.768627 0.156863
0.772549 0.156863
0.776471 0.156863
0.780392 0.156863
0.784314 0.156863
0.788235 0.156863
0.792157 0.156863
0.796078 0.156863
0.800000 0.156863
0.803922 0.156863
0.807843 0.156863
0.811765 0.156863
0.815686 0.156863
0.819608 0.156863
0.823529 0.156863
0.827451 0.156863
0.831373 0.156863
0.835294 0.156863
0.839216 0.156863
0.843137 0.156863
0.847059 0.156863
0.850980 0.156863
0.854902 0.156863
0.858824 0.156863
0.862745 0.156863
0.866667 0.156863
0.870588 0.156863
0.874510 0.156863
0.878431 0.156863
0.882353 0.156863
0.886275 0.156863
0.890196 0.156863
0.894118 0.156863
0.898039 0.156863
0.901961 0.156863
0.905882 0.156863
0.909804 0.156863
0.913725 0.156863
0.917647 0.156863
0.921569 0.156863
0.925490 0.156863
0.929412 0.156863
0.933333 0.156863
0.937255 0.156863
0.941176 0.156863
0.945098 0.156863
0.949020 0.156863
0.952941 0.156863
0.956863 0.156863
0.960784 0.156863
0.964706 0.156863
0.968627 0.156863
0.972549 0.156863
0.976471 0.156863
0.980392 0.156863
0.984314 0.156863
0.988235 0.156863
0.992157 0.156863
0.996078 0.156863
1.000000 0.156863

i = 410.000000 0.160784
0.003922 0.160784
0.007843 0.160784
0.011765 0.160784
0.015686 0.160784
0.019608 0.160784
0.023529 0.160784
0.027451 0.160784
0.031373 0.160784
0.035294 0.160784
0.039216 0.160784
0.043137 0.160784
0.047059 0.160784
0.050980 0.160784
0.054902 0.160784
0.058824 0.160784
0.062745 0.160784
0.066667 0.160784
0.070588 0.160784
0.074510 0.160784
0.078431 0.160784
0.082353 0.160784
0.086275 0.160784
0.090196 0.160784
0.094118 0.160784
0.098039 0.160784
0.101961 0.160784
0.105882 0.160784
0.109804 0.160784
0.113725 0.160784
0.117647 0.160784
0.121569 0.160784
0.125490 0.160784
0.129412 0.160784
0.133333 0.160784
0.137255 0.160784
0.141176 0.160784
0.145098 0.160784
0.149020 0.160784
0.152941 0.160784
0.156863 0.160784
0.160784 0.160784
0.164706 0.160784
0.168627 0.160784
0.172549 0.160784
0.176471 0.160784
0.180392 0.160784
0.184314 0.160784
0.188235 0.160784
0.192157 0.160784
0.196078 0.160784
0.200000 0.160784
0.203922 0.160784
0.207843 0.160784
0.211765 0.160784
0.215686 0.160784
0.219608 0.160784
0.223529 0.160784
0.227451 0.160784
0.231373 0.160784
0.235294 0.160784
0.239216 0.160784
0.243137 0.160784
0.247059 0.160784
0.250980 0.160784
0.254902 0.160784
0.258824 0.160784
0.262745 0.160784
0.266667 0.160784
0.270588 0.160784
0.274510 0.160784
0.278431 0.160784
0.282353 0.160784
0.286275 0.160784
0.290196 0.160784
0.294118 0.160784
0.298039 0.160784
0.301961 0.160784
0.305882 0.160784
0.309804 0.160784
0.313726 0.160784
0.317647 0.160784
0.321569 0.160784
0.325490 0.160784
0.329412 0.160784
0.333333 0.160784
0.337255 0.160784
0.341176 0.160784
0.345098 0.160784
0.349020 0.160784
0.352941 0.160784
0.356863 0.160784
0.360784 0.160784
0.364706 0.160784
0.368627 0.160784
0.372549 0.160784
0.376471 0.160784
0.380392 0.160784
0.384314 0.160784
0.388235 0.160784
0.392157 0.160784
0.396078 0.160784
0.400000 0.160784
0.403922 0.160784
0.407843 0.160784
0.411765 0.160784
0.415686 0.160784
0.419608 0.160784
0.423529 0.160784
0.427451 0.160784
0.431373 0.160784
0.435294 0.160784
0.439216 0.160784
0.443137 0.160784
0.447059 0.160784
0.450980 0.160784
0.454902 0.160784
0.458824 0.160784
0.462745 0.160784
0.466667 0.160784
0.470588 0.160784
0.474510 0.160784
0.478431 0.160784
0.482353 0.160784
0.486275 0.160784
0.490196 0.160784
0.494118 0.160784
0.498039 0.160784
0.501961 0.160784
0.505882 0.160784
0.509804 0.160784
0.513726 0.160784
0.517647 0.160784
0.521569 0.160784
0.525490 0.160784
0.529412 0.160784
0.533333 0.160784
0.537255 0.160784
0.541176 0.160784
0.545098 0.160784
0.549020 0.160784
0.552941 0.160784
0.556863 0.160784
0.560784 0.160784
0.564706 0.160784
0.568627 0.160784
0.572549 0.160784
0.576471 0.160784
0.580392 0.160784
0.584314 0.160784
0.588235 0.160784
0.592157 0.160784
0.596078 0.160784
0.600000 0.160784
0.603922 0.160784
0.607843 0.160784
0.611765 0.160784
0.615686 0.160784
0.619608 0.160784
0.623529 0.160784
0.627451 0.160784
0.631373 0.160784
0.635294 0.160784
0.639216 0.160784
0.643137 0.160784
0.647059 0.160784
0.650980 0.160784
0.654902 0.160784
0.658824 0.160784
0.662745 0.160784
0.666667 0.160784
0.670588 0.160784
0.674510 0.160784
0.678431 0.160784
0.682353 0.160784
0.686275 0.160784
0.690196 0.160784
0.694118 0.160784
0.698039 0.160784
0.701961 0.160784
0.705882 0.160784
0.709804 0.160784
0.713726 0.160784
0.717647 0.160784
0.721569 0.160784
0.725490 0.160784
0.729412 0.160784
0.733333 0.160784
0.737255 0.160784
0.741176 0.160784
0.745098 0.160784
0.749020 0.160784
0.752941 0.160784
0.756863 0.160784
0.760784 0.160784
0.764706 0.160784
0.768627 0.160784
0.772549 0.160784
0.776471 0.160784
0.780392 0.160784
0.784314 0.160784
0.788235 0.160784
0.792157 0.160784
0.796078 0.160784
0.800000 0.160784
0.803922 0.160784
0.807843 0.160784
0.811765 0.160784
0.815686 0.160784
0.819608 0.160784
0.823529 0.160784
0.827451 0.160784
0.831373 0.160784
0.835294 0.160784
0.839216 0.160784
0.843137 0.160784
0.847059 0.160784
0.850980 0.160784
0.854902 0.160784
0.858824 0.160784
0.862745 0.160784
0.866667 0.160784
0.870588 0.160784
0.874510 0.160784
0.878431 0.160784
0.882353 0.160784
0.886275 0.160784
0.890196 0.160784
0.894118 0.160784
0.898039 0.160784
0.901961 0.160784
0.905882 0.160784
0.909804 0.160784
0.913725 0.160784
0.917647 0.160784
0.921569 0.160784
0.925490 0.160784
0.929412 0.160784
0.933333 0.160784
0.937255 0.160784
0.941176 0.160784
0.945098 0.160784
0.949020 0.160784
0.952941 0.160784
0.956863 0.160784
0.960784 0.160784
0.964706 0.160784
0.968627 0.160784
0.972549 0.160784
0.976471 0.160784
0.980392 0.160784
0.984314 0.160784
0.988235 0.160784
0.992157 0.160784
0.996078 0.160784
1.000000 0.160784

i = 420.000000 0.164706
0.003922 0.164706
0.007843 0.164706
0.011765 0.164706
0.015686 0.164706
0.019608 0.164706
0.023529 0.164706
0.027451 0.164706
0.031373 0.164706
0.035294 0.164706
0.039216 0.164706
0.043137 0.164706
0.047059 0.164706
0.050980 0.164706
0.054902 0.164706
0.058824 0.164706
0.062745 0.164706
0.066667 0.164706
0.070588 0.164706
0.074510 0.164706
0.078431 0.164706
0.082353 0.164706
0.086275 0.164706
0.090196 0.164706
0.094118 0.164706
0.098039 0.164706
0.101961 0.164706
0.105882 0.164706
0.109804 0.164706
0.113725 0.164706
0.117647 0.164706
0.121569 0.164706
0.125490 0.164706
0.129412 0.164706
0.133333 0.164706
0.137255 0.164706
0.141176 0.164706
0.145098 0.164706
0.149020 0.164706
0.152941 0.164706
0.156863 0.164706
0.160784 0.164706
0.164706 0.164706
0.168627 0.164706
0.172549 0.164706
0.176471 0.164706
0.180392 0.164706
0.184314 0.164706
0.188235 0.164706
0.192157 0.164706
0.196078 0.164706
0.200000 0.164706
0.203922 0.164706
0.207843 0.164706
0.211765 0.164706
0.215686 0.164706
0.219608 0.164706
0.223529 0.164706
0.227451 0.164706
0.231373 0.164706
0.235294 0.164706
0.239216 0.164706
0.243137 0.164706
0.247059 0.164706
0.250980 0.164706
0.254902 0.164706
0.258824 0.164706
0.262745 0.164706
0.266667 0.164706
0.270588 0.164706
0.274510 0.164706
0.278431 0.164706
0.282353 0.164706
0.286275 0.164706
0.290196 0.164706
0.294118 0.164706
0.298039 0.164706
0.301961 0.164706
0.305882 0.164706
0.309804 0.164706
0.313726 0.164706
0.317647 0.164706
0.321569 0.164706
0.325490 0.164706
0.329412 0.164706
0.333333 0.164706
0.337255 0.164706
0.341176 0.164706
0.345098 0.164706
0.349020 0.164706
0.352941 0.164706
0.356863 0.164706
0.360784 0.164706
0.364706 0.164706
0.368627 0.164706
0.372549 0.164706
0.376471 0.164706
0.380392 0.164706
0.384314 0.164706
0.388235 0.164706
0.392157 0.164706
0.396078 0.164706
0.400000 0.164706
0.403922 0.164706
0.407843 0.164706
0.411765 0.164706
0.415686 0.164706
0.419608 0.164706
0.423529 0.164706
0.427451 0.164706
0.431373 0.164706
0.435294 0.164706
0.439216 0.164706
0.443137 0.164706
0.447059 0.164706
0.450980 0.164706
0.454902 0.164706
0.458824 0.164706
0.462745 0.164706
0.466667 0.164706
0.470588 0.164706
0.474510 0.164706
0.478431 0.164706
0.482353 0.164706
0.486275 0.164706
0.490196 0.164706
0.494118 0.164706
0.498039 0.164706
0.501961 0.164706
0.505882 0.164706
0.509804 0.164706
0.513726 0.164706
0.517647 0.164706
0.521569 0.164706
0.525490 0.164706
0.529412 0.164706
0.533333 0.164706
0.537255 0.164706
0.541176 0.164706
0.545098 0.164706
0.549020 0.164706
0.552941 0.164706
0.556863 0.164706
0.560784 0.164706
0.564706 0.164706
0.568627 0.164706
0.572549 0.164706
0.576471 0.164706
0.580392 0.164706
0.584314 0.164706
0.588235 0.164706
0.592157 0.164706
0.596078 0.164706
0.600000 0.164706
0.603922 0.164706
0.607843 0.164706
0.611765 0.164706
0.615686 0.164706
0.619608 0.164706
0.623529 0.164706
0.627451 0.164706
0.631373 0.164706
0.635294 0.164706
0.639216 0.164706
0.643137 0.164706
0.647059 0.164706
0.650980 0.164706
0.654902 0.164706
0.658824 0.164706
0.662745 0.164706
0.666667 0.164706
0.670588 0.164706
0.674510 0.164706
0.678431 0.164706
0.682353 0.164706
0.686275 0.164706
0.690196 0.164706
0.694118 0.164706
0.698039 0.164706
0.701961 0.164706
0.705882 0.164706
0.709804 0.164706
0.713726 0.164706
0.717647 0.164706
0.721569 0.164706
0.725490 0.164706
0.729412 0.164706
0.733333 0.164706
0.737255 0.164706
0.741176 0.164706
0.745098 0.164706
0.749020 0.164706
0.752941 0.164706
0.756863 0.164706
0.760784 0.164706
0.764706 0.164706
0.768627 0.164706
0.772549 0.164706
0.776471 0.164706
0.780392 0.164706
0.784314 0.164706
0.788235 0.164706
0.792157 0.164706
0.796078 0.164706
0.800000 0.164706
0.803922 0.164706
0.807843 0.164706
0.811765 0.164706
0.815686 0.164706
0.819608 0.164706
0.823529 0.164706
0.827451 0.164706
0.831373 0.164706
0.835294 0.164706
0.839216 0.164706
0.843137 0.164706
0.847059 0.164706
0.850980 0.164706
0.854902 0.164706
0.858824 0.164706
0.862745 0.164706
0.866667 0.164706
0.870588 0.164706
0.874510 0.164706
0.878431 0.164706
0.882353 0.164706
0.886275 0.164706
0.890196 0.164706
0.894118 0.164706
0.898039 0.164706
0.901961 0.164706
0.905882 0.164706
0.909804 0.164706
0.913725 0.164706
0.917647 0.164706
0.921569 0.164706
0.925490 0.164706
0.929412 0.164706
0.933333 0.164706
0.937255 0.164706
0.941176 0.164706
0.945098 0.164706
0.949020 0.164706
0.952941 0.164706
0.956863 0.164706
0.960784 0.164706
0.964706 0.164706
0.968627 0.164706
0.972549 0.164706
0.976471 0.164706
0.980392 0.164706
0.984314 0.164706
0.988235 0.164706
0.992157 0.164706
0.996078 0.164706
1.000000 0.164706

i = 430.000000 0.168627
0.003922 0.168627
0.007843 0.168627
0.011765 0.168627
0.015686 0.168627
0.019608 0.168627
0.023529 0.168627
0.027451 0.168627
0.031373 0.168627
0.035294 0.168627
0.039216 0.168627
0.043137 0.168627
0.047059 0.168627
0.050980 0.168627
0.054902 0.168627
0.058824 0.168627
0.062745 0.168627
0.066667 0.168627
0.070588 0.168627
0.074510 0.168627
0.078431 0.168627
0.082353 0.168627
0.086275 0.168627
0.090196 0.168627
0.094118 0.168627
0.098039 0.168627
0.101961 0.168627
0.105882 0.168627
0.109804 0.168627
0.113725 0.168627
0.117647 0.168627
0.121569 0.168627
0.125490 0.168627
0.129412 0.168627
0.133333 0.168627
0.137255 0.168627
0.141176 0.168627
0.145098 0.168627
0.149020 0.168627
0.152941 0.168627
0.156863 0.168627
0.160784 0.168627
0.164706 0.168627
0.168627 0.168627
0.172549 0.168627
0.176471 0.168627
0.180392 0.168627
0.184314 0.168627
0.188235 0.168627
0.192157 0.168627
0.196078 0.168627
0.200000 0.168627
0.203922 0.168627
0.207843 0.168627
0.211765 0.168627
0.215686 0.168627
0.219608 0.168627
0.223529 0.168627
0.227451 0.168627
0.231373 0.168627
0.235294 0.168627
0.239216 0.168627
0.243137 0.168627
0.247059 0.168627
0.250980 0.168627
0.254902 0.168627
0.258824 0.168627
0.262745 0.168627
0.266667 0.168627
0.270588 0.168627
0.274510 0.168627
0.278431 0.168627
0.282353 0.168627
0.286275 0.168627
0.290196 0.168627
0.294118 0.168627
0.298039 0.168627
0.301961 0.168627
0.305882 0.168627
0.309804 0.168627
0.313726 0.168627
0.317647 0.168627
0.321569 0.168627
0.325490 0.168627
0.329412 0.168627
0.333333 0.168627
0.337255 0.168627
0.341176 0.168627
0.345098 0.168627
0.349020 0.168627
0.352941 0.168627
0.356863 0.168627
0.360784 0.168627
0.364706 0.168627
0.368627 0.168627
0.372549 0.168627
0.376471 0.168627
0.380392 0.168627
0.384314 0.168627
0.388235 0.168627
0.392157 0.168627
0.396078 0.168627
0.400000 0.168627
0.403922 0.168627
0.407843 0.168627
0.411765 0.168627
0.415686 0.168627
0.419608 0.168627
0.423529 0.168627
0.427451 0.168627
0.431373 0.168627
0.435294 0.168627
0.439216 0.168627
0.443137 0.168627
0.447059 0.168627
0.450980 0.168627
0.454902 0.168627
0.458824 0.168627
0.462745 0.168627
0.466667 0.168627
0.470588 0.168627
0.474510 0.168627
0.478431 0.168627
0.482353 0.168627
0.486275 0.168627
0.490196 0.168627
0.494118 0.168627
0.498039 0.168627
0.501961 0.168627
0.505882 0.168627
0.509804 0.168627
0.513726 0.168627
0.517647 0.168627
0.521569 0.168627
0.525490 0.168627
0.529412 0.168627
0.533333 0.168627
0.537255 0.168627
0.541176 0.168627
0.545098 0.168627
0.549020 0.168627
0.552941 0.168627
0.556863 0.168627
0.560784 0.168627
0.564706 0.168627
0.568627 0.168627
0.572549 0.168627
0.576471 0.168627
0.580392 0.168627
0.584314 0.168627
0.588235 0.168627
0.592157 0.168627
0.596078 0.168627
0.600000 0.168627
0.603922 0.168627
0.607843 0.168627
0.611765 0.168627
0.615686 0.168627
0.619608 0.168627
0.623529 0.168627
0.627451 0.168627
0.631373 0.168627
0.635294 0.168627
0.639216 0.168627
0.643137 0.168627
0.647059 0.168627
0.650980 0.168627
0.654902 0.168627
0.658824 0.168627
0.662745 0.168627
0.666667 0.168627
0.670588 0.168627
0.674510 0.168627
0.678431 0.168627
0.682353 0.168627
0.686275 0.168627
0.690196 0.168627
0.694118 0.168627
0.698039 0.168627
0.701961 0.168627
0.705882 0.168627
0.709804 0.168627
0.713726 0.168627
0.717647 0.168627
0.721569 0.168627
0.725490 0.168627
0.729412 0.168627
0.733333 0.168627
0.737255 0.168627
0.741176 0.168627
0.745098 0.168627
0.749020 0.168627
0.752941 0.168627
0.756863 0.168627
0.760784 0.168627
0.764706 0.168627
0.768627 0.168627
0.772549 0.168627
0.776471 0.168627
0.780392 0.168627
0.784314 0.168627
0.788235 0.168627
0.792157 0.168627
0.796078 0.168627
0.800000 0.168627
0.803922 0.168627
0.807843 0.168627
0.811765 0.168627
0.815686 0.168627
0.819608 0.168627
0.823529 0.168627
0.827451 0.168627
0.831373 0.168627
0.835294 0.168627
0.839216 0.168627
0.843137 0.168627
0.847059 0.168627
0.850980 0.168627
0.854902 0.168627
0.858824 0.168627
0.862745 0.168627
0.866667 0.168627
0.870588 0.168627
0.874510 0.168627
0.878431 0.168627
0.882353 0.168627
0.886275 0.168627
0.890196 0.168627
0.894118 0.168627
0.898039 0.168627
0.901961 0.168627
0.905882 0.168627
0.909804 0.168627
0.913725 0.168627
0.917647 0.168627
0.921569 0.168627
0.925490 0.168627
0.929412 0.168627
0.933333 0.168627
0.937255 0.168627
0.941176 0.168627
0.945098 0.168627
0.949020 0.168627
0.952941 0.168627
0.956863 0.168627
0.960784 0.168627
0.964706 0.168627
0.968627 0.168627
0.972549 0.168627
0.976471 0.168627
0.980392 0.168627
0.984314 0.168627
0.988235 0.168627
0.992157 0.168627
0.996078 0.168627
1.000000 0.168627

i = 440.000000 0.172549
0.003922 0.172549
0.007843 0.172549
0.011765 0.172549
0.015686 0.172549
0.019608 0.172549
0.023529 0.172549
0.027451 0.172549
0.031373 0.172549
0.035294 0.172549
0.039216 0.172549
0.043137 0.172549
0.047059 0.172549
0.050980 0.172549
0.054902 0.172549
0.058824 0.172549
0.062745 0.172549
0.066667 0.172549
0.070588 0.172549
0.074510 0.172549
0.078431 0.172549
0.082353 0.172549
0.086275 0.172549
0.090196 0.172549
0.094118 0.172549
0.098039 0.172549
0.101961 0.172549
0.105882 0.172549
0.109804 0.172549
0.113725 0.172549
0.117647 0.172549
0.121569 0.172549
0.125490 0.172549
0.129412 0.172549
0.133333 0.172549
0.137255 0.172549
0.141176 0.172549
0.145098 0.172549
0.149020 0.172549
0.152941 0.172549
0.156863 0.172549
0.160784 0.172549
0.164706 0.172549
0.168627 0.172549
0.172549 0.172549
0.176471 0.172549
0.180392 0.172549
0.184314 0.172549
0.188235 0.172549
0.192157 0.172549
0.196078 0.172549
0.200000 0.172549
0.203922 0.172549
0.207843 0.172549
0.211765 0.172549
0.215686 0.172549
0.219608 0.172549
0.223529 0.172549
0.227451 0.172549
0.231373 0.172549
0.235294 0.172549
0.239216 0.172549
0.243137 0.172549
0.247059 0.172549
0.250980 0.172549
0.254902 0.172549
0.258824 0.172549
0.262745 0.172549
0.266667 0.172549
0.270588 0.172549
0.274510 0.172549
0.278431 0.172549
0.282353 0.172549
0.286275 0.172549
0.290196 0.172549
0.294118 0.172549
0.298039 0.172549
0.301961 0.172549
0.305882 0.172549
0.309804 0.172549
0.313726 0.172549
0.317647 0.172549
0.321569 0.172549
0.325490 0.172549
0.329412 0.172549
0.333333 0.172549
0.337255 0.172549
0.341176 0.172549
0.345098 0.172549
0.349020 0.172549
0.352941 0.172549
0.356863 0.172549
0.360784 0.172549
0.364706 0.172549
0.368627 0.172549
0.372549 0.172549
0.376471 0.172549
0.380392 0.172549
0.384314 0.172549
0.388235 0.172549
0.392157 0.172549
0.396078 0.172549
0.400000 0.172549
0.403922 0.172549
0.407843 0.172549
0.411765 0.172549
0.415686 0.172549
0.419608 0.172549
0.423529 0.172549
0.427451 0.172549
0.431373 0.172549
0.435294 0.172549
0.439216 0.172549
0.443137 0.172549
0.447059 0.172549
0.450980 0.172549
0.454902 0.172549
0.458824 0.172549
0.462745 0.172549
0.466667 0.172549
0.470588 0.172549
0.474510 0.172549
0.478431 0.172549
0.482353 0.172549
0.486275 0.172549
0.490196 0.172549
0.494118 0.172549
0.498039 0.172549
0.501961 0.172549
0.505882 0.172549
0.509804 0.172549
0.513726 0.172549
0.517647 0.172549
0.521569 0.172549
0.525490 0.172549
0.529412 0.172549
0.533333 0.172549
0.537255 0.172549
0.541176 0.172549
0.545098 0.172549
0.549020 0.172549
0.552941 0.172549
0.556863 0.172549
0.560784 0.172549
0.564706 0.172549
0.568627 0.172549
0.572549 0.172549
0.576471 0.172549
0.580392 0.172549
0.584314 0.172549
0.588235 0.172549
0.592157 0.172549
0.596078 0.172549
0.600000 0.172549
0.603922 0.172549
0.607843 0.172549
0.611765 0.172549
0.615686 0.172549
0.619608 0.172549
0.623529 0.172549
0.627451 0.172549
0.631373 0.172549
0.635294 0.172549
0.639216 0.172549
0.643137 0.172549
0.647059 0.172549
0.650980 0.172549
0.654902 0.172549
0.658824 0.172549
0.662745 0.172549
0.666667 0.172549
0.670588 0.172549
0.674510 0.172549
0.678431 0.172549
0.682353 0.172549
0.686275 0.172549
0.690196 0.172549
0.694118 0.172549
0.698039 0.172549
0.701961 0.172549
0.705882 0.172549
0.709804 0.172549
0.713726 0.172549
0.717647 0.172549
0.721569 0.172549
0.725490 0.172549
0.729412 0.172549
0.733333 0.172549
0.737255 0.172549
0.741176 0.172549
0.745098 0.172549
0.749020 0.172549
0.752941 0.172549
0.756863 0.172549
0.760784 0.172549
0.764706 0.172549
0.768627 0.172549
0.772549 0.172549
0.776471 0.172549
0.780392 0.172549
0.784314 0.172549
0.788235 0.172549
0.792157 0.172549
0.796078 0.172549
0.800000 0.172549
0.803922 0.172549
0.807843 0.172549
0.811765 0.172549
0.815686 0.172549
0.819608 0.172549
0.823529 0.172549
0.827451 0.172549
0.831373 0.172549
0.835294 0.172549
0.839216 0.172549
0.843137 0.172549
0.847059 0.172549
0.850980 0.172549
0.854902 0.172549
0.858824 0.172549
0.862745 0.172549
0.866667 0.172549
0.870588 0.172549
0.874510 0.172549
0.878431 0.172549
0.882353 0.172549
0.886275 0.172549
0.890196 0.172549
0.894118 0.172549
0.898039 0.172549
0.901961 0.172549
0.905882 0.172549
0.909804 0.172549
0.913725 0.172549
0.917647 0.172549
0.921569 0.172549
0.925490 0.172549
0.929412 0.172549
0.933333 0.172549
0.937255 0.172549
0.941176 0.172549
0.945098 0.172549
0.949020 0.172549
0.952941 0.172549
0.956863 0.172549
0.960784 0.172549
0.964706 0.172549
0.968627 0.172549
0.972549 0.172549
0.976471 0.172549
0.980392 0.172549
0.984314 0.172549
0.988235 0.172549
0.992157 0.172549
0.996078 0.172549
1.000000 0.172549

i = 450.000000 0.176471
0.003922 0.176471
0.007843 0.176471
0.011765 0.176471
0.015686 0.176471
0.019608 0.176471
0.023529 0.176471
0.027451 0.176471
0.031373 0.176471
0.035294 0.176471
0.039216 0.176471
0.043137 0.176471
0.047059 0.176471
0.050980 0.176471
0.054902 0.176471
0.058824 0.176471
0.062745 0.176471
0.066667 0.176471
0.070588 0.176471
0.074510 0.176471
0.078431 0.176471
0.082353 0.176471
0.086275 0.176471
0.090196 0.176471
0.094118 0.176471
0.098039 0.176471
0.101961 0.176471
0.105882 0.176471
0.109804 0.176471
0.113725 0.176471
0.117647 0.176471
0.121569 0.176471
0.125490 0.176471
0.129412 0.176471
0.133333 0.176471
0.137255 0.176471
0.141176 0.176471
0.145098 0.176471
0.149020 0.176471
0.152941 0.176471
0.156863 0.176471
0.160784 0.176471
0.164706 0.176471
0.168627 0.176471
0.172549 0.176471
0.176471 0.176471
0.180392 0.176471
0.184314 0.176471
0.188235 0.176471
0.192157 0.176471
0.196078 0.176471
0.200000 0.176471
0.203922 0.176471
0.207843 0.176471
0.211765 0.176471
0.215686 0.176471
0.219608 0.176471
0.223529 0.176471
0.227451 0.176471
0.231373 0.176471
0.235294 0.176471
0.239216 0.176471
0.243137 0.176471
0.247059 0.176471
0.250980 0.176471
0.254902 0.176471
0.258824 0.176471
0.262745 0.176471
0.266667 0.176471
0.270588 0.176471
0.274510 0.176471
0.278431 0.176471
0.282353 0.176471
0.286275 0.176471
0.290196 0.176471
0.294118 0.176471
0.298039 0.176471
0.301961 0.176471
0.305882 0.176471
0.309804 0.176471
0.313726 0.176471
0.317647 0.176471
0.321569 0.176471
0.325490 0.176471
0.329412 0.176471
0.333333 0.176471
0.337255 0.176471
0.341176 0.176471
0.345098 0.176471
0.349020 0.176471
0.352941 0.176471
0.356863 0.176471
0.360784 0.176471
0.364706 0.176471
0.368627 0.176471
0.372549 0.176471
0.376471 0.176471
0.380392 0.176471
0.384314 0.176471
0.388235 0.176471
0.392157 0.176471
0.396078 0.176471
0.400000 0.176471
0.403922 0.176471
0.407843 0.176471
0.411765 0.176471
0.415686 0.176471
0.419608 0.176471
0.423529 0.176471
0.427451 0.176471
0.431373 0.176471
0.435294 0.176471
0.439216 0.176471
0.443137 0.176471
0.447059 0.176471
0.450980 0.176471
0.454902 0.176471
0.458824 0.176471
0.462745 0.176471
0.466667 0.176471
0.470588 0.176471
0.474510 0.176471
0.478431 0.176471
0.482353 0.176471
0.486275 0.176471
0.490196 0.176471
0.494118 0.176471
0.498039 0.176471
0.501961 0.176471
0.505882 0.176471
0.509804 0.176471
0.513726 0.176471
0.517647 0.176471
0.521569 0.176471
0.525490 0.176471
0.529412 0.176471
0.533333 0.176471
0.537255 0.176471
0.541176 0.176471
0.545098 0.176471
0.549020 0.176471
0.552941 0.176471
0.556863 0.176471
0.560784 0.176471
0.564706 0.176471
0.568627 0.176471
0.572549 0.176471
0.576471 0.176471
0.580392 0.176471
0.584314 0.176471
0.588235 0.176471
0.592157 0.176471
0.596078 0.176471
0.600000 0.176471
0.603922 0.176471
0.607843 0.176471
0.611765 0.176471
0.615686 0.176471
0.619608 0.176471
0.623529 0.176471
0.627451 0.176471
0.631373 0.176471
0.635294 0.176471
0.639216 0.176471
0.643137 0.176471
0.647059 0.176471
0.650980 0.176471
0.654902 0.176471
0.658824 0.176471
0.662745 0.176471
0.666667 0.176471
0.670588 0.176471
0.674510 0.176471
0.678431 0.176471
0.682353 0.176471
0.686275 0.176471
0.690196 0.176471
0.694118 0.176471
0.698039 0.176471
0.701961 0.176471
0.705882 0.176471
0.709804 0.176471
0.713726 0.176471
0.717647 0.176471
0.721569 0.176471
0.725490 0.176471
0.729412 0.176471
0.733333 0.176471
0.737255 0.176471
0.741176 0.176471
0.745098 0.176471
0.749020 0.176471
0.752941 0.176471
0.756863 0.176471
0.760784 0.176471
0.764706 0.176471
0.768627 0.176471
0.772549 0.176471
0.776471 0.176471
0.780392 0.176471
0.784314 0.176471
0.788235 0.176471
0.792157 0.176471
0.796078 0.176471
0.800000 0.176471
0.803922 0.176471
0.807843 0.176471
0.811765 0.176471
0.815686 0.176471
0.819608 0.176471
0.823529 0.176471
0.827451 0.176471
0.831373 0.176471
0.835294 0.176471
0.839216 0.176471
0.843137 0.176471
0.847059 0.176471
0.850980 0.176471
0.854902 0.176471
0.858824 0.176471
0.862745 0.176471
0.866667 0.176471
0.870588 0.176471
0.874510 0.176471
0.878431 0.176471
0.882353 0.176471
0.886275 0.176471
0.890196 0.176471
0.894118 0.176471
0.898039 0.176471
0.901961 0.176471
0.905882 0.176471
0.909804 0.176471
0.913725 0.176471
0.917647 0.176471
0.921569 0.176471
0.925490 0.176471
0.929412 0.176471
0.933333 0.176471
0.937255 0.176471
0.941176 0.176471
0.945098 0.176471
0.949020 0.176471
0.952941 0.176471
0.956863 0.176471
0.960784 0.176471
0.964706 0.176471
0.968627 0.176471
0.972549 0.176471
0.976471 0.176471
0.980392 0.176471
0.984314 0.176471
0.988235 0.176471
0.992157 0.176471
0.996078 0.176471
1.000000 0.176471

i = 460.000000 0.180392
0.003922 0.180392
0.007843 0.180392
0.011765 0.180392
0.015686 0.180392
0.019608 0.180392
0.023529 0.180392
0.027451 0.180392
0.031373 0.180392
0.035294 0.180392
0.039216 0.180392
0.043137 0.180392
0.047059 0.180392
0.050980 0.180392
0.054902 0.180392
0.058824 0.180392
0.062745 0.180392
0.066667 0.180392
0.070588 0.180392
0.074510 0.180392
0.078431 0.180392
0.082353 0.180392
0.086275 0.180392
0.090196 0.180392
0.094118 0.180392
0.098039 0.180392
0.101961 0.180392
0.105882 0.180392
0.109804 0.180392
0.113725 0.180392
0.117647 0.180392
0.121569 0.180392
0.125490 0.180392
0.129412 0.180392
0.133333 0.180392
0.137255 0.180392
0.141176 0.180392
0.145098 0.180392
0.149020 0.180392
0.152941 0.180392
0.156863 0.180392
0.160784 0.180392
0.164706 0.180392
0.168627 0.180392
0.172549 0.180392
0.176471 0.180392
0.180392 0.180392
0.184314 0.180392
0.188235 0.180392
0.192157 0.180392
0.196078 0.180392
0.200000 0.180392
0.203922 0.180392
0.207843 0.180392
0.211765 0.180392
0.215686 0.180392
0.219608 0.180392
0.223529 0.180392
0.227451 0.180392
0.231373 0.180392
0.235294 0.180392
0.239216 0.180392
0.243137 0.180392
0.247059 0.180392
0.250980 0.180392
0.254902 0.180392
0.258824 0.180392
0.262745 0.180392
0.266667 0.180392
0.270588 0.180392
0.274510 0.180392
0.278431 0.180392
0.282353 0.180392
0.286275 0.180392
0.290196 0.180392
0.294118 0.180392
0.298039 0.180392
0.301961 0.180392
0.305882 0.180392
0.309804 0.180392
0.313726 0.180392
0.317647 0.180392
0.321569 0.180392
0.325490 0.180392
0.329412 0.180392
0.333333 0.180392
0.337255 0.180392
0.341176 0.180392
0.345098 0.180392
0.349020 0.180392
0.352941 0.180392
0.356863 0.180392
0.360784 0.180392
0.364706 0.180392
0.368627 0.180392
0.372549 0.180392
0.376471 0.180392
0.380392 0.180392
0.384314 0.180392
0.388235 0.180392
0.392157 0.180392
0.396078 0.180392
0.400000 0.180392
0.403922 0.180392
0.407843 0.180392
0.411765 0.180392
0.415686 0.180392
0.419608 0.180392
0.423529 0.180392
0.427451 0.180392
0.431373 0.180392
0.435294 0.180392
0.439216 0.180392
0.443137 0.180392
0.447059 0.180392
0.450980 0.180392
0.454902 0.180392
0.458824 0.180392
0.462745 0.180392
0.466667 0.180392
0.470588 0.180392
0.474510 0.180392
0.478431 0.180392
0.482353 0.180392
0.486275 0.180392
0.490196 0.180392
0.494118 0.180392
0.498039 0.180392
0.501961 0.180392
0.505882 0.180392
0.509804 0.180392
0.513726 0.180392
0.517647 0.180392
0.521569 0.180392
0.525490 0.180392
0.529412 0.180392
0.533333 0.180392
0.537255 0.180392
0.541176 0.180392
0.545098 0.180392
0.549020 0.180392
0.552941 0.180392
0.556863 0.180392
0.560784 0.180392
0.564706 0.180392
0.568627 0.180392
0.572549 0.180392
0.576471 0.180392
0.580392 0.180392
0.584314 0.180392
0.588235 0.180392
0.592157 0.180392
0.596078 0.180392
0.600000 0.180392
0.603922 0.180392
0.607843 0.180392
0.611765 0.180392
0.615686 0.180392
0.619608 0.180392
0.623529 0.180392
0.627451 0.180392
0.631373 0.180392
0.635294 0.180392
0.639216 0.180392
0.643137 0.180392
0.647059 0.180392
0.650980 0.180392
0.654902 0.180392
0.658824 0.180392
0.662745 0.180392
0.666667 0.180392
0.670588 0.180392
0.674510 0.180392
0.678431 0.180392
0.682353 0.180392
0.686275 0.180392
0.690196 0.180392
0.694118 0.180392
0.698039 0.180392
0.701961 0.180392
0.705882 0.180392
0.709804 0.180392
0.713726 0.180392
0.717647 0.180392
0.721569 0.180392
0.725490 0.180392
0.729412 0.180392
0.733333 0.180392
0.737255 0.180392
0.741176 0.180392
0.745098 0.180392
0.749020 0.180392
0.752941 0.180392
0.756863 0.180392
0.760784 0.180392
0.764706 0.180392
0.768627 0.180392
0.772549 0.180392
0.776471 0.180392
0.780392 0.180392
0.784314 0.180392
0.788235 0.180392
0.792157 0.180392
0.796078 0.180392
0.800000 0.180392
0.803922 0.180392
0.807843 0.180392
0.811765 0.180392
0.815686 0.180392
0.819608 0.180392
0.823529 0.180392
0.827451 0.180392
0.831373 0.180392
0.835294 0.180392
0.839216 0.180392
0.843137 0.180392
0.847059 0.180392
0.850980 0.180392
0.854902 0.180392
0.858824 0.180392
0.862745 0.180392
0.866667 0.180392
0.870588 0.180392
0.874510 0.180392
0.878431 0.180392
0.882353 0.180392
0.886275 0.180392
0.890196 0.180392
0.894118 0.180392
0.898039 0.180392
0.901961 0.180392
0.905882 0.180392
0.909804 0.180392
0.913725 0.180392
0.917647 0.180392
0.921569 0.180392
0.925490 0.180392
0.929412 0.180392
0.933333 0.180392
0.937255 0.180392
0.941176 0.180392
0.945098 0.180392
0.949020 0.180392
0.952941 0.180392
0.956863 0.180392
0.960784 0.180392
0.964706 0.180392
0.968627 0.180392
0.972549 0.180392
0.976471 0.180392
0.980392 0.180392
0.984314 0.180392
0.988235 0.180392
0.992157 0.180392
0.996078 0.180392
1.000000 0.180392

i = 470.000000 0.184314
0.003922 0.184314
0.007843 0.184314
0.011765 0.184314
0.015686 0.184314
0.019608 0.184314
0.023529 0.184314
0.027451 0.184314
0.031373 0.184314
0.035294 0.184314
0.039216 0.184314
0.043137 0.184314
0.047059 0.184314
0.050980 0.184314
0.054902 0.184314
0.058824 0.184314
0.062745 0.184314
0.066667 0.184314
0.070588 0.184314
0.074510 0.184314
0.078431 0.184314
0.082353 0.184314
0.086275 0.184314
0.090196 0.184314
0.094118 0.184314
0.098039 0.184314
0.101961 0.184314
0.105882 0.184314
0.109804 0.184314
0.113725 0.184314
0.117647 0.184314
0.121569 0.184314
0.125490 0.184314
0.129412 0.184314
0.133333 0.184314
0.137255 0.184314
0.141176 0.184314
0.145098 0.184314
0.149020 0.184314
0.152941 0.184314
0.156863 0.184314
0.160784 0.184314
0.164706 0.184314
0.168627 0.184314
0.172549 0.184314
0.176471 0.184314
0.180392 0.184314
0.184314 0.184314
0.188235 0.184314
0.192157 0.184314
0.196078 0.184314
0.200000 0.184314
0.203922 0.184314
0.207843 0.184314
0.211765 0.184314
0.215686 0.184314
0.219608 0.184314
0.223529 0.184314
0.227451 0.184314
0.231373 0.184314
0.235294 0.184314
0.239216 0.184314
0.243137 0.184314
0.247059 0.184314
0.250980 0.184314
0.254902 0.184314
0.258824 0.184314
0.262745 0.184314
0.266667 0.184314
0.270588 0.184314
0.274510 0.184314
0.278431 0.184314
0.282353 0.184314
0.286275 0.184314
0.290196 0.184314
0.294118 0.184314
0.298039 0.184314
0.301961 0.184314
0.305882 0.184314
0.309804 0.184314
0.313726 0.184314
0.317647 0.184314
0.321569 0.184314
0.325490 0.184314
0.329412 0.184314
0.333333 0.184314
0.337255 0.184314
0.341176 0.184314
0.345098 0.184314
0.349020 0.184314
0.352941 0.184314
0.356863 0.184314
0.360784 0.184314
0.364706 0.184314
0.368627 0.184314
0.372549 0.184314
0.376471 0.184314
0.380392 0.184314
0.384314 0.184314
0.388235 0.184314
0.392157 0.184314
0.396078 0.184314
0.400000 0.184314
0.403922 0.184314
0.407843 0.184314
0.411765 0.184314
0.415686 0.184314
0.419608 0.184314
0.423529 0.184314
0.427451 0.184314
0.431373 0.184314
0.435294 0.184314
0.439216 0.184314
0.443137 0.184314
0.447059 0.184314
0.450980 0.184314
0.454902 0.184314
0.458824 0.184314
0.462745 0.184314
0.466667 0.184314
0.470588 0.184314
0.474510 0.184314
0.478431 0.184314
0.482353 0.184314
0.486275 0.184314
0.490196 0.184314
0.494118 0.184314
0.498039 0.184314
0.501961 0.184314
0.505882 0.184314
0.509804 0.184314
0.513726 0.184314
0.517647 0.184314
0.521569 0.184314
0.525490 0.184314
0.529412 0.184314
0.533333 0.184314
0.537255 0.184314
0.541176 0.184314
0.545098 0.184314
0.549020 0.184314
0.552941 0.184314
0.556863 0.184314
0.560784 0.184314
0.564706 0.184314
0.568627 0.184314
0.572549 0.184314
0.576471 0.184314
0.580392 0.184314
0.584314 0.184314
0.588235 0.184314
0.592157 0.184314
0.596078 0.184314
0.600000 0.184314
0.603922 0.184314
0.607843 0.184314
0.611765 0.184314
0.615686 0.184314
0.619608 0.184314
0.623529 0.184314
0.627451 0.184314
0.631373 0.184314
0.635294 0.184314
0.639216 0.184314
0.643137 0.184314
0.647059 0.184314
0.650980 0.184314
0.654902 0.184314
0.658824 0.184314
0.662745 0.184314
0.666667 0.184314
0.670588 0.184314
0.674510 0.184314
0.678431 0.184314
0.682353 0.184314
0.686275 0.184314
0.690196 0.184314
0.694118 0.184314
0.698039 0.184314
0.701961 0.184314
0.705882 0.184314
0.709804 0.184314
0.713726 0.184314
0.717647 0.184314
0.721569 0.184314
0.725490 0.184314
0.729412 0.184314
0.733333 0.184314
0.737255 0.184314
0.741176 0.184314
0.745098 0.184314
0.749020 0.184314
0.752941 0.184314
0.756863 0.184314
0.760784 0.184314
0.764706 0.184314
0.768627 0.184314
0.772549 0.184314
0.776471 0.184314
0.780392 0.184314
0.784314 0.184314
0.788235 0.184314
0.792157 0.184314
0.796078 0.184314
0.800000 0.184314
0.803922 0.184314
0.807843 0.184314
0.811765 0.184314
0.815686 0.184314
0.819608 0.184314
0.823529 0.184314
0.827451 0.184314
0.831373 0.184314
0.835294 0.184314
0.839216 0.184314
0.843137 0.184314
0.847059 0.184314
0.850980 0.184314
0.854902 0.184314
0.858824 0.184314
0.862745 0.184314
0.866667 0.184314
0.870588 0.184314
0.874510 0.184314
0.878431 0.184314
0.882353 0.184314
0.886275 0.184314
0.890196 0.184314
0.894118 0.184314
0.898039 0.184314
0.901961 0.184314
0.905882 0.184314
0.909804 0.184314
0.913725 0.184314
0.917647 0.184314
0.921569 0.184314
0.925490 0.184314
0.929412 0.184314
0.933333 0.184314
0.937255 0.184314
0.941176 0.184314
0.945098 0.184314
0.949020 0.184314
0.952941 0.184314
0.956863 0.184314
0.960784 0.184314
0.964706 0.184314
0.968627 0.184314
0.972549 0.184314
0.976471 0.184314
0.980392 0.184314
0.984314 0.184314
0.988235 0.184314
0.992157 0.184314
0.996078 0.184314
1.000000 0.184314

i = 480.000000 0.188235
0.003922 0.188235
0.007843 0.188235
0.011765 0.188235
0.015686 0.188235
0.019608 0.188235
0.023529 0.188235
0.027451 0.188235
0.031373 0.188235
0.035294 0.188235
0.039216 0.188235
0.043137 0.188235
0.047059 0.188235
0.050980 0.188235
0.054902 0.188235
0.058824 0.188235
0.062745 0.188235
0.066667 0.188235
0.070588 0.188235
0.074510 0.188235
0.078431 0.188235
0.082353 0.188235
0.086275 0.188235
0.090196 0.188235
0.094118 0.188235
0.098039 0.188235
0.101961 0.188235
0.105882 0.188235
0.109804 0.188235
0.113725 0.188235
0.117647 0.188235
0.121569 0.188235
0.125490 0.188235
0.129412 0.188235
0.133333 0.188235
0.137255 0.188235
0.141176 0.188235
0.145098 0.188235
0.149020 0.188235
0.152941 0.188235
0.156863 0.188235
0.160784 0.188235
0.164706 0.188235
0.168627 0.188235
0.172549 0.188235
0.176471 0.188235
0.180392 0.188235
0.184314 0.188235
0.188235 0.188235
0.192157 0.188235
0.196078 0.188235
0.200000 0.188235
0.203922 0.188235
0.207843 0.188235
0.211765 0.188235
0.215686 0.188235
0.219608 0.188235
0.223529 0.188235
0.227451 0.188235
0.231373 0.188235
0.235294 0.188235
0.239216 0.188235
0.243137 0.188235
0.247059 0.188235
0.250980 0.188235
0.254902 0.188235
0.258824 0.188235
0.262745 0.188235
0.266667 0.188235
0.270588 0.188235
0.274510 0.188235
0.278431 0.188235
0.282353 0.188235
0.286275 0.188235
0.290196 0.188235
0.294118 0.188235
0.298039 0.188235
0.301961 0.188235
0.305882 0.188235
0.309804 0.188235
0.313726 0.188235
0.317647 0.188235
0.321569 0.188235
0.325490 0.188235
0.329412 0.188235
0.333333 0.188235
0.337255 0.188235
0.341176 0.188235
0.345098 0.188235
0.349020 0.188235
0.352941 0.188235
0.356863 0.188235
0.360784 0.188235
0.364706 0.188235
0.368627 0.188235
0.372549 0.188235
0.376471 0.188235
0.380392 0.188235
0.384314 0.188235
0.388235 0.188235
0.392157 0.188235
0.396078 0.188235
0.400000 0.188235
0.403922 0.188235
0.407843 0.188235
0.411765 0.188235
0.415686 0.188235
0.419608 0.188235
0.423529 0.188235
0.427451 0.188235
0.431373 0.188235
0.435294 0.188235
0.439216 0.188235
0.443137 0.188235
0.447059 0.188235
0.450980 0.188235
0.454902 0.188235
0.458824 0.188235
0.462745 0.188235
0.466667 0.188235
0.470588 0.188235
0.474510 0.188235
0.478431 0.188235
0.482353 0.188235
0.486275 0.188235
0.490196 0.188235
0.494118 0.188235
0.498039 0.188235
0.501961 0.188235
0.505882 0.188235
0.509804 0.188235
0.513726 0.188235
0.517647 0.188235
0.521569 0.188235
0.525490 0.188235
0.529412 0.188235
0.533333 0.188235
0.537255 0.188235
0.541176 0.188235
0.545098 0.188235
0.549020 0.188235
0.552941 0.188235
0.556863 0.188235
0.560784 0.188235
0.564706 0.188235
0.568627 0.188235
0.572549 0.188235
0.576471 0.188235
0.580392 0.188235
0.584314 0.188235
0.588235 0.188235
0.592157 0.188235
0.596078 0.188235
0.600000 0.188235
0.603922 0.188235
0.607843 0.188235
0.611765 0.188235
0.615686 0.188235
0.619608 0.188235
0.623529 0.188235
0.627451 0.188235
0.631373 0.188235
0.635294 0.188235
0.639216 0.188235
0.643137 0.188235
0.647059 0.188235
0.650980 0.188235
0.654902 0.188235
0.658824 0.188235
0.662745 0.188235
0.666667 0.188235
0.670588 0.188235
0.674510 0.188235
0.678431 0.188235
0.682353 0.188235
0.686275 0.188235
0.690196 0.188235
0.694118 0.188235
0.698039 0.188235
0.701961 0.188235
0.705882 0.188235
0.709804 0.188235
0.713726 0.188235
0.717647 0.188235
0.721569 0.188235
0.725490 0.188235
0.729412 0.188235
0.733333 0.188235
0.737255 0.188235
0.741176 0.188235
0.745098 0.188235
0.749020 0.188235
0.752941 0.188235
0.756863 0.188235
0.760784 0.188235
0.764706 0.188235
0.768627 0.188235
0.772549 0.188235
0.776471 0.188235
0.780392 0.188235
0.784314 0.188235
0.788235 0.188235
0.792157 0.188235
0.796078 0.188235
0.800000 0.188235
0.803922 0.188235
0.807843 0.188235
0.811765 0.188235
0.815686 0.188235
0.819608 0.188235
0.823529 0.188235
0.827451 0.188235
0.831373 0.188235
0.835294 0.188235
0.839216 0.188235
0.843137 0.188235
0.847059 0.188235
0.850980 0.188235
0.854902 0.188235
0.858824 0.188235
0.862745 0.188235
0.866667 0.188235
0.870588 0.188235
0.874510 0.188235
0.878431 0.188235
0.882353 0.188235
0.886275 0.188235
0.890196 0.188235
0.894118 0.188235
0.898039 0.188235
0.901961 0.188235
0.905882 0.188235
0.909804 0.188235
0.913725 0.188235
0.917647 0.188235
0.921569 0.188235
0.925490 0.188235
0.929412 0.188235
0.933333 0.188235
0.937255 0.188235
0.941176 0.188235
0.945098 0.188235
0.949020 0.188235
0.952941 0.188235
0.956863 0.188235
0.960784 0.188235
0.964706 0.188235
0.968627 0.188235
0.972549 0.188235
0.976471 0.188235
0.980392 0.188235
0.984314 0.188235
0.988235 0.188235
0.992157 0.188235
0.996078 0.188235
1.000000 0.188235

i = 490.000000 0.192157
0.003922 0.192157
0.007843 0.192157
0.011765 0.192157
0.015686 0.192157
0.019608 0.192157
0.023529 0.192157
0.027451 0.192157
0.031373 0.192157
0.035294 0.192157
0.039216 0.192157
0.043137 0.192157
0.047059 0.192157
0.050980 0.192157
0.054902 0.192157
0.058824 0.192157
0.062745 0.192157
0.066667 0.192157
0.070588 0.192157
0.074510 0.192157
0.078431 0.192157
0.082353 0.192157
0.086275 0.192157
0.090196 0.192157
0.094118 0.192157
0.098039 0.192157
0.101961 0.192157
0.105882 0.192157
0.109804 0.192157
0.113725 0.192157
0.117647 0.192157
0.121569 0.192157
0.125490 0.192157
0.129412 0.192157
0.133333 0.192157
0.137255 0.192157
0.141176 0.192157
0.145098 0.192157
0.149020 0.192157
0.152941 0.192157
0.156863 0.192157
0.160784 0.192157
0.164706 0.192157
0.168627 0.192157
0.172549 0.192157
0.176471 0.192157
0.180392 0.192157
0.184314 0.192157
0.188235 0.192157
0.192157 0.192157
0.196078 0.192157
0.200000 0.192157
0.203922 0.192157
0.207843 0.192157
0.211765 0.192157
0.215686 0.192157
0.219608 0.192157
0.223529 0.192157
0.227451 0.192157
0.231373 0.192157
0.235294 0.192157
0.239216 0.192157
0.243137 0.192157
0.247059 0.192157
0.250980 0.192157
0.254902 0.192157
0.258824 0.192157
0.262745 0.192157
0.266667 0.192157
0.270588 0.192157
0.274510 0.192157
0.278431 0.192157
0.282353 0.192157
0.286275 0.192157
0.290196 0.192157
0.294118 0.192157
0.298039 0.192157
0.301961 0.192157
0.305882 0.192157
0.309804 0.192157
0.313726 0.192157
0.317647 0.192157
0.321569 0.192157
0.325490 0.192157
0.329412 0.192157
0.333333 0.192157
0.337255 0.192157
0.341176 0.192157
0.345098 0.192157
0.349020 0.192157
0.352941 0.192157
0.356863 0.192157
0.360784 0.192157
0.364706 0.192157
0.368627 0.192157
0.372549 0.192157
0.376471 0.192157
0.380392 0.192157
0.384314 0.192157
0.388235 0.192157
0.392157 0.192157
0.396078 0.192157
0.400000 0.192157
0.403922 0.192157
0.407843 0.192157
0.411765 0.192157
0.415686 0.192157
0.419608 0.192157
0.423529 0.192157
0.427451 0.192157
0.431373 0.192157
0.435294 0.192157
0.439216 0.192157
0.443137 0.192157
0.447059 0.192157
0.450980 0.192157
0.454902 0.192157
0.458824 0.192157
0.462745 0.192157
0.466667 0.192157
0.470588 0.192157
0.474510 0.192157
0.478431 0.192157
0.482353 0.192157
0.486275 0.192157
0.490196 0.192157
0.494118 0.192157
0.498039 0.192157
0.501961 0.192157
0.505882 0.192157
0.509804 0.192157
0.513726 0.192157
0.517647 0.192157
0.521569 0.192157
0.525490 0.192157
0.529412 0.192157
0.533333 0.192157
0.537255 0.192157
0.541176 0.192157
0.545098 0.192157
0.549020 0.192157
0.552941 0.192157
0.556863 0.192157
0.560784 0.192157
0.564706 0.192157
0.568627 0.192157
0.572549 0.192157
0.576471 0.192157
0.580392 0.192157
0.584314 0.192157
0.588235 0.192157
0.592157 0.192157
0.596078 0.192157
0.600000 0.192157
0.603922 0.192157
0.607843 0.192157
0.611765 0.192157
0.615686 0.192157
0.619608 0.192157
0.623529 0.192157
0.627451 0.192157
0.631373 0.192157
0.635294 0.192157
0.639216 0.192157
0.643137 0.192157
0.647059 0.192157
0.650980 0.192157
0.654902 0.192157
0.658824 0.192157
0.662745 0.192157
0.666667 0.192157
0.670588 0.192157
0.674510 0.192157
0.678431 0.192157
0.682353 0.192157
0.686275 0.192157
0.690196 0.192157
0.694118 0.192157
0.698039 0.192157
0.701961 0.192157
0.705882 0.192157
0.709804 0.192157
0.713726 0.192157
0.717647 0.192157
0.721569 0.192157
0.725490 0.192157
0.729412 0.192157
0.733333 0.192157
0.737255 0.192157
0.741176 0.192157
0.745098 0.192157
0.749020 0.192157
0.752941 0.192157
0.756863 0.192157
0.760784 0.192157
0.764706 0.192157
0.768627 0.192157
0.772549 0.192157
0.776471 0.192157
0.780392 0.192157
0.784314 0.192157
0.788235 0.192157
0.792157 0.192157
0.796078 0.192157
0.800000 0.192157
0.803922 0.192157
0.807843 0.192157
0.811765 0.192157
0.815686 0.192157
0.819608 0.192157
0.823529 0.192157
0.827451 0.192157
0.831373 0.192157
0.835294 0.192157
0.839216 0.192157
0.843137 0.192157
0.847059 0.192157
0.850980 0.192157
0.854902 0.192157
0.858824 0.192157
0.862745 0.192157
0.866667 0.192157
0.870588 0.192157
0.874510 0.192157
0.878431 0.192157
0.882353 0.192157
0.886275 0.192157
0.890196 0.192157
0.894118 0.192157
0.898039 0.192157
0.901961 0.192157
0.905882 0.192157
0.909804 0.192157
0.913725 0.192157
0.917647 0.192157
0.921569 0.192157
0.925490 0.192157
0.929412 0.192157
0.933333 0.192157
0.937255 0.192157
0.941176 0.192157
0.945098 0.192157
0.949020 0.192157
0.952941 0.192157
0.956863 0.192157
0.960784 0.192157
0.964706 0.192157
0.968627 0.192157
0.972549 0.192157
0.976471 0.192157
0.980392 0.192157
0.984314 0.192157
0.988235 0.192157
0.992157 0.192157
0.996078 0.192157
1.000000 0.192157

i = 500.000000 0.196078
0.003922 0.196078
0.007843 0.196078
0.011765 0.196078
0.015686 0.196078
0.019608 0.196078
0.023529 0.196078
0.027451 0.196078
0.031373 0.196078
0.035294 0.196078
0.039216 0.196078
0.043137 0.196078
0.047059 0.196078
0.050980 0.196078
0.054902 0.196078
0.058824 0.196078
0.062745 0.196078
0.066667 0.196078
0.070588 0.196078
0.074510 0.196078
0.078431 0.196078
0.082353 0.196078
0.086275 0.196078
0.090196 0.196078
0.094118 0.196078
0.098039 0.196078
0.101961 0.196078
0.105882 0.196078
0.109804 0.196078
0.113725 0.196078
0.117647 0.196078
0.121569 0.196078
0.125490 0.196078
0.129412 0.196078
0.133333 0.196078
0.137255 0.196078
0.141176 0.196078
0.145098 0.196078
0.149020 0.196078
0.152941 0.196078
0.156863 0.196078
0.160784 0.196078
0.164706 0.196078
0.168627 0.196078
0.172549 0.196078
0.176471 0.196078
0.180392 0.196078
0.184314 0.196078
0.188235 0.196078
0.192157 0.196078
0.196078 0.196078
0.200000 0.196078
0.203922 0.196078
0.207843 0.196078
0.211765 0.196078
0.215686 0.196078
0.219608 0.196078
0.223529 0.196078
0.227451 0.196078
0.231373 0.196078
0.235294 0.196078
0.239216 0.196078
0.243137 0.196078
0.247059 0.196078
0.250980 0.196078
0.254902 0.196078
0.258824 0.196078
0.262745 0.196078
0.266667 0.196078
0.270588 0.196078
0.274510 0.196078
0.278431 0.196078
0.282353 0.196078
0.286275 0.196078
0.290196 0.196078
0.294118 0.196078
0.298039 0.196078
0.301961 0.196078
0.305882 0.196078
0.309804 0.196078
0.313726 0.196078
0.317647 0.196078
0.321569 0.196078
0.325490 0.196078
0.329412 0.196078
0.333333 0.196078
0.337255 0.196078
0.341176 0.196078
0.345098 0.196078
0.349020 0.196078
0.352941 0.196078
0.356863 0.196078
0.360784 0.196078
0.364706 0.196078
0.368627 0.196078
0.372549 0.196078
0.376471 0.196078
0.380392 0.196078
0.384314 0.196078
0.388235 0.196078
0.392157 0.196078
0.396078 0.196078
0.400000 0.196078
0.403922 0.196078
0.407843 0.196078
0.411765 0.196078
0.415686 0.196078
0.419608 0.196078
0.423529 0.196078
0.427451 0.196078
0.431373 0.196078
0.435294 0.196078
0.439216 0.196078
0.443137 0.196078
0.447059 0.196078
0.450980 0.196078
0.454902 0.196078
0.458824 0.196078
0.462745 0.196078
0.466667 0.196078
0.470588 0.196078
0.474510 0.196078
0.478431 0.196078
0.482353 0.196078
0.486275 0.196078
0.490196 0.196078
0.494118 0.196078
0.498039 0.196078
0.501961 0.196078
0.505882 0.196078
0.509804 0.196078
0.513726 0.196078
0.517647 0.196078
0.521569 0.196078
0.525490 0.196078
0.529412 0.196078
0.533333 0.196078
0.537255 0.196078
0.541176 0.196078
0.545098 0.196078
0.549020 0.196078
0.552941 0.196078
0.556863 0.196078
0.560784 0.196078
0.564706 0.196078
0.568627 0.196078
0.572549 0.196078
0.576471 0.196078
0.580392 0.196078
0.584314 0.196078
0.588235 0.196078
0.592157 0.196078
0.596078 0.196078
0.600000 0.196078
0.603922 0.196078
0.607843 0.196078
0.611765 0.196078
0.615686 0.196078
0.619608 0.196078
0.623529 0.196078
0.627451 0.196078
0.631373 0.196078
0.635294 0.196078
0.639216 0.196078
0.643137 0.196078
0.647059 0.196078
0.650980 0.196078
0.654902 0.196078
0.658824 0.196078
0.662745 0.196078
0.666667 0.196078
0.670588 0.196078
0.674510 0.196078
0.678431 0.196078
0.682353 0.196078
0.686275 0.196078
0.690196 0.196078
0.694118 0.196078
0.698039 0.196078
0.701961 0.196078
0.705882 0.196078
0.709804 0.196078
0.713726 0.196078
0.717647 0.196078
0.721569 0.196078
0.725490 0.196078
0.729412 0.196078
0.733333 0.196078
0.737255 0.196078
0.741176 0.196078
0.745098 0.196078
0.749020 0.196078
0.752941 0.196078
0.756863 0.196078
0.760784 0.196078
0.764706 0.196078
0.768627 0.196078
0.772549 0.196078
0.776471 0.196078
0.780392 0.196078
0.784314 0.196078
0.788235 0.196078
0.792157 0.196078
0.796078 0.196078
0.800000 0.196078
0.803922 0.196078
0.807843 0.196078
0.811765 0.196078
0.815686 0.196078
0.819608 0.196078
0.823529 0.196078
0.827451 0.196078
0.831373 0.196078
0.835294 0.196078
0.839216 0.196078
0.843137 0.196078
0.847059 0.196078
0.850980 0.196078
0.854902 0.196078
0.858824 0.196078
0.862745 0.196078
0.866667 0.196078
0.870588 0.196078
0.874510 0.196078
0.878431 0.196078
0.882353 0.196078
0.886275 0.196078
0.890196 0.196078
0.894118 0.196078
0.898039 0.196078
0.901961 0.196078
0.905882 0.196078
0.909804 0.196078
0.913725 0.196078
0.917647 0.196078
0.921569 0.196078
0.925490 0.196078
0.929412 0.196078
0.933333 0.196078
0.937255 0.196078
0.941176 0.196078
0.945098 0.196078
0.949020 0.196078
0.952941 0.196078
0.956863 0.196078
0.960784 0.196078
0.964706 0.196078
0.968627 0.196078
0.972549 0.196078
0.976471 0.196078
0.980392 0.196078
0.984314 0.196078
0.988235 0.196078
0.992157 0.196078
0.996078 0.196078
1.000000 0.196078

i = 510.000000 0.200000
0.003922 0.200000
0.007843 0.200000
0.011765 0.200000
0.015686 0.200000
0.019608 0.200000
0.023529 0.200000
0.027451 0.200000
0.031373 0.200000
0.035294 0.200000
0.039216 0.200000
0.043137 0.200000
0.047059 0.200000
0.050980 0.200000
0.054902 0.200000
0.058824 0.200000
0.062745 0.200000
0.066667 0.200000
0.070588 0.200000
0.074510 0.200000
0.078431 0.200000
0.082353 0.200000
0.086275 0.200000
0.090196 0.200000
0.094118 0.200000
0.098039 0.200000
0.101961 0.200000
0.105882 0.200000
0.109804 0.200000
0.113725 0.200000
0.117647 0.200000
0.121569 0.200000
0.125490 0.200000
0.129412 0.200000
0.133333 0.200000
0.137255 0.200000
0.141176 0.200000
0.145098 0.200000
0.149020 0.200000
0.152941 0.200000
0.156863 0.200000
0.160784 0.200000
0.164706 0.200000
0.168627 0.200000
0.172549 0.200000
0.176471 0.200000
0.180392 0.200000
0.184314 0.200000
0.188235 0.200000
0.192157 0.200000
0.196078 0.200000
0.200000 0.200000
0.203922 0.200000
0.207843 0.200000
0.211765 0.200000
0.215686 0.200000
0.219608 0.200000
0.223529 0.200000
0.227451 0.200000
0.231373 0.200000
0.235294 0.200000
0.239216 0.200000
0.243137 0.200000
0.247059 0.200000
0.250980 0.200000
0.254902 0.200000
0.258824 0.200000
0.262745 0.200000
0.266667 0.200000
0.270588 0.200000
0.274510 0.200000
0.278431 0.200000
0.282353 0.200000
0.286275 0.200000
0.290196 0.200000
0.294118 0.200000
0.298039 0.200000
0.301961 0.200000
0.305882 0.200000
0.309804 0.200000
0.313726 0.200000
0.317647 0.200000
0.321569 0.200000
0.325490 0.200000
0.329412 0.200000
0.333333 0.200000
0.337255 0.200000
0.341176 0.200000
0.345098 0.200000
0.349020 0.200000
0.352941 0.200000
0.356863 0.200000
0.360784 0.200000
0.364706 0.200000
0.368627 0.200000
0.372549 0.200000
0.376471 0.200000
0.380392 0.200000
0.384314 0.200000
0.388235 0.200000
0.392157 0.200000
0.396078 0.200000
0.400000 0.200000
0.403922 0.200000
0.407843 0.200000
0.411765 0.200000
0.415686 0.200000
0.419608 0.200000
0.423529 0.200000
0.427451 0.200000
0.431373 0.200000
0.435294 0.200000
0.439216 0.200000
0.443137 0.200000
0.447059 0.200000
0.450980 0.200000
0.454902 0.200000
0.458824 0.200000
0.462745 0.200000
0.466667 0.200000
0.470588 0.200000
0.474510 0.200000
0.478431 0.200000
0.482353 0.200000
0.486275 0.200000
0.490196 0.200000
0.494118 0.200000
0.498039 0.200000
0.501961 0.200000
0.505882 0.200000
0.509804 0.200000
0.513726 0.200000
0.517647 0.200000
0.521569 0.200000
0.525490 0.200000
0.529412 0.200000
0.533333 0.200000
0.537255 0.200000
0.541176 0.200000
0.545098 0.200000
0.549020 0.200000
0.552941 0.200000
0.556863 0.200000
0.560784 0.200000
0.564706 0.200000
0.568627 0.200000
0.572549 0.200000
0.576471 0.200000
0.580392 0.200000
0.584314 0.200000
0.588235 0.200000
0.592157 0.200000
0.596078 0.200000
0.600000 0.200000
0.603922 0.200000
0.607843 0.200000
0.611765 0.200000
0.615686 0.200000
0.619608 0.200000
0.623529 0.200000
0.627451 0.200000
0.631373 0.200000
0.635294 0.200000
0.639216 0.200000
0.643137 0.200000
0.647059 0.200000
0.650980 0.200000
0.654902 0.200000
0.658824 0.200000
0.662745 0.200000
0.666667 0.200000
0.670588 0.200000
0.674510 0.200000
0.678431 0.200000
0.682353 0.200000
0.686275 0.200000
0.690196 0.200000
0.694118 0.200000
0.698039 0.200000
0.701961 0.200000
0.705882 0.200000
0.709804 0.200000
0.713726 0.200000
0.717647 0.200000
0.721569 0.200000
0.725490 0.200000
0.729412 0.200000
0.733333 0.200000
0.737255 0.200000
0.741176 0.200000
0.745098 0.200000
0.749020 0.200000
0.752941 0.200000
0.756863 0.200000
0.760784 0.200000
0.764706 0.200000
0.768627 0.200000
0.772549 0.200000
0.776471 0.200000
0.780392 0.200000
0.784314 0.200000
0.788235 0.200000
0.792157 0.200000
0.796078 0.200000
0.800000 0.200000
0.803922 0.200000
0.807843 0.200000
0.811765 0.200000
0.815686 0.200000
0.819608 0.200000
0.823529 0.200000
0.827451 0.200000
0.831373 0.200000
0.835294 0.200000
0.839216 0.200000
0.843137 0.200000
0.847059 0.200000
0.850980 0.200000
0.854902 0.200000
0.858824 0.200000
0.862745 0.200000
0.866667 0.200000
0.870588 0.200000
0.874510 0.200000
0.878431 0.200000
0.882353 0.200000
0.886275 0.200000
0.890196 0.200000
0.894118 0.200000
0.898039 0.200000
0.901961 0.200000
0.905882 0.200000
0.909804 0.200000
0.913725 0.200000
0.917647 0.200000
0.921569 0.200000
0.925490 0.200000
0.929412 0.200000
0.933333 0.200000
0.937255 0.200000
0.941176 0.200000
0.945098 0.200000
0.949020 0.200000
0.952941 0.200000
0.956863 0.200000
0.960784 0.200000
0.964706 0.200000
0.968627 0.200000
0.972549 0.200000
0.976471 0.200000
0.980392 0.200000
0.984314 0.200000
0.988235 0.200000
0.992157 0.200000
0.996078 0.200000
1.000000 0.200000

i = 520.000000 0.203922
0.003922 0.203922
0.007843 0.203922
0.011765 0.203922
0.015686 0.203922
0.019608 0.203922
0.023529 0.203922
0.027451 0.203922
0.031373 0.203922
0.035294 0.203922
0.039216 0.203922
0.043137 0.203922
0.047059 0.203922
0.050980 0.203922
0.054902 0.203922
0.058824 0.203922
0.062745 0.203922
0.066667 0.203922
0.070588 0.203922
0.074510 0.203922
0.078431 0.203922
0.082353 0.203922
0.086275 0.203922
0.090196 0.203922
0.094118 0.203922
0.098039 0.203922
0.101961 0.203922
0.105882 0.203922
0.109804 0.203922
0.113725 0.203922
0.117647 0.203922
0.121569 0.203922
0.125490 0.203922
0.129412 0.203922
0.133333 0.203922
0.137255 0.203922
0.141176 0.203922
0.145098 0.203922
0.149020 0.203922
0.152941 0.203922
0.156863 0.203922
0.160784 0.203922
0.164706 0.203922
0.168627 0.203922
0.172549 0.203922
0.176471 0.203922
0.180392 0.203922
0.184314 0.203922
0.188235 0.203922
0.192157 0.203922
0.196078 0.203922
0.200000 0.203922
0.203922 0.203922
0.207843 0.203922
0.211765 0.203922
0.215686 0.203922
0.219608 0.203922
0.223529 0.203922
0.227451 0.203922
0.231373 0.203922
0.235294 0.203922
0.239216 0.203922
0.243137 0.203922
0.247059 0.203922
0.250980 0.203922
0.254902 0.203922
0.258824 0.203922
0.262745 0.203922
0.266667 0.203922
0.270588 0.203922
0.274510 0.203922
0.278431 0.203922
0.282353 0.203922
0.286275 0.203922
0.290196 0.203922
0.294118 0.203922
0.298039 0.203922
0.301961 0.203922
0.305882 0.203922
0.309804 0.203922
0.313726 0.203922
0.317647 0.203922
0.321569 0.203922
0.325490 0.203922
0.329412 0.203922
0.333333 0.203922
0.337255 0.203922
0.341176 0.203922
0.345098 0.203922
0.349020 0.203922
0.352941 0.203922
0.356863 0.203922
0.360784 0.203922
0.364706 0.203922
0.368627 0.203922
0.372549 0.203922
0.376471 0.203922
0.380392 0.203922
0.384314 0.203922
0.388235 0.203922
0.392157 0.203922
0.396078 0.203922
0.400000 0.203922
0.403922 0.203922
0.407843 0.203922
0.411765 0.203922
0.415686 0.203922
0.419608 0.203922
0.423529 0.203922
0.427451 0.203922
0.431373 0.203922
0.435294 0.203922
0.439216 0.203922
0.443137 0.203922
0.447059 0.203922
0.450980 0.203922
0.454902 0.203922
0.458824 0.203922
0.462745 0.203922
0.466667 0.203922
0.470588 0.203922
0.474510 0.203922
0.478431 0.203922
0.482353 0.203922
0.486275 0.203922
0.490196 0.203922
0.494118 0.203922
0.498039 0.203922
0.501961 0.203922
0.505882 0.203922
0.509804 0.203922
0.513726 0.203922
0.517647 0.203922
0.521569 0.203922
0.525490 0.203922
0.529412 0.203922
0.533333 0.203922
0.537255 0.203922
0.541176 0.203922
0.545098 0.203922
0.549020 0.203922
0.552941 0.203922
0.556863 0.203922
0.560784 0.203922
0.564706 0.203922
0.568627 0.203922
0.572549 0.203922
0.576471 0.203922
0.580392 0.203922
0.584314 0.203922
0.588235 0.203922
0.592157 0.203922
0.596078 0.203922
0.600000 0.203922
0.603922 0.203922
0.607843 0.203922
0.611765 0.203922
0.615686 0.203922
0.619608 0.203922
0.623529 0.203922
0.627451 0.203922
0.631373 0.203922
0.635294 0.203922
0.639216 0.203922
0.643137 0.203922
0.647059 0.203922
0.650980 0.203922
0.654902 0.203922
0.658824 0.203922
0.662745 0.203922
0.666667 0.203922
0.670588 0.203922
0.674510 0.203922
0.678431 0.203922
0.682353 0.203922
0.686275 0.203922
0.690196 0.203922
0.694118 0.203922
0.698039 0.203922
0.701961 0.203922
0.705882 0.203922
0.709804 0.203922
0.713726 0.203922
0.717647 0.203922
0.721569 0.203922
0.725490 0.203922
0.729412 0.203922
0.733333 0.203922
0.737255 0.203922
0.741176 0.203922
0.745098 0.203922
0.749020 0.203922
0.752941 0.203922
0.756863 0.203922
0.760784 0.203922
0.764706 0.203922
0.768627 0.203922
0.772549 0.203922
0.776471 0.203922
0.780392 0.203922
0.784314 0.203922
0.788235 0.203922
0.792157 0.203922
0.796078 0.203922
0.800000 0.203922
0.803922 0.203922
0.807843 0.203922
0.811765 0.203922
0.815686 0.203922
0.819608 0.203922
0.823529 0.203922
0.827451 0.203922
0.831373 0.203922
0.835294 0.203922
0.839216 0.203922
0.843137 0.203922
0.847059 0.203922
0.850980 0.203922
0.854902 0.203922
0.858824 0.203922
0.862745 0.203922
0.866667 0.203922
0.870588 0.203922
0.874510 0.203922
0.878431 0.203922
0.882353 0.203922
0.886275 0.203922
0.890196 0.203922
0.894118 0.203922
0.898039 0.203922
0.901961 0.203922
0.905882 0.203922
0.909804 0.203922
0.913725 0.203922
0.917647 0.203922
0.921569 0.203922
0.925490 0.203922
0.929412 0.203922
0.933333 0.203922
0.937255 0.203922
0.941176 0.203922
0.945098 0.203922
0.949020 0.203922
0.952941 0.203922
0.956863 0.203922
0.960784 0.203922
0.964706 0.203922
0.968627 0.203922
0.972549 0.203922
0.976471 0.203922
0.980392 0.203922
0.984314 0.203922
0.988235 0.203922
0.992157 0.203922
0.996078 0.203922
1.000000 0.203922

i = 530.000000 0.207843
0.003922 0.207843
0.007843 0.207843
0.011765 0.207843
0.015686 0.207843
0.019608 0.207843
0.023529 0.207843
0.027451 0.207843
0.031373 0.207843
0.035294 0.207843
0.039216 0.207843
0.043137 0.207843
0.047059 0.207843
0.050980 0.207843
0.054902 0.207843
0.058824 0.207843
0.062745 0.207843
0.066667 0.207843
0.070588 0.207843
0.074510 0.207843
0.078431 0.207843
0.082353 0.207843
0.086275 0.207843
0.090196 0.207843
0.094118 0.207843
0.098039 0.207843
0.101961 0.207843
0.105882 0.207843
0.109804 0.207843
0.113725 0.207843
0.117647 0.207843
0.121569 0.207843
0.125490 0.207843
0.129412 0.207843
0.133333 0.207843
0.137255 0.207843
0.141176 0.207843
0.145098 0.207843
0.149020 0.207843
0.152941 0.207843
0.156863 0.207843
0.160784 0.207843
0.164706 0.207843
0.168627 0.207843
0.172549 0.207843
0.176471 0.207843
0.180392 0.207843
0.184314 0.207843
0.188235 0.207843
0.192157 0.207843
0.196078 0.207843
0.200000 0.207843
0.203922 0.207843
0.207843 0.207843
0.211765 0.207843
0.215686 0.207843
0.219608 0.207843
0.223529 0.207843
0.227451 0.207843
0.231373 0.207843
0.235294 0.207843
0.239216 0.207843
0.243137 0.207843
0.247059 0.207843
0.250980 0.207843
0.254902 0.207843
0.258824 0.207843
0.262745 0.207843
0.266667 0.207843
0.270588 0.207843
0.274510 0.207843
0.278431 0.207843
0.282353 0.207843
0.286275 0.207843
0.290196 0.207843
0.294118 0.207843
0.298039 0.207843
0.301961 0.207843
0.305882 0.207843
0.309804 0.207843
0.313726 0.207843
0.317647 0.207843
0.321569 0.207843
0.325490 0.207843
0.329412 0.207843
0.333333 0.207843
0.337255 0.207843
0.341176 0.207843
0.345098 0.207843
0.349020 0.207843
0.352941 0.207843
0.356863 0.207843
0.360784 0.207843
0.364706 0.207843
0.368627 0.207843
0.372549 0.207843
0.376471 0.207843
0.380392 0.207843
0.384314 0.207843
0.388235 0.207843
0.392157 0.207843
0.396078 0.207843
0.400000 0.207843
0.403922 0.207843
0.407843 0.207843
0.411765 0.207843
0.415686 0.207843
0.419608 0.207843
0.423529 0.207843
0.427451 0.207843
0.431373 0.207843
0.435294 0.207843
0.439216 0.207843
0.443137 0.207843
0.447059 0.207843
0.450980 0.207843
0.454902 0.207843
0.458824 0.207843
0.462745 0.207843
0.466667 0.207843
0.470588 0.207843
0.474510 0.207843
0.478431 0.207843
0.482353 0.207843
0.486275 0.207843
0.490196 0.207843
0.494118 0.207843
0.498039 0.207843
0.501961 0.207843
0.505882 0.207843
0.509804 0.207843
0.513726 0.207843
0.517647 0.207843
0.521569 0.207843
0.525490 0.207843
0.529412 0.207843
0.533333 0.207843
0.537255 0.207843
0.541176 0.207843
0.545098 0.207843
0.549020 0.207843
0.552941 0.207843
0.556863 0.207843
0.560784 0.207843
0.564706 0.207843
0.568627 0.207843
0.572549 0.207843
0.576471 0.207843
0.580392 0.207843
0.584314 0.207843
0.588235 0.207843
0.592157 0.207843
0.596078 0.207843
0.600000 0.207843
0.603922 0.207843
0.607843 0.207843
0.611765 0.207843
0.615686 0.207843
0.619608 0.207843
0.623529 0.207843
0.627451 0.207843
0.631373 0.207843
0.635294 0.207843
0.639216 0.207843
0.643137 0.207843
0.647059 0.207843
0.650980 0.207843
0.654902 0.207843
0.658824 0.207843
0.662745 0.207843
0.666667 0.207843
0.670588 0.207843
0.674510 0.207843
0.678431 0.207843
0.682353 0.207843
0.686275 0.207843
0.690196 0.207843
0.694118 0.207843
0.698039 0.207843
0.701961 0.207843
0.705882 0.207843
0.709804 0.207843
0.713726 0.207843
0.717647 0.207843
0.721569 0.207843
0.725490 0.207843
0.729412 0.207843
0.733333 0.207843
0.737255 0.207843
0.741176 0.207843
0.745098 0.207843
0.749020 0.207843
0.752941 0.207843
0.756863 0.207843
0.760784 0.207843
0.764706 0.207843
0.768627 0.207843
0.772549 0.207843
0.776471 0.207843
0.780392 0.207843
0.784314 0.207843
0.788235 0.207843
0.792157 0.207843
0.796078 0.207843
0.800000 0.207843
0.803922 0.207843
0.807843 0.207843
0.811765 0.207843
0.815686 0.207843
0.819608 0.207843
0.823529 0.207843
0.827451 0.207843
0.831373 0.207843
0.835294 0.207843
0.839216 0.207843
0.843137 0.207843
0.847059 0.207843
0.850980 0.207843
0.854902 0.207843
0.858824 0.207843
0.862745 0.207843
0.866667 0.207843
0.870588 0.207843
0.874510 0.207843
0.878431 0.207843
0.882353 0.207843
0.886275 0.207843
0.890196 0.207843
0.894118 0.207843
0.898039 0.207843
0.901961 0.207843
0.905882 0.207843
0.909804 0.207843
0.913725 0.207843
0.917647 0.207843
0.921569 0.207843
0.925490 0.207843
0.929412 0.207843
0.933333 0.207843
0.937255 0.207843
0.941176 0.207843
0.945098 0.207843
0.949020 0.207843
0.952941 0.207843
0.956863 0.207843
0.960784 0.207843
0.964706 0.207843
0.968627 0.207843
0.972549 0.207843
0.976471 0.207843
0.980392 0.207843
0.984314 0.207843
0.988235 0.207843
0.992157 0.207843
0.996078 0.207843
1.000000 0.207843

i = 540.000000 0.211765
0.003922 0.211765
0.007843 0.211765
0.011765 0.211765
0.015686 0.211765
0.019608 0.211765
0.023529 0.211765
0.027451 0.211765
0.031373 0.211765
0.035294 0.211765
0.039216 0.211765
0.043137 0.211765
0.047059 0.211765
0.050980 0.211765
0.054902 0.211765
0.058824 0.211765
0.062745 0.211765
0.066667 0.211765
0.070588 0.211765
0.074510 0.211765
0.078431 0.211765
0.082353 0.211765
0.086275 0.211765
0.090196 0.211765
0.094118 0.211765
0.098039 0.211765
0.101961 0.211765
0.105882 0.211765
0.109804 0.211765
0.113725 0.211765
0.117647 0.211765
0.121569 0.211765
0.125490 0.211765
0.129412 0.211765
0.133333 0.211765
0.137255 0.211765
0.141176 0.211765
0.145098 0.211765
0.149020 0.211765
0.152941 0.211765
0.156863 0.211765
0.160784 0.211765
0.164706 0.211765
0.168627 0.211765
0.172549 0.211765
0.176471 0.211765
0.180392 0.211765
0.184314 0.211765
0.188235 0.211765
0.192157 0.211765
0.196078 0.211765
0.200000 0.211765
0.203922 0.211765
0.207843 0.211765
0.211765 0.211765
0.215686 0.211765
0.219608 0.211765
0.223529 0.211765
0.227451 0.211765
0.231373 0.211765
0.235294 0.211765
0.239216 0.211765
0.243137 0.211765
0.247059 0.211765
0.250980 0.211765
0.254902 0.211765
0.258824 0.211765
0.262745 0.211765
0.266667 0.211765
0.270588 0.211765
0.274510 0.211765
0.278431 0.211765
0.282353 0.211765
0.286275 0.211765
0.290196 0.211765
0.294118 0.211765
0.298039 0.211765
0.301961 0.211765
0.305882 0.211765
0.309804 0.211765
0.313726 0.211765
0.317647 0.211765
0.321569 0.211765
0.325490 0.211765
0.329412 0.211765
0.333333 0.211765
0.337255 0.211765
0.341176 0.211765
0.345098 0.211765
0.349020 0.211765
0.352941 0.211765
0.356863 0.211765
0.360784 0.211765
0.364706 0.211765
0.368627 0.211765
0.372549 0.211765
0.376471 0.211765
0.380392 0.211765
0.384314 0.211765
0.388235 0.211765
0.392157 0.211765
0.396078 0.211765
0.400000 0.211765
0.403922 0.211765
0.407843 0.211765
0.411765 0.211765
0.415686 0.211765
0.419608 0.211765
0.423529 0.211765
0.427451 0.211765
0.431373 0.211765
0.435294 0.211765
0.439216 0.211765
0.443137 0.211765
0.447059 0.211765
0.450980 0.211765
0.454902 0.211765
0.458824 0.211765
0.462745 0.211765
0.466667 0.211765
0.470588 0.211765
0.474510 0.211765
0.478431 0.211765
0.482353 0.211765
0.486275 0.211765
0.490196 0.211765
0.494118 0.211765
0.498039 0.211765
0.501961 0.211765
0.505882 0.211765
0.509804 0.211765
0.513726 0.211765
0.517647 0.211765
0.521569 0.211765
0.525490 0.211765
0.529412 0.211765
0.533333 0.211765
0.537255 0.211765
0.541176 0.211765
0.545098 0.211765
0.549020 0.211765
0.552941 0.211765
0.556863 0.211765
0.560784 0.211765
0.564706 0.211765
0.568627 0.211765
0.572549 0.211765
0.576471 0.211765
0.580392 0.211765
0.584314 0.211765
0.588235 0.211765
0.592157 0.211765
0.596078 0.211765
0.600000 0.211765
0.603922 0.211765
0.607843 0.211765
0.611765 0.211765
0.615686 0.211765
0.619608 0.211765
0.623529 0.211765
0.627451 0.211765
0.631373 0.211765
0.635294 0.211765
0.639216 0.211765
0.643137 0.211765
0.647059 0.211765
0.650980 0.211765
0.654902 0.211765
0.658824 0.211765
0.662745 0.211765
0.666667 0.211765
0.670588 0.211765
0.674510 0.211765
0.678431 0.211765
0.682353 0.211765
0.686275 0.211765
0.690196 0.211765
0.694118 0.211765
0.698039 0.211765
0.701961 0.211765
0.705882 0.211765
0.709804 0.211765
0.713726 0.211765
0.717647 0.211765
0.721569 0.211765
0.725490 0.211765
0.729412 0.211765
0.733333 0.211765
0.737255 0.211765
0.741176 0.211765
0.745098 0.211765
0.749020 0.211765
0.752941 0.211765
0.756863 0.211765
0.760784 0.211765
0.764706 0.211765
0.768627 0.211765
0.772549 0.211765
0.776471 0.211765
0.780392 0.211765
0.784314 0.211765
0.788235 0.211765
0.792157 0.211765
0.796078 0.211765
0.800000 0.211765
0.803922 0.211765
0.807843 0.211765
0.811765 0.211765
0.815686 0.211765
0.819608 0.211765
0.823529 0.211765
0.827451 0.211765
0.831373 0.211765
0.835294 0.211765
0.839216 0.211765
0.843137 0.211765
0.847059 0.211765
0.850980 0.211765
0.854902 0.211765
0.858824 0.211765
0.862745 0.211765
0.866667 0.211765
0.870588 0.211765
0.874510 0.211765
0.878431 0.211765
0.882353 0.211765
0.886275 0.211765
0.890196 0.211765
0.894118 0.211765
0.898039 0.211765
0.901961 0.211765
0.905882 0.211765
0.909804 0.211765
0.913725 0.211765
0.917647 0.211765
0.921569 0.211765
0.925490 0.211765
0.929412 0.211765
0.933333 0.211765
0.937255 0.211765
0.941176 0.211765
0.945098 0.211765
0.949020 0.211765
0.952941 0.211765
0.956863 0.211765
0.960784 0.211765
0.964706 0.211765
0.968627 0.211765
0.972549 0.211765
0.976471 0.211765
0.980392 0.211765
0.984314 0.211765
0.988235 0.211765
0.992157 0.211765
0.996078 0.211765
1.000000 0.211765

i = 550.000000 0.215686
0.003922 0.215686
0.007843 0.215686
0.011765 0.215686
0.015686 0.215686
0.019608 0.215686
0.023529 0.215686
0.027451 0.215686
0.031373 0.215686
0.035294 0.215686
0.039216 0.215686
0.043137 0.215686
0.047059 0.215686
0.050980 0.215686
0.054902 0.215686
0.058824 0.215686
0.062745 0.215686
0.066667 0.215686
0.070588 0.215686
0.074510 0.215686
0.078431 0.215686
0.082353 0.215686
0.086275 0.215686
0.090196 0.215686
0.094118 0.215686
0.098039 0.215686
0.101961 0.215686
0.105882 0.215686
0.109804 0.215686
0.113725 0.215686
0.117647 0.215686
0.121569 0.215686
0.125490 0.215686
0.129412 0.215686
0.133333 0.215686
0.137255 0.215686
0.141176 0.215686
0.145098 0.215686
0.149020 0.215686
0.152941 0.215686
0.156863 0.215686
0.160784 0.215686
0.164706 0.215686
0.168627 0.215686
0.172549 0.215686
0.176471 0.215686
0.180392 0.215686
0.184314 0.215686
0.188235 0.215686
0.192157 0.215686
0.196078 0.215686
0.200000 0.215686
0.203922 0.215686
0.207843 0.215686
0.211765 0.215686
0.215686 0.215686
0.219608 0.215686
0.223529 0.215686
0.227451 0.215686
0.231373 0.215686
0.235294 0.215686
0.239216 0.215686
0.243137 0.215686
0.247059 0.215686
0.250980 0.215686
0.254902 0.215686
0.258824 0.215686
0.262745 0.215686
0.266667 0.215686
0.270588 0.215686
0.274510 0.215686
0.278431 0.215686
0.282353 0.215686
0.286275 0.215686
0.290196 0.215686
0.294118 0.215686
0.298039 0.215686
0.301961 0.215686
0.305882 0.215686
0.309804 0.215686
0.313726 0.215686
0.317647 0.215686
0.321569 0.215686
0.325490 0.215686
0.329412 0.215686
0.333333 0.215686
0.337255 0.215686
0.341176 0.215686
0.345098 0.215686
0.349020 0.215686
0.352941 0.215686
0.356863 0.215686
0.360784 0.215686
0.364706 0.215686
0.368627 0.215686
0.372549 0.215686
0.376471 0.215686
0.380392 0.215686
0.384314 0.215686
0.388235 0.215686
0.392157 0.215686
0.396078 0.215686
0.400000 0.215686
0.403922 0.215686
0.407843 0.215686
0.411765 0.215686
0.415686 0.215686
0.419608 0.215686
0.423529 0.215686
0.427451 0.215686
0.431373 0.215686
0.435294 0.215686
0.439216 0.215686
0.443137 0.215686
0.447059 0.215686
0.450980 0.215686
0.454902 0.215686
0.458824 0.215686
0.462745 0.215686
0.466667 0.215686
0.470588 0.215686
0.474510 0.215686
0.478431 0.215686
0.482353 0.215686
0.486275 0.215686
0.490196 0.215686
0.494118 0.215686
0.498039 0.215686
0.501961 0.215686
0.505882 0.215686
0.509804 0.215686
0.513726 0.215686
0.517647 0.215686
0.521569 0.215686
0.525490 0.215686
0.529412 0.215686
0.533333 0.215686
0.537255 0.215686
0.541176 0.215686
0.545098 0.215686
0.549020 0.215686
0.552941 0.215686
0.556863 0.215686
0.560784 0.215686
0.564706 0.215686
0.568627 0.215686
0.572549 0.215686
0.576471 0.215686
0.580392 0.215686
0.584314 0.215686
0.588235 0.215686
0.592157 0.215686
0.596078 0.215686
0.600000 0.215686
0.603922 0.215686
0.607843 0.215686
0.611765 0.215686
0.615686 0.215686
0.619608 0.215686
0.623529 0.215686
0.627451 0.215686
0.631373 0.215686
0.635294 0.215686
0.639216 0.215686
0.643137 0.215686
0.647059 0.215686
0.650980 0.215686
0.654902 0.215686
0.658824 0.215686
0.662745 0.215686
0.666667 0.215686
0.670588 0.215686
0.674510 0.215686
0.678431 0.215686
0.682353 0.215686
0.686275 0.215686
0.690196 0.215686
0.694118 0.215686
0.698039 0.215686
0.701961 0.215686
0.705882 0.215686
0.709804 0.215686
0.713726 0.215686
0.717647 0.215686
0.721569 0.215686
0.725490 0.215686
0.729412 0.215686
0.733333 0.215686
0.737255 0.215686
0.741176 0.215686
0.745098 0.215686
0.749020 0.215686
0.752941 0.215686
0.756863 0.215686
0.760784 0.215686
0.764706 0.215686
0.768627 0.215686
0.772549 0.215686
0.776471 0.215686
0.780392 0.215686
0.784314 0.215686
0.788235 0.215686
0.792157 0.215686
0.796078 0.215686
0.800000 0.215686
0.803922 0.215686
0.807843 0.215686
0.811765 0.215686
0.815686 0.215686
0.819608 0.215686
0.823529 0.215686
0.827451 0.215686
0.831373 0.215686
0.835294 0.215686
0.839216 0.215686
0.843137 0.215686
0.847059 0.215686
0.850980 0.215686
0.854902 0.215686
0.858824 0.215686
0.862745 0.215686
0.866667 0.215686
0.870588 0.215686
0.874510 0.215686
0.878431 0.215686
0.882353 0.215686
0.886275 0.215686
0.890196 0.215686
0.894118 0.215686
0.898039 0.215686
0.901961 0.215686
0.905882 0.215686
0.909804 0.215686
0.913725 0.215686
0.917647 0.215686
0.921569 0.215686
0.925490 0.215686
0.929412 0.215686
0.933333 0.215686
0.937255 0.215686
0.941176 0.215686
0.945098 0.215686
0.949020 0.215686
0.952941 0.215686
0.956863 0.215686
0.960784 0.215686
0.964706 0.215686
0.968627 0.215686
0.972549 0.215686
0.976471 0.215686
0.980392 0.215686
0.984314 0.215686
0.988235 0.215686
0.992157 0.215686
0.996078 0.215686
1.000000 0.215686

i = 560.000000 0.219608
0.003922 0.219608
0.007843 0.219608
0.011765 0.219608
0.015686 0.219608
0.019608 0.219608
0.023529 0.219608
0.027451 0.219608
0.031373 0.219608
0.035294 0.219608
0.039216 0.219608
0.043137 0.219608
0.047059 0.219608
0.050980 0.219608
0.054902 0.219608
0.058824 0.219608
0.062745 0.219608
0.066667 0.219608
0.070588 0.219608
0.074510 0.219608
0.078431 0.219608
0.082353 0.219608
0.086275 0.219608
0.090196 0.219608
0.094118 0.219608
0.098039 0.219608
0.101961 0.219608
0.105882 0.219608
0.109804 0.219608
0.113725 0.219608
0.117647 0.219608
0.121569 0.219608
0.125490 0.219608
0.129412 0.219608
0.133333 0.219608
0.137255 0.219608
0.141176 0.219608
0.145098 0.219608
0.149020 0.219608
0.152941 0.219608
0.156863 0.219608
0.160784 0.219608
0.164706 0.219608
0.168627 0.219608
0.172549 0.219608
0.176471 0.219608
0.180392 0.219608
0.184314 0.219608
0.188235 0.219608
0.192157 0.219608
0.196078 0.219608
0.200000 0.219608
0.203922 0.219608
0.207843 0.219608
0.211765 0.219608
0.215686 0.219608
0.219608 0.219608
0.223529 0.219608
0.227451 0.219608
0.231373 0.219608
0.235294 0.219608
0.239216 0.219608
0.243137 0.219608
0.247059 0.219608
0.250980 0.219608
0.254902 0.219608
0.258824 0.219608
0.262745 0.219608
0.266667 0.219608
0.270588 0.219608
0.274510 0.219608
0.278431 0.219608
0.282353 0.219608
0.286275 0.219608
0.290196 0.219608
0.294118 0.219608
0.298039 0.219608
0.301961 0.219608
0.305882 0.219608
0.309804 0.219608
0.313726 0.219608
0.317647 0.219608
0.321569 0.219608
0.325490 0.219608
0.329412 0.219608
0.333333 0.219608
0.337255 0.219608
0.341176 0.219608
0.345098 0.219608
0.349020 0.219608
0.352941 0.219608
0.356863 0.219608
0.360784 0.219608
0.364706 0.219608
0.368627 0.219608
0.372549 0.219608
0.376471 0.219608
0.380392 0.219608
0.384314 0.219608
0.388235 0.219608
0.392157 0.219608
0.396078 0.219608
0.400000 0.219608
0.403922 0.219608
0.407843 0.219608
0.411765 0.219608
0.415686 0.219608
0.419608 0.219608
0.423529 0.219608
0.427451 0.219608
0.431373 0.219608
0.435294 0.219608
0.439216 0.219608
0.443137 0.219608
0.447059 0.219608
0.450980 0.219608
0.454902 0.219608
0.458824 0.219608
0.462745 0.219608
0.466667 0.219608
0.470588 0.219608
0.474510 0.219608
0.478431 0.219608
0.482353 0.219608
0.486275 0.219608
0.490196 0.219608
0.494118 0.219608
0.498039 0.219608
0.501961 0.219608
0.505882 0.219608
0.509804 0.219608
0.513726 0.219608
0.517647 0.219608
0.521569 0.219608
0.525490 0.219608
0.529412 0.219608
0.533333 0.219608
0.537255 0.219608
0.541176 0.219608
0.545098 0.219608
0.549020 0.219608
0.552941 0.219608
0.556863 0.219608
0.560784 0.219608
0.564706 0.219608
0.568627 0.219608
0.572549 0.219608
0.576471 0.219608
0.580392 0.219608
0.584314 0.219608
0.588235 0.219608
0.592157 0.219608
0.596078 0.219608
0.600000 0.219608
0.603922 0.219608
0.607843 0.219608
0.611765 0.219608
0.615686 0.219608
0.619608 0.219608
0.623529 0.219608
0.627451 0.219608
0.631373 0.219608
0.635294 0.219608
0.639216 0.219608
0.643137 0.219608
0.647059 0.219608
0.650980 0.219608
0.654902 0.219608
0.658824 0.219608
0.662745 0.219608
0.666667 0.219608
0.670588 0.219608
0.674510 0.219608
0.678431 0.219608
0.682353 0.219608
0.686275 0.219608
0.690196 0.219608
0.694118 0.219608
0.698039 0.219608
0.701961 0.219608
0.705882 0.219608
0.709804 0.219608
0.713726 0.219608
0.717647 0.219608
0.721569 0.219608
0.725490 0.219608
0.729412 0.219608
0.733333 0.219608
0.737255 0.219608
0.741176 0.219608
0.745098 0.219608
0.749020 0.219608
0.752941 0.219608
0.756863 0.219608
0.760784 0.219608
0.764706 0.219608
0.768627 0.219608
0.772549 0.219608
0.776471 0.219608
0.780392 0.219608
0.784314 0.219608
0.788235 0.219608
0.792157 0.219608
0.796078 0.219608
0.800000 0.219608
0.803922 0.219608
0.807843 0.219608
0.811765 0.219608
0.815686 0.219608
0.819608 0.219608
0.823529 0.219608
0.827451 0.219608
0.831373 0.219608
0.835294 0.219608
0.839216 0.219608
0.843137 0.219608
0.847059 0.219608
0.850980 0.219608
0.854902 0.219608
0.858824 0.219608
0.862745 0.219608
0.866667 0.219608
0.870588 0.219608
0.874510 0.219608
0.878431 0.219608
0.882353 0.219608
0.886275 0.219608
0.890196 0.219608
0.894118 0.219608
0.898039 0.219608
0.901961 0.219608
0.905882 0.219608
0.909804 0.219608
0.913725 0.219608
0.917647 0.219608
0.921569 0.219608
0.925490 0.219608
0.929412 0.219608
0.933333 0.219608
0.937255 0.219608
0.941176 0.219608
0.945098 0.219608
0.949020 0.219608
0.952941 0.219608
0.956863 0.219608
0.960784 0.219608
0.964706 0.219608
0.968627 0.219608
0.972549 0.219608
0.976471 0.219608
0.980392 0.219608
0.984314 0.219608
0.988235 0.219608
0.992157 0.219608
0.996078 0.219608
1.000000 0.219608

i = 570.000000 0.223529
0.003922 0.223529
0.007843 0.223529
0.011765 0.223529
0.015686 0.223529
0.019608 0.223529
0.023529 0.223529
0.027451 0.223529
0.031373 0.223529
0.035294 0.223529
0.039216 0.223529
0.043137 0.223529
0.047059 0.223529
0.050980 0.223529
0.054902 0.223529
0.058824 0.223529
0.062745 0.223529
0.066667 0.223529
0.070588 0.223529
0.074510 0.223529
0.078431 0.223529
0.082353 0.223529
0.086275 0.223529
0.090196 0.223529
0.094118 0.223529
0.098039 0.223529
0.101961 0.223529
0.105882 0.223529
0.109804 0.223529
0.113725 0.223529
0.117647 0.223529
0.121569 0.223529
0.125490 0.223529
0.129412 0.223529
0.133333 0.223529
0.137255 0.223529
0.141176 0.223529
0.145098 0.223529
0.149020 0.223529
0.152941 0.223529
0.156863 0.223529
0.160784 0.223529
0.164706 0.223529
0.168627 0.223529
0.172549 0.223529
0.176471 0.223529
0.180392 0.223529
0.184314 0.223529
0.188235 0.223529
0.192157 0.223529
0.196078 0.223529
0.200000 0.223529
0.203922 0.223529
0.207843 0.223529
0.211765 0.223529
0.215686 0.223529
0.219608 0.223529
0.223529 0.223529
0.227451 0.223529
0.231373 0.223529
0.235294 0.223529
0.239216 0.223529
0.243137 0.223529
0.247059 0.223529
0.250980 0.223529
0.254902 0.223529
0.258824 0.223529
0.262745 0.223529
0.266667 0.223529
0.270588 0.223529
0.274510 0.223529
0.278431 0.223529
0.282353 0.223529
0.286275 0.223529
0.290196 0.223529
0.294118 0.223529
0.298039 0.223529
0.301961 0.223529
0.305882 0.223529
0.309804 0.223529
0.313726 0.223529
0.317647 0.223529
0.321569 0.223529
0.325490 0.223529
0.329412 0.223529
0.333333 0.223529
0.337255 0.223529
0.341176 0.223529
0.345098 0.223529
0.349020 0.223529
0.352941 0.223529
0.356863 0.223529
0.360784 0.223529
0.364706 0.223529
0.368627 0.223529
0.372549 0.223529
0.376471 0.223529
0.380392 0.223529
0.384314 0.223529
0.388235 0.223529
0.392157 0.223529
0.396078 0.223529
0.400000 0.223529
0.403922 0.223529
0.407843 0.223529
0.411765 0.223529
0.415686 0.223529
0.419608 0.223529
0.423529 0.223529
0.427451 0.223529
0.431373 0.223529
0.435294 0.223529
0.439216 0.223529
0.443137 0.223529
0.447059 0.223529
0.450980 0.223529
0.454902 0.223529
0.458824 0.223529
0.462745 0.223529
0.466667 0.223529
0.470588 0.223529
0.474510 0.223529
0.478431 0.223529
0.482353 0.223529
0.486275 0.223529
0.490196 0.223529
0.494118 0.223529
0.498039 0.223529
0.501961 0.223529
0.505882 0.223529
0.509804 0.223529
0.513726 0.223529
0.517647 0.223529
0.521569 0.223529
0.525490 0.223529
0.529412 0.223529
0.533333 0.223529
0.537255 0.223529
0.541176 0.223529
0.545098 0.223529
0.549020 0.223529
0.552941 0.223529
0.556863 0.223529
0.560784 0.223529
0.564706 0.223529
0.568627 0.223529
0.572549 0.223529
0.576471 0.223529
0.580392 0.223529
0.584314 0.223529
0.588235 0.223529
0.592157 0.223529
0.596078 0.223529
0.600000 0.223529
0.603922 0.223529
0.607843 0.223529
0.611765 0.223529
0.615686 0.223529
0.619608 0.223529
0.623529 0.223529
0.627451 0.223529
0.631373 0.223529
0.635294 0.223529
0.639216 0.223529
0.643137 0.223529
0.647059 0.223529
0.650980 0.223529
0.654902 0.223529
0.658824 0.223529
0.662745 0.223529
0.666667 0.223529
0.670588 0.223529
0.674510 0.223529
0.678431 0.223529
0.682353 0.223529
0.686275 0.223529
0.690196 0.223529
0.694118 0.223529
0.698039 0.223529
0.701961 0.223529
0.705882 0.223529
0.709804 0.223529
0.713726 0.223529
0.717647 0.223529
0.721569 0.223529
0.725490 0.223529
0.729412 0.223529
0.733333 0.223529
0.737255 0.223529
0.741176 0.223529
0.745098 0.223529
0.749020 0.223529
0.752941 0.223529
0.756863 0.223529
0.760784 0.223529
0.764706 0.223529
0.768627 0.223529
0.772549 0.223529
0.776471 0.223529
0.780392 0.223529
0.784314 0.223529
0.788235 0.223529
0.792157 0.223529
0.796078 0.223529
0.800000 0.223529
0.803922 0.223529
0.807843 0.223529
0.811765 0.223529
0.815686 0.223529
0.819608 0.223529
0.823529 0.223529
0.827451 0.223529
0.831373 0.223529
0.835294 0.223529
0.839216 0.223529
0.843137 0.223529
0.847059 0.223529
0.850980 0.223529
0.854902 0.223529
0.858824 0.223529
0.862745 0.223529
0.866667 0.223529
0.870588 0.223529
0.874510 0.223529
0.878431 0.223529
0.882353 0.223529
0.886275 0.223529
0.890196 0.223529
0.894118 0.223529
0.898039 0.223529
0.901961 0.223529
0.905882 0.223529
0.909804 0.223529
0.913725 0.223529
0.917647 0.223529
0.921569 0.223529
0.925490 0.223529
0.929412 0.223529
0.933333 0.223529
0.937255 0.223529
0.941176 0.223529
0.945098 0.223529
0.949020 0.223529
0.952941 0.223529
0.956863 0.223529
0.960784 0.223529
0.964706 0.223529
0.968627 0.223529
0.972549 0.223529
0.976471 0.223529
0.980392 0.223529
0.984314 0.223529
0.988235 0.223529
0.992157 0.223529
0.996078 0.223529
1.000000 0.223529

i = 580.000000 0.227451
0.003922 0.227451
0.007843 0.227451
0.011765 0.227451
0.015686 0.227451
0.019608 0.227451
0.023529 0.227451
0.027451 0.227451
0.031373 0.227451
0.035294 0.227451
0.039216 0.227451
0.043137 0.227451
0.047059 0.227451
0.050980 0.227451
0.054902 0.227451
0.058824 0.227451
0.062745 0.227451
0.066667 0.227451
0.070588 0.227451
0.074510 0.227451
0.078431 0.227451
0.082353 0.227451
0.086275 0.227451
0.090196 0.227451
0.094118 0.227451
0.098039 0.227451
0.101961 0.227451
0.105882 0.227451
0.109804 0.227451
0.113725 0.227451
0.117647 0.227451
0.121569 0.227451
0.125490 0.227451
0.129412 0.227451
0.133333 0.227451
0.137255 0.227451
0.141176 0.227451
0.145098 0.227451
0.149020 0.227451
0.152941 0.227451
0.156863 0.227451
0.160784 0.227451
0.164706 0.227451
0.168627 0.227451
0.172549 0.227451
0.176471 0.227451
0.180392 0.227451
0.184314 0.227451
0.188235 0.227451
0.192157 0.227451
0.196078 0.227451
0.200000 0.227451
0.203922 0.227451
0.207843 0.227451
0.211765 0.227451
0.215686 0.227451
0.219608 0.227451
0.223529 0.227451
0.227451 0.227451
0.231373 0.227451
0.235294 0.227451
0.239216 0.227451
0.243137 0.227451
0.247059 0.227451
0.250980 0.227451
0.254902 0.227451
0.258824 0.227451
0.262745 0.227451
0.266667 0.227451
0.270588 0.227451
0.274510 0.227451
0.278431 0.227451
0.282353 0.227451
0.286275 0.227451
0.290196 0.227451
0.294118 0.227451
0.298039 0.227451
0.301961 0.227451
0.305882 0.227451
0.309804 0.227451
0.313726 0.227451
0.317647 0.227451
0.321569 0.227451
0.325490 0.227451
0.329412 0.227451
0.333333 0.227451
0.337255 0.227451
0.341176 0.227451
0.345098 0.227451
0.349020 0.227451
0.352941 0.227451
0.356863 0.227451
0.360784 0.227451
0.364706 0.227451
0.368627 0.227451
0.372549 0.227451
0.376471 0.227451
0.380392 0.227451
0.384314 0.227451
0.388235 0.227451
0.392157 0.227451
0.396078 0.227451
0.400000 0.227451
0.403922 0.227451
0.407843 0.227451
0.411765 0.227451
0.415686 0.227451
0.419608 0.227451
0.423529 0.227451
0.427451 0.227451
0.431373 0.227451
0.435294 0.227451
0.439216 0.227451
0.443137 0.227451
0.447059 0.227451
0.450980 0.227451
0.454902 0.227451
0.458824 0.227451
0.462745 0.227451
0.466667 0.227451
0.470588 0.227451
0.474510 0.227451
0.478431 0.227451
0.482353 0.227451
0.486275 0.227451
0.490196 0.227451
0.494118 0.227451
0.498039 0.227451
0.501961 0.227451
0.505882 0.227451
0.509804 0.227451
0.513726 0.227451
0.517647 0.227451
0.521569 0.227451
0.525490 0.227451
0.529412 0.227451
0.533333 0.227451
0.537255 0.227451
0.541176 0.227451
0.545098 0.227451
0.549020 0.227451
0.552941 0.227451
0.556863 0.227451
0.560784 0.227451
0.564706 0.227451
0.568627 0.227451
0.572549 0.227451
0.576471 0.227451
0.580392 0.227451
0.584314 0.227451
0.588235 0.227451
0.592157 0.227451
0.596078 0.227451
0.600000 0.227451
0.603922 0.227451
0.607843 0.227451
0.611765 0.227451
0.615686 0.227451
0.619608 0.227451
0.623529 0.227451
0.627451 0.227451
0.631373 0.227451
0.635294 0.227451
0.639216 0.227451
0.643137 0.227451
0.647059 0.227451
0.650980 0.227451
0.654902 0.227451
0.658824 0.227451
0.662745 0.227451
0.666667 0.227451
0.670588 0.227451
0.674510 0.227451
0.678431 0.227451
0.682353 0.227451
0.686275 0.227451
0.690196 0.227451
0.694118 0.227451
0.698039 0.227451
0.701961 0.227451
0.705882 0.227451
0.709804 0.227451
0.713726 0.227451
0.717647 0.227451
0.721569 0.227451
0.725490 0.227451
0.729412 0.227451
0.733333 0.227451
0.737255 0.227451
0.741176 0.227451
0.745098 0.227451
0.749020 0.227451
0.752941 0.227451
0.756863 0.227451
0.760784 0.227451
0.764706 0.227451
0.768627 0.227451
0.772549 0.227451
0.776471 0.227451
0.780392 0.227451
0.784314 0.227451
0.788235 0.227451
0.792157 0.227451
0.796078 0.227451
0.800000 0.227451
0.803922 0.227451
0.807843 0.227451
0.811765 0.227451
0.815686 0.227451
0.819608 0.227451
0.823529 0.227451
0.827451 0.227451
0.831373 0.227451
0.835294 0.227451
0.839216 0.227451
0.843137 0.227451
0.847059 0.227451
0.850980 0.227451
0.854902 0.227451
0.858824 0.227451
0.862745 0.227451
0.866667 0.227451
0.870588 0.227451
0.874510 0.227451
0.878431 0.227451
0.882353 0.227451
0.886275 0.227451
0.890196 0.227451
0.894118 0.227451
0.898039 0.227451
0.901961 0.227451
0.905882 0.227451
0.909804 0.227451
0.913725 0.227451
0.917647 0.227451
0.921569 0.227451
0.925490 0.227451
0.929412 0.227451
0.933333 0.227451
0.937255 0.227451
0.941176 0.227451
0.945098 0.227451
0.949020 0.227451
0.952941 0.227451
0.956863 0.227451
0.960784 0.227451
0.964706 0.227451
0.968627 0.227451
0.972549 0.227451
0.976471 0.227451
0.980392 0.227451
0.984314 0.227451
0.988235 0.227451
0.992157 0.227451
0.996078 0.227451
1.000000 0.227451

i = 590.000000 0.231373
0.003922 0.231373
0.007843 0.231373
0.011765 0.231373
0.015686 0.231373
0.019608 0.231373
0.023529 0.231373
0.027451 0.231373
0.031373 0.231373
0.035294 0.231373
0.039216 0.231373
0.043137 0.231373
0.047059 0.231373
0.050980 0.231373
0.054902 0.231373
0.058824 0.231373
0.062745 0.231373
0.066667 0.231373
0.070588 0.231373
0.074510 0.231373
0.078431 0.231373
0.082353 0.231373
0.086275 0.231373
0.090196 0.231373
0.094118 0.231373
0.098039 0.231373
0.101961 0.231373
0.105882 0.231373
0.109804 0.231373
0.113725 0.231373
0.117647 0.231373
0.121569 0.231373
0.125490 0.231373
0.129412 0.231373
0.133333 0.231373
0.137255 0.231373
0.141176 0.231373
0.145098 0.231373
0.149020 0.231373
0.152941 0.231373
0.156863 0.231373
0.160784 0.231373
0.164706 0.231373
0.168627 0.231373
0.172549 0.231373
0.176471 0.231373
0.180392 0.231373
0.184314 0.231373
0.188235 0.231373
0.192157 0.231373
0.196078 0.231373
0.200000 0.231373
0.203922 0.231373
0.207843 0.231373
0.211765 0.231373
0.215686 0.231373
0.219608 0.231373
0.223529 0.231373
0.227451 0.231373
0.231373 0.231373
0.235294 0.231373
0.239216 0.231373
0.243137 0.231373
0.247059 0.231373
0.250980 0.231373
0.254902 0.231373
0.258824 0.231373
0.262745 0.231373
0.266667 0.231373
0.270588 0.231373
0.274510 0.231373
0.278431 0.231373
0.282353 0.231373
0.286275 0.231373
0.290196 0.231373
0.294118 0.231373
0.298039 0.231373
0.301961 0.231373
0.305882 0.231373
0.309804 0.231373
0.313726 0.231373
0.317647 0.231373
0.321569 0.231373
0.325490 0.231373
0.329412 0.231373
0.333333 0.231373
0.337255 0.231373
0.341176 0.231373
0.345098 0.231373
0.349020 0.231373
0.352941 0.231373
0.356863 0.231373
0.360784 0.231373
0.364706 0.231373
0.368627 0.231373
0.372549 0.231373
0.376471 0.231373
0.380392 0.231373
0.384314 0.231373
0.388235 0.231373
0.392157 0.231373
0.396078 0.231373
0.400000 0.231373
0.403922 0.231373
0.407843 0.231373
0.411765 0.231373
0.415686 0.231373
0.419608 0.231373
0.423529 0.231373
0.427451 0.231373
0.431373 0.231373
0.435294 0.231373
0.439216 0.231373
0.443137 0.231373
0.447059 0.231373
0.450980 0.231373
0.454902 0.231373
0.458824 0.231373
0.462745 0.231373
0.466667 0.231373
0.470588 0.231373
0.474510 0.231373
0.478431 0.231373
0.482353 0.231373
0.486275 0.231373
0.490196 0.231373
0.494118 0.231373
0.498039 0.231373
0.501961 0.231373
0.505882 0.231373
0.509804 0.231373
0.513726 0.231373
0.517647 0.231373
0.521569 0.231373
0.525490 0.231373
0.529412 0.231373
0.533333 0.231373
0.537255 0.231373
0.541176 0.231373
0.545098 0.231373
0.549020 0.231373
0.552941 0.231373
0.556863 0.231373
0.560784 0.231373
0.564706 0.231373
0.568627 0.231373
0.572549 0.231373
0.576471 0.231373
0.580392 0.231373
0.584314 0.231373
0.588235 0.231373
0.592157 0.231373
0.596078 0.231373
0.600000 0.231373
0.603922 0.231373
0.607843 0.231373
0.611765 0.231373
0.615686 0.231373
0.619608 0.231373
0.623529 0.231373
0.627451 0.231373
0.631373 0.231373
0.635294 0.231373
0.639216 0.231373
0.643137 0.231373
0.647059 0.231373
0.650980 0.231373
0.654902 0.231373
0.658824 0.231373
0.662745 0.231373
0.666667 0.231373
0.670588 0.231373
0.674510 0.231373
0.678431 0.231373
0.682353 0.231373
0.686275 0.231373
0.690196 0.231373
0.694118 0.231373
0.698039 0.231373
0.701961 0.231373
0.705882 0.231373
0.709804 0.231373
0.713726 0.231373
0.717647 0.231373
0.721569 0.231373
0.725490 0.231373
0.729412 0.231373
0.733333 0.231373
0.737255 0.231373
0.741176 0.231373
0.745098 0.231373
0.749020 0.231373
0.752941 0.231373
0.756863 0.231373
0.760784 0.231373
0.764706 0.231373
0.768627 0.231373
0.772549 0.231373
0.776471 0.231373
0.780392 0.231373
0.784314 0.231373
0.788235 0.231373
0.792157 0.231373
0.796078 0.231373
0.800000 0.231373
0.803922 0.231373
0.807843 0.231373
0.811765 0.231373
0.815686 0.231373
0.819608 0.231373
0.823529 0.231373
0.827451 0.231373
0.831373 0.231373
0.835294 0.231373
0.839216 0.231373
0.843137 0.231373
0.847059 0.231373
0.850980 0.231373
0.854902 0.231373
0.858824 0.231373
0.862745 0.231373
0.866667 0.231373
0.870588 0.231373
0.874510 0.231373
0.878431 0.231373
0.882353 0.231373
0.886275 0.231373
0.890196 0.231373
0.894118 0.231373
0.898039 0.231373
0.901961 0.231373
0.905882 0.231373
0.909804 0.231373
0.913725 0.231373
0.917647 0.231373
0.921569 0.231373
0.925490 0.231373
0.929412 0.231373
0.933333 0.231373
0.937255 0.231373
0.941176 0.231373
0.945098 0.231373
0.949020 0.231373
0.952941 0.231373
0.956863 0.231373
0.960784 0.231373
0.964706 0.231373
0.968627 0.231373
0.972549 0.231373
0.976471 0.231373
0.980392 0.231373
0.984314 0.231373
0.988235 0.231373
0.992157 0.231373
0.996078 0.231373
1.000000 0.231373

i = 600.000000 0.235294
0.003922 0.235294
0.007843 0.235294
0.011765 0.235294
0.015686 0.235294
0.019608 0.235294
0.023529 0.235294
0.027451 0.235294
0.031373 0.235294
0.035294 0.235294
0.039216 0.235294
0.043137 0.235294
0.047059 0.235294
0.050980 0.235294
0.054902 0.235294
0.058824 0.235294
0.062745 0.235294
0.066667 0.235294
0.070588 0.235294
0.074510 0.235294
0.078431 0.235294
0.082353 0.235294
0.086275 0.235294
0.090196 0.235294
0.094118 0.235294
0.098039 0.235294
0.101961 0.235294
0.105882 0.235294
0.109804 0.235294
0.113725 0.235294
0.117647 0.235294
0.121569 0.235294
0.125490 0.235294
0.129412 0.235294
0.133333 0.235294
0.137255 0.235294
0.141176 0.235294
0.145098 0.235294
0.149020 0.235294
0.152941 0.235294
0.156863 0.235294
0.160784 0.235294
0.164706 0.235294
0.168627 0.235294
0.172549 0.235294
0.176471 0.235294
0.180392 0.235294
0.184314 0.235294
0.188235 0.235294
0.192157 0.235294
0.196078 0.235294
0.200000 0.235294
0.203922 0.235294
0.207843 0.235294
0.211765 0.235294
0.215686 0.235294
0.219608 0.235294
0.223529 0.235294
0.227451 0.235294
0.231373 0.235294
0.235294 0.235294
0.239216 0.235294
0.243137 0.235294
0.247059 0.235294
0.250980 0.235294
0.254902 0.235294
0.258824 0.235294
0.262745 0.235294
0.266667 0.235294
0.270588 0.235294
0.274510 0.235294
0.278431 0.235294
0.282353 0.235294
0.286275 0.235294
0.290196 0.235294
0.294118 0.235294
0.298039 0.235294
0.301961 0.235294
0.305882 0.235294
0.309804 0.235294
0.313726 0.235294
0.317647 0.235294
0.321569 0.235294
0.325490 0.235294
0.329412 0.235294
0.333333 0.235294
0.337255 0.235294
0.341176 0.235294
0.345098 0.235294
0.349020 0.235294
0.352941 0.235294
0.356863 0.235294
0.360784 0.235294
0.364706 0.235294
0.368627 0.235294
0.372549 0.235294
0.376471 0.235294
0.380392 0.235294
0.384314 0.235294
0.388235 0.235294
0.392157 0.235294
0.396078 0.235294
0.400000 0.235294
0.403922 0.235294
0.407843 0.235294
0.411765 0.235294
0.415686 0.235294
0.419608 0.235294
0.423529 0.235294
0.427451 0.235294
0.431373 0.235294
0.435294 0.235294
0.439216 0.235294
0.443137 0.235294
0.447059 0.235294
0.450980 0.235294
0.454902 0.235294
0.458824 0.235294
0.462745 0.235294
0.466667 0.235294
0.470588 0.235294
0.474510 0.235294
0.478431 0.235294
0.482353 0.235294
0.486275 0.235294
0.490196 0.235294
0.494118 0.235294
0.498039 0.235294
0.501961 0.235294
0.505882 0.235294
0.509804 0.235294
0.513726 0.235294
0.517647 0.235294
0.521569 0.235294
0.525490 0.235294
0.529412 0.235294
0.533333 0.235294
0.537255 0.235294
0.541176 0.235294
0.545098 0.235294
0.549020 0.235294
0.552941 0.235294
0.556863 0.235294
0.560784 0.235294
0.564706 0.235294
0.568627 0.235294
0.572549 0.235294
0.576471 0.235294
0.580392 0.235294
0.584314 0.235294
0.588235 0.235294
0.592157 0.235294
0.596078 0.235294
0.600000 0.235294
0.603922 0.235294
0.607843 0.235294
0.611765 0.235294
0.615686 0.235294
0.619608 0.235294
0.623529 0.235294
0.627451 0.235294
0.631373 0.235294
0.635294 0.235294
0.639216 0.235294
0.643137 0.235294
0.647059 0.235294
0.650980 0.235294
0.654902 0.235294
0.658824 0.235294
0.662745 0.235294
0.666667 0.235294
0.670588 0.235294
0.674510 0.235294
0.678431 0.235294
0.682353 0.235294
0.686275 0.235294
0.690196 0.235294
0.694118 0.235294
0.698039 0.235294
0.701961 0.235294
0.705882 0.235294
0.709804 0.235294
0.713726 0.235294
0.717647 0.235294
0.721569 0.235294
0.725490 0.235294
0.729412 0.235294
0.733333 0.235294
0.737255 0.235294
0.741176 0.235294
0.745098 0.235294
0.749020 0.235294
0.752941 0.235294
0.756863 0.235294
0.760784 0.235294
0.764706 0.235294
0.768627 0.235294
0.772549 0.235294
0.776471 0.235294
0.780392 0.235294
0.784314 0.235294
0.788235 0.235294
0.792157 0.235294
0.796078 0.235294
0.800000 0.235294
0.803922 0.235294
0.807843 0.235294
0.811765 0.235294
0.815686 0.235294
0.819608 0.235294
0.823529 0.235294
0.827451 0.235294
0.831373 0.235294
0.835294 0.235294
0.839216 0.235294
0.843137 0.235294
0.847059 0.235294
0.850980 0.235294
0.854902 0.235294
0.858824 0.235294
0.862745 0.235294
0.866667 0.235294
0.870588 0.235294
0.874510 0.235294
0.878431 0.235294
0.882353 0.235294
0.886275 0.235294
0.890196 0.235294
0.894118 0.235294
0.898039 0.235294
0.901961 0.235294
0.905882 0.235294
0.909804 0.235294
0.913725 0.235294
0.917647 0.235294
0.921569 0.235294
0.925490 0.235294
0.929412 0.235294
0.933333 0.235294
0.937255 0.235294
0.941176 0.235294
0.945098 0.235294
0.949020 0.235294
0.952941 0.235294
0.956863 0.235294
0.960784 0.235294
0.964706 0.235294
0.968627 0.235294
0.972549 0.235294
0.976471 0.235294
0.980392 0.235294
0.984314 0.235294
0.988235 0.235294
0.992157 0.235294
0.996078 0.235294
1.000000 0.235294

i = 610.000000 0.239216
0.003922 0.239216
0.007843 0.239216
0.011765 0.239216
0.015686 0.239216
0.019608 0.239216
0.023529 0.239216
0.027451 0.239216
0.031373 0.239216
0.035294 0.239216
0.039216 0.239216
0.043137 0.239216
0.047059 0.239216
0.050980 0.239216
0.054902 0.239216
0.058824 0.239216
0.062745 0.239216
0.066667 0.239216
0.070588 0.239216
0.074510 0.239216
0.078431 0.239216
0.082353 0.239216
0.086275 0.239216
0.090196 0.239216
0.094118 0.239216
0.098039 0.239216
0.101961 0.239216
0.105882 0.239216
0.109804 0.239216
0.113725 0.239216
0.117647 0.239216
0.121569 0.239216
0.125490 0.239216
0.129412 0.239216
0.133333 0.239216
0.137255 0.239216
0.141176 0.239216
0.145098 0.239216
0.149020 0.239216
0.152941 0.239216
0.156863 0.239216
0.160784 0.239216
0.164706 0.239216
0.168627 0.239216
0.172549 0.239216
0.176471 0.239216
0.180392 0.239216
0.184314 0.239216
0.188235 0.239216
0.192157 0.239216
0.196078 0.239216
0.200000 0.239216
0.203922 0.239216
0.207843 0.239216
0.211765 0.239216
0.215686 0.239216
0.219608 0.239216
0.223529 0.239216
0.227451 0.239216
0.231373 0.239216
0.235294 0.239216
0.239216 0.239216
0.243137 0.239216
0.247059 0.239216
0.250980 0.239216
0.254902 0.239216
0.258824 0.239216
0.262745 0.239216
0.266667 0.239216
0.270588 0.239216
0.274510 0.239216
0.278431 0.239216
0.282353 0.239216
0.286275 0.239216
0.290196 0.239216
0.294118 0.239216
0.298039 0.239216
0.301961 0.239216
0.305882 0.239216
0.309804 0.239216
0.313726 0.239216
0.317647 0.239216
0.321569 0.239216
0.325490 0.239216
0.329412 0.239216
0.333333 0.239216
0.337255 0.239216
0.341176 0.239216
0.345098 0.239216
0.349020 0.239216
0.352941 0.239216
0.356863 0.239216
0.360784 0.239216
0.364706 0.239216
0.368627 0.239216
0.372549 0.239216
0.376471 0.239216
0.380392 0.239216
0.384314 0.239216
0.388235 0.239216
0.392157 0.239216
0.396078 0.239216
0.400000 0.239216
0.403922 0.239216
0.407843 0.239216
0.411765 0.239216
0.415686 0.239216
0.419608 0.239216
0.423529 0.239216
0.427451 0.239216
0.431373 0.239216
0.435294 0.239216
0.439216 0.239216
0.443137 0.239216
0.447059 0.239216
0.450980 0.239216
0.454902 0.239216
0.458824 0.239216
0.462745 0.239216
0.466667 0.239216
0.470588 0.239216
0.474510 0.239216
0.478431 0.239216
0.482353 0.239216
0.486275 0.239216
0.490196 0.239216
0.494118 0.239216
0.498039 0.239216
0.501961 0.239216
0.505882 0.239216
0.509804 0.239216
0.513726 0.239216
0.517647 0.239216
0.521569 0.239216
0.525490 0.239216
0.529412 0.239216
0.533333 0.239216
0.537255 0.239216
0.541176 0.239216
0.545098 0.239216
0.549020 0.239216
0.552941 0.239216
0.556863 0.239216
0.560784 0.239216
0.564706 0.239216
0.568627 0.239216
0.572549 0.239216
0.576471 0.239216
0.580392 0.239216
0.584314 0.239216
0.588235 0.239216
0.592157 0.239216
0.596078 0.239216
0.600000 0.239216
0.603922 0.239216
0.607843 0.239216
0.611765 0.239216
0.615686 0.239216
0.619608 0.239216
0.623529 0.239216
0.627451 0.239216
0.631373 0.239216
0.635294 0.239216
0.639216 0.239216
0.643137 0.239216
0.647059 0.239216
0.650980 0.239216
0.654902 0.239216
0.658824 0.239216
0.662745 0.239216
0.666667 0.239216
0.670588 0.239216
0.674510 0.239216
0.678431 0.239216
0.682353 0.239216
0.686275 0.239216
0.690196 0.239216
0.694118 0.239216
0.698039 0.239216
0.701961 0.239216
0.705882 0.239216
0.709804 0.239216
0.713726 0.239216
0.717647 0.239216
0.721569 0.239216
0.725490 0.239216
0.729412 0.239216
0.733333 0.239216
0.737255 0.239216
0.741176 0.239216
0.745098 0.239216
0.749020 0.239216
0.752941 0.239216
0.756863 0.239216
0.760784 0.239216
0.764706 0.239216
0.768627 0.239216
0.772549 0.239216
0.776471 0.239216
0.780392 0.239216
0.784314 0.239216
0.788235 0.239216
0.792157 0.239216
0.796078 0.239216
0.800000 0.239216
0.803922 0.239216
0.807843 0.239216
0.811765 0.239216
0.815686 0.239216
0.819608 0.239216
0.823529 0.239216
0.827451 0.239216
0.831373 0.239216
0.835294 0.239216
0.839216 0.239216
0.843137 0.239216
0.847059 0.239216
0.850980 0.239216
0.854902 0.239216
0.858824 0.239216
0.862745 0.239216
0.866667 0.239216
0.870588 0.239216
0.874510 0.239216
0.878431 0.239216
0.882353 0.239216
0.886275 0.239216
0.890196 0.239216
0.894118 0.239216
0.898039 0.239216
0.901961 0.239216
0.905882 0.239216
0.909804 0.239216
0.913725 0.239216
0.917647 0.239216
0.921569 0.239216
0.925490 0.239216
0.929412 0.239216
0.933333 0.239216
0.937255 0.239216
0.941176 0.239216
0.945098 0.239216
0.949020 0.239216
0.952941 0.239216
0.956863 0.239216
0.960784 0.239216
0.964706 0.239216
0.968627 0.239216
0.972549 0.239216
0.976471 0.239216
0.980392 0.239216
0.984314 0.239216
0.988235 0.239216
0.992157 0.239216
0.996078 0.239216
1.000000 0.239216

i = 620.000000 0.243137
0.003922 0.243137
0.007843 0.243137
0.011765 0.243137
0.015686 0.243137
0.019608 0.243137
0.023529 0.243137
0.027451 0.243137
0.031373 0.243137
0.035294 0.243137
0.039216 0.243137
0.043137 0.243137
0.047059 0.243137
0.050980 0.243137
0.054902 0.243137
0.058824 0.243137
0.062745 0.243137
0.066667 0.243137
0.070588 0.243137
0.074510 0.243137
0.078431 0.243137
0.082353 0.243137
0.086275 0.243137
0.090196 0.243137
0.094118 0.243137
0.098039 0.243137
0.101961 0.243137
0.105882 0.243137
0.109804 0.243137
0.113725 0.243137
0.117647 0.243137
0.121569 0.243137
0.125490 0.243137
0.129412 0.243137
0.133333 0.243137
0.137255 0.243137
0.141176 0.243137
0.145098 0.243137
0.149020 0.243137
0.152941 0.243137
0.156863 0.243137
0.160784 0.243137
0.164706 0.243137
0.168627 0.243137
0.172549 0.243137
0.176471 0.243137
0.180392 0.243137
0.184314 0.243137
0.188235 0.243137
0.192157 0.243137
0.196078 0.243137
0.200000 0.243137
0.203922 0.243137
0.207843 0.243137
0.211765 0.243137
0.215686 0.243137
0.219608 0.243137
0.223529 0.243137
0.227451 0.243137
0.231373 0.243137
0.235294 0.243137
0.239216 0.243137
0.243137 0.243137
0.247059 0.243137
0.250980 0.243137
0.254902 0.243137
0.258824 0.243137
0.262745 0.243137
0.266667 0.243137
0.270588 0.243137
0.274510 0.243137
0.278431 0.243137
0.282353 0.243137
0.286275 0.243137
0.290196 0.243137
0.294118 0.243137
0.298039 0.243137
0.301961 0.243137
0.305882 0.243137
0.309804 0.243137
0.313726 0.243137
0.317647 0.243137
0.321569 0.243137
0.325490 0.243137
0.329412 0.243137
0.333333 0.243137
0.337255 0.243137
0.341176 0.243137
0.345098 0.243137
0.349020 0.243137
0.352941 0.243137
0.356863 0.243137
0.360784 0.243137
0.364706 0.243137
0.368627 0.243137
0.372549 0.243137
0.376471 0.243137
0.380392 0.243137
0.384314 0.243137
0.388235 0.243137
0.392157 0.243137
0.396078 0.243137
0.400000 0.243137
0.403922 0.243137
0.407843 0.243137
0.411765 0.243137
0.415686 0.243137
0.419608 0.243137
0.423529 0.243137
0.427451 0.243137
0.431373 0.243137
0.435294 0.243137
0.439216 0.243137
0.443137 0.243137
0.447059 0.243137
0.450980 0.243137
0.454902 0.243137
0.458824 0.243137
0.462745 0.243137
0.466667 0.243137
0.470588 0.243137
0.474510 0.243137
0.478431 0.243137
0.482353 0.243137
0.486275 0.243137
0.490196 0.243137
0.494118 0.243137
0.498039 0.243137
0.501961 0.243137
0.505882 0.243137
0.509804 0.243137
0.513726 0.243137
0.517647 0.243137
0.521569 0.243137
0.525490 0.243137
0.529412 0.243137
0.533333 0.243137
0.537255 0.243137
0.541176 0.243137
0.545098 0.243137
0.549020 0.243137
0.552941 0.243137
0.556863 0.243137
0.560784 0.243137
0.564706 0.243137
0.568627 0.243137
0.572549 0.243137
0.576471 0.243137
0.580392 0.243137
0.584314 0.243137
0.588235 0.243137
0.592157 0.243137
0.596078 0.243137
0.600000 0.243137
0.603922 0.243137
0.607843 0.243137
0.611765 0.243137
0.615686 0.243137
0.619608 0.243137
0.623529 0.243137
0.627451 0.243137
0.631373 0.243137
0.635294 0.243137
0.639216 0.243137
0.643137 0.243137
0.647059 0.243137
0.650980 0.243137
0.654902 0.243137
0.658824 0.243137
0.662745 0.243137
0.666667 0.243137
0.670588 0.243137
0.674510 0.243137
0.678431 0.243137
0.682353 0.243137
0.686275 0.243137
0.690196 0.243137
0.694118 0.243137
0.698039 0.243137
0.701961 0.243137
0.705882 0.243137
0.709804 0.243137
0.713726 0.243137
0.717647 0.243137
0.721569 0.243137
0.725490 0.243137
0.729412 0.243137
0.733333 0.243137
0.737255 0.243137
0.741176 0.243137
0.745098 0.243137
0.749020 0.243137
0.752941 0.243137
0.756863 0.243137
0.760784 0.243137
0.764706 0.243137
0.768627 0.243137
0.772549 0.243137
0.776471 0.243137
0.780392 0.243137
0.784314 0.243137
0.788235 0.243137
0.792157 0.243137
0.796078 0.243137
0.800000 0.243137
0.803922 0.243137
0.807843 0.243137
0.811765 0.243137
0.815686 0.243137
0.819608 0.243137
0.823529 0.243137
0.827451 0.243137
0.831373 0.243137
0.835294 0.243137
0.839216 0.243137
0.843137 0.243137
0.847059 0.243137
0.850980 0.243137
0.854902 0.243137
0.858824 0.243137
0.862745 0.243137
0.866667 0.243137
0.870588 0.243137
0.874510 0.243137
0.878431 0.243137
0.882353 0.243137
0.886275 0.243137
0.890196 0.243137
0.894118 0.243137
0.898039 0.243137
0.901961 0.243137
0.905882 0.243137
0.909804 0.243137
0.913725 0.243137
0.917647 0.243137
0.921569 0.243137
0.925490 0.243137
0.929412 0.243137
0.933333 0.243137
0.937255 0.243137
0.941176 0.243137
0.945098 0.243137
0.949020 0.243137
0.952941 0.243137
0.956863 0.243137
0.960784 0.243137
0.964706 0.243137
0.968627 0.243137
0.972549 0.243137
0.976471 0.243137
0.980392 0.243137
0.984314 0.243137
0.988235 0.243137
0.992157 0.243137
0.996078 0.243137
1.000000 0.243137

i = 630.000000 0.247059
0.003922 0.247059
0.007843 0.247059
0.011765 0.247059
0.015686 0.247059
0.019608 0.247059
0.023529 0.247059
0.027451 0.247059
0.031373 0.247059
0.035294 0.247059
0.039216 0.247059
0.043137 0.247059
0.047059 0.247059
0.050980 0.247059
0.054902 0.247059
0.058824 0.247059
0.062745 0.247059
0.066667 0.247059
0.070588 0.247059
0.074510 0.247059
0.078431 0.247059
0.082353 0.247059
0.086275 0.247059
0.090196 0.247059
0.094118 0.247059
0.098039 0.247059
0.101961 0.247059
0.105882 0.247059
0.109804 0.247059
0.113725 0.247059
0.117647 0.247059
0.121569 0.247059
0.125490 0.247059
0.129412 0.247059
0.133333 0.247059
0.137255 0.247059
0.141176 0.247059
0.145098 0.247059
0.149020 0.247059
0.152941 0.247059
0.156863 0.247059
0.160784 0.247059
0.164706 0.247059
0.168627 0.247059
0.172549 0.247059
0.176471 0.247059
0.180392 0.247059
0.184314 0.247059
0.188235 0.247059
0.192157 0.247059
0.196078 0.247059
0.200000 0.247059
0.203922 0.247059
0.207843 0.247059
0.211765 0.247059
0.215686 0.247059
0.219608 0.247059
0.223529 0.247059
0.227451 0.247059
0.231373 0.247059
0.235294 0.247059
0.239216 0.247059
0.243137 0.247059
0.247059 0.247059
0.250980 0.247059
0.254902 0.247059
0.258824 0.247059
0.262745 0.247059
0.266667 0.247059
0.270588 0.247059
0.274510 0.247059
0.278431 0.247059
0.282353 0.247059
0.286275 0.247059
0.290196 0.247059
0.294118 0.247059
0.298039 0.247059
0.301961 0.247059
0.305882 0.247059
0.309804 0.247059
0.313726 0.247059
0.317647 0.247059
0.321569 0.247059
0.325490 0.247059
0.329412 0.247059
0.333333 0.247059
0.337255 0.247059
0.341176 0.247059
0.345098 0.247059
0.349020 0.247059
0.352941 0.247059
0.356863 0.247059
0.360784 0.247059
0.364706 0.247059
0.368627 0.247059
0.372549 0.247059
0.376471 0.247059
0.380392 0.247059
0.384314 0.247059
0.388235 0.247059
0.392157 0.247059
0.396078 0.247059
0.400000 0.247059
0.403922 0.247059
0.407843 0.247059
0.411765 0.247059
0.415686 0.247059
0.419608 0.247059
0.423529 0.247059
0.427451 0.247059
0.431373 0.247059
0.435294 0.247059
0.439216 0.247059
0.443137 0.247059
0.447059 0.247059
0.450980 0.247059
0.454902 0.247059
0.458824 0.247059
0.462745 0.247059
0.466667 0.247059
0.470588 0.247059
0.474510 0.247059
0.478431 0.247059
0.482353 0.247059
0.486275 0.247059
0.490196 0.247059
0.494118 0.247059
0.498039 0.247059
0.501961 0.247059
0.505882 0.247059
0.509804 0.247059
0.513726 0.247059
0.517647 0.247059
0.521569 0.247059
0.525490 0.247059
0.529412 0.247059
0.533333 0.247059
0.537255 0.247059
0.541176 0.247059
0.545098 0.247059
0.549020 0.247059
0.552941 0.247059
0.556863 0.247059
0.560784 0.247059
0.564706 0.247059
0.568627 0.247059
0.572549 0.247059
0.576471 0.247059
0.580392 0.247059
0.584314 0.247059
0.588235 0.247059
0.592157 0.247059
0.596078 0.247059
0.600000 0.247059
0.603922 0.247059
0.607843 0.247059
0.611765 0.247059
0.615686 0.247059
0.619608 0.247059
0.623529 0.247059
0.627451 0.247059
0.631373 0.247059
0.635294 0.247059
0.639216 0.247059
0.643137 0.247059
0.647059 0.247059
0.650980 0.247059
0.654902 0.247059
0.658824 0.247059
0.662745 0.247059
0.666667 0.247059
0.670588 0.247059
0.674510 0.247059
0.678431 0.247059
0.682353 0.247059
0.686275 0.247059
0.690196 0.247059
0.694118 0.247059
0.698039 0.247059
0.701961 0.247059
0.705882 0.247059
0.709804 0.247059
0.713726 0.247059
0.717647 0.247059
0.721569 0.247059
0.725490 0.247059
0.729412 0.247059
0.733333 0.247059
0.737255 0.247059
0.741176 0.247059
0.745098 0.247059
0.749020 0.247059
0.752941 0.247059
0.756863 0.247059
0.760784 0.247059
0.764706 0.247059
0.768627 0.247059
0.772549 0.247059
0.776471 0.247059
0.780392 0.247059
0.784314 0.247059
0.788235 0.247059
0.792157 0.247059
0.796078 0.247059
0.800000 0.247059
0.803922 0.247059
0.807843 0.247059
0.811765 0.247059
0.815686 0.247059
0.819608 0.247059
0.823529 0.247059
0.827451 0.247059
0.831373 0.247059
0.835294 0.247059
0.839216 0.247059
0.843137 0.247059
0.847059 0.247059
0.850980 0.247059
0.854902 0.247059
0.858824 0.247059
0.862745 0.247059
0.866667 0.247059
0.870588 0.247059
0.874510 0.247059
0.878431 0.247059
0.882353 0.247059
0.886275 0.247059
0.890196 0.247059
0.894118 0.247059
0.898039 0.247059
0.901961 0.247059
0.905882 0.247059
0.909804 0.247059
0.913725 0.247059
0.917647 0.247059
0.921569 0.247059
0.925490 0.247059
0.929412 0.247059
0.933333 0.247059
0.937255 0.247059
0.941176 0.247059
0.945098 0.247059
0.949020 0.247059
0.952941 0.247059
0.956863 0.247059
0.960784 0.247059
0.964706 0.247059
0.968627 0.247059
0.972549 0.247059
0.976471 0.247059
0.980392 0.247059
0.984314 0.247059
0.988235 0.247059
0.992157 0.247059
0.996078 0.247059
1.000000 0.247059

i = 640.000000 0.250980
0.003922 0.250980
0.007843 0.250980
0.011765 0.250980
0.015686 0.250980
0.019608 0.250980
0.023529 0.250980
0.027451 0.250980
0.031373 0.250980
0.035294 0.250980
0.039216 0.250980
0.043137 0.250980
0.047059 0.250980
0.050980 0.250980
0.054902 0.250980
0.058824 0.250980
0.062745 0.250980
0.066667 0.250980
0.070588 0.250980
0.074510 0.250980
0.078431 0.250980
0.082353 0.250980
0.086275 0.250980
0.090196 0.250980
0.094118 0.250980
0.098039 0.250980
0.101961 0.250980
0.105882 0.250980
0.109804 0.250980
0.113725 0.250980
0.117647 0.250980
0.121569 0.250980
0.125490 0.250980
0.129412 0.250980
0.133333 0.250980
0.137255 0.250980
0.141176 0.250980
0.145098 0.250980
0.149020 0.250980
0.152941 0.250980
0.156863 0.250980
0.160784 0.250980
0.164706 0.250980
0.168627 0.250980
0.172549 0.250980
0.176471 0.250980
0.180392 0.250980
0.184314 0.250980
0.188235 0.250980
0.192157 0.250980
0.196078 0.250980
0.200000 0.250980
0.203922 0.250980
0.207843 0.250980
0.211765 0.250980
0.215686 0.250980
0.219608 0.250980
0.223529 0.250980
0.227451 0.250980
0.231373 0.250980
0.235294 0.250980
0.239216 0.250980
0.243137 0.250980
0.247059 0.250980
0.250980 0.250980
0.254902 0.250980
0.258824 0.250980
0.262745 0.250980
0.266667 0.250980
0.270588 0.250980
0.274510 0.250980
0.278431 0.250980
0.282353 0.250980
0.286275 0.250980
0.290196 0.250980
0.294118 0.250980
0.298039 0.250980
0.301961 0.250980
0.305882 0.250980
0.309804 0.250980
0.313726 0.250980
0.317647 0.250980
0.321569 0.250980
0.325490 0.250980
0.329412 0.250980
0.333333 0.250980
0.337255 0.250980
0.341176 0.250980
0.345098 0.250980
0.349020 0.250980
0.352941 0.250980
0.356863 0.250980
0.360784 0.250980
0.364706 0.250980
0.368627 0.250980
0.372549 0.250980
0.376471 0.250980
0.380392 0.250980
0.384314 0.250980
0.388235 0.250980
0.392157 0.250980
0.396078 0.250980
0.400000 0.250980
0.403922 0.250980
0.407843 0.250980
0.411765 0.250980
0.415686 0.250980
0.419608 0.250980
0.423529 0.250980
0.427451 0.250980
0.431373 0.250980
0.435294 0.250980
0.439216 0.250980
0.443137 0.250980
0.447059 0.250980
0.450980 0.250980
0.454902 0.250980
0.458824 0.250980
0.462745 0.250980
0.466667 0.250980
0.470588 0.250980
0.474510 0.250980
0.478431 0.250980
0.482353 0.250980
0.486275 0.250980
0.490196 0.250980
0.494118 0.250980
0.498039 0.250980
0.501961 0.250980
0.505882 0.250980
0.509804 0.250980
0.513726 0.250980
0.517647 0.250980
0.521569 0.250980
0.525490 0.250980
0.529412 0.250980
0.533333 0.250980
0.537255 0.250980
0.541176 0.250980
0.545098 0.250980
0.549020 0.250980
0.552941 0.250980
0.556863 0.250980
0.560784 0.250980
0.564706 0.250980
0.568627 0.250980
0.572549 0.250980
0.576471 0.250980
0.580392 0.250980
0.584314 0.250980
0.588235 0.250980
0.592157 0.250980
0.596078 0.250980
0.600000 0.250980
0.603922 0.250980
0.607843 0.250980
0.611765 0.250980
0.615686 0.250980
0.619608 0.250980
0.623529 0.250980
0.627451 0.250980
0.631373 0.250980
0.635294 0.250980
0.639216 0.250980
0.643137 0.250980
0.647059 0.250980
0.650980 0.250980
0.654902 0.250980
0.658824 0.250980
0.662745 0.250980
0.666667 0.250980
0.670588 0.250980
0.674510 0.250980
0.678431 0.250980
0.682353 0.250980
0.686275 0.250980
0.690196 0.250980
0.694118 0.250980
0.698039 0.250980
0.701961 0.250980
0.705882 0.250980
0.709804 0.250980
0.713726 0.250980
0.717647 0.250980
0.721569 0.250980
0.725490 0.250980
0.729412 0.250980
0.733333 0.250980
0.737255 0.250980
0.741176 0.250980
0.745098 0.250980
0.749020 0.250980
0.752941 0.250980
0.756863 0.250980
0.760784 0.250980
0.764706 0.250980
0.768627 0.250980
0.772549 0.250980
0.776471 0.250980
0.780392 0.250980
0.784314 0.250980
0.788235 0.250980
0.792157 0.250980
0.796078 0.250980
0.800000 0.250980
0.803922 0.250980
0.807843 0.250980
0.811765 0.250980
0.815686 0.250980
0.819608 0.250980
0.823529 0.250980
0.827451 0.250980
0.831373 0.250980
0.835294 0.250980
0.839216 0.250980
0.843137 0.250980
0.847059 0.250980
0.850980 0.250980
0.854902 0.250980
0.858824 0.250980
0.862745 0.250980
0.866667 0.250980
0.870588 0.250980
0.874510 0.250980
0.878431 0.250980
0.882353 0.250980
0.886275 0.250980
0.890196 0.250980
0.894118 0.250980
0.898039 0.250980
0.901961 0.250980
0.905882 0.250980
0.909804 0.250980
0.913725 0.250980
0.917647 0.250980
0.921569 0.250980
0.925490 0.250980
0.929412 0.250980
0.933333 0.250980
0.937255 0.250980
0.941176 0.250980
0.945098 0.250980
0.949020 0.250980
0.952941 0.250980
0.956863 0.250980
0.960784 0.250980
0.964706 0.250980
0.968627 0.250980
0.972549 0.250980
0.976471 0.250980
0.980392 0.250980
0.984314 0.250980
0.988235 0.250980
0.992157 0.250980
0.996078 0.250980
1.000000 0.250980

i = 650.000000 0.254902
0.003922 0.254902
0.007843 0.254902
0.011765 0.254902
0.015686 0.254902
0.019608 0.254902
0.023529 0.254902
0.027451 0.254902
0.031373 0.254902
0.035294 0.254902
0.039216 0.254902
0.043137 0.254902
0.047059 0.254902
0.050980 0.254902
0.054902 0.254902
0.058824 0.254902
0.062745 0.254902
0.066667 0.254902
0.070588 0.254902
0.074510 0.254902
0.078431 0.254902
0.082353 0.254902
0.086275 0.254902
0.090196 0.254902
0.094118 0.254902
0.098039 0.254902
0.101961 0.254902
0.105882 0.254902
0.109804 0.254902
0.113725 0.254902
0.117647 0.254902
0.121569 0.254902
0.125490 0.254902
0.129412 0.254902
0.133333 0.254902
0.137255 0.254902
0.141176 0.254902
0.145098 0.254902
0.149020 0.254902
0.152941 0.254902
0.156863 0.254902
0.160784 0.254902
0.164706 0.254902
0.168627 0.254902
0.172549 0.254902
0.176471 0.254902
0.180392 0.254902
0.184314 0.254902
0.188235 0.254902
0.192157 0.254902
0.196078 0.254902
0.200000 0.254902
0.203922 0.254902
0.207843 0.254902
0.211765 0.254902
0.215686 0.254902
0.219608 0.254902
0.223529 0.254902
0.227451 0.254902
0.231373 0.254902
0.235294 0.254902
0.239216 0.254902
0.243137 0.254902
0.247059 0.254902
0.250980 0.254902
0.254902 0.254902
0.258824 0.254902
0.262745 0.254902
0.266667 0.254902
0.270588 0.254902
0.274510 0.254902
0.278431 0.254902
0.282353 0.254902
0.286275 0.254902
0.290196 0.254902
0.294118 0.254902
0.298039 0.254902
0.301961 0.254902
0.305882 0.254902
0.309804 0.254902
0.313726 0.254902
0.317647 0.254902
0.321569 0.254902
0.325490 0.254902
0.329412 0.254902
0.333333 0.254902
0.337255 0.254902
0.341176 0.254902
0.345098 0.254902
0.349020 0.254902
0.352941 0.254902
0.356863 0.254902
0.360784 0.254902
0.364706 0.254902
0.368627 0.254902
0.372549 0.254902
0.376471 0.254902
0.380392 0.254902
0.384314 0.254902
0.388235 0.254902
0.392157 0.254902
0.396078 0.254902
0.400000 0.254902
0.403922 0.254902
0.407843 0.254902
0.411765 0.254902
0.415686 0.254902
0.419608 0.254902
0.423529 0.254902
0.427451 0.254902
0.431373 0.254902
0.435294 0.254902
0.439216 0.254902
0.443137 0.254902
0.447059 0.254902
0.450980 0.254902
0.454902 0.254902
0.458824 0.254902
0.462745 0.254902
0.466667 0.254902
0.470588 0.254902
0.474510 0.254902
0.478431 0.254902
0.482353 0.254902
0.486275 0.254902
0.490196 0.254902
0.494118 0.254902
0.498039 0.254902
0.501961 0.254902
0.505882 0.254902
0.509804 0.254902
0.513726 0.254902
0.517647 0.254902
0.521569 0.254902
0.525490 0.254902
0.529412 0.254902
0.533333 0.254902
0.537255 0.254902
0.541176 0.254902
0.545098 0.254902
0.549020 0.254902
0.552941 0.254902
0.556863 0.254902
0.560784 0.254902
0.564706 0.254902
0.568627 0.254902
0.572549 0.254902
0.576471 0.254902
0.580392 0.254902
0.584314 0.254902
0.588235 0.254902
0.592157 0.254902
0.596078 0.254902
0.600000 0.254902
0.603922 0.254902
0.607843 0.254902
0.611765 0.254902
0.615686 0.254902
0.619608 0.254902
0.623529 0.254902
0.627451 0.254902
0.631373 0.254902
0.635294 0.254902
0.639216 0.254902
0.643137 0.254902
0.647059 0.254902
0.650980 0.254902
0.654902 0.254902
0.658824 0.254902
0.662745 0.254902
0.666667 0.254902
0.670588 0.254902
0.674510 0.254902
0.678431 0.254902
0.682353 0.254902
0.686275 0.254902
0.690196 0.254902
0.694118 0.254902
0.698039 0.254902
0.701961 0.254902
0.705882 0.254902
0.709804 0.254902
0.713726 0.254902
0.717647 0.254902
0.721569 0.254902
0.725490 0.254902
0.729412 0.254902
0.733333 0.254902
0.737255 0.254902
0.741176 0.254902
0.745098 0.254902
0.749020 0.254902
0.752941 0.254902
0.756863 0.254902
0.760784 0.254902
0.764706 0.254902
0.768627 0.254902
0.772549 0.254902
0.776471 0.254902
0.780392 0.254902
0.784314 0.254902
0.788235 0.254902
0.792157 0.254902
0.796078 0.254902
0.800000 0.254902
0.803922 0.254902
0.807843 0.254902
0.811765 0.254902
0.815686 0.254902
0.819608 0.254902
0.823529 0.254902
0.827451 0.254902
0.831373 0.254902
0.835294 0.254902
0.839216 0.254902
0.843137 0.254902
0.847059 0.254902
0.850980 0.254902
0.854902 0.254902
0.858824 0.254902
0.862745 0.254902
0.866667 0.254902
0.870588 0.254902
0.874510 0.254902
0.878431 0.254902
0.882353 0.254902
0.886275 0.254902
0.890196 0.254902
0.894118 0.254902
0.898039 0.254902
0.901961 0.254902
0.905882 0.254902
0.909804 0.254902
0.913725 0.254902
0.917647 0.254902
0.921569 0.254902
0.925490 0.254902
0.929412 0.254902
0.933333 0.254902
0.937255 0.254902
0.941176 0.254902
0.945098 0.254902
0.949020 0.254902
0.952941 0.254902
0.956863 0.254902
0.960784 0.254902
0.964706 0.254902
0.968627 0.254902
0.972549 0.254902
0.976471 0.254902
0.980392 0.254902
0.984314 0.254902
0.988235 0.254902
0.992157 0.254902
0.996078 0.254902
1.000000 0.254902

i = 660.000000 0.258824
0.003922 0.258824
0.007843 0.258824
0.011765 0.258824
0.015686 0.258824
0.019608 0.258824
0.023529 0.258824
0.027451 0.258824
0.031373 0.258824
0.035294 0.258824
0.039216 0.258824
0.043137 0.258824
0.047059 0.258824
0.050980 0.258824
0.054902 0.258824
0.058824 0.258824
0.062745 0.258824
0.066667 0.258824
0.070588 0.258824
0.074510 0.258824
0.078431 0.258824
0.082353 0.258824
0.086275 0.258824
0.090196 0.258824
0.094118 0.258824
0.098039 0.258824
0.101961 0.258824
0.105882 0.258824
0.109804 0.258824
0.113725 0.258824
0.117647 0.258824
0.121569 0.258824
0.125490 0.258824
0.129412 0.258824
0.133333 0.258824
0.137255 0.258824
0.141176 0.258824
0.145098 0.258824
0.149020 0.258824
0.152941 0.258824
0.156863 0.258824
0.160784 0.258824
0.164706 0.258824
0.168627 0.258824
0.172549 0.258824
0.176471 0.258824
0.180392 0.258824
0.184314 0.258824
0.188235 0.258824
0.192157 0.258824
0.196078 0.258824
0.200000 0.258824
0.203922 0.258824
0.207843 0.258824
0.211765 0.258824
0.215686 0.258824
0.219608 0.258824
0.223529 0.258824
0.227451 0.258824
0.231373 0.258824
0.235294 0.258824
0.239216 0.258824
0.243137 0.258824
0.247059 0.258824
0.250980 0.258824
0.254902 0.258824
0.258824 0.258824
0.262745 0.258824
0.266667 0.258824
0.270588 0.258824
0.274510 0.258824
0.278431 0.258824
0.282353 0.258824
0.286275 0.258824
0.290196 0.258824
0.294118 0.258824
0.298039 0.258824
0.301961 0.258824
0.305882 0.258824
0.309804 0.258824
0.313726 0.258824
0.317647 0.258824
0.321569 0.258824
0.325490 0.258824
0.329412 0.258824
0.333333 0.258824
0.337255 0.258824
0.341176 0.258824
0.345098 0.258824
0.349020 0.258824
0.352941 0.258824
0.356863 0.258824
0.360784 0.258824
0.364706 0.258824
0.368627 0.258824
0.372549 0.258824
0.376471 0.258824
0.380392 0.258824
0.384314 0.258824
0.388235 0.258824
0.392157 0.258824
0.396078 0.258824
0.400000 0.258824
0.403922 0.258824
0.407843 0.258824
0.411765 0.258824
0.415686 0.258824
0.419608 0.258824
0.423529 0.258824
0.427451 0.258824
0.431373 0.258824
0.435294 0.258824
0.439216 0.258824
0.443137 0.258824
0.447059 0.258824
0.450980 0.258824
0.454902 0.258824
0.458824 0.258824
0.462745 0.258824
0.466667 0.258824
0.470588 0.258824
0.474510 0.258824
0.478431 0.258824
0.482353 0.258824
0.486275 0.258824
0.490196 0.258824
0.494118 0.258824
0.498039 0.258824
0.501961 0.258824
0.505882 0.258824
0.509804 0.258824
0.513726 0.258824
0.517647 0.258824
0.521569 0.258824
0.525490 0.258824
0.529412 0.258824
0.533333 0.258824
0.537255 0.258824
0.541176 0.258824
0.545098 0.258824
0.549020 0.258824
0.552941 0.258824
0.556863 0.258824
0.560784 0.258824
0.564706 0.258824
0.568627 0.258824
0.572549 0.258824
0.576471 0.258824
0.580392 0.258824
0.584314 0.258824
0.588235 0.258824
0.592157 0.258824
0.596078 0.258824
0.600000 0.258824
0.603922 0.258824
0.607843 0.258824
0.611765 0.258824
0.615686 0.258824
0.619608 0.258824
0.623529 0.258824
0.627451 0.258824
0.631373 0.258824
0.635294 0.258824
0.639216 0.258824
0.643137 0.258824
0.647059 0.258824
0.650980 0.258824
0.654902 0.258824
0.658824 0.258824
0.662745 0.258824
0.666667 0.258824
0.670588 0.258824
0.674510 0.258824
0.678431 0.258824
0.682353 0.258824
0.686275 0.258824
0.690196 0.258824
0.694118 0.258824
0.698039 0.258824
0.701961 0.258824
0.705882 0.258824
0.709804 0.258824
0.713726 0.258824
0.717647 0.258824
0.721569 0.258824
0.725490 0.258824
0.729412 0.258824
0.733333 0.258824
0.737255 0.258824
0.741176 0.258824
0.745098 0.258824
0.749020 0.258824
0.752941 0.258824
0.756863 0.258824
0.760784 0.258824
0.764706 0.258824
0.768627 0.258824
0.772549 0.258824
0.776471 0.258824
0.780392 0.258824
0.784314 0.258824
0.788235 0.258824
0.792157 0.258824
0.796078 0.258824
0.800000 0.258824
0.803922 0.258824
0.807843 0.258824
0.811765 0.258824
0.815686 0.258824
0.819608 0.258824
0.823529 0.258824
0.827451 0.258824
0.831373 0.258824
0.835294 0.258824
0.839216 0.258824
0.843137 0.258824
0.847059 0.258824
0.850980 0.258824
0.854902 0.258824
0.858824 0.258824
0.862745 0.258824
0.866667 0.258824
0.870588 0.258824
0.874510 0.258824
0.878431 0.258824
0.882353 0.258824
0.886275 0.258824
0.890196 0.258824
0.894118 0.258824
0.898039 0.258824
0.901961 0.258824
0.905882 0.258824
0.909804 0.258824
0.913725 0.258824
0.917647 0.258824
0.921569 0.258824
0.925490 0.258824
0.929412 0.258824
0.933333 0.258824
0.937255 0.258824
0.941176 0.258824
0.945098 0.258824
0.949020 0.258824
0.952941 0.258824
0.956863 0.258824
0.960784 0.258824
0.964706 0.258824
0.968627 0.258824
0.972549 0.258824
0.976471 0.258824
0.980392 0.258824
0.984314 0.258824
0.988235 0.258824
0.992157 0.258824
0.996078 0.258824
1.000000 0.258824

i = 670.000000 0.262745
0.003922 0.262745
0.007843 0.262745
0.011765 0.262745
0.015686 0.262745
0.019608 0.262745
0.023529 0.262745
0.027451 0.262745
0.031373 0.262745
0.035294 0.262745
0.039216 0.262745
0.043137 0.262745
0.047059 0.262745
0.050980 0.262745
0.054902 0.262745
0.058824 0.262745
0.062745 0.262745
0.066667 0.262745
0.070588 0.262745
0.074510 0.262745
0.078431 0.262745
0.082353 0.262745
0.086275 0.262745
0.090196 0.262745
0.094118 0.262745
0.098039 0.262745
0.101961 0.262745
0.105882 0.262745
0.109804 0.262745
0.113725 0.262745
0.117647 0.262745
0.121569 0.262745
0.125490 0.262745
0.129412 0.262745
0.133333 0.262745
0.137255 0.262745
0.141176 0.262745
0.145098 0.262745
0.149020 0.262745
0.152941 0.262745
0.156863 0.262745
0.160784 0.262745
0.164706 0.262745
0.168627 0.262745
0.172549 0.262745
0.176471 0.262745
0.180392 0.262745
0.184314 0.262745
0.188235 0.262745
0.192157 0.262745
0.196078 0.262745
0.200000 0.262745
0.203922 0.262745
0.207843 0.262745
0.211765 0.262745
0.215686 0.262745
0.219608 0.262745
0.223529 0.262745
0.227451 0.262745
0.231373 0.262745
0.235294 0.262745
0.239216 0.262745
0.243137 0.262745
0.247059 0.262745
0.250980 0.262745
0.254902 0.262745
0.258824 0.262745
0.262745 0.262745
0.266667 0.262745
0.270588 0.262745
0.274510 0.262745
0.278431 0.262745
0.282353 0.262745
0.286275 0.262745
0.290196 0.262745
0.294118 0.262745
0.298039 0.262745
0.301961 0.262745
0.305882 0.262745
0.309804 0.262745
0.313726 0.262745
0.317647 0.262745
0.321569 0.262745
0.325490 0.262745
0.329412 0.262745
0.333333 0.262745
0.337255 0.262745
0.341176 0.262745
0.345098 0.262745
0.349020 0.262745
0.352941 0.262745
0.356863 0.262745
0.360784 0.262745
0.364706 0.262745
0.368627 0.262745
0.372549 0.262745
0.376471 0.262745
0.380392 0.262745
0.384314 0.262745
0.388235 0.262745
0.392157 0.262745
0.396078 0.262745
0.400000 0.262745
0.403922 0.262745
0.407843 0.262745
0.411765 0.262745
0.415686 0.262745
0.419608 0.262745
0.423529 0.262745
0.427451 0.262745
0.431373 0.262745
0.435294 0.262745
0.439216 0.262745
0.443137 0.262745
0.447059 0.262745
0.450980 0.262745
0.454902 0.262745
0.458824 0.262745
0.462745 0.262745
0.466667 0.262745
0.470588 0.262745
0.474510 0.262745
0.478431 0.262745
0.482353 0.262745
0.486275 0.262745
0.490196 0.262745
0.494118 0.262745
0.498039 0.262745
0.501961 0.262745
0.505882 0.262745
0.509804 0.262745
0.513726 0.262745
0.517647 0.262745
0.521569 0.262745
0.525490 0.262745
0.529412 0.262745
0.533333 0.262745
0.537255 0.262745
0.541176 0.262745
0.545098 0.262745
0.549020 0.262745
0.552941 0.262745
0.556863 0.262745
0.560784 0.262745
0.564706 0.262745
0.568627 0.262745
0.572549 0.262745
0.576471 0.262745
0.580392 0.262745
0.584314 0.262745
0.588235 0.262745
0.592157 0.262745
0.596078 0.262745
0.600000 0.262745
0.603922 0.262745
0.607843 0.262745
0.611765 0.262745
0.615686 0.262745
0.619608 0.262745
0.623529 0.262745
0.627451 0.262745
0.631373 0.262745
0.635294 0.262745
0.639216 0.262745
0.643137 0.262745
0.647059 0.262745
0.650980 0.262745
0.654902 0.262745
0.658824 0.262745
0.662745 0.262745
0.666667 0.262745
0.670588 0.262745
0.674510 0.262745
0.678431 0.262745
0.682353 0.262745
0.686275 0.262745
0.690196 0.262745
0.694118 0.262745
0.698039 0.262745
0.701961 0.262745
0.705882 0.262745
0.709804 0.262745
0.713726 0.262745
0.717647 0.262745
0.721569 0.262745
0.725490 0.262745
0.729412 0.262745
0.733333 0.262745
0.737255 0.262745
0.741176 0.262745
0.745098 0.262745
0.749020 0.262745
0.752941 0.262745
0.756863 0.262745
0.760784 0.262745
0.764706 0.262745
0.768627 0.262745
0.772549 0.262745
0.776471 0.262745
0.780392 0.262745
0.784314 0.262745
0.788235 0.262745
0.792157 0.262745
0.796078 0.262745
0.800000 0.262745
0.803922 0.262745
0.807843 0.262745
0.811765 0.262745
0.815686 0.262745
0.819608 0.262745
0.823529 0.262745
0.827451 0.262745
0.831373 0.262745
0.835294 0.262745
0.839216 0.262745
0.843137 0.262745
0.847059 0.262745
0.850980 0.262745
0.854902 0.262745
0.858824 0.262745
0.862745 0.262745
0.866667 0.262745
0.870588 0.262745
0.874510 0.262745
0.878431 0.262745
0.882353 0.262745
0.886275 0.262745
0.890196 0.262745
0.894118 0.262745
0.898039 0.262745
0.901961 0.262745
0.905882 0.262745
0.909804 0.262745
0.913725 0.262745
0.917647 0.262745
0.921569 0.262745
0.925490 0.262745
0.929412 0.262745
0.933333 0.262745
0.937255 0.262745
0.941176 0.262745
0.945098 0.262745
0.949020 0.262745
0.952941 0.262745
0.956863 0.262745
0.960784 0.262745
0.964706 0.262745
0.968627 0.262745
0.972549 0.262745
0.976471 0.262745
0.980392 0.262745
0.984314 0.262745
0.988235 0.262745
0.992157 0.262745
0.996078 0.262745
1.000000 0.262745

i = 680.000000 0.266667
0.003922 0.266667
0.007843 0.266667
0.011765 0.266667
0.015686 0.266667
0.019608 0.266667
0.023529 0.266667
0.027451 0.266667
0.031373 0.266667
0.035294 0.266667
0.039216 0.266667
0.043137 0.266667
0.047059 0.266667
0.050980 0.266667
0.054902 0.266667
0.058824 0.266667
0.062745 0.266667
0.066667 0.266667
0.070588 0.266667
0.074510 0.266667
0.078431 0.266667
0.082353 0.266667
0.086275 0.266667
0.090196 0.266667
0.094118 0.266667
0.098039 0.266667
0.101961 0.266667
0.105882 0.266667
0.109804 0.266667
0.113725 0.266667
0.117647 0.266667
0.121569 0.266667
0.125490 0.266667
0.129412 0.266667
0.133333 0.266667
0.137255 0.266667
0.141176 0.266667
0.145098 0.266667
0.149020 0.266667
0.152941 0.266667
0.156863 0.266667
0.160784 0.266667
0.164706 0.266667
0.168627 0.266667
0.172549 0.266667
0.176471 0.266667
0.180392 0.266667
0.184314 0.266667
0.188235 0.266667
0.192157 0.266667
0.196078 0.266667
0.200000 0.266667
0.203922 0.266667
0.207843 0.266667
0.211765 0.266667
0.215686 0.266667
0.219608 0.266667
0.223529 0.266667
0.227451 0.266667
0.231373 0.266667
0.235294 0.266667
0.239216 0.266667
0.243137 0.266667
0.247059 0.266667
0.250980 0.266667
0.254902 0.266667
0.258824 0.266667
0.262745 0.266667
0.266667 0.266667
0.270588 0.266667
0.274510 0.266667
0.278431 0.266667
0.282353 0.266667
0.286275 0.266667
0.290196 0.266667
0.294118 0.266667
0.298039 0.266667
0.301961 0.266667
0.305882 0.266667
0.309804 0.266667
0.313726 0.266667
0.317647 0.266667
0.321569 0.266667
0.325490 0.266667
0.329412 0.266667
0.333333 0.266667
0.337255 0.266667
0.341176 0.266667
0.345098 0.266667
0.349020 0.266667
0.352941 0.266667
0.356863 0.266667
0.360784 0.266667
0.364706 0.266667
0.368627 0.266667
0.372549 0.266667
0.376471 0.266667
0.380392 0.266667
0.384314 0.266667
0.388235 0.266667
0.392157 0.266667
0.396078 0.266667
0.400000 0.266667
0.403922 0.266667
0.407843 0.266667
0.411765 0.266667
0.415686 0.266667
0.419608 0.266667
0.423529 0.266667
0.427451 0.266667
0.431373 0.266667
0.435294 0.266667
0.439216 0.266667
0.443137 0.266667
0.447059 0.266667
0.450980 0.266667
0.454902 0.266667
0.458824 0.266667
0.462745 0.266667
0.466667 0.266667
0.470588 0.266667
0.474510 0.266667
0.478431 0.266667
0.482353 0.266667
0.486275 0.266667
0.490196 0.266667
0.494118 0.266667
0.498039 0.266667
0.501961 0.266667
0.505882 0.266667
0.509804 0.266667
0.513726 0.266667
0.517647 0.266667
0.521569 0.266667
0.525490 0.266667
0.529412 0.266667
0.533333 0.266667
0.537255 0.266667
0.541176 0.266667
0.545098 0.266667
0.549020 0.266667
0.552941 0.266667
0.556863 0.266667
0.560784 0.266667
0.564706 0.266667
0.568627 0.266667
0.572549 0.266667
0.576471 0.266667
0.580392 0.266667
0.584314 0.266667
0.588235 0.266667
0.592157 0.266667
0.596078 0.266667
0.600000 0.266667
0.603922 0.266667
0.607843 0.266667
0.611765 0.266667
0.615686 0.266667
0.619608 0.266667
0.623529 0.266667
0.627451 0.266667
0.631373 0.266667
0.635294 0.266667
0.639216 0.266667
0.643137 0.266667
0.647059 0.266667
0.650980 0.266667
0.654902 0.266667
0.658824 0.266667
0.662745 0.266667
0.666667 0.266667
0.670588 0.266667
0.674510 0.266667
0.678431 0.266667
0.682353 0.266667
0.686275 0.266667
0.690196 0.266667
0.694118 0.266667
0.698039 0.266667
0.701961 0.266667
0.705882 0.266667
0.709804 0.266667
0.713726 0.266667
0.717647 0.266667
0.721569 0.266667
0.725490 0.266667
0.729412 0.266667
0.733333 0.266667
0.737255 0.266667
0.741176 0.266667
0.745098 0.266667
0.749020 0.266667
0.752941 0.266667
0.756863 0.266667
0.760784 0.266667
0.764706 0.266667
0.768627 0.266667
0.772549 0.266667
0.776471 0.266667
0.780392 0.266667
0.784314 0.266667
0.788235 0.266667
0.792157 0.266667
0.796078 0.266667
0.800000 0.266667
0.803922 0.266667
0.807843 0.266667
0.811765 0.266667
0.815686 0.266667
0.819608 0.266667
0.823529 0.266667
0.827451 0.266667
0.831373 0.266667
0.835294 0.266667
0.839216 0.266667
0.843137 0.266667
0.847059 0.266667
0.850980 0.266667
0.854902 0.266667
0.858824 0.266667
0.862745 0.266667
0.866667 0.266667
0.870588 0.266667
0.874510 0.266667
0.878431 0.266667
0.882353 0.266667
0.886275 0.266667
0.890196 0.266667
0.894118 0.266667
0.898039 0.266667
0.901961 0.266667
0.905882 0.266667
0.909804 0.266667
0.913725 0.266667
0.917647 0.266667
0.921569 0.266667
0.925490 0.266667
0.929412 0.266667
0.933333 0.266667
0.937255 0.266667
0.941176 0.266667
0.945098 0.266667
0.949020 0.266667
0.952941 0.266667
0.956863 0.266667
0.960784 0.266667
0.964706 0.266667
0.968627 0.266667
0.972549 0.266667
0.976471 0.266667
0.980392 0.266667
0.984314 0.266667
0.988235 0.266667
0.992157 0.266667
0.996078 0.266667
1.000000 0.266667

i = 690.000000 0.270588
0.003922 0.270588
0.007843 0.270588
0.011765 0.270588
0.015686 0.270588
0.019608 0.270588
0.023529 0.270588
0.027451 0.270588
0.031373 0.270588
0.035294 0.270588
0.039216 0.270588
0.043137 0.270588
0.047059 0.270588
0.050980 0.270588
0.054902 0.270588
0.058824 0.270588
0.062745 0.270588
0.066667 0.270588
0.070588 0.270588
0.074510 0.270588
0.078431 0.270588
0.082353 0.270588
0.086275 0.270588
0.090196 0.270588
0.094118 0.270588
0.098039 0.270588
0.101961 0.270588
0.105882 0.270588
0.109804 0.270588
0.113725 0.270588
0.117647 0.270588
0.121569 0.270588
0.125490 0.270588
0.129412 0.270588
0.133333 0.270588
0.137255 0.270588
0.141176 0.270588
0.145098 0.270588
0.149020 0.270588
0.152941 0.270588
0.156863 0.270588
0.160784 0.270588
0.164706 0.270588
0.168627 0.270588
0.172549 0.270588
0.176471 0.270588
0.180392 0.270588
0.184314 0.270588
0.188235 0.270588
0.192157 0.270588
0.196078 0.270588
0.200000 0.270588
0.203922 0.270588
0.207843 0.270588
0.211765 0.270588
0.215686 0.270588
0.219608 0.270588
0.223529 0.270588
0.227451 0.270588
0.231373 0.270588
0.235294 0.270588
0.239216 0.270588
0.243137 0.270588
0.247059 0.270588
0.250980 0.270588
0.254902 0.270588
0.258824 0.270588
0.262745 0.270588
0.266667 0.270588
0.270588 0.270588
0.274510 0.270588
0.278431 0.270588
0.282353 0.270588
0.286275 0.270588
0.290196 0.270588
0.294118 0.270588
0.298039 0.270588
0.301961 0.270588
0.305882 0.270588
0.309804 0.270588
0.313726 0.270588
0.317647 0.270588
0.321569 0.270588
0.325490 0.270588
0.329412 0.270588
0.333333 0.270588
0.337255 0.270588
0.341176 0.270588
0.345098 0.270588
0.349020 0.270588
0.352941 0.270588
0.356863 0.270588
0.360784 0.270588
0.364706 0.270588
0.368627 0.270588
0.372549 0.270588
0.376471 0.270588
0.380392 0.270588
0.384314 0.270588
0.388235 0.270588
0.392157 0.270588
0.396078 0.270588
0.400000 0.270588
0.403922 0.270588
0.407843 0.270588
0.411765 0.270588
0.415686 0.270588
0.419608 0.270588
0.423529 0.270588
0.427451 0.270588
0.431373 0.270588
0.435294 0.270588
0.439216 0.270588
0.443137 0.270588
0.447059 0.270588
0.450980 0.270588
0.454902 0.270588
0.458824 0.270588
0.462745 0.270588
0.466667 0.270588
0.470588 0.270588
0.474510 0.270588
0.478431 0.270588
0.482353 0.270588
0.486275 0.270588
0.490196 0.270588
0.494118 0.270588
0.498039 0.270588
0.501961 0.270588
0.505882 0.270588
0.509804 0.270588
0.513726 0.270588
0.517647 0.270588
0.521569 0.270588
0.525490 0.270588
0.529412 0.270588
0.533333 0.270588
0.537255 0.270588
0.541176 0.270588
0.545098 0.270588
0.549020 0.270588
0.552941 0.270588
0.556863 0.270588
0.560784 0.270588
0.564706 0.270588
0.568627 0.270588
0.572549 0.270588
0.576471 0.270588
0.580392 0.270588
0.584314 0.270588
0.588235 0.270588
0.592157 0.270588
0.596078 0.270588
0.600000 0.270588
0.603922 0.270588
0.607843 0.270588
0.611765 0.270588
0.615686 0.270588
0.619608 0.270588
0.623529 0.270588
0.627451 0.270588
0.631373 0.270588
0.635294 0.270588
0.639216 0.270588
0.643137 0.270588
0.647059 0.270588
0.650980 0.270588
0.654902 0.270588
0.658824 0.270588
0.662745 0.270588
0.666667 0.270588
0.670588 0.270588
0.674510 0.270588
0.678431 0.270588
0.682353 0.270588
0.686275 0.270588
0.690196 0.270588
0.694118 0.270588
0.698039 0.270588
0.701961 0.270588
0.705882 0.270588
0.709804 0.270588
0.713726 0.270588
0.717647 0.270588
0.721569 0.270588
0.725490 0.270588
0.729412 0.270588
0.733333 0.270588
0.737255 0.270588
0.741176 0.270588
0.745098 0.270588
0.749020 0.270588
0.752941 0.270588
0.756863 0.270588
0.760784 0.270588
0.764706 0.270588
0.768627 0.270588
0.772549 0.270588
0.776471 0.270588
0.780392 0.270588
0.784314 0.270588
0.788235 0.270588
0.792157 0.270588
0.796078 0.270588
0.800000 0.270588
0.803922 0.270588
0.807843 0.270588
0.811765 0.270588
0.815686 0.270588
0.819608 0.270588
0.823529 0.270588
0.827451 0.270588
0.831373 0.270588
0.835294 0.270588
0.839216 0.270588
0.843137 0.270588
0.847059 0.270588
0.850980 0.270588
0.854902 0.270588
0.858824 0.270588
0.862745 0.270588
0.866667 0.270588
0.870588 0.270588
0.874510 0.270588
0.878431 0.270588
0.882353 0.270588
0.886275 0.270588
0.890196 0.270588
0.894118 0.270588
0.898039 0.270588
0.901961 0.270588
0.905882 0.270588
0.909804 0.270588
0.913725 0.270588
0.917647 0.270588
0.921569 0.270588
0.925490 0.270588
0.929412 0.270588
0.933333 0.270588
0.937255 0.270588
0.941176 0.270588
0.945098 0.270588
0.949020 0.270588
0.952941 0.270588
0.956863 0.270588
0.960784 0.270588
0.964706 0.270588
0.968627 0.270588
0.972549 0.270588
0.976471 0.270588
0.980392 0.270588
0.984314 0.270588
0.988235 0.270588
0.992157 0.270588
0.996078 0.270588
1.000000 0.270588

i = 700.000000 0.274510
0.003922 0.274510
0.007843 0.274510
0.011765 0.274510
0.015686 0.274510
0.019608 0.274510
0.023529 0.274510
0.027451 0.274510
0.031373 0.274510
0.035294 0.274510
0.039216 0.274510
0.043137 0.274510
0.047059 0.274510
0.050980 0.274510
0.054902 0.274510
0.058824 0.274510
0.062745 0.274510
0.066667 0.274510
0.070588 0.274510
0.074510 0.274510
0.078431 0.274510
0.082353 0.274510
0.086275 0.274510
0.090196 0.274510
0.094118 0.274510
0.098039 0.274510
0.101961 0.274510
0.105882 0.274510
0.109804 0.274510
0.113725 0.274510
0.117647 0.274510
0.121569 0.274510
0.125490 0.274510
0.129412 0.274510
0.133333 0.274510
0.137255 0.274510
0.141176 0.274510
0.145098 0.274510
0.149020 0.274510
0.152941 0.274510
0.156863 0.274510
0.160784 0.274510
0.164706 0.274510
0.168627 0.274510
0.172549 0.274510
0.176471 0.274510
0.180392 0.274510
0.184314 0.274510
0.188235 0.274510
0.192157 0.274510
0.196078 0.274510
0.200000 0.274510
0.203922 0.274510
0.207843 0.274510
0.211765 0.274510
0.215686 0.274510
0.219608 0.274510
0.223529 0.274510
0.227451 0.274510
0.231373 0.274510
0.235294 0.274510
0.239216 0.274510
0.243137 0.274510
0.247059 0.274510
0.250980 0.274510
0.254902 0.274510
0.258824 0.274510
0.262745 0.274510
0.266667 0.274510
0.270588 0.274510
0.274510 0.274510
0.278431 0.274510
0.282353 0.274510
0.286275 0.274510
0.290196 0.274510
0.294118 0.274510
0.298039 0.274510
0.301961 0.274510
0.305882 0.274510
0.309804 0.274510
0.313726 0.274510
0.317647 0.274510
0.321569 0.274510
0.325490 0.274510
0.329412 0.274510
0.333333 0.274510
0.337255 0.274510
0.341176 0.274510
0.345098 0.274510
0.349020 0.274510
0.352941 0.274510
0.356863 0.274510
0.360784 0.274510
0.364706 0.274510
0.368627 0.274510
0.372549 0.274510
0.376471 0.274510
0.380392 0.274510
0.384314 0.274510
0.388235 0.274510
0.392157 0.274510
0.396078 0.274510
0.400000 0.274510
0.403922 0.274510
0.407843 0.274510
0.411765 0.274510
0.415686 0.274510
0.419608 0.274510
0.423529 0.274510
0.427451 0.274510
0.431373 0.274510
0.435294 0.274510
0.439216 0.274510
0.443137 0.274510
0.447059 0.274510
0.450980 0.274510
0.454902 0.274510
0.458824 0.274510
0.462745 0.274510
0.466667 0.274510
0.470588 0.274510
0.474510 0.274510
0.478431 0.274510
0.482353 0.274510
0.486275 0.274510
0.490196 0.274510
0.494118 0.274510
0.498039 0.274510
0.501961 0.274510
0.505882 0.274510
0.509804 0.274510
0.513726 0.274510
0.517647 0.274510
0.521569 0.274510
0.525490 0.274510
0.529412 0.274510
0.533333 0.274510
0.537255 0.274510
0.541176 0.274510
0.545098 0.274510
0.549020 0.274510
0.552941 0.274510
0.556863 0.274510
0.560784 0.274510
0.564706 0.274510
0.568627 0.274510
0.572549 0.274510
0.576471 0.274510
0.580392 0.274510
0.584314 0.274510
0.588235 0.274510
0.592157 0.274510
0.596078 0.274510
0.600000 0.274510
0.603922 0.274510
0.607843 0.274510
0.611765 0.274510
0.615686 0.274510
0.619608 0.274510
0.623529 0.274510
0.627451 0.274510
0.631373 0.274510
0.635294 0.274510
0.639216 0.274510
0.643137 0.274510
0.647059 0.274510
0.650980 0.274510
0.654902 0.274510
0.658824 0.274510
0.662745 0.274510
0.666667 0.274510
0.670588 0.274510
0.674510 0.274510
0.678431 0.274510
0.682353 0.274510
0.686275 0.274510
0.690196 0.274510
0.694118 0.274510
0.698039 0.274510
0.701961 0.274510
0.705882 0.274510
0.709804 0.274510
0.713726 0.274510
0.717647 0.274510
0.721569 0.274510
0.725490 0.274510
0.729412 0.274510
0.733333 0.274510
0.737255 0.274510
0.741176 0.274510
0.745098 0.274510
0.749020 0.274510
0.752941 0.274510
0.756863 0.274510
0.760784 0.274510
0.764706 0.274510
0.768627 0.274510
0.772549 0.274510
0.776471 0.274510
0.780392 0.274510
0.784314 0.274510
0.788235 0.274510
0.792157 0.274510
0.796078 0.274510
0.800000 0.274510
0.803922 0.274510
0.807843 0.274510
0.811765 0.274510
0.815686 0.274510
0.819608 0.274510
0.823529 0.274510
0.827451 0.274510
0.831373 0.274510
0.835294 0.274510
0.839216 0.274510
0.843137 0.274510
0.847059 0.274510
0.850980 0.274510
0.854902 0.274510
0.858824 0.274510
0.862745 0.274510
0.866667 0.274510
0.870588 0.274510
0.874510 0.274510
0.878431 0.274510
0.882353 0.274510
0.886275 0.274510
0.890196 0.274510
0.894118 0.274510
0.898039 0.274510
0.901961 0.274510
0.905882 0.274510
0.909804 0.274510
0.913725 0.274510
0.917647 0.274510
0.921569 0.274510
0.925490 0.274510
0.929412 0.274510
0.933333 0.274510
0.937255 0.274510
0.941176 0.274510
0.945098 0.274510
0.949020 0.274510
0.952941 0.274510
0.956863 0.274510
0.960784 0.274510
0.964706 0.274510
0.968627 0.274510
0.972549 0.274510
0.976471 0.274510
0.980392 0.274510
0.984314 0.274510
0.988235 0.274510
0.992157 0.274510
0.996078 0.274510
1.000000 0.274510

i = 710.000000 0.278431
0.003922 0.278431
0.007843 0.278431
0.011765 0.278431
0.015686 0.278431
0.019608 0.278431
0.023529 0.278431
0.027451 0.278431
0.031373 0.278431
0.035294 0.278431
0.039216 0.278431
0.043137 0.278431
0.047059 0.278431
0.050980 0.278431
0.054902 0.278431
0.058824 0.278431
0.062745 0.278431
0.066667 0.278431
0.070588 0.278431
0.074510 0.278431
0.078431 0.278431
0.082353 0.278431
0.086275 0.278431
0.090196 0.278431
0.094118 0.278431
0.098039 0.278431
0.101961 0.278431
0.105882 0.278431
0.109804 0.278431
0.113725 0.278431
0.117647 0.278431
0.121569 0.278431
0.125490 0.278431
0.129412 0.278431
0.133333 0.278431
0.137255 0.278431
0.141176 0.278431
0.145098 0.278431
0.149020 0.278431
0.152941 0.278431
0.156863 0.278431
0.160784 0.278431
0.164706 0.278431
0.168627 0.278431
0.172549 0.278431
0.176471 0.278431
0.180392 0.278431
0.184314 0.278431
0.188235 0.278431
0.192157 0.278431
0.196078 0.278431
0.200000 0.278431
0.203922 0.278431
0.207843 0.278431
0.211765 0.278431
0.215686 0.278431
0.219608 0.278431
0.223529 0.278431
0.227451 0.278431
0.231373 0.278431
0.235294 0.278431
0.239216 0.278431
0.243137 0.278431
0.247059 0.278431
0.250980 0.278431
0.254902 0.278431
0.258824 0.278431
0.262745 0.278431
0.266667 0.278431
0.270588 0.278431
0.274510 0.278431
0.278431 0.278431
0.282353 0.278431
0.286275 0.278431
0.290196 0.278431
0.294118 0.278431
0.298039 0.278431
0.301961 0.278431
0.305882 0.278431
0.309804 0.278431
0.313726 0.278431
0.317647 0.278431
0.321569 0.278431
0.325490 0.278431
0.329412 0.278431
0.333333 0.278431
0.337255 0.278431
0.341176 0.278431
0.345098 0.278431
0.349020 0.278431
0.352941 0.278431
0.356863 0.278431
0.360784 0.278431
0.364706 0.278431
0.368627 0.278431
0.372549 0.278431
0.376471 0.278431
0.380392 0.278431
0.384314 0.278431
0.388235 0.278431
0.392157 0.278431
0.396078 0.278431
0.400000 0.278431
0.403922 0.278431
0.407843 0.278431
0.411765 0.278431
0.415686 0.278431
0.419608 0.278431
0.423529 0.278431
0.427451 0.278431
0.431373 0.278431
0.435294 0.278431
0.439216 0.278431
0.443137 0.278431
0.447059 0.278431
0.450980 0.278431
0.454902 0.278431
0.458824 0.278431
0.462745 0.278431
0.466667 0.278431
0.470588 0.278431
0.474510 0.278431
0.478431 0.278431
0.482353 0.278431
0.486275 0.278431
0.490196 0.278431
0.494118 0.278431
0.498039 0.278431
0.501961 0.278431
0.505882 0.278431
0.509804 0.278431
0.513726 0.278431
0.517647 0.278431
0.521569 0.278431
0.525490 0.278431
0.529412 0.278431
0.533333 0.278431
0.537255 0.278431
0.541176 0.278431
0.545098 0.278431
0.549020 0.278431
0.552941 0.278431
0.556863 0.278431
0.560784 0.278431
0.564706 0.278431
0.568627 0.278431
0.572549 0.278431
0.576471 0.278431
0.580392 0.278431
0.584314 0.278431
0.588235 0.278431
0.592157 0.278431
0.596078 0.278431
0.600000 0.278431
0.603922 0.278431
0.607843 0.278431
0.611765 0.278431
0.615686 0.278431
0.619608 0.278431
0.623529 0.278431
0.627451 0.278431
0.631373 0.278431
0.635294 0.278431
0.639216 0.278431
0.643137 0.278431
0.647059 0.278431
0.650980 0.278431
0.654902 0.278431
0.658824 0.278431
0.662745 0.278431
0.666667 0.278431
0.670588 0.278431
0.674510 0.278431
0.678431 0.278431
0.682353 0.278431
0.686275 0.278431
0.690196 0.278431
0.694118 0.278431
0.698039 0.278431
0.701961 0.278431
0.705882 0.278431
0.709804 0.278431
0.713726 0.278431
0.717647 0.278431
0.721569 0.278431
0.725490 0.278431
0.729412 0.278431
0.733333 0.278431
0.737255 0.278431
0.741176 0.278431
0.745098 0.278431
0.749020 0.278431
0.752941 0.278431
0.756863 0.278431
0.760784 0.278431
0.764706 0.278431
0.768627 0.278431
0.772549 0.278431
0.776471 0.278431
0.780392 0.278431
0.784314 0.278431
0.788235 0.278431
0.792157 0.278431
0.796078 0.278431
0.800000 0.278431
0.803922 0.278431
0.807843 0.278431
0.811765 0.278431
0.815686 0.278431
0.819608 0.278431
0.823529 0.278431
0.827451 0.278431
0.831373 0.278431
0.835294 0.278431
0.839216 0.278431
0.843137 0.278431
0.847059 0.278431
0.850980 0.278431
0.854902 0.278431
0.858824 0.278431
0.862745 0.278431
0.866667 0.278431
0.870588 0.278431
0.874510 0.278431
0.878431 0.278431
0.882353 0.278431
0.886275 0.278431
0.890196 0.278431
0.894118 0.278431
0.898039 0.278431
0.901961 0.278431
0.905882 0.278431
0.909804 0.278431
0.913725 0.278431
0.917647 0.278431
0.921569 0.278431
0.925490 0.278431
0.929412 0.278431
0.933333 0.278431
0.937255 0.278431
0.941176 0.278431
0.945098 0.278431
0.949020 0.278431
0.952941 0.278431
0.956863 0.278431
0.960784 0.278431
0.964706 0.278431
0.968627 0.278431
0.972549 0.278431
0.976471 0.278431
0.980392 0.278431
0.984314 0.278431
0.988235 0.278431
0.992157 0.278431
0.996078 0.278431
1.000000 0.278431

i = 720.000000 0.282353
0.003922 0.282353
0.007843 0.282353
0.011765 0.282353
0.015686 0.282353
0.019608 0.282353
0.023529 0.282353
0.027451 0.282353
0.031373 0.282353
0.035294 0.282353
0.039216 0.282353
0.043137 0.282353
0.047059 0.282353
0.050980 0.282353
0.054902 0.282353
0.058824 0.282353
0.062745 0.282353
0.066667 0.282353
0.070588 0.282353
0.074510 0.282353
0.078431 0.282353
0.082353 0.282353
0.086275 0.282353
0.090196 0.282353
0.094118 0.282353
0.098039 0.282353
0.101961 0.282353
0.105882 0.282353
0.109804 0.282353
0.113725 0.282353
0.117647 0.282353
0.121569 0.282353
0.125490 0.282353
0.129412 0.282353
0.133333 0.282353
0.137255 0.282353
0.141176 0.282353
0.145098 0.282353
0.149020 0.282353
0.152941 0.282353
0.156863 0.282353
0.160784 0.282353
0.164706 0.282353
0.168627 0.282353
0.172549 0.282353
0.176471 0.282353
0.180392 0.282353
0.184314 0.282353
0.188235 0.282353
0.192157 0.282353
0.196078 0.282353
0.200000 0.282353
0.203922 0.282353
0.207843 0.282353
0.211765 0.282353
0.215686 0.282353
0.219608 0.282353
0.223529 0.282353
0.227451 0.282353
0.231373 0.282353
0.235294 0.282353
0.239216 0.282353
0.243137 0.282353
0.247059 0.282353
0.250980 0.282353
0.254902 0.282353
0.258824 0.282353
0.262745 0.282353
0.266667 0.282353
0.270588 0.282353
0.274510 0.282353
0.278431 0.282353
0.282353 0.282353
0.286275 0.282353
0.290196 0.282353
0.294118 0.282353
0.298039 0.282353
0.301961 0.282353
0.305882 0.282353
0.309804 0.282353
0.313726 0.282353
0.317647 0.282353
0.321569 0.282353
0.325490 0.282353
0.329412 0.282353
0.333333 0.282353
0.337255 0.282353
0.341176 0.282353
0.345098 0.282353
0.349020 0.282353
0.352941 0.282353
0.356863 0.282353
0.360784 0.282353
0.364706 0.282353
0.368627 0.282353
0.372549 0.282353
0.376471 0.282353
0.380392 0.282353
0.384314 0.282353
0.388235 0.282353
0.392157 0.282353
0.396078 0.282353
0.400000 0.282353
0.403922 0.282353
0.407843 0.282353
0.411765 0.282353
0.415686 0.282353
0.419608 0.282353
0.423529 0.282353
0.427451 0.282353
0.431373 0.282353
0.435294 0.282353
0.439216 0.282353
0.443137 0.282353
0.447059 0.282353
0.450980 0.282353
0.454902 0.282353
0.458824 0.282353
0.462745 0.282353
0.466667 0.282353
0.470588 0.282353
0.474510 0.282353
0.478431 0.282353
0.482353 0.282353
0.486275 0.282353
0.490196 0.282353
0.494118 0.282353
0.498039 0.282353
0.501961 0.282353
0.505882 0.282353
0.509804 0.282353
0.513726 0.282353
0.517647 0.282353
0.521569 0.282353
0.525490 0.282353
0.529412 0.282353
0.533333 0.282353
0.537255 0.282353
0.541176 0.282353
0.545098 0.282353
0.549020 0.282353
0.552941 0.282353
0.556863 0.282353
0.560784 0.282353
0.564706 0.282353
0.568627 0.282353
0.572549 0.282353
0.576471 0.282353
0.580392 0.282353
0.584314 0.282353
0.588235 0.282353
0.592157 0.282353
0.596078 0.282353
0.600000 0.282353
0.603922 0.282353
0.607843 0.282353
0.611765 0.282353
0.615686 0.282353
0.619608 0.282353
0.623529 0.282353
0.627451 0.282353
0.631373 0.282353
0.635294 0.282353
0.639216 0.282353
0.643137 0.282353
0.647059 0.282353
0.650980 0.282353
0.654902 0.282353
0.658824 0.282353
0.662745 0.282353
0.666667 0.282353
0.670588 0.282353
0.674510 0.282353
0.678431 0.282353
0.682353 0.282353
0.686275 0.282353
0.690196 0.282353
0.694118 0.282353
0.698039 0.282353
0.701961 0.282353
0.705882 0.282353
0.709804 0.282353
0.713726 0.282353
0.717647 0.282353
0.721569 0.282353
0.725490 0.282353
0.729412 0.282353
0.733333 0.282353
0.737255 0.282353
0.741176 0.282353
0.745098 0.282353
0.749020 0.282353
0.752941 0.282353
0.756863 0.282353
0.760784 0.282353
0.764706 0.282353
0.768627 0.282353
0.772549 0.282353
0.776471 0.282353
0.780392 0.282353
0.784314 0.282353
0.788235 0.282353
0.792157 0.282353
0.796078 0.282353
0.800000 0.282353
0.803922 0.282353
0.807843 0.282353
0.811765 0.282353
0.815686 0.282353
0.819608 0.282353
0.823529 0.282353
0.827451 0.282353
0.831373 0.282353
0.835294 0.282353
0.839216 0.282353
0.843137 0.282353
0.847059 0.282353
0.850980 0.282353
0.854902 0.282353
0.858824 0.282353
0.862745 0.282353
0.866667 0.282353
0.870588 0.282353
0.874510 0.282353
0.878431 0.282353
0.882353 0.282353
0.886275 0.282353
0.890196 0.282353
0.894118 0.282353
0.898039 0.282353
0.901961 0.282353
0.905882 0.282353
0.909804 0.282353
0.913725 0.282353
0.917647 0.282353
0.921569 0.282353
0.925490 0.282353
0.929412 0.282353
0.933333 0.282353
0.937255 0.282353
0.941176 0.282353
0.945098 0.282353
0.949020 0.282353
0.952941 0.282353
0.956863 0.282353
0.960784 0.282353
0.964706 0.282353
0.968627 0.282353
0.972549 0.282353
0.976471 0.282353
0.980392 0.282353
0.984314 0.282353
0.988235 0.282353
0.992157 0.282353
0.996078 0.282353
1.000000 0.282353

i = 730.000000 0.286275
0.003922 0.286275
0.007843 0.286275
0.011765 0.286275
0.015686 0.286275
0.019608 0.286275
0.023529 0.286275
0.027451 0.286275
0.031373 0.286275
0.035294 0.286275
0.039216 0.286275
0.043137 0.286275
0.047059 0.286275
0.050980 0.286275
0.054902 0.286275
0.058824 0.286275
0.062745 0.286275
0.066667 0.286275
0.070588 0.286275
0.074510 0.286275
0.078431 0.286275
0.082353 0.286275
0.086275 0.286275
0.090196 0.286275
0.094118 0.286275
0.098039 0.286275
0.101961 0.286275
0.105882 0.286275
0.109804 0.286275
0.113725 0.286275
0.117647 0.286275
0.121569 0.286275
0.125490 0.286275
0.129412 0.286275
0.133333 0.286275
0.137255 0.286275
0.141176 0.286275
0.145098 0.286275
0.149020 0.286275
0.152941 0.286275
0.156863 0.286275
0.160784 0.286275
0.164706 0.286275
0.168627 0.286275
0.172549 0.286275
0.176471 0.286275
0.180392 0.286275
0.184314 0.286275
0.188235 0.286275
0.192157 0.286275
0.196078 0.286275
0.200000 0.286275
0.203922 0.286275
0.207843 0.286275
0.211765 0.286275
0.215686 0.286275
0.219608 0.286275
0.223529 0.286275
0.227451 0.286275
0.231373 0.286275
0.235294 0.286275
0.239216 0.286275
0.243137 0.286275
0.247059 0.286275
0.250980 0.286275
0.254902 0.286275
0.258824 0.286275
0.262745 0.286275
0.266667 0.286275
0.270588 0.286275
0.274510 0.286275
0.278431 0.286275
0.282353 0.286275
0.286275 0.286275
0.290196 0.286275
0.294118 0.286275
0.298039 0.286275
0.301961 0.286275
0.305882 0.286275
0.309804 0.286275
0.313726 0.286275
0.317647 0.286275
0.321569 0.286275
0.325490 0.286275
0.329412 0.286275
0.333333 0.286275
0.337255 0.286275
0.341176 0.286275
0.345098 0.286275
0.349020 0.286275
0.352941 0.286275
0.356863 0.286275
0.360784 0.286275
0.364706 0.286275
0.368627 0.286275
0.372549 0.286275
0.376471 0.286275
0.380392 0.286275
0.384314 0.286275
0.388235 0.286275
0.392157 0.286275
0.396078 0.286275
0.400000 0.286275
0.403922 0.286275
0.407843 0.286275
0.411765 0.286275
0.415686 0.286275
0.419608 0.286275
0.423529 0.286275
0.427451 0.286275
0.431373 0.286275
0.435294 0.286275
0.439216 0.286275
0.443137 0.286275
0.447059 0.286275
0.450980 0.286275
0.454902 0.286275
0.458824 0.286275
0.462745 0.286275
0.466667 0.286275
0.470588 0.286275
0.474510 0.286275
0.478431 0.286275
0.482353 0.286275
0.486275 0.286275
0.490196 0.286275
0.494118 0.286275
0.498039 0.286275
0.501961 0.286275
0.505882 0.286275
0.509804 0.286275
0.513726 0.286275
0.517647 0.286275
0.521569 0.286275
0.525490 0.286275
0.529412 0.286275
0.533333 0.286275
0.537255 0.286275
0.541176 0.286275
0.545098 0.286275
0.549020 0.286275
0.552941 0.286275
0.556863 0.286275
0.560784 0.286275
0.564706 0.286275
0.568627 0.286275
0.572549 0.286275
0.576471 0.286275
0.580392 0.286275
0.584314 0.286275
0.588235 0.286275
0.592157 0.286275
0.596078 0.286275
0.600000 0.286275
0.603922 0.286275
0.607843 0.286275
0.611765 0.286275
0.615686 0.286275
0.619608 0.286275
0.623529 0.286275
0.627451 0.286275
0.631373 0.286275
0.635294 0.286275
0.639216 0.286275
0.643137 0.286275
0.647059 0.286275
0.650980 0.286275
0.654902 0.286275
0.658824 0.286275
0.662745 0.286275
0.666667 0.286275
0.670588 0.286275
0.674510 0.286275
0.678431 0.286275
0.682353 0.286275
0.686275 0.286275
0.690196 0.286275
0.694118 0.286275
0.698039 0.286275
0.701961 0.286275
0.705882 0.286275
0.709804 0.286275
0.713726 0.286275
0.717647 0.286275
0.721569 0.286275
0.725490 0.286275
0.729412 0.286275
0.733333 0.286275
0.737255 0.286275
0.741176 0.286275
0.745098 0.286275
0.749020 0.286275
0.752941 0.286275
0.756863 0.286275
0.760784 0.286275
0.764706 0.286275
0.768627 0.286275
0.772549 0.286275
0.776471 0.286275
0.780392 0.286275
0.784314 0.286275
0.788235 0.286275
0.792157 0.286275
0.796078 0.286275
0.800000 0.286275
0.803922 0.286275
0.807843 0.286275
0.811765 0.286275
0.815686 0.286275
0.819608 0.286275
0.823529 0.286275
0.827451 0.286275
0.831373 0.286275
0.835294 0.286275
0.839216 0.286275
0.843137 0.286275
0.847059 0.286275
0.850980 0.286275
0.854902 0.286275
0.858824 0.286275
0.862745 0.286275
0.866667 0.286275
0.870588 0.286275
0.874510 0.286275
0.878431 0.286275
0.882353 0.286275
0.886275 0.286275
0.890196 0.286275
0.894118 0.286275
0.898039 0.286275
0.901961 0.286275
0.905882 0.286275
0.909804 0.286275
0.913725 0.286275
0.917647 0.286275
0.921569 0.286275
0.925490 0.286275
0.929412 0.286275
0.933333 0.286275
0.937255 0.286275
0.941176 0.286275
0.945098 0.286275
0.949020 0.286275
0.952941 0.286275
0.956863 0.286275
0.960784 0.286275
0.964706 0.286275
0.968627 0.286275
0.972549 0.286275
0.976471 0.286275
0.980392 0.286275
0.984314 0.286275
0.988235 0.286275
0.992157 0.286275
0.996078 0.286275
1.000000 0.286275

i = 740.000000 0.290196
0.003922 0.290196
0.007843 0.290196
0.011765 0.290196
0.015686 0.290196
0.019608 0.290196
0.023529 0.290196
0.027451 0.290196
0.031373 0.290196
0.035294 0.290196
0.039216 0.290196
0.043137 0.290196
0.047059 0.290196
0.050980 0.290196
0.054902 0.290196
0.058824 0.290196
0.062745 0.290196
0.066667 0.290196
0.070588 0.290196
0.074510 0.290196
0.078431 0.290196
0.082353 0.290196
0.086275 0.290196
0.090196 0.290196
0.094118 0.290196
0.098039 0.290196
0.101961 0.290196
0.105882 0.290196
0.109804 0.290196
0.113725 0.290196
0.117647 0.290196
0.121569 0.290196
0.125490 0.290196
0.129412 0.290196
0.133333 0.290196
0.137255 0.290196
0.141176 0.290196
0.145098 0.290196
0.149020 0.290196
0.152941 0.290196
0.156863 0.290196
0.160784 0.290196
0.164706 0.290196
0.168627 0.290196
0.172549 0.290196
0.176471 0.290196
0.180392 0.290196
0.184314 0.290196
0.188235 0.290196
0.192157 0.290196
0.196078 0.290196
0.200000 0.290196
0.203922 0.290196
0.207843 0.290196
0.211765 0.290196
0.215686 0.290196
0.219608 0.290196
0.223529 0.290196
0.227451 0.290196
0.231373 0.290196
0.235294 0.290196
0.239216 0.290196
0.243137 0.290196
0.247059 0.290196
0.250980 0.290196
0.254902 0.290196
0.258824 0.290196
0.262745 0.290196
0.266667 0.290196
0.270588 0.290196
0.274510 0.290196
0.278431 0.290196
0.282353 0.290196
0.286275 0.290196
0.290196 0.290196
0.294118 0.290196
0.298039 0.290196
0.301961 0.290196
0.305882 0.290196
0.309804 0.290196
0.313726 0.290196
0.317647 0.290196
0.321569 0.290196
0.325490 0.290196
0.329412 0.290196
0.333333 0.290196
0.337255 0.290196
0.341176 0.290196
0.345098 0.290196
0.349020 0.290196
0.352941 0.290196
0.356863 0.290196
0.360784 0.290196
0.364706 0.290196
0.368627 0.290196
0.372549 0.290196
0.376471 0.290196
0.380392 0.290196
0.384314 0.290196
0.388235 0.290196
0.392157 0.290196
0.396078 0.290196
0.400000 0.290196
0.403922 0.290196
0.407843 0.290196
0.411765 0.290196
0.415686 0.290196
0.419608 0.290196
0.423529 0.290196
0.427451 0.290196
0.431373 0.290196
0.435294 0.290196
0.439216 0.290196
0.443137 0.290196
0.447059 0.290196
0.450980 0.290196
0.454902 0.290196
0.458824 0.290196
0.462745 0.290196
0.466667 0.290196
0.470588 0.290196
0.474510 0.290196
0.478431 0.290196
0.482353 0.290196
0.486275 0.290196
0.490196 0.290196
0.494118 0.290196
0.498039 0.290196
0.501961 0.290196
0.505882 0.290196
0.509804 0.290196
0.513726 0.290196
0.517647 0.290196
0.521569 0.290196
0.525490 0.290196
0.529412 0.290196
0.533333 0.290196
0.537255 0.290196
0.541176 0.290196
0.545098 0.290196
0.549020 0.290196
0.552941 0.290196
0.556863 0.290196
0.560784 0.290196
0.564706 0.290196
0.568627 0.290196
0.572549 0.290196
0.576471 0.290196
0.580392 0.290196
0.584314 0.290196
0.588235 0.290196
0.592157 0.290196
0.596078 0.290196
0.600000 0.290196
0.603922 0.290196
0.607843 0.290196
0.611765 0.290196
0.615686 0.290196
0.619608 0.290196
0.623529 0.290196
0.627451 0.290196
0.631373 0.290196
0.635294 0.290196
0.639216 0.290196
0.643137 0.290196
0.647059 0.290196
0.650980 0.290196
0.654902 0.290196
0.658824 0.290196
0.662745 0.290196
0.666667 0.290196
0.670588 0.290196
0.674510 0.290196
0.678431 0.290196
0.682353 0.290196
0.686275 0.290196
0.690196 0.290196
0.694118 0.290196
0.698039 0.290196
0.701961 0.290196
0.705882 0.290196
0.709804 0.290196
0.713726 0.290196
0.717647 0.290196
0.721569 0.290196
0.725490 0.290196
0.729412 0.290196
0.733333 0.290196
0.737255 0.290196
0.741176 0.290196
0.745098 0.290196
0.749020 0.290196
0.752941 0.290196
0.756863 0.290196
0.760784 0.290196
0.764706 0.290196
0.768627 0.290196
0.772549 0.290196
0.776471 0.290196
0.780392 0.290196
0.784314 0.290196
0.788235 0.290196
0.792157 0.290196
0.796078 0.290196
0.800000 0.290196
0.803922 0.290196
0.807843 0.290196
0.811765 0.290196
0.815686 0.290196
0.819608 0.290196
0.823529 0.290196
0.827451 0.290196
0.831373 0.290196
0.835294 0.290196
0.839216 0.290196
0.843137 0.290196
0.847059 0.290196
0.850980 0.290196
0.854902 0.290196
0.858824 0.290196
0.862745 0.290196
0.866667 0.290196
0.870588 0.290196
0.874510 0.290196
0.878431 0.290196
0.882353 0.290196
0.886275 0.290196
0.890196 0.290196
0.894118 0.290196
0.898039 0.290196
0.901961 0.290196
0.905882 0.290196
0.909804 0.290196
0.913725 0.290196
0.917647 0.290196
0.921569 0.290196
0.925490 0.290196
0.929412 0.290196
0.933333 0.290196
0.937255 0.290196
0.941176 0.290196
0.945098 0.290196
0.949020 0.290196
0.952941 0.290196
0.956863 0.290196
0.960784 0.290196
0.964706 0.290196
0.968627 0.290196
0.972549 0.290196
0.976471 0.290196
0.980392 0.290196
0.984314 0.290196
0.988235 0.290196
0.992157 0.290196
0.996078 0.290196
1.000000 0.290196

i = 750.000000 0.294118
0.003922 0.294118
0.007843 0.294118
0.011765 0.294118
0.015686 0.294118
0.019608 0.294118
0.023529 0.294118
0.027451 0.294118
0.031373 0.294118
0.035294 0.294118
0.039216 0.294118
0.043137 0.294118
0.047059 0.294118
0.050980 0.294118
0.054902 0.294118
0.058824 0.294118
0.062745 0.294118
0.066667 0.294118
0.070588 0.294118
0.074510 0.294118
0.078431 0.294118
0.082353 0.294118
0.086275 0.294118
0.090196 0.294118
0.094118 0.294118
0.098039 0.294118
0.101961 0.294118
0.105882 0.294118
0.109804 0.294118
0.113725 0.294118
0.117647 0.294118
0.121569 0.294118
0.125490 0.294118
0.129412 0.294118
0.133333 0.294118
0.137255 0.294118
0.141176 0.294118
0.145098 0.294118
0.149020 0.294118
0.152941 0.294118
0.156863 0.294118
0.160784 0.294118
0.164706 0.294118
0.168627 0.294118
0.172549 0.294118
0.176471 0.294118
0.180392 0.294118
0.184314 0.294118
0.188235 0.294118
0.192157 0.294118
0.196078 0.294118
0.200000 0.294118
0.203922 0.294118
0.207843 0.294118
0.211765 0.294118
0.215686 0.294118
0.219608 0.294118
0.223529 0.294118
0.227451 0.294118
0.231373 0.294118
0.235294 0.294118
0.239216 0.294118
0.243137 0.294118
0.247059 0.294118
0.250980 0.294118
0.254902 0.294118
0.258824 0.294118
0.262745 0.294118
0.266667 0.294118
0.270588 0.294118
0.274510 0.294118
0.278431 0.294118
0.282353 0.294118
0.286275 0.294118
0.290196 0.294118
0.294118 0.294118
0.298039 0.294118
0.301961 0.294118
0.305882 0.294118
0.309804 0.294118
0.313726 0.294118
0.317647 0.294118
0.321569 0.294118
0.325490 0.294118
0.329412 0.294118
0.333333 0.294118
0.337255 0.294118
0.341176 0.294118
0.345098 0.294118
0.349020 0.294118
0.352941 0.294118
0.356863 0.294118
0.360784 0.294118
0.364706 0.294118
0.368627 0.294118
0.372549 0.294118
0.376471 0.294118
0.380392 0.294118
0.384314 0.294118
0.388235 0.294118
0.392157 0.294118
0.396078 0.294118
0.400000 0.294118
0.403922 0.294118
0.407843 0.294118
0.411765 0.294118
0.415686 0.294118
0.419608 0.294118
0.423529 0.294118
0.427451 0.294118
0.431373 0.294118
0.435294 0.294118
0.439216 0.294118
0.443137 0.294118
0.447059 0.294118
0.450980 0.294118
0.454902 0.294118
0.458824 0.294118
0.462745 0.294118
0.466667 0.294118
0.470588 0.294118
0.474510 0.294118
0.478431 0.294118
0.482353 0.294118
0.486275 0.294118
0.490196 0.294118
0.494118 0.294118
0.498039 0.294118
0.501961 0.294118
0.505882 0.294118
0.509804 0.294118
0.513726 0.294118
0.517647 0.294118
0.521569 0.294118
0.525490 0.294118
0.529412 0.294118
0.533333 0.294118
0.537255 0.294118
0.541176 0.294118
0.545098 0.294118
0.549020 0.294118
0.552941 0.294118
0.556863 0.294118
0.560784 0.294118
0.564706 0.294118
0.568627 0.294118
0.572549 0.294118
0.576471 0.294118
0.580392 0.294118
0.584314 0.294118
0.588235 0.294118
0.592157 0.294118
0.596078 0.294118
0.600000 0.294118
0.603922 0.294118
0.607843 0.294118
0.611765 0.294118
0.615686 0.294118
0.619608 0.294118
0.623529 0.294118
0.627451 0.294118
0.631373 0.294118
0.635294 0.294118
0.639216 0.294118
0.643137 0.294118
0.647059 0.294118
0.650980 0.294118
0.654902 0.294118
0.658824 0.294118
0.662745 0.294118
0.666667 0.294118
0.670588 0.294118
0.674510 0.294118
0.678431 0.294118
0.682353 0.294118
0.686275 0.294118
0.690196 0.294118
0.694118 0.294118
0.698039 0.294118
0.701961 0.294118
0.705882 0.294118
0.709804 0.294118
0.713726 0.294118
0.717647 0.294118
0.721569 0.294118
0.725490 0.294118
0.729412 0.294118
0.733333 0.294118
0.737255 0.294118
0.741176 0.294118
0.745098 0.294118
0.749020 0.294118
0.752941 0.294118
0.756863 0.294118
0.760784 0.294118
0.764706 0.294118
0.768627 0.294118
0.772549 0.294118
0.776471 0.294118
0.780392 0.294118
0.784314 0.294118
0.788235 0.294118
0.792157 0.294118
0.796078 0.294118
0.800000 0.294118
0.803922 0.294118
0.807843 0.294118
0.811765 0.294118
0.815686 0.294118
0.819608 0.294118
0.823529 0.294118
0.827451 0.294118
0.831373 0.294118
0.835294 0.294118
0.839216 0.294118
0.843137 0.294118
0.847059 0.294118
0.850980 0.294118
0.854902 0.294118
0.858824 0.294118
0.862745 0.294118
0.866667 0.294118
0.870588 0.294118
0.874510 0.294118
0.878431 0.294118
0.882353 0.294118
0.886275 0.294118
0.890196 0.294118
0.894118 0.294118
0.898039 0.294118
0.901961 0.294118
0.905882 0.294118
0.909804 0.294118
0.913725 0.294118
0.917647 0.294118
0.921569 0.294118
0.925490 0.294118
0.929412 0.294118
0.933333 0.294118
0.937255 0.294118
0.941176 0.294118
0.945098 0.294118
0.949020 0.294118
0.952941 0.294118
0.956863 0.294118
0.960784 0.294118
0.964706 0.294118
0.968627 0.294118
0.972549 0.294118
0.976471 0.294118
0.980392 0.294118
0.984314 0.294118
0.988235 0.294118
0.992157 0.294118
0.996078 0.294118
1.000000 0.294118

i = 760.000000 0.298039
0.003922 0.298039
0.007843 0.298039
0.011765 0.298039
0.015686 0.298039
0.019608 0.298039
0.023529 0.298039
0.027451 0.298039
0.031373 0.298039
0.035294 0.298039
0.039216 0.298039
0.043137 0.298039
0.047059 0.298039
0.050980 0.298039
0.054902 0.298039
0.058824 0.298039
0.062745 0.298039
0.066667 0.298039
0.070588 0.298039
0.074510 0.298039
0.078431 0.298039
0.082353 0.298039
0.086275 0.298039
0.090196 0.298039
0.094118 0.298039
0.098039 0.298039
0.101961 0.298039
0.105882 0.298039
0.109804 0.298039
0.113725 0.298039
0.117647 0.298039
0.121569 0.298039
0.125490 0.298039
0.129412 0.298039
0.133333 0.298039
0.137255 0.298039
0.141176 0.298039
0.145098 0.298039
0.149020 0.298039
0.152941 0.298039
0.156863 0.298039
0.160784 0.298039
0.164706 0.298039
0.168627 0.298039
0.172549 0.298039
0.176471 0.298039
0.180392 0.298039
0.184314 0.298039
0.188235 0.298039
0.192157 0.298039
0.196078 0.298039
0.200000 0.298039
0.203922 0.298039
0.207843 0.298039
0.211765 0.298039
0.215686 0.298039
0.219608 0.298039
0.223529 0.298039
0.227451 0.298039
0.231373 0.298039
0.235294 0.298039
0.239216 0.298039
0.243137 0.298039
0.247059 0.298039
0.250980 0.298039
0.254902 0.298039
0.258824 0.298039
0.262745 0.298039
0.266667 0.298039
0.270588 0.298039
0.274510 0.298039
0.278431 0.298039
0.282353 0.298039
0.286275 0.298039
0.290196 0.298039
0.294118 0.298039
0.298039 0.298039
0.301961 0.298039
0.305882 0.298039
0.309804 0.298039
0.313726 0.298039
0.317647 0.298039
0.321569 0.298039
0.325490 0.298039
0.329412 0.298039
0.333333 0.298039
0.337255 0.298039
0.341176 0.298039
0.345098 0.298039
0.349020 0.298039
0.352941 0.298039
0.356863 0.298039
0.360784 0.298039
0.364706 0.298039
0.368627 0.298039
0.372549 0.298039
0.376471 0.298039
0.380392 0.298039
0.384314 0.298039
0.388235 0.298039
0.392157 0.298039
0.396078 0.298039
0.400000 0.298039
0.403922 0.298039
0.407843 0.298039
0.411765 0.298039
0.415686 0.298039
0.419608 0.298039
0.423529 0.298039
0.427451 0.298039
0.431373 0.298039
0.435294 0.298039
0.439216 0.298039
0.443137 0.298039
0.447059 0.298039
0.450980 0.298039
0.454902 0.298039
0.458824 0.298039
0.462745 0.298039
0.466667 0.298039
0.470588 0.298039
0.474510 0.298039
0.478431 0.298039
0.482353 0.298039
0.486275 0.298039
0.490196 0.298039
0.494118 0.298039
0.498039 0.298039
0.501961 0.298039
0.505882 0.298039
0.509804 0.298039
0.513726 0.298039
0.517647 0.298039
0.521569 0.298039
0.525490 0.298039
0.529412 0.298039
0.533333 0.298039
0.537255 0.298039
0.541176 0.298039
0.545098 0.298039
0.549020 0.298039
0.552941 0.298039
0.556863 0.298039
0.560784 0.298039
0.564706 0.298039
0.568627 0.298039
0.572549 0.298039
0.576471 0.298039
0.580392 0.298039
0.584314 0.298039
0.588235 0.298039
0.592157 0.298039
0.596078 0.298039
0.600000 0.298039
0.603922 0.298039
0.607843 0.298039
0.611765 0.298039
0.615686 0.298039
0.619608 0.298039
0.623529 0.298039
0.627451 0.298039
0.631373 0.298039
0.635294 0.298039
0.639216 0.298039
0.643137 0.298039
0.647059 0.298039
0.650980 0.298039
0.654902 0.298039
0.658824 0.298039
0.662745 0.298039
0.666667 0.298039
0.670588 0.298039
0.674510 0.298039
0.678431 0.298039
0.682353 0.298039
0.686275 0.298039
0.690196 0.298039
0.694118 0.298039
0.698039 0.298039
0.701961 0.298039
0.705882 0.298039
0.709804 0.298039
0.713726 0.298039
0.717647 0.298039
0.721569 0.298039
0.725490 0.298039
0.729412 0.298039
0.733333 0.298039
0.737255 0.298039
0.741176 0.298039
0.745098 0.298039
0.749020 0.298039
0.752941 0.298039
0.756863 0.298039
0.760784 0.298039
0.764706 0.298039
0.768627 0.298039
0.772549 0.298039
0.776471 0.298039
0.780392 0.298039
0.784314 0.298039
0.788235 0.298039
0.792157 0.298039
0.796078 0.298039
0.800000 0.298039
0.803922 0.298039
0.807843 0.298039
0.811765 0.298039
0.815686 0.298039
0.819608 0.298039
0.823529 0.298039
0.827451 0.298039
0.831373 0.298039
0.835294 0.298039
0.839216 0.298039
0.843137 0.298039
0.847059 0.298039
0.850980 0.298039
0.854902 0.298039
0.858824 0.298039
0.862745 0.298039
0.866667 0.298039
0.870588 0.298039
0.874510 0.298039
0.878431 0.298039
0.882353 0.298039
0.886275 0.298039
0.890196 0.298039
0.894118 0.298039
0.898039 0.298039
0.901961 0.298039
0.905882 0.298039
0.909804 0.298039
0.913725 0.298039
0.917647 0.298039
0.921569 0.298039
0.925490 0.298039
0.929412 0.298039
0.933333 0.298039
0.937255 0.298039
0.941176 0.298039
0.945098 0.298039
0.949020 0.298039
0.952941 0.298039
0.956863 0.298039
0.960784 0.298039
0.964706 0.298039
0.968627 0.298039
0.972549 0.298039
0.976471 0.298039
0.980392 0.298039
0.984314 0.298039
0.988235 0.298039
0.992157 0.298039
0.996078 0.298039
1.000000 0.298039

i = 770.000000 0.301961
0.003922 0.301961
0.007843 0.301961
0.011765 0.301961
0.015686 0.301961
0.019608 0.301961
0.023529 0.301961
0.027451 0.301961
0.031373 0.301961
0.035294 0.301961
0.039216 0.301961
0.043137 0.301961
0.047059 0.301961
0.050980 0.301961
0.054902 0.301961
0.058824 0.301961
0.062745 0.301961
0.066667 0.301961
0.070588 0.301961
0.074510 0.301961
0.078431 0.301961
0.082353 0.301961
0.086275 0.301961
0.090196 0.301961
0.094118 0.301961
0.098039 0.301961
0.101961 0.301961
0.105882 0.301961
0.109804 0.301961
0.113725 0.301961
0.117647 0.301961
0.121569 0.301961
0.125490 0.301961
0.129412 0.301961
0.133333 0.301961
0.137255 0.301961
0.141176 0.301961
0.145098 0.301961
0.149020 0.301961
0.152941 0.301961
0.156863 0.301961
0.160784 0.301961
0.164706 0.301961
0.168627 0.301961
0.172549 0.301961
0.176471 0.301961
0.180392 0.301961
0.184314 0.301961
0.188235 0.301961
0.192157 0.301961
0.196078 0.301961
0.200000 0.301961
0.203922 0.301961
0.207843 0.301961
0.211765 0.301961
0.215686 0.301961
0.219608 0.301961
0.223529 0.301961
0.227451 0.301961
0.231373 0.301961
0.235294 0.301961
0.239216 0.301961
0.243137 0.301961
0.247059 0.301961
0.250980 0.301961
0.254902 0.301961
0.258824 0.301961
0.262745 0.301961
0.266667 0.301961
0.270588 0.301961
0.274510 0.301961
0.278431 0.301961
0.282353 0.301961
0.286275 0.301961
0.290196 0.301961
0.294118 0.301961
0.298039 0.301961
0.301961 0.301961
0.305882 0.301961
0.309804 0.301961
0.313726 0.301961
0.317647 0.301961
0.321569 0.301961
0.325490 0.301961
0.329412 0.301961
0.333333 0.301961
0.337255 0.301961
0.341176 0.301961
0.345098 0.301961
0.349020 0.301961
0.352941 0.301961
0.356863 0.301961
0.360784 0.301961
0.364706 0.301961
0.368627 0.301961
0.372549 0.301961
0.376471 0.301961
0.380392 0.301961
0.384314 0.301961
0.388235 0.301961
0.392157 0.301961
0.396078 0.301961
0.400000 0.301961
0.403922 0.301961
0.407843 0.301961
0.411765 0.301961
0.415686 0.301961
0.419608 0.301961
0.423529 0.301961
0.427451 0.301961
0.431373 0.301961
0.435294 0.301961
0.439216 0.301961
0.443137 0.301961
0.447059 0.301961
0.450980 0.301961
0.454902 0.301961
0.458824 0.301961
0.462745 0.301961
0.466667 0.301961
0.470588 0.301961
0.474510 0.301961
0.478431 0.301961
0.482353 0.301961
0.486275 0.301961
0.490196 0.301961
0.494118 0.301961
0.498039 0.301961
0.501961 0.301961
0.505882 0.301961
0.509804 0.301961
0.513726 0.301961
0.517647 0.301961
0.521569 0.301961
0.525490 0.301961
0.529412 0.301961
0.533333 0.301961
0.537255 0.301961
0.541176 0.301961
0.545098 0.301961
0.549020 0.301961
0.552941 0.301961
0.556863 0.301961
0.560784 0.301961
0.564706 0.301961
0.568627 0.301961
0.572549 0.301961
0.576471 0.301961
0.580392 0.301961
0.584314 0.301961
0.588235 0.301961
0.592157 0.301961
0.596078 0.301961
0.600000 0.301961
0.603922 0.301961
0.607843 0.301961
0.611765 0.301961
0.615686 0.301961
0.619608 0.301961
0.623529 0.301961
0.627451 0.301961
0.631373 0.301961
0.635294 0.301961
0.639216 0.301961
0.643137 0.301961
0.647059 0.301961
0.650980 0.301961
0.654902 0.301961
0.658824 0.301961
0.662745 0.301961
0.666667 0.301961
0.670588 0.301961
0.674510 0.301961
0.678431 0.301961
0.682353 0.301961
0.686275 0.301961
0.690196 0.301961
0.694118 0.301961
0.698039 0.301961
0.701961 0.301961
0.705882 0.301961
0.709804 0.301961
0.713726 0.301961
0.717647 0.301961
0.721569 0.301961
0.725490 0.301961
0.729412 0.301961
0.733333 0.301961
0.737255 0.301961
0.741176 0.301961
0.745098 0.301961
0.749020 0.301961
0.752941 0.301961
0.756863 0.301961
0.760784 0.301961
0.764706 0.301961
0.768627 0.301961
0.772549 0.301961
0.776471 0.301961
0.780392 0.301961
0.784314 0.301961
0.788235 0.301961
0.792157 0.301961
0.796078 0.301961
0.800000 0.301961
0.803922 0.301961
0.807843 0.301961
0.811765 0.301961
0.815686 0.301961
0.819608 0.301961
0.823529 0.301961
0.827451 0.301961
0.831373 0.301961
0.835294 0.301961
0.839216 0.301961
0.843137 0.301961
0.847059 0.301961
0.850980 0.301961
0.854902 0.301961
0.858824 0.301961
0.862745 0.301961
0.866667 0.301961
0.870588 0.301961
0.874510 0.301961
0.878431 0.301961
0.882353 0.301961
0.886275 0.301961
0.890196 0.301961
0.894118 0.301961
0.898039 0.301961
0.901961 0.301961
0.905882 0.301961
0.909804 0.301961
0.913725 0.301961
0.917647 0.301961
0.921569 0.301961
0.925490 0.301961
0.929412 0.301961
0.933333 0.301961
0.937255 0.301961
0.941176 0.301961
0.945098 0.301961
0.949020 0.301961
0.952941 0.301961
0.956863 0.301961
0.960784 0.301961
0.964706 0.301961
0.968627 0.301961
0.972549 0.301961
0.976471 0.301961
0.980392 0.301961
0.984314 0.301961
0.988235 0.301961
0.992157 0.301961
0.996078 0.301961
1.000000 0.301961

i = 780.000000 0.305882
0.003922 0.305882
0.007843 0.305882
0.011765 0.305882
0.015686 0.305882
0.019608 0.305882
0.023529 0.305882
0.027451 0.305882
0.031373 0.305882
0.035294 0.305882
0.039216 0.305882
0.043137 0.305882
0.047059 0.305882
0.050980 0.305882
0.054902 0.305882
0.058824 0.305882
0.062745 0.305882
0.066667 0.305882
0.070588 0.305882
0.074510 0.305882
0.078431 0.305882
0.082353 0.305882
0.086275 0.305882
0.090196 0.305882
0.094118 0.305882
0.098039 0.305882
0.101961 0.305882
0.105882 0.305882
0.109804 0.305882
0.113725 0.305882
0.117647 0.305882
0.121569 0.305882
0.125490 0.305882
0.129412 0.305882
0.133333 0.305882
0.137255 0.305882
0.141176 0.305882
0.145098 0.305882
0.149020 0.305882
0.152941 0.305882
0.156863 0.305882
0.160784 0.305882
0.164706 0.305882
0.168627 0.305882
0.172549 0.305882
0.176471 0.305882
0.180392 0.305882
0.184314 0.305882
0.188235 0.305882
0.192157 0.305882
0.196078 0.305882
0.200000 0.305882
0.203922 0.305882
0.207843 0.305882
0.211765 0.305882
0.215686 0.305882
0.219608 0.305882
0.223529 0.305882
0.227451 0.305882
0.231373 0.305882
0.235294 0.305882
0.239216 0.305882
0.243137 0.305882
0.247059 0.305882
0.250980 0.305882
0.254902 0.305882
0.258824 0.305882
0.262745 0.305882
0.266667 0.305882
0.270588 0.305882
0.274510 0.305882
0.278431 0.305882
0.282353 0.305882
0.286275 0.305882
0.290196 0.305882
0.294118 0.305882
0.298039 0.305882
0.301961 0.305882
0.305882 0.305882
0.309804 0.305882
0.313726 0.305882
0.317647 0.305882
0.321569 0.305882
0.325490 0.305882
0.329412 0.305882
0.333333 0.305882
0.337255 0.305882
0.341176 0.305882
0.345098 0.305882
0.349020 0.305882
0.352941 0.305882
0.356863 0.305882
0.360784 0.305882
0.364706 0.305882
0.368627 0.305882
0.372549 0.305882
0.376471 0.305882
0.380392 0.305882
0.384314 0.305882
0.388235 0.305882
0.392157 0.305882
0.396078 0.305882
0.400000 0.305882
0.403922 0.305882
0.407843 0.305882
0.411765 0.305882
0.415686 0.305882
0.419608 0.305882
0.423529 0.305882
0.427451 0.305882
0.431373 0.305882
0.435294 0.305882
0.439216 0.305882
0.443137 0.305882
0.447059 0.305882
0.450980 0.305882
0.454902 0.305882
0.458824 0.305882
0.462745 0.305882
0.466667 0.305882
0.470588 0.305882
0.474510 0.305882
0.478431 0.305882
0.482353 0.305882
0.486275 0.305882
0.490196 0.305882
0.494118 0.305882
0.498039 0.305882
0.501961 0.305882
0.505882 0.305882
0.509804 0.305882
0.513726 0.305882
0.517647 0.305882
0.521569 0.305882
0.525490 0.305882
0.529412 0.305882
0.533333 0.305882
0.537255 0.305882
0.541176 0.305882
0.545098 0.305882
0.549020 0.305882
0.552941 0.305882
0.556863 0.305882
0.560784 0.305882
0.564706 0.305882
0.568627 0.305882
0.572549 0.305882
0.576471 0.305882
0.580392 0.305882
0.584314 0.305882
0.588235 0.305882
0.592157 0.305882
0.596078 0.305882
0.600000 0.305882
0.603922 0.305882
0.607843 0.305882
0.611765 0.305882
0.615686 0.305882
0.619608 0.305882
0.623529 0.305882
0.627451 0.305882
0.631373 0.305882
0.635294 0.305882
0.639216 0.305882
0.643137 0.305882
0.647059 0.305882
0.650980 0.305882
0.654902 0.305882
0.658824 0.305882
0.662745 0.305882
0.666667 0.305882
0.670588 0.305882
0.674510 0.305882
0.678431 0.305882
0.682353 0.305882
0.686275 0.305882
0.690196 0.305882
0.694118 0.305882
0.698039 0.305882
0.701961 0.305882
0.705882 0.305882
0.709804 0.305882
0.713726 0.305882
0.717647 0.305882
0.721569 0.305882
0.725490 0.305882
0.729412 0.305882
0.733333 0.305882
0.737255 0.305882
0.741176 0.305882
0.745098 0.305882
0.749020 0.305882
0.752941 0.305882
0.756863 0.305882
0.760784 0.305882
0.764706 0.305882
0.768627 0.305882
0.772549 0.305882
0.776471 0.305882
0.780392 0.305882
0.784314 0.305882
0.788235 0.305882
0.792157 0.305882
0.796078 0.305882
0.800000 0.305882
0.803922 0.305882
0.807843 0.305882
0.811765 0.305882
0.815686 0.305882
0.819608 0.305882
0.823529 0.305882
0.827451 0.305882
0.831373 0.305882
0.835294 0.305882
0.839216 0.305882
0.843137 0.305882
0.847059 0.305882
0.850980 0.305882
0.854902 0.305882
0.858824 0.305882
0.862745 0.305882
0.866667 0.305882
0.870588 0.305882
0.874510 0.305882
0.878431 0.305882
0.882353 0.305882
0.886275 0.305882
0.890196 0.305882
0.894118 0.305882
0.898039 0.305882
0.901961 0.305882
0.905882 0.305882
0.909804 0.305882
0.913725 0.305882
0.917647 0.305882
0.921569 0.305882
0.925490 0.305882
0.929412 0.305882
0.933333 0.305882
0.937255 0.305882
0.941176 0.305882
0.945098 0.305882
0.949020 0.305882
0.952941 0.305882
0.956863 0.305882
0.960784 0.305882
0.964706 0.305882
0.968627 0.305882
0.972549 0.305882
0.976471 0.305882
0.980392 0.305882
0.984314 0.305882
0.988235 0.305882
0.992157 0.305882
0.996078 0.305882
1.000000 0.305882

i = 790.000000 0.309804
0.003922 0.309804
0.007843 0.309804
0.011765 0.309804
0.015686 0.309804
0.019608 0.309804
0.023529 0.309804
0.027451 0.309804
0.031373 0.309804
0.035294 0.309804
0.039216 0.309804
0.043137 0.309804
0.047059 0.309804
0.050980 0.309804
0.054902 0.309804
0.058824 0.309804
0.062745 0.309804
0.066667 0.309804
0.070588 0.309804
0.074510 0.309804
0.078431 0.309804
0.082353 0.309804
0.086275 0.309804
0.090196 0.309804
0.094118 0.309804
0.098039 0.309804
0.101961 0.309804
0.105882 0.309804
0.109804 0.309804
0.113725 0.309804
0.117647 0.309804
0.121569 0.309804
0.125490 0.309804
0.129412 0.309804
0.133333 0.309804
0.137255 0.309804
0.141176 0.309804
0.145098 0.309804
0.149020 0.309804
0.152941 0.309804
0.156863 0.309804
0.160784 0.309804
0.164706 0.309804
0.168627 0.309804
0.172549 0.309804
0.176471 0.309804
0.180392 0.309804
0.184314 0.309804
0.188235 0.309804
0.192157 0.309804
0.196078 0.309804
0.200000 0.309804
0.203922 0.309804
0.207843 0.309804
0.211765 0.309804
0.215686 0.309804
0.219608 0.309804
0.223529 0.309804
0.227451 0.309804
0.231373 0.309804
0.235294 0.309804
0.239216 0.309804
0.243137 0.309804
0.247059 0.309804
0.250980 0.309804
0.254902 0.309804
0.258824 0.309804
0.262745 0.309804
0.266667 0.309804
0.270588 0.309804
0.274510 0.309804
0.278431 0.309804
0.282353 0.309804
0.286275 0.309804
0.290196 0.309804
0.294118 0.309804
0.298039 0.309804
0.301961 0.309804
0.305882 0.309804
0.309804 0.309804
0.313726 0.309804
0.317647 0.309804
0.321569 0.309804
0.325490 0.309804
0.329412 0.309804
0.333333 0.309804
0.337255 0.309804
0.341176 0.309804
0.345098 0.309804
0.349020 0.309804
0.352941 0.309804
0.356863 0.309804
0.360784 0.309804
0.364706 0.309804
0.368627 0.309804
0.372549 0.309804
0.376471 0.309804
0.380392 0.309804
0.384314 0.309804
0.388235 0.309804
0.392157 0.309804
0.396078 0.309804
0.400000 0.309804
0.403922 0.309804
0.407843 0.309804
0.411765 0.309804
0.415686 0.309804
0.419608 0.309804
0.423529 0.309804
0.427451 0.309804
0.431373 0.309804
0.435294 0.309804
0.439216 0.309804
0.443137 0.309804
0.447059 0.309804
0.450980 0.309804
0.454902 0.309804
0.458824 0.309804
0.462745 0.309804
0.466667 0.309804
0.470588 0.309804
0.474510 0.309804
0.478431 0.309804
0.482353 0.309804
0.486275 0.309804
0.490196 0.309804
0.494118 0.309804
0.498039 0.309804
0.501961 0.309804
0.505882 0.309804
0.509804 0.309804
0.513726 0.309804
0.517647 0.309804
0.521569 0.309804
0.525490 0.309804
0.529412 0.309804
0.533333 0.309804
0.537255 0.309804
0.541176 0.309804
0.545098 0.309804
0.549020 0.309804
0.552941 0.309804
0.556863 0.309804
0.560784 0.309804
0.564706 0.309804
0.568627 0.309804
0.572549 0.309804
0.576471 0.309804
0.580392 0.309804
0.584314 0.309804
0.588235 0.309804
0.592157 0.309804
0.596078 0.309804
0.600000 0.309804
0.603922 0.309804
0.607843 0.309804
0.611765 0.309804
0.615686 0.309804
0.619608 0.309804
0.623529 0.309804
0.627451 0.309804
0.631373 0.309804
0.635294 0.309804
0.639216 0.309804
0.643137 0.309804
0.647059 0.309804
0.650980 0.309804
0.654902 0.309804
0.658824 0.309804
0.662745 0.309804
0.666667 0.309804
0.670588 0.309804
0.674510 0.309804
0.678431 0.309804
0.682353 0.309804
0.686275 0.309804
0.690196 0.309804
0.694118 0.309804
0.698039 0.309804
0.701961 0.309804
0.705882 0.309804
0.709804 0.309804
0.713726 0.309804
0.717647 0.309804
0.721569 0.309804
0.725490 0.309804
0.729412 0.309804
0.733333 0.309804
0.737255 0.309804
0.741176 0.309804
0.745098 0.309804
0.749020 0.309804
0.752941 0.309804
0.756863 0.309804
0.760784 0.309804
0.764706 0.309804
0.768627 0.309804
0.772549 0.309804
0.776471 0.309804
0.780392 0.309804
0.784314 0.309804
0.788235 0.309804
0.792157 0.309804
0.796078 0.309804
0.800000 0.309804
0.803922 0.309804
0.807843 0.309804
0.811765 0.309804
0.815686 0.309804
0.819608 0.309804
0.823529 0.309804
0.827451 0.309804
0.831373 0.309804
0.835294 0.309804
0.839216 0.309804
0.843137 0.309804
0.847059 0.309804
0.850980 0.309804
0.854902 0.309804
0.858824 0.309804
0.862745 0.309804
0.866667 0.309804
0.870588 0.309804
0.874510 0.309804
0.878431 0.309804
0.882353 0.309804
0.886275 0.309804
0.890196 0.309804
0.894118 0.309804
0.898039 0.309804
0.901961 0.309804
0.905882 0.309804
0.909804 0.309804
0.913725 0.309804
0.917647 0.309804
0.921569 0.309804
0.925490 0.309804
0.929412 0.309804
0.933333 0.309804
0.937255 0.309804
0.941176 0.309804
0.945098 0.309804
0.949020 0.309804
0.952941 0.309804
0.956863 0.309804
0.960784 0.309804
0.964706 0.309804
0.968627 0.309804
0.972549 0.309804
0.976471 0.309804
0.980392 0.309804
0.984314 0.309804
0.988235 0.309804
0.992157 0.309804
0.996078 0.309804
1.000000 0.309804

i = 800.000000 0.313726
0.003922 0.313726
0.007843 0.313726
0.011765 0.313726
0.015686 0.313726
0.019608 0.313726
0.023529 0.313726
0.027451 0.313726
0.031373 0.313726
0.035294 0.313726
0.039216 0.313726
0.043137 0.313726
0.047059 0.313726
0.050980 0.313726
0.054902 0.313726
0.058824 0.313726
0.062745 0.313726
0.066667 0.313726
0.070588 0.313726
0.074510 0.313726
0.078431 0.313726
0.082353 0.313726
0.086275 0.313726
0.090196 0.313726
0.094118 0.313726
0.098039 0.313726
0.101961 0.313726
0.105882 0.313726
0.109804 0.313726
0.113725 0.313726
0.117647 0.313726
0.121569 0.313726
0.125490 0.313726
0.129412 0.313726
0.133333 0.313726
0.137255 0.313726
0.141176 0.313726
0.145098 0.313726
0.149020 0.313726
0.152941 0.313726
0.156863 0.313726
0.160784 0.313726
0.164706 0.313726
0.168627 0.313726
0.172549 0.313726
0.176471 0.313726
0.180392 0.313726
0.184314 0.313726
0.188235 0.313726
0.192157 0.313726
0.196078 0.313726
0.200000 0.313726
0.203922 0.313726
0.207843 0.313726
0.211765 0.313726
0.215686 0.313726
0.219608 0.313726
0.223529 0.313726
0.227451 0.313726
0.231373 0.313726
0.235294 0.313726
0.239216 0.313726
0.243137 0.313726
0.247059 0.313726
0.250980 0.313726
0.254902 0.313726
0.258824 0.313726
0.262745 0.313726
0.266667 0.313726
0.270588 0.313726
0.274510 0.313726
0.278431 0.313726
0.282353 0.313726
0.286275 0.313726
0.290196 0.313726
0.294118 0.313726
0.298039 0.313726
0.301961 0.313726
0.305882 0.313726
0.309804 0.313726
0.313726 0.313726
0.317647 0.313726
0.321569 0.313726
0.325490 0.313726
0.329412 0.313726
0.333333 0.313726
0.337255 0.313726
0.341176 0.313726
0.345098 0.313726
0.349020 0.313726
0.352941 0.313726
0.356863 0.313726
0.360784 0.313726
0.364706 0.313726
0.368627 0.313726
0.372549 0.313726
0.376471 0.313726
0.380392 0.313726
0.384314 0.313726
0.388235 0.313726
0.392157 0.313726
0.396078 0.313726
0.400000 0.313726
0.403922 0.313726
0.407843 0.313726
0.411765 0.313726
0.415686 0.313726
0.419608 0.313726
0.423529 0.313726
0.427451 0.313726
0.431373 0.313726
0.435294 0.313726
0.439216 0.313726
0.443137 0.313726
0.447059 0.313726
0.450980 0.313726
0.454902 0.313726
0.458824 0.313726
0.462745 0.313726
0.466667 0.313726
0.470588 0.313726
0.474510 0.313726
0.478431 0.313726
0.482353 0.313726
0.486275 0.313726
0.490196 0.313726
0.494118 0.313726
0.498039 0.313726
0.501961 0.313726
0.505882 0.313726
0.509804 0.313726
0.513726 0.313726
0.517647 0.313726
0.521569 0.313726
0.525490 0.313726
0.529412 0.313726
0.533333 0.313726
0.537255 0.313726
0.541176 0.313726
0.545098 0.313726
0.549020 0.313726
0.552941 0.313726
0.556863 0.313726
0.560784 0.313726
0.564706 0.313726
0.568627 0.313726
0.572549 0.313726
0.576471 0.313726
0.580392 0.313726
0.584314 0.313726
0.588235 0.313726
0.592157 0.313726
0.596078 0.313726
0.600000 0.313726
0.603922 0.313726
0.607843 0.313726
0.611765 0.313726
0.615686 0.313726
0.619608 0.313726
0.623529 0.313726
0.627451 0.313726
0.631373 0.313726
0.635294 0.313726
0.639216 0.313726
0.643137 0.313726
0.647059 0.313726
0.650980 0.313726
0.654902 0.313726
0.658824 0.313726
0.662745 0.313726
0.666667 0.313726
0.670588 0.313726
0.674510 0.313726
0.678431 0.313726
0.682353 0.313726
0.686275 0.313726
0.690196 0.313726
0.694118 0.313726
0.698039 0.313726
0.701961 0.313726
0.705882 0.313726
0.709804 0.313726
0.713726 0.313726
0.717647 0.313726
0.721569 0.313726
0.725490 0.313726
0.729412 0.313726
0.733333 0.313726
0.737255 0.313726
0.741176 0.313726
0.745098 0.313726
0.749020 0.313726
0.752941 0.313726
0.756863 0.313726
0.760784 0.313726
0.764706 0.313726
0.768627 0.313726
0.772549 0.313726
0.776471 0.313726
0.780392 0.313726
0.784314 0.313726
0.788235 0.313726
0.792157 0.313726
0.796078 0.313726
0.800000 0.313726
0.803922 0.313726
0.807843 0.313726
0.811765 0.313726
0.815686 0.313726
0.819608 0.313726
0.823529 0.313726
0.827451 0.313726
0.831373 0.313726
0.835294 0.313726
0.839216 0.313726
0.843137 0.313726
0.847059 0.313726
0.850980 0.313726
0.854902 0.313726
0.858824 0.313726
0.862745 0.313726
0.866667 0.313726
0.870588 0.313726
0.874510 0.313726
0.878431 0.313726
0.882353 0.313726
0.886275 0.313726
0.890196 0.313726
0.894118 0.313726
0.898039 0.313726
0.901961 0.313726
0.905882 0.313726
0.909804 0.313726
0.913725 0.313726
0.917647 0.313726
0.921569 0.313726
0.925490 0.313726
0.929412 0.313726
0.933333 0.313726
0.937255 0.313726
0.941176 0.313726
0.945098 0.313726
0.949020 0.313726
0.952941 0.313726
0.956863 0.313726
0.960784 0.313726
0.964706 0.313726
0.968627 0.313726
0.972549 0.313726
0.976471 0.313726
0.980392 0.313726
0.984314 0.313726
0.988235 0.313726
0.992157 0.313726
0.996078 0.313726
1.000000 0.313726

i = 810.000000 0.317647
0.003922 0.317647
0.007843 0.317647
0.011765 0.317647
0.015686 0.317647
0.019608 0.317647
0.023529 0.317647
0.027451 0.317647
0.031373 0.317647
0.035294 0.317647
0.039216 0.317647
0.043137 0.317647
0.047059 0.317647
0.050980 0.317647
0.054902 0.317647
0.058824 0.317647
0.062745 0.317647
0.066667 0.317647
0.070588 0.317647
0.074510 0.317647
0.078431 0.317647
0.082353 0.317647
0.086275 0.317647
0.090196 0.317647
0.094118 0.317647
0.098039 0.317647
0.101961 0.317647
0.105882 0.317647
0.109804 0.317647
0.113725 0.317647
0.117647 0.317647
0.121569 0.317647
0.125490 0.317647
0.129412 0.317647
0.133333 0.317647
0.137255 0.317647
0.141176 0.317647
0.145098 0.317647
0.149020 0.317647
0.152941 0.317647
0.156863 0.317647
0.160784 0.317647
0.164706 0.317647
0.168627 0.317647
0.172549 0.317647
0.176471 0.317647
0.180392 0.317647
0.184314 0.317647
0.188235 0.317647
0.192157 0.317647
0.196078 0.317647
0.200000 0.317647
0.203922 0.317647
0.207843 0.317647
0.211765 0.317647
0.215686 0.317647
0.219608 0.317647
0.223529 0.317647
0.227451 0.317647
0.231373 0.317647
0.235294 0.317647
0.239216 0.317647
0.243137 0.317647
0.247059 0.317647
0.250980 0.317647
0.254902 0.317647
0.258824 0.317647
0.262745 0.317647
0.266667 0.317647
0.270588 0.317647
0.274510 0.317647
0.278431 0.317647
0.282353 0.317647
0.286275 0.317647
0.290196 0.317647
0.294118 0.317647
0.298039 0.317647
0.301961 0.317647
0.305882 0.317647
0.309804 0.317647
0.313726 0.317647
0.317647 0.317647
0.321569 0.317647
0.325490 0.317647
0.329412 0.317647
0.333333 0.317647
0.337255 0.317647
0.341176 0.317647
0.345098 0.317647
0.349020 0.317647
0.352941 0.317647
0.356863 0.317647
0.360784 0.317647
0.364706 0.317647
0.368627 0.317647
0.372549 0.317647
0.376471 0.317647
0.380392 0.317647
0.384314 0.317647
0.388235 0.317647
0.392157 0.317647
0.396078 0.317647
0.400000 0.317647
0.403922 0.317647
0.407843 0.317647
0.411765 0.317647
0.415686 0.317647
0.419608 0.317647
0.423529 0.317647
0.427451 0.317647
0.431373 0.317647
0.435294 0.317647
0.439216 0.317647
0.443137 0.317647
0.447059 0.317647
0.450980 0.317647
0.454902 0.317647
0.458824 0.317647
0.462745 0.317647
0.466667 0.317647
0.470588 0.317647
0.474510 0.317647
0.478431 0.317647
0.482353 0.317647
0.486275 0.317647
0.490196 0.317647
0.494118 0.317647
0.498039 0.317647
0.501961 0.317647
0.505882 0.317647
0.509804 0.317647
0.513726 0.317647
0.517647 0.317647
0.521569 0.317647
0.525490 0.317647
0.529412 0.317647
0.533333 0.317647
0.537255 0.317647
0.541176 0.317647
0.545098 0.317647
0.549020 0.317647
0.552941 0.317647
0.556863 0.317647
0.560784 0.317647
0.564706 0.317647
0.568627 0.317647
0.572549 0.317647
0.576471 0.317647
0.580392 0.317647
0.584314 0.317647
0.588235 0.317647
0.592157 0.317647
0.596078 0.317647
0.600000 0.317647
0.603922 0.317647
0.607843 0.317647
0.611765 0.317647
0.615686 0.317647
0.619608 0.317647
0.623529 0.317647
0.627451 0.317647
0.631373 0.317647
0.635294 0.317647
0.639216 0.317647
0.643137 0.317647
0.647059 0.317647
0.650980 0.317647
0.654902 0.317647
0.658824 0.317647
0.662745 0.317647
0.666667 0.317647
0.670588 0.317647
0.674510 0.317647
0.678431 0.317647
0.682353 0.317647
0.686275 0.317647
0.690196 0.317647
0.694118 0.317647
0.698039 0.317647
0.701961 0.317647
0.705882 0.317647
0.709804 0.317647
0.713726 0.317647
0.717647 0.317647
0.721569 0.317647
0.725490 0.317647
0.729412 0.317647
0.733333 0.317647
0.737255 0.317647
0.741176 0.317647
0.745098 0.317647
0.749020 0.317647
0.752941 0.317647
0.756863 0.317647
0.760784 0.317647
0.764706 0.317647
0.768627 0.317647
0.772549 0.317647
0.776471 0.317647
0.780392 0.317647
0.784314 0.317647
0.788235 0.317647
0.792157 0.317647
0.796078 0.317647
0.800000 0.317647
0.803922 0.317647
0.807843 0.317647
0.811765 0.317647
0.815686 0.317647
0.819608 0.317647
0.823529 0.317647
0.827451 0.317647
0.831373 0.317647
0.835294 0.317647
0.839216 0.317647
0.843137 0.317647
0.847059 0.317647
0.850980 0.317647
0.854902 0.317647
0.858824 0.317647
0.862745 0.317647
0.866667 0.317647
0.870588 0.317647
0.874510 0.317647
0.878431 0.317647
0.882353 0.317647
0.886275 0.317647
0.890196 0.317647
0.894118 0.317647
0.898039 0.317647
0.901961 0.317647
0.905882 0.317647
0.909804 0.317647
0.913725 0.317647
0.917647 0.317647
0.921569 0.317647
0.925490 0.317647
0.929412 0.317647
0.933333 0.317647
0.937255 0.317647
0.941176 0.317647
0.945098 0.317647
0.949020 0.317647
0.952941 0.317647
0.956863 0.317647
0.960784 0.317647
0.964706 0.317647
0.968627 0.317647
0.972549 0.317647
0.976471 0.317647
0.980392 0.317647
0.984314 0.317647
0.988235 0.317647
0.992157 0.317647
0.996078 0.317647
1.000000 0.317647

i = 820.000000 0.321569
0.003922 0.321569
0.007843 0.321569
0.011765 0.321569
0.015686 0.321569
0.019608 0.321569
0.023529 0.321569
0.027451 0.321569
0.031373 0.321569
0.035294 0.321569
0.039216 0.321569
0.043137 0.321569
0.047059 0.321569
0.050980 0.321569
0.054902 0.321569
0.058824 0.321569
0.062745 0.321569
0.066667 0.321569
0.070588 0.321569
0.074510 0.321569
0.078431 0.321569
0.082353 0.321569
0.086275 0.321569
0.090196 0.321569
0.094118 0.321569
0.098039 0.321569
0.101961 0.321569
0.105882 0.321569
0.109804 0.321569
0.113725 0.321569
0.117647 0.321569
0.121569 0.321569
0.125490 0.321569
0.129412 0.321569
0.133333 0.321569
0.137255 0.321569
0.141176 0.321569
0.145098 0.321569
0.149020 0.321569
0.152941 0.321569
0.156863 0.321569
0.160784 0.321569
0.164706 0.321569
0.168627 0.321569
0.172549 0.321569
0.176471 0.321569
0.180392 0.321569
0.184314 0.321569
0.188235 0.321569
0.192157 0.321569
0.196078 0.321569
0.200000 0.321569
0.203922 0.321569
0.207843 0.321569
0.211765 0.321569
0.215686 0.321569
0.219608 0.321569
0.223529 0.321569
0.227451 0.321569
0.231373 0.321569
0.235294 0.321569
0.239216 0.321569
0.243137 0.321569
0.247059 0.321569
0.250980 0.321569
0.254902 0.321569
0.258824 0.321569
0.262745 0.321569
0.266667 0.321569
0.270588 0.321569
0.274510 0.321569
0.278431 0.321569
0.282353 0.321569
0.286275 0.321569
0.290196 0.321569
0.294118 0.321569
0.298039 0.321569
0.301961 0.321569
0.305882 0.321569
0.309804 0.321569
0.313726 0.321569
0.317647 0.321569
0.321569 0.321569
0.325490 0.321569
0.329412 0.321569
0.333333 0.321569
0.337255 0.321569
0.341176 0.321569
0.345098 0.321569
0.349020 0.321569
0.352941 0.321569
0.356863 0.321569
0.360784 0.321569
0.364706 0.321569
0.368627 0.321569
0.372549 0.321569
0.376471 0.321569
0.380392 0.321569
0.384314 0.321569
0.388235 0.321569
0.392157 0.321569
0.396078 0.321569
0.400000 0.321569
0.403922 0.321569
0.407843 0.321569
0.411765 0.321569
0.415686 0.321569
0.419608 0.321569
0.423529 0.321569
0.427451 0.321569
0.431373 0.321569
0.435294 0.321569
0.439216 0.321569
0.443137 0.321569
0.447059 0.321569
0.450980 0.321569
0.454902 0.321569
0.458824 0.321569
0.462745 0.321569
0.466667 0.321569
0.470588 0.321569
0.474510 0.321569
0.478431 0.321569
0.482353 0.321569
0.486275 0.321569
0.490196 0.321569
0.494118 0.321569
0.498039 0.321569
0.501961 0.321569
0.505882 0.321569
0.509804 0.321569
0.513726 0.321569
0.517647 0.321569
0.521569 0.321569
0.525490 0.321569
0.529412 0.321569
0.533333 0.321569
0.537255 0.321569
0.541176 0.321569
0.545098 0.321569
0.549020 0.321569
0.552941 0.321569
0.556863 0.321569
0.560784 0.321569
0.564706 0.321569
0.568627 0.321569
0.572549 0.321569
0.576471 0.321569
0.580392 0.321569
0.584314 0.321569
0.588235 0.321569
0.592157 0.321569
0.596078 0.321569
0.600000 0.321569
0.603922 0.321569
0.607843 0.321569
0.611765 0.321569
0.615686 0.321569
0.619608 0.321569
0.623529 0.321569
0.627451 0.321569
0.631373 0.321569
0.635294 0.321569
0.639216 0.321569
0.643137 0.321569
0.647059 0.321569
0.650980 0.321569
0.654902 0.321569
0.658824 0.321569
0.662745 0.321569
0.666667 0.321569
0.670588 0.321569
0.674510 0.321569
0.678431 0.321569
0.682353 0.321569
0.686275 0.321569
0.690196 0.321569
0.694118 0.321569
0.698039 0.321569
0.701961 0.321569
0.705882 0.321569
0.709804 0.321569
0.713726 0.321569
0.717647 0.321569
0.721569 0.321569
0.725490 0.321569
0.729412 0.321569
0.733333 0.321569
0.737255 0.321569
0.741176 0.321569
0.745098 0.321569
0.749020 0.321569
0.752941 0.321569
0.756863 0.321569
0.760784 0.321569
0.764706 0.321569
0.768627 0.321569
0.772549 0.321569
0.776471 0.321569
0.780392 0.321569
0.784314 0.321569
0.788235 0.321569
0.792157 0.321569
0.796078 0.321569
0.800000 0.321569
0.803922 0.321569
0.807843 0.321569
0.811765 0.321569
0.815686 0.321569
0.819608 0.321569
0.823529 0.321569
0.827451 0.321569
0.831373 0.321569
0.835294 0.321569
0.839216 0.321569
0.843137 0.321569
0.847059 0.321569
0.850980 0.321569
0.854902 0.321569
0.858824 0.321569
0.862745 0.321569
0.866667 0.321569
0.870588 0.321569
0.874510 0.321569
0.878431 0.321569
0.882353 0.321569
0.886275 0.321569
0.890196 0.321569
0.894118 0.321569
0.898039 0.321569
0.901961 0.321569
0.905882 0.321569
0.909804 0.321569
0.913725 0.321569
0.917647 0.321569
0.921569 0.321569
0.925490 0.321569
0.929412 0.321569
0.933333 0.321569
0.937255 0.321569
0.941176 0.321569
0.945098 0.321569
0.949020 0.321569
0.952941 0.321569
0.956863 0.321569
0.960784 0.321569
0.964706 0.321569
0.968627 0.321569
0.972549 0.321569
0.976471 0.321569
0.980392 0.321569
0.984314 0.321569
0.988235 0.321569
0.992157 0.321569
0.996078 0.321569
1.000000 0.321569

i = 830.000000 0.325490
0.003922 0.325490
0.007843 0.325490
0.011765 0.325490
0.015686 0.325490
0.019608 0.325490
0.023529 0.325490
0.027451 0.325490
0.031373 0.325490
0.035294 0.325490
0.039216 0.325490
0.043137 0.325490
0.047059 0.325490
0.050980 0.325490
0.054902 0.325490
0.058824 0.325490
0.062745 0.325490
0.066667 0.325490
0.070588 0.325490
0.074510 0.325490
0.078431 0.325490
0.082353 0.325490
0.086275 0.325490
0.090196 0.325490
0.094118 0.325490
0.098039 0.325490
0.101961 0.325490
0.105882 0.325490
0.109804 0.325490
0.113725 0.325490
0.117647 0.325490
0.121569 0.325490
0.125490 0.325490
0.129412 0.325490
0.133333 0.325490
0.137255 0.325490
0.141176 0.325490
0.145098 0.325490
0.149020 0.325490
0.152941 0.325490
0.156863 0.325490
0.160784 0.325490
0.164706 0.325490
0.168627 0.325490
0.172549 0.325490
0.176471 0.325490
0.180392 0.325490
0.184314 0.325490
0.188235 0.325490
0.192157 0.325490
0.196078 0.325490
0.200000 0.325490
0.203922 0.325490
0.207843 0.325490
0.211765 0.325490
0.215686 0.325490
0.219608 0.325490
0.223529 0.325490
0.227451 0.325490
0.231373 0.325490
0.235294 0.325490
0.239216 0.325490
0.243137 0.325490
0.247059 0.325490
0.250980 0.325490
0.254902 0.325490
0.258824 0.325490
0.262745 0.325490
0.266667 0.325490
0.270588 0.325490
0.274510 0.325490
0.278431 0.325490
0.282353 0.325490
0.286275 0.325490
0.290196 0.325490
0.294118 0.325490
0.298039 0.325490
0.301961 0.325490
0.305882 0.325490
0.309804 0.325490
0.313726 0.325490
0.317647 0.325490
0.321569 0.325490
0.325490 0.325490
0.329412 0.325490
0.333333 0.325490
0.337255 0.325490
0.341176 0.325490
0.345098 0.325490
0.349020 0.325490
0.352941 0.325490
0.356863 0.325490
0.360784 0.325490
0.364706 0.325490
0.368627 0.325490
0.372549 0.325490
0.376471 0.325490
0.380392 0.325490
0.384314 0.325490
0.388235 0.325490
0.392157 0.325490
0.396078 0.325490
0.400000 0.325490
0.403922 0.325490
0.407843 0.325490
0.411765 0.325490
0.415686 0.325490
0.419608 0.325490
0.423529 0.325490
0.427451 0.325490
0.431373 0.325490
0.435294 0.325490
0.439216 0.325490
0.443137 0.325490
0.447059 0.325490
0.450980 0.325490
0.454902 0.325490
0.458824 0.325490
0.462745 0.325490
0.466667 0.325490
0.470588 0.325490
0.474510 0.325490
0.478431 0.325490
0.482353 0.325490
0.486275 0.325490
0.490196 0.325490
0.494118 0.325490
0.498039 0.325490
0.501961 0.325490
0.505882 0.325490
0.509804 0.325490
0.513726 0.325490
0.517647 0.325490
0.521569 0.325490
0.525490 0.325490
0.529412 0.325490
0.533333 0.325490
0.537255 0.325490
0.541176 0.325490
0.545098 0.325490
0.549020 0.325490
0.552941 0.325490
0.556863 0.325490
0.560784 0.325490
0.564706 0.325490
0.568627 0.325490
0.572549 0.325490
0.576471 0.325490
0.580392 0.325490
0.584314 0.325490
0.588235 0.325490
0.592157 0.325490
0.596078 0.325490
0.600000 0.325490
0.603922 0.325490
0.607843 0.325490
0.611765 0.325490
0.615686 0.325490
0.619608 0.325490
0.623529 0.325490
0.627451 0.325490
0.631373 0.325490
0.635294 0.325490
0.639216 0.325490
0.643137 0.325490
0.647059 0.325490
0.650980 0.325490
0.654902 0.325490
0.658824 0.325490
0.662745 0.325490
0.666667 0.325490
0.670588 0.325490
0.674510 0.325490
0.678431 0.325490
0.682353 0.325490
0.686275 0.325490
0.690196 0.325490
0.694118 0.325490
0.698039 0.325490
0.701961 0.325490
0.705882 0.325490
0.709804 0.325490
0.713726 0.325490
0.717647 0.325490
0.721569 0.325490
0.725490 0.325490
0.729412 0.325490
0.733333 0.325490
0.737255 0.325490
0.741176 0.325490
0.745098 0.325490
0.749020 0.325490
0.752941 0.325490
0.756863 0.325490
0.760784 0.325490
0.764706 0.325490
0.768627 0.325490
0.772549 0.325490
0.776471 0.325490
0.780392 0.325490
0.784314 0.325490
0.788235 0.325490
0.792157 0.325490
0.796078 0.325490
0.800000 0.325490
0.803922 0.325490
0.807843 0.325490
0.811765 0.325490
0.815686 0.325490
0.819608 0.325490
0.823529 0.325490
0.827451 0.325490
0.831373 0.325490
0.835294 0.325490
0.839216 0.325490
0.843137 0.325490
0.847059 0.325490
0.850980 0.325490
0.854902 0.325490
0.858824 0.325490
0.862745 0.325490
0.866667 0.325490
0.870588 0.325490
0.874510 0.325490
0.878431 0.325490
0.882353 0.325490
0.886275 0.325490
0.890196 0.325490
0.894118 0.325490
0.898039 0.325490
0.901961 0.325490
0.905882 0.325490
0.909804 0.325490
0.913725 0.325490
0.917647 0.325490
0.921569 0.325490
0.925490 0.325490
0.929412 0.325490
0.933333 0.325490
0.937255 0.325490
0.941176 0.325490
0.945098 0.325490
0.949020 0.325490
0.952941 0.325490
0.956863 0.325490
0.960784 0.325490
0.964706 0.325490
0.968627 0.325490
0.972549 0.325490
0.976471 0.325490
0.980392 0.325490
0.984314 0.325490
0.988235 0.325490
0.992157 0.325490
0.996078 0.325490
1.000000 0.325490

i = 840.000000 0.329412
0.003922 0.329412
0.007843 0.329412
0.011765 0.329412
0.015686 0.329412
0.019608 0.329412
0.023529 0.329412
0.027451 0.329412
0.031373 0.329412
0.035294 0.329412
0.039216 0.329412
0.043137 0.329412
0.047059 0.329412
0.050980 0.329412
0.054902 0.329412
0.058824 0.329412
0.062745 0.329412
0.066667 0.329412
0.070588 0.329412
0.074510 0.329412
0.078431 0.329412
0.082353 0.329412
0.086275 0.329412
0.090196 0.329412
0.094118 0.329412
0.098039 0.329412
0.101961 0.329412
0.105882 0.329412
0.109804 0.329412
0.113725 0.329412
0.117647 0.329412
0.121569 0.329412
0.125490 0.329412
0.129412 0.329412
0.133333 0.329412
0.137255 0.329412
0.141176 0.329412
0.145098 0.329412
0.149020 0.329412
0.152941 0.329412
0.156863 0.329412
0.160784 0.329412
0.164706 0.329412
0.168627 0.329412
0.172549 0.329412
0.176471 0.329412
0.180392 0.329412
0.184314 0.329412
0.188235 0.329412
0.192157 0.329412
0.196078 0.329412
0.200000 0.329412
0.203922 0.329412
0.207843 0.329412
0.211765 0.329412
0.215686 0.329412
0.219608 0.329412
0.223529 0.329412
0.227451 0.329412
0.231373 0.329412
0.235294 0.329412
0.239216 0.329412
0.243137 0.329412
0.247059 0.329412
0.250980 0.329412
0.254902 0.329412
0.258824 0.329412
0.262745 0.329412
0.266667 0.329412
0.270588 0.329412
0.274510 0.329412
0.278431 0.329412
0.282353 0.329412
0.286275 0.329412
0.290196 0.329412
0.294118 0.329412
0.298039 0.329412
0.301961 0.329412
0.305882 0.329412
0.309804 0.329412
0.313726 0.329412
0.317647 0.329412
0.321569 0.329412
0.325490 0.329412
0.329412 0.329412
0.333333 0.329412
0.337255 0.329412
0.341176 0.329412
0.345098 0.329412
0.349020 0.329412
0.352941 0.329412
0.356863 0.329412
0.360784 0.329412
0.364706 0.329412
0.368627 0.329412
0.372549 0.329412
0.376471 0.329412
0.380392 0.329412
0.384314 0.329412
0.388235 0.329412
0.392157 0.329412
0.396078 0.329412
0.400000 0.329412
0.403922 0.329412
0.407843 0.329412
0.411765 0.329412
0.415686 0.329412
0.419608 0.329412
0.423529 0.329412
0.427451 0.329412
0.431373 0.329412
0.435294 0.329412
0.439216 0.329412
0.443137 0.329412
0.447059 0.329412
0.450980 0.329412
0.454902 0.329412
0.458824 0.329412
0.462745 0.329412
0.466667 0.329412
0.470588 0.329412
0.474510 0.329412
0.478431 0.329412
0.482353 0.329412
0.486275 0.329412
0.490196 0.329412
0.494118 0.329412
0.498039 0.329412
0.501961 0.329412
0.505882 0.329412
0.509804 0.329412
0.513726 0.329412
0.517647 0.329412
0.521569 0.329412
0.525490 0.329412
0.529412 0.329412
0.533333 0.329412
0.537255 0.329412
0.541176 0.329412
0.545098 0.329412
0.549020 0.329412
0.552941 0.329412
0.556863 0.329412
0.560784 0.329412
0.564706 0.329412
0.568627 0.329412
0.572549 0.329412
0.576471 0.329412
0.580392 0.329412
0.584314 0.329412
0.588235 0.329412
0.592157 0.329412
0.596078 0.329412
0.600000 0.329412
0.603922 0.329412
0.607843 0.329412
0.611765 0.329412
0.615686 0.329412
0.619608 0.329412
0.623529 0.329412
0.627451 0.329412
0.631373 0.329412
0.635294 0.329412
0.639216 0.329412
0.643137 0.329412
0.647059 0.329412
0.650980 0.329412
0.654902 0.329412
0.658824 0.329412
0.662745 0.329412
0.666667 0.329412
0.670588 0.329412
0.674510 0.329412
0.678431 0.329412
0.682353 0.329412
0.686275 0.329412
0.690196 0.329412
0.694118 0.329412
0.698039 0.329412
0.701961 0.329412
0.705882 0.329412
0.709804 0.329412
0.713726 0.329412
0.717647 0.329412
0.721569 0.329412
0.725490 0.329412
0.729412 0.329412
0.733333 0.329412
0.737255 0.329412
0.741176 0.329412
0.745098 0.329412
0.749020 0.329412
0.752941 0.329412
0.756863 0.329412
0.760784 0.329412
0.764706 0.329412
0.768627 0.329412
0.772549 0.329412
0.776471 0.329412
0.780392 0.329412
0.784314 0.329412
0.788235 0.329412
0.792157 0.329412
0.796078 0.329412
0.800000 0.329412
0.803922 0.329412
0.807843 0.329412
0.811765 0.329412
0.815686 0.329412
0.819608 0.329412
0.823529 0.329412
0.827451 0.329412
0.831373 0.329412
0.835294 0.329412
0.839216 0.329412
0.843137 0.329412
0.847059 0.329412
0.850980 0.329412
0.854902 0.329412
0.858824 0.329412
0.862745 0.329412
0.866667 0.329412
0.870588 0.329412
0.874510 0.329412
0.878431 0.329412
0.882353 0.329412
0.886275 0.329412
0.890196 0.329412
0.894118 0.329412
0.898039 0.329412
0.901961 0.329412
0.905882 0.329412
0.909804 0.329412
0.913725 0.329412
0.917647 0.329412
0.921569 0.329412
0.925490 0.329412
0.929412 0.329412
0.933333 0.329412
0.937255 0.329412
0.941176 0.329412
0.945098 0.329412
0.949020 0.329412
0.952941 0.329412
0.956863 0.329412
0.960784 0.329412
0.964706 0.329412
0.968627 0.329412
0.972549 0.329412
0.976471 0.329412
0.980392 0.329412
0.984314 0.329412
0.988235 0.329412
0.992157 0.329412
0.996078 0.329412
1.000000 0.329412

i = 850.000000 0.333333
0.003922 0.333333
0.007843 0.333333
0.011765 0.333333
0.015686 0.333333
0.019608 0.333333
0.023529 0.333333
0.027451 0.333333
0.031373 0.333333
0.035294 0.333333
0.039216 0.333333
0.043137 0.333333
0.047059 0.333333
0.050980 0.333333
0.054902 0.333333
0.058824 0.333333
0.062745 0.333333
0.066667 0.333333
0.070588 0.333333
0.074510 0.333333
0.078431 0.333333
0.082353 0.333333
0.086275 0.333333
0.090196 0.333333
0.094118 0.333333
0.098039 0.333333
0.101961 0.333333
0.105882 0.333333
0.109804 0.333333
0.113725 0.333333
0.117647 0.333333
0.121569 0.333333
0.125490 0.333333
0.129412 0.333333
0.133333 0.333333
0.137255 0.333333
0.141176 0.333333
0.145098 0.333333
0.149020 0.333333
0.152941 0.333333
0.156863 0.333333
0.160784 0.333333
0.164706 0.333333
0.168627 0.333333
0.172549 0.333333
0.176471 0.333333
0.180392 0.333333
0.184314 0.333333
0.188235 0.333333
0.192157 0.333333
0.196078 0.333333
0.200000 0.333333
0.203922 0.333333
0.207843 0.333333
0.211765 0.333333
0.215686 0.333333
0.219608 0.333333
0.223529 0.333333
0.227451 0.333333
0.231373 0.333333
0.235294 0.333333
0.239216 0.333333
0.243137 0.333333
0.247059 0.333333
0.250980 0.333333
0.254902 0.333333
0.258824 0.333333
0.262745 0.333333
0.266667 0.333333
0.270588 0.333333
0.274510 0.333333
0.278431 0.333333
0.282353 0.333333
0.286275 0.333333
0.290196 0.333333
0.294118 0.333333
0.298039 0.333333
0.301961 0.333333
0.305882 0.333333
0.309804 0.333333
0.313726 0.333333
0.317647 0.333333
0.321569 0.333333
0.325490 0.333333
0.329412 0.333333
0.333333 0.333333
0.337255 0.333333
0.341176 0.333333
0.345098 0.333333
0.349020 0.333333
0.352941 0.333333
0.356863 0.333333
0.360784 0.333333
0.364706 0.333333
0.368627 0.333333
0.372549 0.333333
0.376471 0.333333
0.380392 0.333333
0.384314 0.333333
0.388235 0.333333
0.392157 0.333333
0.396078 0.333333
0.400000 0.333333
0.403922 0.333333
0.407843 0.333333
0.411765 0.333333
0.415686 0.333333
0.419608 0.333333
0.423529 0.333333
0.427451 0.333333
0.431373 0.333333
0.435294 0.333333
0.439216 0.333333
0.443137 0.333333
0.447059 0.333333
0.450980 0.333333
0.454902 0.333333
0.458824 0.333333
0.462745 0.333333
0.466667 0.333333
0.470588 0.333333
0.474510 0.333333
0.478431 0.333333
0.482353 0.333333
0.486275 0.333333
0.490196 0.333333
0.494118 0.333333
0.498039 0.333333
0.501961 0.333333
0.505882 0.333333
0.509804 0.333333
0.513726 0.333333
0.517647 0.333333
0.521569 0.333333
0.525490 0.333333
0.529412 0.333333
0.533333 0.333333
0.537255 0.333333
0.541176 0.333333
0.545098 0.333333
0.549020 0.333333
0.552941 0.333333
0.556863 0.333333
0.560784 0.333333
0.564706 0.333333
0.568627 0.333333
0.572549 0.333333
0.576471 0.333333
0.580392 0.333333
0.584314 0.333333
0.588235 0.333333
0.592157 0.333333
0.596078 0.333333
0.600000 0.333333
0.603922 0.333333
0.607843 0.333333
0.611765 0.333333
0.615686 0.333333
0.619608 0.333333
0.623529 0.333333
0.627451 0.333333
0.631373 0.333333
0.635294 0.333333
0.639216 0.333333
0.643137 0.333333
0.647059 0.333333
0.650980 0.333333
0.654902 0.333333
0.658824 0.333333
0.662745 0.333333
0.666667 0.333333
0.670588 0.333333
0.674510 0.333333
0.678431 0.333333
0.682353 0.333333
0.686275 0.333333
0.690196 0.333333
0.694118 0.333333
0.698039 0.333333
0.701961 0.333333
0.705882 0.333333
0.709804 0.333333
0.713726 0.333333
0.717647 0.333333
0.721569 0.333333
0.725490 0.333333
0.729412 0.333333
0.733333 0.333333
0.737255 0.333333
0.741176 0.333333
0.745098 0.333333
0.749020 0.333333
0.752941 0.333333
0.756863 0.333333
0.760784 0.333333
0.764706 0.333333
0.768627 0.333333
0.772549 0.333333
0.776471 0.333333
0.780392 0.333333
0.784314 0.333333
0.788235 0.333333
0.792157 0.333333
0.796078 0.333333
0.800000 0.333333
0.803922 0.333333
0.807843 0.333333
0.811765 0.333333
0.815686 0.333333
0.819608 0.333333
0.823529 0.333333
0.827451 0.333333
0.831373 0.333333
0.835294 0.333333
0.839216 0.333333
0.843137 0.333333
0.847059 0.333333
0.850980 0.333333
0.854902 0.333333
0.858824 0.333333
0.862745 0.333333
0.866667 0.333333
0.870588 0.333333
0.874510 0.333333
0.878431 0.333333
0.882353 0.333333
0.886275 0.333333
0.890196 0.333333
0.894118 0.333333
0.898039 0.333333
0.901961 0.333333
0.905882 0.333333
0.909804 0.333333
0.913725 0.333333
0.917647 0.333333
0.921569 0.333333
0.925490 0.333333
0.929412 0.333333
0.933333 0.333333
0.937255 0.333333
0.941176 0.333333
0.945098 0.333333
0.949020 0.333333
0.952941 0.333333
0.956863 0.333333
0.960784 0.333333
0.964706 0.333333
0.968627 0.333333
0.972549 0.333333
0.976471 0.333333
0.980392 0.333333
0.984314 0.333333
0.988235 0.333333
0.992157 0.333333
0.996078 0.333333
1.000000 0.333333

i = 860.000000 0.337255
0.003922 0.337255
0.007843 0.337255
0.011765 0.337255
0.015686 0.337255
0.019608 0.337255
0.023529 0.337255
0.027451 0.337255
0.031373 0.337255
0.035294 0.337255
0.039216 0.337255
0.043137 0.337255
0.047059 0.337255
0.050980 0.337255
0.054902 0.337255
0.058824 0.337255
0.062745 0.337255
0.066667 0.337255
0.070588 0.337255
0.074510 0.337255
0.078431 0.337255
0.082353 0.337255
0.086275 0.337255
0.090196 0.337255
0.094118 0.337255
0.098039 0.337255
0.101961 0.337255
0.105882 0.337255
0.109804 0.337255
0.113725 0.337255
0.117647 0.337255
0.121569 0.337255
0.125490 0.337255
0.129412 0.337255
0.133333 0.337255
0.137255 0.337255
0.141176 0.337255
0.145098 0.337255
0.149020 0.337255
0.152941 0.337255
0.156863 0.337255
0.160784 0.337255
0.164706 0.337255
0.168627 0.337255
0.172549 0.337255
0.176471 0.337255
0.180392 0.337255
0.184314 0.337255
0.188235 0.337255
0.192157 0.337255
0.196078 0.337255
0.200000 0.337255
0.203922 0.337255
0.207843 0.337255
0.211765 0.337255
0.215686 0.337255
0.219608 0.337255
0.223529 0.337255
0.227451 0.337255
0.231373 0.337255
0.235294 0.337255
0.239216 0.337255
0.243137 0.337255
0.247059 0.337255
0.250980 0.337255
0.254902 0.337255
0.258824 0.337255
0.262745 0.337255
0.266667 0.337255
0.270588 0.337255
0.274510 0.337255
0.278431 0.337255
0.282353 0.337255
0.286275 0.337255
0.290196 0.337255
0.294118 0.337255
0.298039 0.337255
0.301961 0.337255
0.305882 0.337255
0.309804 0.337255
0.313726 0.337255
0.317647 0.337255
0.321569 0.337255
0.325490 0.337255
0.329412 0.337255
0.333333 0.337255
0.337255 0.337255
0.341176 0.337255
0.345098 0.337255
0.349020 0.337255
0.352941 0.337255
0.356863 0.337255
0.360784 0.337255
0.364706 0.337255
0.368627 0.337255
0.372549 0.337255
0.376471 0.337255
0.380392 0.337255
0.384314 0.337255
0.388235 0.337255
0.392157 0.337255
0.396078 0.337255
0.400000 0.337255
0.403922 0.337255
0.407843 0.337255
0.411765 0.337255
0.415686 0.337255
0.419608 0.337255
0.423529 0.337255
0.427451 0.337255
0.431373 0.337255
0.435294 0.337255
0.439216 0.337255
0.443137 0.337255
0.447059 0.337255
0.450980 0.337255
0.454902 0.337255
0.458824 0.337255
0.462745 0.337255
0.466667 0.337255
0.470588 0.337255
0.474510 0.337255
0.478431 0.337255
0.482353 0.337255
0.486275 0.337255
0.490196 0.337255
0.494118 0.337255
0.498039 0.337255
0.501961 0.337255
0.505882 0.337255
0.509804 0.337255
0.513726 0.337255
0.517647 0.337255
0.521569 0.337255
0.525490 0.337255
0.529412 0.337255
0.533333 0.337255
0.537255 0.337255
0.541176 0.337255
0.545098 0.337255
0.549020 0.337255
0.552941 0.337255
0.556863 0.337255
0.560784 0.337255
0.564706 0.337255
0.568627 0.337255
0.572549 0.337255
0.576471 0.337255
0.580392 0.337255
0.584314 0.337255
0.588235 0.337255
0.592157 0.337255
0.596078 0.337255
0.600000 0.337255
0.603922 0.337255
0.607843 0.337255
0.611765 0.337255
0.615686 0.337255
0.619608 0.337255
0.623529 0.337255
0.627451 0.337255
0.631373 0.337255
0.635294 0.337255
0.639216 0.337255
0.643137 0.337255
0.647059 0.337255
0.650980 0.337255
0.654902 0.337255
0.658824 0.337255
0.662745 0.337255
0.666667 0.337255
0.670588 0.337255
0.674510 0.337255
0.678431 0.337255
0.682353 0.337255
0.686275 0.337255
0.690196 0.337255
0.694118 0.337255
0.698039 0.337255
0.701961 0.337255
0.705882 0.337255
0.709804 0.337255
0.713726 0.337255
0.717647 0.337255
0.721569 0.337255
0.725490 0.337255
0.729412 0.337255
0.733333 0.337255
0.737255 0.337255
0.741176 0.337255
0.745098 0.337255
0.749020 0.337255
0.752941 0.337255
0.756863 0.337255
0.760784 0.337255
0.764706 0.337255
0.768627 0.337255
0.772549 0.337255
0.776471 0.337255
0.780392 0.337255
0.784314 0.337255
0.788235 0.337255
0.792157 0.337255
0.796078 0.337255
0.800000 0.337255
0.803922 0.337255
0.807843 0.337255
0.811765 0.337255
0.815686 0.337255
0.819608 0.337255
0.823529 0.337255
0.827451 0.337255
0.831373 0.337255
0.835294 0.337255
0.839216 0.337255
0.843137 0.337255
0.847059 0.337255
0.850980 0.337255
0.854902 0.337255
0.858824 0.337255
0.862745 0.337255
0.866667 0.337255
0.870588 0.337255
0.874510 0.337255
0.878431 0.337255
0.882353 0.337255
0.886275 0.337255
0.890196 0.337255
0.894118 0.337255
0.898039 0.337255
0.901961 0.337255
0.905882 0.337255
0.909804 0.337255
0.913725 0.337255
0.917647 0.337255
0.921569 0.337255
0.925490 0.337255
0.929412 0.337255
0.933333 0.337255
0.937255 0.337255
0.941176 0.337255
0.945098 0.337255
0.949020 0.337255
0.952941 0.337255
0.956863 0.337255
0.960784 0.337255
0.964706 0.337255
0.968627 0.337255
0.972549 0.337255
0.976471 0.337255
0.980392 0.337255
0.984314 0.337255
0.988235 0.337255
0.992157 0.337255
0.996078 0.337255
1.000000 0.337255

i = 870.000000 0.341176
0.003922 0.341176
0.007843 0.341176
0.011765 0.341176
0.015686 0.341176
0.019608 0.341176
0.023529 0.341176
0.027451 0.341176
0.031373 0.341176
0.035294 0.341176
0.039216 0.341176
0.043137 0.341176
0.047059 0.341176
0.050980 0.341176
0.054902 0.341176
0.058824 0.341176
0.062745 0.341176
0.066667 0.341176
0.070588 0.341176
0.074510 0.341176
0.078431 0.341176
0.082353 0.341176
0.086275 0.341176
0.090196 0.341176
0.094118 0.341176
0.098039 0.341176
0.101961 0.341176
0.105882 0.341176
0.109804 0.341176
0.113725 0.341176
0.117647 0.341176
0.121569 0.341176
0.125490 0.341176
0.129412 0.341176
0.133333 0.341176
0.137255 0.341176
0.141176 0.341176
0.145098 0.341176
0.149020 0.341176
0.152941 0.341176
0.156863 0.341176
0.160784 0.341176
0.164706 0.341176
0.168627 0.341176
0.172549 0.341176
0.176471 0.341176
0.180392 0.341176
0.184314 0.341176
0.188235 0.341176
0.192157 0.341176
0.196078 0.341176
0.200000 0.341176
0.203922 0.341176
0.207843 0.341176
0.211765 0.341176
0.215686 0.341176
0.219608 0.341176
0.223529 0.341176
0.227451 0.341176
0.231373 0.341176
0.235294 0.341176
0.239216 0.341176
0.243137 0.341176
0.247059 0.341176
0.250980 0.341176
0.254902 0.341176
0.258824 0.341176
0.262745 0.341176
0.266667 0.341176
0.270588 0.341176
0.274510 0.341176
0.278431 0.341176
0.282353 0.341176
0.286275 0.341176
0.290196 0.341176
0.294118 0.341176
0.298039 0.341176
0.301961 0.341176
0.305882 0.341176
0.309804 0.341176
0.313726 0.341176
0.317647 0.341176
0.321569 0.341176
0.325490 0.341176
0.329412 0.341176
0.333333 0.341176
0.337255 0.341176
0.341176 0.341176
0.345098 0.341176
0.349020 0.341176
0.352941 0.341176
0.356863 0.341176
0.360784 0.341176
0.364706 0.341176
0.368627 0.341176
0.372549 0.341176
0.376471 0.341176
0.380392 0.341176
0.384314 0.341176
0.388235 0.341176
0.392157 0.341176
0.396078 0.341176
0.400000 0.341176
0.403922 0.341176
0.407843 0.341176
0.411765 0.341176
0.415686 0.341176
0.419608 0.341176
0.423529 0.341176
0.427451 0.341176
0.431373 0.341176
0.435294 0.341176
0.439216 0.341176
0.443137 0.341176
0.447059 0.341176
0.450980 0.341176
0.454902 0.341176
0.458824 0.341176
0.462745 0.341176
0.466667 0.341176
0.470588 0.341176
0.474510 0.341176
0.478431 0.341176
0.482353 0.341176
0.486275 0.341176
0.490196 0.341176
0.494118 0.341176
0.498039 0.341176
0.501961 0.341176
0.505882 0.341176
0.509804 0.341176
0.513726 0.341176
0.517647 0.341176
0.521569 0.341176
0.525490 0.341176
0.529412 0.341176
0.533333 0.341176
0.537255 0.341176
0.541176 0.341176
0.545098 0.341176
0.549020 0.341176
0.552941 0.341176
0.556863 0.341176
0.560784 0.341176
0.564706 0.341176
0.568627 0.341176
0.572549 0.341176
0.576471 0.341176
0.580392 0.341176
0.584314 0.341176
0.588235 0.341176
0.592157 0.341176
0.596078 0.341176
0.600000 0.341176
0.603922 0.341176
0.607843 0.341176
0.611765 0.341176
0.615686 0.341176
0.619608 0.341176
0.623529 0.341176
0.627451 0.341176
0.631373 0.341176
0.635294 0.341176
0.639216 0.341176
0.643137 0.341176
0.647059 0.341176
0.650980 0.341176
0.654902 0.341176
0.658824 0.341176
0.662745 0.341176
0.666667 0.341176
0.670588 0.341176
0.674510 0.341176
0.678431 0.341176
0.682353 0.341176
0.686275 0.341176
0.690196 0.341176
0.694118 0.341176
0.698039 0.341176
0.701961 0.341176
0.705882 0.341176
0.709804 0.341176
0.713726 0.341176
0.717647 0.341176
0.721569 0.341176
0.725490 0.341176
0.729412 0.341176
0.733333 0.341176
0.737255 0.341176
0.741176 0.341176
0.745098 0.341176
0.749020 0.341176
0.752941 0.341176
0.756863 0.341176
0.760784 0.341176
0.764706 0.341176
0.768627 0.341176
0.772549 0.341176
0.776471 0.341176
0.780392 0.341176
0.784314 0.341176
0.788235 0.341176
0.792157 0.341176
0.796078 0.341176
0.800000 0.341176
0.803922 0.341176
0.807843 0.341176
0.811765 0.341176
0.815686 0.341176
0.819608 0.341176
0.823529 0.341176
0.827451 0.341176
0.831373 0.341176
0.835294 0.341176
0.839216 0.341176
0.843137 0.341176
0.847059 0.341176
0.850980 0.341176
0.854902 0.341176
0.858824 0.341176
0.862745 0.341176
0.866667 0.341176
0.870588 0.341176
0.874510 0.341176
0.878431 0.341176
0.882353 0.341176
0.886275 0.341176
0.890196 0.341176
0.894118 0.341176
0.898039 0.341176
0.901961 0.341176
0.905882 0.341176
0.909804 0.341176
0.913725 0.341176
0.917647 0.341176
0.921569 0.341176
0.925490 0.341176
0.929412 0.341176
0.933333 0.341176
0.937255 0.341176
0.941176 0.341176
0.945098 0.341176
0.949020 0.341176
0.952941 0.341176
0.956863 0.341176
0.960784 0.341176
0.964706 0.341176
0.968627 0.341176
0.972549 0.341176
0.976471 0.341176
0.980392 0.341176
0.984314 0.341176
0.988235 0.341176
0.992157 0.341176
0.996078 0.341176
1.000000 0.341176

i = 880.000000 0.345098
0.003922 0.345098
0.007843 0.345098
0.011765 0.345098
0.015686 0.345098
0.019608 0.345098
0.023529 0.345098
0.027451 0.345098
0.031373 0.345098
0.035294 0.345098
0.039216 0.345098
0.043137 0.345098
0.047059 0.345098
0.050980 0.345098
0.054902 0.345098
0.058824 0.345098
0.062745 0.345098
0.066667 0.345098
0.070588 0.345098
0.074510 0.345098
0.078431 0.345098
0.082353 0.345098
0.086275 0.345098
0.090196 0.345098
0.094118 0.345098
0.098039 0.345098
0.101961 0.345098
0.105882 0.345098
0.109804 0.345098
0.113725 0.345098
0.117647 0.345098
0.121569 0.345098
0.125490 0.345098
0.129412 0.345098
0.133333 0.345098
0.137255 0.345098
0.141176 0.345098
0.145098 0.345098
0.149020 0.345098
0.152941 0.345098
0.156863 0.345098
0.160784 0.345098
0.164706 0.345098
0.168627 0.345098
0.172549 0.345098
0.176471 0.345098
0.180392 0.345098
0.184314 0.345098
0.188235 0.345098
0.192157 0.345098
0.196078 0.345098
0.200000 0.345098
0.203922 0.345098
0.207843 0.345098
0.211765 0.345098
0.215686 0.345098
0.219608 0.345098
0.223529 0.345098
0.227451 0.345098
0.231373 0.345098
0.235294 0.345098
0.239216 0.345098
0.243137 0.345098
0.247059 0.345098
0.250980 0.345098
0.254902 0.345098
0.258824 0.345098
0.262745 0.345098
0.266667 0.345098
0.270588 0.345098
0.274510 0.345098
0.278431 0.345098
0.282353 0.345098
0.286275 0.345098
0.290196 0.345098
0.294118 0.345098
0.298039 0.345098
0.301961 0.345098
0.305882 0.345098
0.309804 0.345098
0.313726 0.345098
0.317647 0.345098
0.321569 0.345098
0.325490 0.345098
0.329412 0.345098
0.333333 0.345098
0.337255 0.345098
0.341176 0.345098
0.345098 0.345098
0.349020 0.345098
0.352941 0.345098
0.356863 0.345098
0.360784 0.345098
0.364706 0.345098
0.368627 0.345098
0.372549 0.345098
0.376471 0.345098
0.380392 0.345098
0.384314 0.345098
0.388235 0.345098
0.392157 0.345098
0.396078 0.345098
0.400000 0.345098
0.403922 0.345098
0.407843 0.345098
0.411765 0.345098
0.415686 0.345098
0.419608 0.345098
0.423529 0.345098
0.427451 0.345098
0.431373 0.345098
0.435294 0.345098
0.439216 0.345098
0.443137 0.345098
0.447059 0.345098
0.450980 0.345098
0.454902 0.345098
0.458824 0.345098
0.462745 0.345098
0.466667 0.345098
0.470588 0.345098
0.474510 0.345098
0.478431 0.345098
0.482353 0.345098
0.486275 0.345098
0.490196 0.345098
0.494118 0.345098
0.498039 0.345098
0.501961 0.345098
0.505882 0.345098
0.509804 0.345098
0.513726 0.345098
0.517647 0.345098
0.521569 0.345098
0.525490 0.345098
0.529412 0.345098
0.533333 0.345098
0.537255 0.345098
0.541176 0.345098
0.545098 0.345098
0.549020 0.345098
0.552941 0.345098
0.556863 0.345098
0.560784 0.345098
0.564706 0.345098
0.568627 0.345098
0.572549 0.345098
0.576471 0.345098
0.580392 0.345098
0.584314 0.345098
0.588235 0.345098
0.592157 0.345098
0.596078 0.345098
0.600000 0.345098
0.603922 0.345098
0.607843 0.345098
0.611765 0.345098
0.615686 0.345098
0.619608 0.345098
0.623529 0.345098
0.627451 0.345098
0.631373 0.345098
0.635294 0.345098
0.639216 0.345098
0.643137 0.345098
0.647059 0.345098
0.650980 0.345098
0.654902 0.345098
0.658824 0.345098
0.662745 0.345098
0.666667 0.345098
0.670588 0.345098
0.674510 0.345098
0.678431 0.345098
0.682353 0.345098
0.686275 0.345098
0.690196 0.345098
0.694118 0.345098
0.698039 0.345098
0.701961 0.345098
0.705882 0.345098
0.709804 0.345098
0.713726 0.345098
0.717647 0.345098
0.721569 0.345098
0.725490 0.345098
0.729412 0.345098
0.733333 0.345098
0.737255 0.345098
0.741176 0.345098
0.745098 0.345098
0.749020 0.345098
0.752941 0.345098
0.756863 0.345098
0.760784 0.345098
0.764706 0.345098
0.768627 0.345098
0.772549 0.345098
0.776471 0.345098
0.780392 0.345098
0.784314 0.345098
0.788235 0.345098
0.792157 0.345098
0.796078 0.345098
0.800000 0.345098
0.803922 0.345098
0.807843 0.345098
0.811765 0.345098
0.815686 0.345098
0.819608 0.345098
0.823529 0.345098
0.827451 0.345098
0.831373 0.345098
0.835294 0.345098
0.839216 0.345098
0.843137 0.345098
0.847059 0.345098
0.850980 0.345098
0.854902 0.345098
0.858824 0.345098
0.862745 0.345098
0.866667 0.345098
0.870588 0.345098
0.874510 0.345098
0.878431 0.345098
0.882353 0.345098
0.886275 0.345098
0.890196 0.345098
0.894118 0.345098
0.898039 0.345098
0.901961 0.345098
0.905882 0.345098
0.909804 0.345098
0.913725 0.345098
0.917647 0.345098
0.921569 0.345098
0.925490 0.345098
0.929412 0.345098
0.933333 0.345098
0.937255 0.345098
0.941176 0.345098
0.945098 0.345098
0.949020 0.345098
0.952941 0.345098
0.956863 0.345098
0.960784 0.345098
0.964706 0.345098
0.968627 0.345098
0.972549 0.345098
0.976471 0.345098
0.980392 0.345098
0.984314 0.345098
0.988235 0.345098
0.992157 0.345098
0.996078 0.345098
1.000000 0.345098

i = 890.000000 0.349020
0.003922 0.349020
0.007843 0.349020
0.011765 0.349020
0.015686 0.349020
0.019608 0.349020
0.023529 0.349020
0.027451 0.349020
0.031373 0.349020
0.035294 0.349020
0.039216 0.349020
0.043137 0.349020
0.047059 0.349020
0.050980 0.349020
0.054902 0.349020
0.058824 0.349020
0.062745 0.349020
0.066667 0.349020
0.070588 0.349020
0.074510 0.349020
0.078431 0.349020
0.082353 0.349020
0.086275 0.349020
0.090196 0.349020
0.094118 0.349020
0.098039 0.349020
0.101961 0.349020
0.105882 0.349020
0.109804 0.349020
0.113725 0.349020
0.117647 0.349020
0.121569 0.349020
0.125490 0.349020
0.129412 0.349020
0.133333 0.349020
0.137255 0.349020
0.141176 0.349020
0.145098 0.349020
0.149020 0.349020
0.152941 0.349020
0.156863 0.349020
0.160784 0.349020
0.164706 0.349020
0.168627 0.349020
0.172549 0.349020
0.176471 0.349020
0.180392 0.349020
0.184314 0.349020
0.188235 0.349020
0.192157 0.349020
0.196078 0.349020
0.200000 0.349020
0.203922 0.349020
0.207843 0.349020
0.211765 0.349020
0.215686 0.349020
0.219608 0.349020
0.223529 0.349020
0.227451 0.349020
0.231373 0.349020
0.235294 0.349020
0.239216 0.349020
0.243137 0.349020
0.247059 0.349020
0.250980 0.349020
0.254902 0.349020
0.258824 0.349020
0.262745 0.349020
0.266667 0.349020
0.270588 0.349020
0.274510 0.349020
0.278431 0.349020
0.282353 0.349020
0.286275 0.349020
0.290196 0.349020
0.294118 0.349020
0.298039 0.349020
0.301961 0.349020
0.305882 0.349020
0.309804 0.349020
0.313726 0.349020
0.317647 0.349020
0.321569 0.349020
0.325490 0.349020
0.329412 0.349020
0.333333 0.349020
0.337255 0.349020
0.341176 0.349020
0.345098 0.349020
0.349020 0.349020
0.352941 0.349020
0.356863 0.349020
0.360784 0.349020
0.364706 0.349020
0.368627 0.349020
0.372549 0.349020
0.376471 0.349020
0.380392 0.349020
0.384314 0.349020
0.388235 0.349020
0.392157 0.349020
0.396078 0.349020
0.400000 0.349020
0.403922 0.349020
0.407843 0.349020
0.411765 0.349020
0.415686 0.349020
0.419608 0.349020
0.423529 0.349020
0.427451 0.349020
0.431373 0.349020
0.435294 0.349020
0.439216 0.349020
0.443137 0.349020
0.447059 0.349020
0.450980 0.349020
0.454902 0.349020
0.458824 0.349020
0.462745 0.349020
0.466667 0.349020
0.470588 0.349020
0.474510 0.349020
0.478431 0.349020
0.482353 0.349020
0.486275 0.349020
0.490196 0.349020
0.494118 0.349020
0.498039 0.349020
0.501961 0.349020
0.505882 0.349020
0.509804 0.349020
0.513726 0.349020
0.517647 0.349020
0.521569 0.349020
0.525490 0.349020
0.529412 0.349020
0.533333 0.349020
0.537255 0.349020
0.541176 0.349020
0.545098 0.349020
0.549020 0.349020
0.552941 0.349020
0.556863 0.349020
0.560784 0.349020
0.564706 0.349020
0.568627 0.349020
0.572549 0.349020
0.576471 0.349020
0.580392 0.349020
0.584314 0.349020
0.588235 0.349020
0.592157 0.349020
0.596078 0.349020
0.600000 0.349020
0.603922 0.349020
0.607843 0.349020
0.611765 0.349020
0.615686 0.349020
0.619608 0.349020
0.623529 0.349020
0.627451 0.349020
0.631373 0.349020
0.635294 0.349020
0.639216 0.349020
0.643137 0.349020
0.647059 0.349020
0.650980 0.349020
0.654902 0.349020
0.658824 0.349020
0.662745 0.349020
0.666667 0.349020
0.670588 0.349020
0.674510 0.349020
0.678431 0.349020
0.682353 0.349020
0.686275 0.349020
0.690196 0.349020
0.694118 0.349020
0.698039 0.349020
0.701961 0.349020
0.705882 0.349020
0.709804 0.349020
0.713726 0.349020
0.717647 0.349020
0.721569 0.349020
0.725490 0.349020
0.729412 0.349020
0.733333 0.349020
0.737255 0.349020
0.741176 0.349020
0.745098 0.349020
0.749020 0.349020
0.752941 0.349020
0.756863 0.349020
0.760784 0.349020
0.764706 0.349020
0.768627 0.349020
0.772549 0.349020
0.776471 0.349020
0.780392 0.349020
0.784314 0.349020
0.788235 0.349020
0.792157 0.349020
0.796078 0.349020
0.800000 0.349020
0.803922 0.349020
0.807843 0.349020
0.811765 0.349020
0.815686 0.349020
0.819608 0.349020
0.823529 0.349020
0.827451 0.349020
0.831373 0.349020
0.835294 0.349020
0.839216 0.349020
0.843137 0.349020
0.847059 0.349020
0.850980 0.349020
0.854902 0.349020
0.858824 0.349020
0.862745 0.349020
0.866667 0.349020
0.870588 0.349020
0.874510 0.349020
0.878431 0.349020
0.882353 0.349020
0.886275 0.349020
0.890196 0.349020
0.894118 0.349020
0.898039 0.349020
0.901961 0.349020
0.905882 0.349020
0.909804 0.349020
0.913725 0.349020
0.917647 0.349020
0.921569 0.349020
0.925490 0.349020
0.929412 0.349020
0.933333 0.349020
0.937255 0.349020
0.941176 0.349020
0.945098 0.349020
0.949020 0.349020
0.952941 0.349020
0.956863 0.349020
0.960784 0.349020
0.964706 0.349020
0.968627 0.349020
0.972549 0.349020
0.976471 0.349020
0.980392 0.349020
0.984314 0.349020
0.988235 0.349020
0.992157 0.349020
0.996078 0.349020
1.000000 0.349020

i = 900.000000 0.352941
0.003922 0.352941
0.007843 0.352941
0.011765 0.352941
0.015686 0.352941
0.019608 0.352941
0.023529 0.352941
0.027451 0.352941
0.031373 0.352941
0.035294 0.352941
0.039216 0.352941
0.043137 0.352941
0.047059 0.352941
0.050980 0.352941
0.054902 0.352941
0.058824 0.352941
0.062745 0.352941
0.066667 0.352941
0.070588 0.352941
0.074510 0.352941
0.078431 0.352941
0.082353 0.352941
0.086275 0.352941
0.090196 0.352941
0.094118 0.352941
0.098039 0.352941
0.101961 0.352941
0.105882 0.352941
0.109804 0.352941
0.113725 0.352941
0.117647 0.352941
0.121569 0.352941
0.125490 0.352941
0.129412 0.352941
0.133333 0.352941
0.137255 0.352941
0.141176 0.352941
0.145098 0.352941
0.149020 0.352941
0.152941 0.352941
0.156863 0.352941
0.160784 0.352941
0.164706 0.352941
0.168627 0.352941
0.172549 0.352941
0.176471 0.352941
0.180392 0.352941
0.184314 0.352941
0.188235 0.352941
0.192157 0.352941
0.196078 0.352941
0.200000 0.352941
0.203922 0.352941
0.207843 0.352941
0.211765 0.352941
0.215686 0.352941
0.219608 0.352941
0.223529 0.352941
0.227451 0.352941
0.231373 0.352941
0.235294 0.352941
0.239216 0.352941
0.243137 0.352941
0.247059 0.352941
0.250980 0.352941
0.254902 0.352941
0.258824 0.352941
0.262745 0.352941
0.266667 0.352941
0.270588 0.352941
0.274510 0.352941
0.278431 0.352941
0.282353 0.352941
0.286275 0.352941
0.290196 0.352941
0.294118 0.352941
0.298039 0.352941
0.301961 0.352941
0.305882 0.352941
0.309804 0.352941
0.313726 0.352941
0.317647 0.352941
0.321569 0.352941
0.325490 0.352941
0.329412 0.352941
0.333333 0.352941
0.337255 0.352941
0.341176 0.352941
0.345098 0.352941
0.349020 0.352941
0.352941 0.352941
0.356863 0.352941
0.360784 0.352941
0.364706 0.352941
0.368627 0.352941
0.372549 0.352941
0.376471 0.352941
0.380392 0.352941
0.384314 0.352941
0.388235 0.352941
0.392157 0.352941
0.396078 0.352941
0.400000 0.352941
0.403922 0.352941
0.407843 0.352941
0.411765 0.352941
0.415686 0.352941
0.419608 0.352941
0.423529 0.352941
0.427451 0.352941
0.431373 0.352941
0.435294 0.352941
0.439216 0.352941
0.443137 0.352941
0.447059 0.352941
0.450980 0.352941
0.454902 0.352941
0.458824 0.352941
0.462745 0.352941
0.466667 0.352941
0.470588 0.352941
0.474510 0.352941
0.478431 0.352941
0.482353 0.352941
0.486275 0.352941
0.490196 0.352941
0.494118 0.352941
0.498039 0.352941
0.501961 0.352941
0.505882 0.352941
0.509804 0.352941
0.513726 0.352941
0.517647 0.352941
0.521569 0.352941
0.525490 0.352941
0.529412 0.352941
0.533333 0.352941
0.537255 0.352941
0.541176 0.352941
0.545098 0.352941
0.549020 0.352941
0.552941 0.352941
0.556863 0.352941
0.560784 0.352941
0.564706 0.352941
0.568627 0.352941
0.572549 0.352941
0.576471 0.352941
0.580392 0.352941
0.584314 0.352941
0.588235 0.352941
0.592157 0.352941
0.596078 0.352941
0.600000 0.352941
0.603922 0.352941
0.607843 0.352941
0.611765 0.352941
0.615686 0.352941
0.619608 0.352941
0.623529 0.352941
0.627451 0.352941
0.631373 0.352941
0.635294 0.352941
0.639216 0.352941
0.643137 0.352941
0.647059 0.352941
0.650980 0.352941
0.654902 0.352941
0.658824 0.352941
0.662745 0.352941
0.666667 0.352941
0.670588 0.352941
0.674510 0.352941
0.678431 0.352941
0.682353 0.352941
0.686275 0.352941
0.690196 0.352941
0.694118 0.352941
0.698039 0.352941
0.701961 0.352941
0.705882 0.352941
0.709804 0.352941
0.713726 0.352941
0.717647 0.352941
0.721569 0.352941
0.725490 0.352941
0.729412 0.352941
0.733333 0.352941
0.737255 0.352941
0.741176 0.352941
0.745098 0.352941
0.749020 0.352941
0.752941 0.352941
0.756863 0.352941
0.760784 0.352941
0.764706 0.352941
0.768627 0.352941
0.772549 0.352941
0.776471 0.352941
0.780392 0.352941
0.784314 0.352941
0.788235 0.352941
0.792157 0.352941
0.796078 0.352941
0.800000 0.352941
0.803922 0.352941
0.807843 0.352941
0.811765 0.352941
0.815686 0.352941
0.819608 0.352941
0.823529 0.352941
0.827451 0.352941
0.831373 0.352941
0.835294 0.352941
0.839216 0.352941
0.843137 0.352941
0.847059 0.352941
0.850980 0.352941
0.854902 0.352941
0.858824 0.352941
0.862745 0.352941
0.866667 0.352941
0.870588 0.352941
0.874510 0.352941
0.878431 0.352941
0.882353 0.352941
0.886275 0.352941
0.890196 0.352941
0.894118 0.352941
0.898039 0.352941
0.901961 0.352941
0.905882 0.352941
0.909804 0.352941
0.913725 0.352941
0.917647 0.352941
0.921569 0.352941
0.925490 0.352941
0.929412 0.352941
0.933333 0.352941
0.937255 0.352941
0.941176 0.352941
0.945098 0.352941
0.949020 0.352941
0.952941 0.352941
0.956863 0.352941
0.960784 0.352941
0.964706 0.352941
0.968627 0.352941
0.972549 0.352941
0.976471 0.352941
0.980392 0.352941
0.984314 0.352941
0.988235 0.352941
0.992157 0.352941
0.996078 0.352941
1.000000 0.352941

i = 910.000000 0.356863
0.003922 0.356863
0.007843 0.356863
0.011765 0.356863
0.015686 0.356863
0.019608 0.356863
0.023529 0.356863
0.027451 0.356863
0.031373 0.356863
0.035294 0.356863
0.039216 0.356863
0.043137 0.356863
0.047059 0.356863
0.050980 0.356863
0.054902 0.356863
0.058824 0.356863
0.062745 0.356863
0.066667 0.356863
0.070588 0.356863
0.074510 0.356863
0.078431 0.356863
0.082353 0.356863
0.086275 0.356863
0.090196 0.356863
0.094118 0.356863
0.098039 0.356863
0.101961 0.356863
0.105882 0.356863
0.109804 0.356863
0.113725 0.356863
0.117647 0.356863
0.121569 0.356863
0.125490 0.356863
0.129412 0.356863
0.133333 0.356863
0.137255 0.356863
0.141176 0.356863
0.145098 0.356863
0.149020 0.356863
0.152941 0.356863
0.156863 0.356863
0.160784 0.356863
0.164706 0.356863
0.168627 0.356863
0.172549 0.356863
0.176471 0.356863
0.180392 0.356863
0.184314 0.356863
0.188235 0.356863
0.192157 0.356863
0.196078 0.356863
0.200000 0.356863
0.203922 0.356863
0.207843 0.356863
0.211765 0.356863
0.215686 0.356863
0.219608 0.356863
0.223529 0.356863
0.227451 0.356863
0.231373 0.356863
0.235294 0.356863
0.239216 0.356863
0.243137 0.356863
0.247059 0.356863
0.250980 0.356863
0.254902 0.356863
0.258824 0.356863
0.262745 0.356863
0.266667 0.356863
0.270588 0.356863
0.274510 0.356863
0.278431 0.356863
0.282353 0.356863
0.286275 0.356863
0.290196 0.356863
0.294118 0.356863
0.298039 0.356863
0.301961 0.356863
0.305882 0.356863
0.309804 0.356863
0.313726 0.356863
0.317647 0.356863
0.321569 0.356863
0.325490 0.356863
0.329412 0.356863
0.333333 0.356863
0.337255 0.356863
0.341176 0.356863
0.345098 0.356863
0.349020 0.356863
0.352941 0.356863
0.356863 0.356863
0.360784 0.356863
0.364706 0.356863
0.368627 0.356863
0.372549 0.356863
0.376471 0.356863
0.380392 0.356863
0.384314 0.356863
0.388235 0.356863
0.392157 0.356863
0.396078 0.356863
0.400000 0.356863
0.403922 0.356863
0.407843 0.356863
0.411765 0.356863
0.415686 0.356863
0.419608 0.356863
0.423529 0.356863
0.427451 0.356863
0.431373 0.356863
0.435294 0.356863
0.439216 0.356863
0.443137 0.356863
0.447059 0.356863
0.450980 0.356863
0.454902 0.356863
0.458824 0.356863
0.462745 0.356863
0.466667 0.356863
0.470588 0.356863
0.474510 0.356863
0.478431 0.356863
0.482353 0.356863
0.486275 0.356863
0.490196 0.356863
0.494118 0.356863
0.498039 0.356863
0.501961 0.356863
0.505882 0.356863
0.509804 0.356863
0.513726 0.356863
0.517647 0.356863
0.521569 0.356863
0.525490 0.356863
0.529412 0.356863
0.533333 0.356863
0.537255 0.356863
0.541176 0.356863
0.545098 0.356863
0.549020 0.356863
0.552941 0.356863
0.556863 0.356863
0.560784 0.356863
0.564706 0.356863
0.568627 0.356863
0.572549 0.356863
0.576471 0.356863
0.580392 0.356863
0.584314 0.356863
0.588235 0.356863
0.592157 0.356863
0.596078 0.356863
0.600000 0.356863
0.603922 0.356863
0.607843 0.356863
0.611765 0.356863
0.615686 0.356863
0.619608 0.356863
0.623529 0.356863
0.627451 0.356863
0.631373 0.356863
0.635294 0.356863
0.639216 0.356863
0.643137 0.356863
0.647059 0.356863
0.650980 0.356863
0.654902 0.356863
0.658824 0.356863
0.662745 0.356863
0.666667 0.356863
0.670588 0.356863
0.674510 0.356863
0.678431 0.356863
0.682353 0.356863
0.686275 0.356863
0.690196 0.356863
0.694118 0.356863
0.698039 0.356863
0.701961 0.356863
0.705882 0.356863
0.709804 0.356863
0.713726 0.356863
0.717647 0.356863
0.721569 0.356863
0.725490 0.356863
0.729412 0.356863
0.733333 0.356863
0.737255 0.356863
0.741176 0.356863
0.745098 0.356863
0.749020 0.356863
0.752941 0.356863
0.756863 0.356863
0.760784 0.356863
0.764706 0.356863
0.768627 0.356863
0.772549 0.356863
0.776471 0.356863
0.780392 0.356863
0.784314 0.356863
0.788235 0.356863
0.792157 0.356863
0.796078 0.356863
0.800000 0.356863
0.803922 0.356863
0.807843 0.356863
0.811765 0.356863
0.815686 0.356863
0.819608 0.356863
0.823529 0.356863
0.827451 0.356863
0.831373 0.356863
0.835294 0.356863
0.839216 0.356863
0.843137 0.356863
0.847059 0.356863
0.850980 0.356863
0.854902 0.356863
0.858824 0.356863
0.862745 0.356863
0.866667 0.356863
0.870588 0.356863
0.874510 0.356863
0.878431 0.356863
0.882353 0.356863
0.886275 0.356863
0.890196 0.356863
0.894118 0.356863
0.898039 0.356863
0.901961 0.356863
0.905882 0.356863
0.909804 0.356863
0.913725 0.356863
0.917647 0.356863
0.921569 0.356863
0.925490 0.356863
0.929412 0.356863
0.933333 0.356863
0.937255 0.356863
0.941176 0.356863
0.945098 0.356863
0.949020 0.356863
0.952941 0.356863
0.956863 0.356863
0.960784 0.356863
0.964706 0.356863
0.968627 0.356863
0.972549 0.356863
0.976471 0.356863
0.980392 0.356863
0.984314 0.356863
0.988235 0.356863
0.992157 0.356863
0.996078 0.356863
1.000000 0.356863

i = 920.000000 0.360784
0.003922 0.360784
0.007843 0.360784
0.011765 0.360784
0.015686 0.360784
0.019608 0.360784
0.023529 0.360784
0.027451 0.360784
0.031373 0.360784
0.035294 0.360784
0.039216 0.360784
0.043137 0.360784
0.047059 0.360784
0.050980 0.360784
0.054902 0.360784
0.058824 0.360784
0.062745 0.360784
0.066667 0.360784
0.070588 0.360784
0.074510 0.360784
0.078431 0.360784
0.082353 0.360784
0.086275 0.360784
0.090196 0.360784
0.094118 0.360784
0.098039 0.360784
0.101961 0.360784
0.105882 0.360784
0.109804 0.360784
0.113725 0.360784
0.117647 0.360784
0.121569 0.360784
0.125490 0.360784
0.129412 0.360784
0.133333 0.360784
0.137255 0.360784
0.141176 0.360784
0.145098 0.360784
0.149020 0.360784
0.152941 0.360784
0.156863 0.360784
0.160784 0.360784
0.164706 0.360784
0.168627 0.360784
0.172549 0.360784
0.176471 0.360784
0.180392 0.360784
0.184314 0.360784
0.188235 0.360784
0.192157 0.360784
0.196078 0.360784
0.200000 0.360784
0.203922 0.360784
0.207843 0.360784
0.211765 0.360784
0.215686 0.360784
0.219608 0.360784
0.223529 0.360784
0.227451 0.360784
0.231373 0.360784
0.235294 0.360784
0.239216 0.360784
0.243137 0.360784
0.247059 0.360784
0.250980 0.360784
0.254902 0.360784
0.258824 0.360784
0.262745 0.360784
0.266667 0.360784
0.270588 0.360784
0.274510 0.360784
0.278431 0.360784
0.282353 0.360784
0.286275 0.360784
0.290196 0.360784
0.294118 0.360784
0.298039 0.360784
0.301961 0.360784
0.305882 0.360784
0.309804 0.360784
0.313726 0.360784
0.317647 0.360784
0.321569 0.360784
0.325490 0.360784
0.329412 0.360784
0.333333 0.360784
0.337255 0.360784
0.341176 0.360784
0.345098 0.360784
0.349020 0.360784
0.352941 0.360784
0.356863 0.360784
0.360784 0.360784
0.364706 0.360784
0.368627 0.360784
0.372549 0.360784
0.376471 0.360784
0.380392 0.360784
0.384314 0.360784
0.388235 0.360784
0.392157 0.360784
0.396078 0.360784
0.400000 0.360784
0.403922 0.360784
0.407843 0.360784
0.411765 0.360784
0.415686 0.360784
0.419608 0.360784
0.423529 0.360784
0.427451 0.360784
0.431373 0.360784
0.435294 0.360784
0.439216 0.360784
0.443137 0.360784
0.447059 0.360784
0.450980 0.360784
0.454902 0.360784
0.458824 0.360784
0.462745 0.360784
0.466667 0.360784
0.470588 0.360784
0.474510 0.360784
0.478431 0.360784
0.482353 0.360784
0.486275 0.360784
0.490196 0.360784
0.494118 0.360784
0.498039 0.360784
0.501961 0.360784
0.505882 0.360784
0.509804 0.360784
0.513726 0.360784
0.517647 0.360784
0.521569 0.360784
0.525490 0.360784
0.529412 0.360784
0.533333 0.360784
0.537255 0.360784
0.541176 0.360784
0.545098 0.360784
0.549020 0.360784
0.552941 0.360784
0.556863 0.360784
0.560784 0.360784
0.564706 0.360784
0.568627 0.360784
0.572549 0.360784
0.576471 0.360784
0.580392 0.360784
0.584314 0.360784
0.588235 0.360784
0.592157 0.360784
0.596078 0.360784
0.600000 0.360784
0.603922 0.360784
0.607843 0.360784
0.611765 0.360784
0.615686 0.360784
0.619608 0.360784
0.623529 0.360784
0.627451 0.360784
0.631373 0.360784
0.635294 0.360784
0.639216 0.360784
0.643137 0.360784
0.647059 0.360784
0.650980 0.360784
0.654902 0.360784
0.658824 0.360784
0.662745 0.360784
0.666667 0.360784
0.670588 0.360784
0.674510 0.360784
0.678431 0.360784
0.682353 0.360784
0.686275 0.360784
0.690196 0.360784
0.694118 0.360784
0.698039 0.360784
0.701961 0.360784
0.705882 0.360784
0.709804 0.360784
0.713726 0.360784
0.717647 0.360784
0.721569 0.360784
0.725490 0.360784
0.729412 0.360784
0.733333 0.360784
0.737255 0.360784
0.741176 0.360784
0.745098 0.360784
0.749020 0.360784
0.752941 0.360784
0.756863 0.360784
0.760784 0.360784
0.764706 0.360784
0.768627 0.360784
0.772549 0.360784
0.776471 0.360784
0.780392 0.360784
0.784314 0.360784
0.788235 0.360784
0.792157 0.360784
0.796078 0.360784
0.800000 0.360784
0.803922 0.360784
0.807843 0.360784
0.811765 0.360784
0.815686 0.360784
0.819608 0.360784
0.823529 0.360784
0.827451 0.360784
0.831373 0.360784
0.835294 0.360784
0.839216 0.360784
0.843137 0.360784
0.847059 0.360784
0.850980 0.360784
0.854902 0.360784
0.858824 0.360784
0.862745 0.360784
0.866667 0.360784
0.870588 0.360784
0.874510 0.360784
0.878431 0.360784
0.882353 0.360784
0.886275 0.360784
0.890196 0.360784
0.894118 0.360784
0.898039 0.360784
0.901961 0.360784
0.905882 0.360784
0.909804 0.360784
0.913725 0.360784
0.917647 0.360784
0.921569 0.360784
0.925490 0.360784
0.929412 0.360784
0.933333 0.360784
0.937255 0.360784
0.941176 0.360784
0.945098 0.360784
0.949020 0.360784
0.952941 0.360784
0.956863 0.360784
0.960784 0.360784
0.964706 0.360784
0.968627 0.360784
0.972549 0.360784
0.976471 0.360784
0.980392 0.360784
0.984314 0.360784
0.988235 0.360784
0.992157 0.360784
0.996078 0.360784
1.000000 0.360784

i = 930.000000 0.364706
0.003922 0.364706
0.007843 0.364706
0.011765 0.364706
0.015686 0.364706
0.019608 0.364706
0.023529 0.364706
0.027451 0.364706
0.031373 0.364706
0.035294 0.364706
0.039216 0.364706
0.043137 0.364706
0.047059 0.364706
0.050980 0.364706
0.054902 0.364706
0.058824 0.364706
0.062745 0.364706
0.066667 0.364706
0.070588 0.364706
0.074510 0.364706
0.078431 0.364706
0.082353 0.364706
0.086275 0.364706
0.090196 0.364706
0.094118 0.364706
0.098039 0.364706
0.101961 0.364706
0.105882 0.364706
0.109804 0.364706
0.113725 0.364706
0.117647 0.364706
0.121569 0.364706
0.125490 0.364706
0.129412 0.364706
0.133333 0.364706
0.137255 0.364706
0.141176 0.364706
0.145098 0.364706
0.149020 0.364706
0.152941 0.364706
0.156863 0.364706
0.160784 0.364706
0.164706 0.364706
0.168627 0.364706
0.172549 0.364706
0.176471 0.364706
0.180392 0.364706
0.184314 0.364706
0.188235 0.364706
0.192157 0.364706
0.196078 0.364706
0.200000 0.364706
0.203922 0.364706
0.207843 0.364706
0.211765 0.364706
0.215686 0.364706
0.219608 0.364706
0.223529 0.364706
0.227451 0.364706
0.231373 0.364706
0.235294 0.364706
0.239216 0.364706
0.243137 0.364706
0.247059 0.364706
0.250980 0.364706
0.254902 0.364706
0.258824 0.364706
0.262745 0.364706
0.266667 0.364706
0.270588 0.364706
0.274510 0.364706
0.278431 0.364706
0.282353 0.364706
0.286275 0.364706
0.290196 0.364706
0.294118 0.364706
0.298039 0.364706
0.301961 0.364706
0.305882 0.364706
0.309804 0.364706
0.313726 0.364706
0.317647 0.364706
0.321569 0.364706
0.325490 0.364706
0.329412 0.364706
0.333333 0.364706
0.337255 0.364706
0.341176 0.364706
0.345098 0.364706
0.349020 0.364706
0.352941 0.364706
0.356863 0.364706
0.360784 0.364706
0.364706 0.364706
0.368627 0.364706
0.372549 0.364706
0.376471 0.364706
0.380392 0.364706
0.384314 0.364706
0.388235 0.364706
0.392157 0.364706
0.396078 0.364706
0.400000 0.364706
0.403922 0.364706
0.407843 0.364706
0.411765 0.364706
0.415686 0.364706
0.419608 0.364706
0.423529 0.364706
0.427451 0.364706
0.431373 0.364706
0.435294 0.364706
0.439216 0.364706
0.443137 0.364706
0.447059 0.364706
0.450980 0.364706
0.454902 0.364706
0.458824 0.364706
0.462745 0.364706
0.466667 0.364706
0.470588 0.364706
0.474510 0.364706
0.478431 0.364706
0.482353 0.364706
0.486275 0.364706
0.490196 0.364706
0.494118 0.364706
0.498039 0.364706
0.501961 0.364706
0.505882 0.364706
0.509804 0.364706
0.513726 0.364706
0.517647 0.364706
0.521569 0.364706
0.525490 0.364706
0.529412 0.364706
0.533333 0.364706
0.537255 0.364706
0.541176 0.364706
0.545098 0.364706
0.549020 0.364706
0.552941 0.364706
0.556863 0.364706
0.560784 0.364706
0.564706 0.364706
0.568627 0.364706
0.572549 0.364706
0.576471 0.364706
0.580392 0.364706
0.584314 0.364706
0.588235 0.364706
0.592157 0.364706
0.596078 0.364706
0.600000 0.364706
0.603922 0.364706
0.607843 0.364706
0.611765 0.364706
0.615686 0.364706
0.619608 0.364706
0.623529 0.364706
0.627451 0.364706
0.631373 0.364706
0.635294 0.364706
0.639216 0.364706
0.643137 0.364706
0.647059 0.364706
0.650980 0.364706
0.654902 0.364706
0.658824 0.364706
0.662745 0.364706
0.666667 0.364706
0.670588 0.364706
0.674510 0.364706
0.678431 0.364706
0.682353 0.364706
0.686275 0.364706
0.690196 0.364706
0.694118 0.364706
0.698039 0.364706
0.701961 0.364706
0.705882 0.364706
0.709804 0.364706
0.713726 0.364706
0.717647 0.364706
0.721569 0.364706
0.725490 0.364706
0.729412 0.364706
0.733333 0.364706
0.737255 0.364706
0.741176 0.364706
0.745098 0.364706
0.749020 0.364706
0.752941 0.364706
0.756863 0.364706
0.760784 0.364706
0.764706 0.364706
0.768627 0.364706
0.772549 0.364706
0.776471 0.364706
0.780392 0.364706
0.784314 0.364706
0.788235 0.364706
0.792157 0.364706
0.796078 0.364706
0.800000 0.364706
0.803922 0.364706
0.807843 0.364706
0.811765 0.364706
0.815686 0.364706
0.819608 0.364706
0.823529 0.364706
0.827451 0.364706
0.831373 0.364706
0.835294 0.364706
0.839216 0.364706
0.843137 0.364706
0.847059 0.364706
0.850980 0.364706
0.854902 0.364706
0.858824 0.364706
0.862745 0.364706
0.866667 0.364706
0.870588 0.364706
0.874510 0.364706
0.878431 0.364706
0.882353 0.364706
0.886275 0.364706
0.890196 0.364706
0.894118 0.364706
0.898039 0.364706
0.901961 0.364706
0.905882 0.364706
0.909804 0.364706
0.913725 0.364706
0.917647 0.364706
0.921569 0.364706
0.925490 0.364706
0.929412 0.364706
0.933333 0.364706
0.937255 0.364706
0.941176 0.364706
0.945098 0.364706
0.949020 0.364706
0.952941 0.364706
0.956863 0.364706
0.960784 0.364706
0.964706 0.364706
0.968627 0.364706
0.972549 0.364706
0.976471 0.364706
0.980392 0.364706
0.984314 0.364706
0.988235 0.364706
0.992157 0.364706
0.996078 0.364706
1.000000 0.364706

i = 940.000000 0.368627
0.003922 0.368627
0.007843 0.368627
0.011765 0.368627
0.015686 0.368627
0.019608 0.368627
0.023529 0.368627
0.027451 0.368627
0.031373 0.368627
0.035294 0.368627
0.039216 0.368627
0.043137 0.368627
0.047059 0.368627
0.050980 0.368627
0.054902 0.368627
0.058824 0.368627
0.062745 0.368627
0.066667 0.368627
0.070588 0.368627
0.074510 0.368627
0.078431 0.368627
0.082353 0.368627
0.086275 0.368627
0.090196 0.368627
0.094118 0.368627
0.098039 0.368627
0.101961 0.368627
0.105882 0.368627
0.109804 0.368627
0.113725 0.368627
0.117647 0.368627
0.121569 0.368627
0.125490 0.368627
0.129412 0.368627
0.133333 0.368627
0.137255 0.368627
0.141176 0.368627
0.145098 0.368627
0.149020 0.368627
0.152941 0.368627
0.156863 0.368627
0.160784 0.368627
0.164706 0.368627
0.168627 0.368627
0.172549 0.368627
0.176471 0.368627
0.180392 0.368627
0.184314 0.368627
0.188235 0.368627
0.192157 0.368627
0.196078 0.368627
0.200000 0.368627
0.203922 0.368627
0.207843 0.368627
0.211765 0.368627
0.215686 0.368627
0.219608 0.368627
0.223529 0.368627
0.227451 0.368627
0.231373 0.368627
0.235294 0.368627
0.239216 0.368627
0.243137 0.368627
0.247059 0.368627
0.250980 0.368627
0.254902 0.368627
0.258824 0.368627
0.262745 0.368627
0.266667 0.368627
0.270588 0.368627
0.274510 0.368627
0.278431 0.368627
0.282353 0.368627
0.286275 0.368627
0.290196 0.368627
0.294118 0.368627
0.298039 0.368627
0.301961 0.368627
0.305882 0.368627
0.309804 0.368627
0.313726 0.368627
0.317647 0.368627
0.321569 0.368627
0.325490 0.368627
0.329412 0.368627
0.333333 0.368627
0.337255 0.368627
0.341176 0.368627
0.345098 0.368627
0.349020 0.368627
0.352941 0.368627
0.356863 0.368627
0.360784 0.368627
0.364706 0.368627
0.368627 0.368627
0.372549 0.368627
0.376471 0.368627
0.380392 0.368627
0.384314 0.368627
0.388235 0.368627
0.392157 0.368627
0.396078 0.368627
0.400000 0.368627
0.403922 0.368627
0.407843 0.368627
0.411765 0.368627
0.415686 0.368627
0.419608 0.368627
0.423529 0.368627
0.427451 0.368627
0.431373 0.368627
0.435294 0.368627
0.439216 0.368627
0.443137 0.368627
0.447059 0.368627
0.450980 0.368627
0.454902 0.368627
0.458824 0.368627
0.462745 0.368627
0.466667 0.368627
0.470588 0.368627
0.474510 0.368627
0.478431 0.368627
0.482353 0.368627
0.486275 0.368627
0.490196 0.368627
0.494118 0.368627
0.498039 0.368627
0.501961 0.368627
0.505882 0.368627
0.509804 0.368627
0.513726 0.368627
0.517647 0.368627
0.521569 0.368627
0.525490 0.368627
0.529412 0.368627
0.533333 0.368627
0.537255 0.368627
0.541176 0.368627
0.545098 0.368627
0.549020 0.368627
0.552941 0.368627
0.556863 0.368627
0.560784 0.368627
0.564706 0.368627
0.568627 0.368627
0.572549 0.368627
0.576471 0.368627
0.580392 0.368627
0.584314 0.368627
0.588235 0.368627
0.592157 0.368627
0.596078 0.368627
0.600000 0.368627
0.603922 0.368627
0.607843 0.368627
0.611765 0.368627
0.615686 0.368627
0.619608 0.368627
0.623529 0.368627
0.627451 0.368627
0.631373 0.368627
0.635294 0.368627
0.639216 0.368627
0.643137 0.368627
0.647059 0.368627
0.650980 0.368627
0.654902 0.368627
0.658824 0.368627
0.662745 0.368627
0.666667 0.368627
0.670588 0.368627
0.674510 0.368627
0.678431 0.368627
0.682353 0.368627
0.686275 0.368627
0.690196 0.368627
0.694118 0.368627
0.698039 0.368627
0.701961 0.368627
0.705882 0.368627
0.709804 0.368627
0.713726 0.368627
0.717647 0.368627
0.721569 0.368627
0.725490 0.368627
0.729412 0.368627
0.733333 0.368627
0.737255 0.368627
0.741176 0.368627
0.745098 0.368627
0.749020 0.368627
0.752941 0.368627
0.756863 0.368627
0.760784 0.368627
0.764706 0.368627
0.768627 0.368627
0.772549 0.368627
0.776471 0.368627
0.780392 0.368627
0.784314 0.368627
0.788235 0.368627
0.792157 0.368627
0.796078 0.368627
0.800000 0.368627
0.803922 0.368627
0.807843 0.368627
0.811765 0.368627
0.815686 0.368627
0.819608 0.368627
0.823529 0.368627
0.827451 0.368627
0.831373 0.368627
0.835294 0.368627
0.839216 0.368627
0.843137 0.368627
0.847059 0.368627
0.850980 0.368627
0.854902 0.368627
0.858824 0.368627
0.862745 0.368627
0.866667 0.368627
0.870588 0.368627
0.874510 0.368627
0.878431 0.368627
0.882353 0.368627
0.886275 0.368627
0.890196 0.368627
0.894118 0.368627
0.898039 0.368627
0.901961 0.368627
0.905882 0.368627
0.909804 0.368627
0.913725 0.368627
0.917647 0.368627
0.921569 0.368627
0.925490 0.368627
0.929412 0.368627
0.933333 0.368627
0.937255 0.368627
0.941176 0.368627
0.945098 0.368627
0.949020 0.368627
0.952941 0.368627
0.956863 0.368627
0.960784 0.368627
0.964706 0.368627
0.968627 0.368627
0.972549 0.368627
0.976471 0.368627
0.980392 0.368627
0.984314 0.368627
0.988235 0.368627
0.992157 0.368627
0.996078 0.368627
1.000000 0.368627

i = 950.000000 0.372549
0.003922 0.372549
0.007843 0.372549
0.011765 0.372549
0.015686 0.372549
0.019608 0.372549
0.023529 0.372549
0.027451 0.372549
0.031373 0.372549
0.035294 0.372549
0.039216 0.372549
0.043137 0.372549
0.047059 0.372549
0.050980 0.372549
0.054902 0.372549
0.058824 0.372549
0.062745 0.372549
0.066667 0.372549
0.070588 0.372549
0.074510 0.372549
0.078431 0.372549
0.082353 0.372549
0.086275 0.372549
0.090196 0.372549
0.094118 0.372549
0.098039 0.372549
0.101961 0.372549
0.105882 0.372549
0.109804 0.372549
0.113725 0.372549
0.117647 0.372549
0.121569 0.372549
0.125490 0.372549
0.129412 0.372549
0.133333 0.372549
0.137255 0.372549
0.141176 0.372549
0.145098 0.372549
0.149020 0.372549
0.152941 0.372549
0.156863 0.372549
0.160784 0.372549
0.164706 0.372549
0.168627 0.372549
0.172549 0.372549
0.176471 0.372549
0.180392 0.372549
0.184314 0.372549
0.188235 0.372549
0.192157 0.372549
0.196078 0.372549
0.200000 0.372549
0.203922 0.372549
0.207843 0.372549
0.211765 0.372549
0.215686 0.372549
0.219608 0.372549
0.223529 0.372549
0.227451 0.372549
0.231373 0.372549
0.235294 0.372549
0.239216 0.372549
0.243137 0.372549
0.247059 0.372549
0.250980 0.372549
0.254902 0.372549
0.258824 0.372549
0.262745 0.372549
0.266667 0.372549
0.270588 0.372549
0.274510 0.372549
0.278431 0.372549
0.282353 0.372549
0.286275 0.372549
0.290196 0.372549
0.294118 0.372549
0.298039 0.372549
0.301961 0.372549
0.305882 0.372549
0.309804 0.372549
0.313726 0.372549
0.317647 0.372549
0.321569 0.372549
0.325490 0.372549
0.329412 0.372549
0.333333 0.372549
0.337255 0.372549
0.341176 0.372549
0.345098 0.372549
0.349020 0.372549
0.352941 0.372549
0.356863 0.372549
0.360784 0.372549
0.364706 0.372549
0.368627 0.372549
0.372549 0.372549
0.376471 0.372549
0.380392 0.372549
0.384314 0.372549
0.388235 0.372549
0.392157 0.372549
0.396078 0.372549
0.400000 0.372549
0.403922 0.372549
0.407843 0.372549
0.411765 0.372549
0.415686 0.372549
0.419608 0.372549
0.423529 0.372549
0.427451 0.372549
0.431373 0.372549
0.435294 0.372549
0.439216 0.372549
0.443137 0.372549
0.447059 0.372549
0.450980 0.372549
0.454902 0.372549
0.458824 0.372549
0.462745 0.372549
0.466667 0.372549
0.470588 0.372549
0.474510 0.372549
0.478431 0.372549
0.482353 0.372549
0.486275 0.372549
0.490196 0.372549
0.494118 0.372549
0.498039 0.372549
0.501961 0.372549
0.505882 0.372549
0.509804 0.372549
0.513726 0.372549
0.517647 0.372549
0.521569 0.372549
0.525490 0.372549
0.529412 0.372549
0.533333 0.372549
0.537255 0.372549
0.541176 0.372549
0.545098 0.372549
0.549020 0.372549
0.552941 0.372549
0.556863 0.372549
0.560784 0.372549
0.564706 0.372549
0.568627 0.372549
0.572549 0.372549
0.576471 0.372549
0.580392 0.372549
0.584314 0.372549
0.588235 0.372549
0.592157 0.372549
0.596078 0.372549
0.600000 0.372549
0.603922 0.372549
0.607843 0.372549
0.611765 0.372549
0.615686 0.372549
0.619608 0.372549
0.623529 0.372549
0.627451 0.372549
0.631373 0.372549
0.635294 0.372549
0.639216 0.372549
0.643137 0.372549
0.647059 0.372549
0.650980 0.372549
0.654902 0.372549
0.658824 0.372549
0.662745 0.372549
0.666667 0.372549
0.670588 0.372549
0.674510 0.372549
0.678431 0.372549
0.682353 0.372549
0.686275 0.372549
0.690196 0.372549
0.694118 0.372549
0.698039 0.372549
0.701961 0.372549
0.705882 0.372549
0.709804 0.372549
0.713726 0.372549
0.717647 0.372549
0.721569 0.372549
0.725490 0.372549
0.729412 0.372549
0.733333 0.372549
0.737255 0.372549
0.741176 0.372549
0.745098 0.372549
0.749020 0.372549
0.752941 0.372549
0.756863 0.372549
0.760784 0.372549
0.764706 0.372549
0.768627 0.372549
0.772549 0.372549
0.776471 0.372549
0.780392 0.372549
0.784314 0.372549
0.788235 0.372549
0.792157 0.372549
0.796078 0.372549
0.800000 0.372549
0.803922 0.372549
0.807843 0.372549
0.811765 0.372549
0.815686 0.372549
0.819608 0.372549
0.823529 0.372549
0.827451 0.372549
0.831373 0.372549
0.835294 0.372549
0.839216 0.372549
0.843137 0.372549
0.847059 0.372549
0.850980 0.372549
0.854902 0.372549
0.858824 0.372549
0.862745 0.372549
0.866667 0.372549
0.870588 0.372549
0.874510 0.372549
0.878431 0.372549
0.882353 0.372549
0.886275 0.372549
0.890196 0.372549
0.894118 0.372549
0.898039 0.372549
0.901961 0.372549
0.905882 0.372549
0.909804 0.372549
0.913725 0.372549
0.917647 0.372549
0.921569 0.372549
0.925490 0.372549
0.929412 0.372549
0.933333 0.372549
0.937255 0.372549
0.941176 0.372549
0.945098 0.372549
0.949020 0.372549
0.952941 0.372549
0.956863 0.372549
0.960784 0.372549
0.964706 0.372549
0.968627 0.372549
0.972549 0.372549
0.976471 0.372549
0.980392 0.372549
0.984314 0.372549
0.988235 0.372549
0.992157 0.372549
0.996078 0.372549
1.000000 0.372549

i = 960.000000 0.376471
0.003922 0.376471
0.007843 0.376471
0.011765 0.376471
0.015686 0.376471
0.019608 0.376471
0.023529 0.376471
0.027451 0.376471
0.031373 0.376471
0.035294 0.376471
0.039216 0.376471
0.043137 0.376471
0.047059 0.376471
0.050980 0.376471
0.054902 0.376471
0.058824 0.376471
0.062745 0.376471
0.066667 0.376471
0.070588 0.376471
0.074510 0.376471
0.078431 0.376471
0.082353 0.376471
0.086275 0.376471
0.090196 0.376471
0.094118 0.376471
0.098039 0.376471
0.101961 0.376471
0.105882 0.376471
0.109804 0.376471
0.113725 0.376471
0.117647 0.376471
0.121569 0.376471
0.125490 0.376471
0.129412 0.376471
0.133333 0.376471
0.137255 0.376471
0.141176 0.376471
0.145098 0.376471
0.149020 0.376471
0.152941 0.376471
0.156863 0.376471
0.160784 0.376471
0.164706 0.376471
0.168627 0.376471
0.172549 0.376471
0.176471 0.376471
0.180392 0.376471
0.184314 0.376471
0.188235 0.376471
0.192157 0.376471
0.196078 0.376471
0.200000 0.376471
0.203922 0.376471
0.207843 0.376471
0.211765 0.376471
0.215686 0.376471
0.219608 0.376471
0.223529 0.376471
0.227451 0.376471
0.231373 0.376471
0.235294 0.376471
0.239216 0.376471
0.243137 0.376471
0.247059 0.376471
0.250980 0.376471
0.254902 0.376471
0.258824 0.376471
0.262745 0.376471
0.266667 0.376471
0.270588 0.376471
0.274510 0.376471
0.278431 0.376471
0.282353 0.376471
0.286275 0.376471
0.290196 0.376471
0.294118 0.376471
0.298039 0.376471
0.301961 0.376471
0.305882 0.376471
0.309804 0.376471
0.313726 0.376471
0.317647 0.376471
0.321569 0.376471
0.325490 0.376471
0.329412 0.376471
0.333333 0.376471
0.337255 0.376471
0.341176 0.376471
0.345098 0.376471
0.349020 0.376471
0.352941 0.376471
0.356863 0.376471
0.360784 0.376471
0.364706 0.376471
0.368627 0.376471
0.372549 0.376471
0.376471 0.376471
0.380392 0.376471
0.384314 0.376471
0.388235 0.376471
0.392157 0.376471
0.396078 0.376471
0.400000 0.376471
0.403922 0.376471
0.407843 0.376471
0.411765 0.376471
0.415686 0.376471
0.419608 0.376471
0.423529 0.376471
0.427451 0.376471
0.431373 0.376471
0.435294 0.376471
0.439216 0.376471
0.443137 0.376471
0.447059 0.376471
0.450980 0.376471
0.454902 0.376471
0.458824 0.376471
0.462745 0.376471
0.466667 0.376471
0.470588 0.376471
0.474510 0.376471
0.478431 0.376471
0.482353 0.376471
0.486275 0.376471
0.490196 0.376471
0.494118 0.376471
0.498039 0.376471
0.501961 0.376471
0.505882 0.376471
0.509804 0.376471
0.513726 0.376471
0.517647 0.376471
0.521569 0.376471
0.525490 0.376471
0.529412 0.376471
0.533333 0.376471
0.537255 0.376471
0.541176 0.376471
0.545098 0.376471
0.549020 0.376471
0.552941 0.376471
0.556863 0.376471
0.560784 0.376471
0.564706 0.376471
0.568627 0.376471
0.572549 0.376471
0.576471 0.376471
0.580392 0.376471
0.584314 0.376471
0.588235 0.376471
0.592157 0.376471
0.596078 0.376471
0.600000 0.376471
0.603922 0.376471
0.607843 0.376471
0.611765 0.376471
0.615686 0.376471
0.619608 0.376471
0.623529 0.376471
0.627451 0.376471
0.631373 0.376471
0.635294 0.376471
0.639216 0.376471
0.643137 0.376471
0.647059 0.376471
0.650980 0.376471
0.654902 0.376471
0.658824 0.376471
0.662745 0.376471
0.666667 0.376471
0.670588 0.376471
0.674510 0.376471
0.678431 0.376471
0.682353 0.376471
0.686275 0.376471
0.690196 0.376471
0.694118 0.376471
0.698039 0.376471
0.701961 0.376471
0.705882 0.376471
0.709804 0.376471
0.713726 0.376471
0.717647 0.376471
0.721569 0.376471
0.725490 0.376471
0.729412 0.376471
0.733333 0.376471
0.737255 0.376471
0.741176 0.376471
0.745098 0.376471
0.749020 0.376471
0.752941 0.376471
0.756863 0.376471
0.760784 0.376471
0.764706 0.376471
0.768627 0.376471
0.772549 0.376471
0.776471 0.376471
0.780392 0.376471
0.784314 0.376471
0.788235 0.376471
0.792157 0.376471
0.796078 0.376471
0.800000 0.376471
0.803922 0.376471
0.807843 0.376471
0.811765 0.376471
0.815686 0.376471
0.819608 0.376471
0.823529 0.376471
0.827451 0.376471
0.831373 0.376471
0.835294 0.376471
0.839216 0.376471
0.843137 0.376471
0.847059 0.376471
0.850980 0.376471
0.854902 0.376471
0.858824 0.376471
0.862745 0.376471
0.866667 0.376471
0.870588 0.376471
0.874510 0.376471
0.878431 0.376471
0.882353 0.376471
0.886275 0.376471
0.890196 0.376471
0.894118 0.376471
0.898039 0.376471
0.901961 0.376471
0.905882 0.376471
0.909804 0.376471
0.913725 0.376471
0.917647 0.376471
0.921569 0.376471
0.925490 0.376471
0.929412 0.376471
0.933333 0.376471
0.937255 0.376471
0.941176 0.376471
0.945098 0.376471
0.949020 0.376471
0.952941 0.376471
0.956863 0.376471
0.960784 0.376471
0.964706 0.376471
0.968627 0.376471
0.972549 0.376471
0.976471 0.376471
0.980392 0.376471
0.984314 0.376471
0.988235 0.376471
0.992157 0.376471
0.996078 0.376471
1.000000 0.376471

i = 970.000000 0.380392
0.003922 0.380392
0.007843 0.380392
0.011765 0.380392
0.015686 0.380392
0.019608 0.380392
0.023529 0.380392
0.027451 0.380392
0.031373 0.380392
0.035294 0.380392
0.039216 0.380392
0.043137 0.380392
0.047059 0.380392
0.050980 0.380392
0.054902 0.380392
0.058824 0.380392
0.062745 0.380392
0.066667 0.380392
0.070588 0.380392
0.074510 0.380392
0.078431 0.380392
0.082353 0.380392
0.086275 0.380392
0.090196 0.380392
0.094118 0.380392
0.098039 0.380392
0.101961 0.380392
0.105882 0.380392
0.109804 0.380392
0.113725 0.380392
0.117647 0.380392
0.121569 0.380392
0.125490 0.380392
0.129412 0.380392
0.133333 0.380392
0.137255 0.380392
0.141176 0.380392
0.145098 0.380392
0.149020 0.380392
0.152941 0.380392
0.156863 0.380392
0.160784 0.380392
0.164706 0.380392
0.168627 0.380392
0.172549 0.380392
0.176471 0.380392
0.180392 0.380392
0.184314 0.380392
0.188235 0.380392
0.192157 0.380392
0.196078 0.380392
0.200000 0.380392
0.203922 0.380392
0.207843 0.380392
0.211765 0.380392
0.215686 0.380392
0.219608 0.380392
0.223529 0.380392
0.227451 0.380392
0.231373 0.380392
0.235294 0.380392
0.239216 0.380392
0.243137 0.380392
0.247059 0.380392
0.250980 0.380392
0.254902 0.380392
0.258824 0.380392
0.262745 0.380392
0.266667 0.380392
0.270588 0.380392
0.274510 0.380392
0.278431 0.380392
0.282353 0.380392
0.286275 0.380392
0.290196 0.380392
0.294118 0.380392
0.298039 0.380392
0.301961 0.380392
0.305882 0.380392
0.309804 0.380392
0.313726 0.380392
0.317647 0.380392
0.321569 0.380392
0.325490 0.380392
0.329412 0.380392
0.333333 0.380392
0.337255 0.380392
0.341176 0.380392
0.345098 0.380392
0.349020 0.380392
0.352941 0.380392
0.356863 0.380392
0.360784 0.380392
0.364706 0.380392
0.368627 0.380392
0.372549 0.380392
0.376471 0.380392
0.380392 0.380392
0.384314 0.380392
0.388235 0.380392
0.392157 0.380392
0.396078 0.380392
0.400000 0.380392
0.403922 0.380392
0.407843 0.380392
0.411765 0.380392
0.415686 0.380392
0.419608 0.380392
0.423529 0.380392
0.427451 0.380392
0.431373 0.380392
0.435294 0.380392
0.439216 0.380392
0.443137 0.380392
0.447059 0.380392
0.450980 0.380392
0.454902 0.380392
0.458824 0.380392
0.462745 0.380392
0.466667 0.380392
0.470588 0.380392
0.474510 0.380392
0.478431 0.380392
0.482353 0.380392
0.486275 0.380392
0.490196 0.380392
0.494118 0.380392
0.498039 0.380392
0.501961 0.380392
0.505882 0.380392
0.509804 0.380392
0.513726 0.380392
0.517647 0.380392
0.521569 0.380392
0.525490 0.380392
0.529412 0.380392
0.533333 0.380392
0.537255 0.380392
0.541176 0.380392
0.545098 0.380392
0.549020 0.380392
0.552941 0.380392
0.556863 0.380392
0.560784 0.380392
0.564706 0.380392
0.568627 0.380392
0.572549 0.380392
0.576471 0.380392
0.580392 0.380392
0.584314 0.380392
0.588235 0.380392
0.592157 0.380392
0.596078 0.380392
0.600000 0.380392
0.603922 0.380392
0.607843 0.380392
0.611765 0.380392
0.615686 0.380392
0.619608 0.380392
0.623529 0.380392
0.627451 0.380392
0.631373 0.380392
0.635294 0.380392
0.639216 0.380392
0.643137 0.380392
0.647059 0.380392
0.650980 0.380392
0.654902 0.380392
0.658824 0.380392
0.662745 0.380392
0.666667 0.380392
0.670588 0.380392
0.674510 0.380392
0.678431 0.380392
0.682353 0.380392
0.686275 0.380392
0.690196 0.380392
0.694118 0.380392
0.698039 0.380392
0.701961 0.380392
0.705882 0.380392
0.709804 0.380392
0.713726 0.380392
0.717647 0.380392
0.721569 0.380392
0.725490 0.380392
0.729412 0.380392
0.733333 0.380392
0.737255 0.380392
0.741176 0.380392
0.745098 0.380392
0.749020 0.380392
0.752941 0.380392
0.756863 0.380392
0.760784 0.380392
0.764706 0.380392
0.768627 0.380392
0.772549 0.380392
0.776471 0.380392
0.780392 0.380392
0.784314 0.380392
0.788235 0.380392
0.792157 0.380392
0.796078 0.380392
0.800000 0.380392
0.803922 0.380392
0.807843 0.380392
0.811765 0.380392
0.815686 0.380392
0.819608 0.380392
0.823529 0.380392
0.827451 0.380392
0.831373 0.380392
0.835294 0.380392
0.839216 0.380392
0.843137 0.380392
0.847059 0.380392
0.850980 0.380392
0.854902 0.380392
0.858824 0.380392
0.862745 0.380392
0.866667 0.380392
0.870588 0.380392
0.874510 0.380392
0.878431 0.380392
0.882353 0.380392
0.886275 0.380392
0.890196 0.380392
0.894118 0.380392
0.898039 0.380392
0.901961 0.380392
0.905882 0.380392
0.909804 0.380392
0.913725 0.380392
0.917647 0.380392
0.921569 0.380392
0.925490 0.380392
0.929412 0.380392
0.933333 0.380392
0.937255 0.380392
0.941176 0.380392
0.945098 0.380392
0.949020 0.380392
0.952941 0.380392
0.956863 0.380392
0.960784 0.380392
0.964706 0.380392
0.968627 0.380392
0.972549 0.380392
0.976471 0.380392
0.980392 0.380392
0.984314 0.380392
0.988235 0.380392
0.992157 0.380392
0.996078 0.380392
1.000000 0.380392

i = 980.000000 0.384314
0.003922 0.384314
0.007843 0.384314
0.011765 0.384314
0.015686 0.384314
0.019608 0.384314
0.023529 0.384314
0.027451 0.384314
0.031373 0.384314
0.035294 0.384314
0.039216 0.384314
0.043137 0.384314
0.047059 0.384314
0.050980 0.384314
0.054902 0.384314
0.058824 0.384314
0.062745 0.384314
0.066667 0.384314
0.070588 0.384314
0.074510 0.384314
0.078431 0.384314
0.082353 0.384314
0.086275 0.384314
0.090196 0.384314
0.094118 0.384314
0.098039 0.384314
0.101961 0.384314
0.105882 0.384314
0.109804 0.384314
0.113725 0.384314
0.117647 0.384314
0.121569 0.384314
0.125490 0.384314
0.129412 0.384314
0.133333 0.384314
0.137255 0.384314
0.141176 0.384314
0.145098 0.384314
0.149020 0.384314
0.152941 0.384314
0.156863 0.384314
0.160784 0.384314
0.164706 0.384314
0.168627 0.384314
0.172549 0.384314
0.176471 0.384314
0.180392 0.384314
0.184314 0.384314
0.188235 0.384314
0.192157 0.384314
0.196078 0.384314
0.200000 0.384314
0.203922 0.384314
0.207843 0.384314
0.211765 0.384314
0.215686 0.384314
0.219608 0.384314
0.223529 0.384314
0.227451 0.384314
0.231373 0.384314
0.235294 0.384314
0.239216 0.384314
0.243137 0.384314
0.247059 0.384314
0.250980 0.384314
0.254902 0.384314
0.258824 0.384314
0.262745 0.384314
0.266667 0.384314
0.270588 0.384314
0.274510 0.384314
0.278431 0.384314
0.282353 0.384314
0.286275 0.384314
0.290196 0.384314
0.294118 0.384314
0.298039 0.384314
0.301961 0.384314
0.305882 0.384314
0.309804 0.384314
0.313726 0.384314
0.317647 0.384314
0.321569 0.384314
0.325490 0.384314
0.329412 0.384314
0.333333 0.384314
0.337255 0.384314
0.341176 0.384314
0.345098 0.384314
0.349020 0.384314
0.352941 0.384314
0.356863 0.384314
0.360784 0.384314
0.364706 0.384314
0.368627 0.384314
0.372549 0.384314
0.376471 0.384314
0.380392 0.384314
0.384314 0.384314
0.388235 0.384314
0.392157 0.384314
0.396078 0.384314
0.400000 0.384314
0.403922 0.384314
0.407843 0.384314
0.411765 0.384314
0.415686 0.384314
0.419608 0.384314
0.423529 0.384314
0.427451 0.384314
0.431373 0.384314
0.435294 0.384314
0.439216 0.384314
0.443137 0.384314
0.447059 0.384314
0.450980 0.384314
0.454902 0.384314
0.458824 0.384314
0.462745 0.384314
0.466667 0.384314
0.470588 0.384314
0.474510 0.384314
0.478431 0.384314
0.482353 0.384314
0.486275 0.384314
0.490196 0.384314
0.494118 0.384314
0.498039 0.384314
0.501961 0.384314
0.505882 0.384314
0.509804 0.384314
0.513726 0.384314
0.517647 0.384314
0.521569 0.384314
0.525490 0.384314
0.529412 0.384314
0.533333 0.384314
0.537255 0.384314
0.541176 0.384314
0.545098 0.384314
0.549020 0.384314
0.552941 0.384314
0.556863 0.384314
0.560784 0.384314
0.564706 0.384314
0.568627 0.384314
0.572549 0.384314
0.576471 0.384314
0.580392 0.384314
0.584314 0.384314
0.588235 0.384314
0.592157 0.384314
0.596078 0.384314
0.600000 0.384314
0.603922 0.384314
0.607843 0.384314
0.611765 0.384314
0.615686 0.384314
0.619608 0.384314
0.623529 0.384314
0.627451 0.384314
0.631373 0.384314
0.635294 0.384314
0.639216 0.384314
0.643137 0.384314
0.647059 0.384314
0.650980 0.384314
0.654902 0.384314
0.658824 0.384314
0.662745 0.384314
0.666667 0.384314
0.670588 0.384314
0.674510 0.384314
0.678431 0.384314
0.682353 0.384314
0.686275 0.384314
0.690196 0.384314
0.694118 0.384314
0.698039 0.384314
0.701961 0.384314
0.705882 0.384314
0.709804 0.384314
0.713726 0.384314
0.717647 0.384314
0.721569 0.384314
0.725490 0.384314
0.729412 0.384314
0.733333 0.384314
0.737255 0.384314
0.741176 0.384314
0.745098 0.384314
0.749020 0.384314
0.752941 0.384314
0.756863 0.384314
0.760784 0.384314
0.764706 0.384314
0.768627 0.384314
0.772549 0.384314
0.776471 0.384314
0.780392 0.384314
0.784314 0.384314
0.788235 0.384314
0.792157 0.384314
0.796078 0.384314
0.800000 0.384314
0.803922 0.384314
0.807843 0.384314
0.811765 0.384314
0.815686 0.384314
0.819608 0.384314
0.823529 0.384314
0.827451 0.384314
0.831373 0.384314
0.835294 0.384314
0.839216 0.384314
0.843137 0.384314
0.847059 0.384314
0.850980 0.384314
0.854902 0.384314
0.858824 0.384314
0.862745 0.384314
0.866667 0.384314
0.870588 0.384314
0.874510 0.384314
0.878431 0.384314
0.882353 0.384314
0.886275 0.384314
0.890196 0.384314
0.894118 0.384314
0.898039 0.384314
0.901961 0.384314
0.905882 0.384314
0.909804 0.384314
0.913725 0.384314
0.917647 0.384314
0.921569 0.384314
0.925490 0.384314
0.929412 0.384314
0.933333 0.384314
0.937255 0.384314
0.941176 0.384314
0.945098 0.384314
0.949020 0.384314
0.952941 0.384314
0.956863 0.384314
0.960784 0.384314
0.964706 0.384314
0.968627 0.384314
0.972549 0.384314
0.976471 0.384314
0.980392 0.384314
0.984314 0.384314
0.988235 0.384314
0.992157 0.384314
0.996078 0.384314
1.000000 0.384314

i = 990.000000 0.388235
0.003922 0.388235
0.007843 0.388235
0.011765 0.388235
0.015686 0.388235
0.019608 0.388235
0.023529 0.388235
0.027451 0.388235
0.031373 0.388235
0.035294 0.388235
0.039216 0.388235
0.043137 0.388235
0.047059 0.388235
0.050980 0.388235
0.054902 0.388235
0.058824 0.388235
0.062745 0.388235
0.066667 0.388235
0.070588 0.388235
0.074510 0.388235
0.078431 0.388235
0.082353 0.388235
0.086275 0.388235
0.090196 0.388235
0.094118 0.388235
0.098039 0.388235
0.101961 0.388235
0.105882 0.388235
0.109804 0.388235
0.113725 0.388235
0.117647 0.388235
0.121569 0.388235
0.125490 0.388235
0.129412 0.388235
0.133333 0.388235
0.137255 0.388235
0.141176 0.388235
0.145098 0.388235
0.149020 0.388235
0.152941 0.388235
0.156863 0.388235
0.160784 0.388235
0.164706 0.388235
0.168627 0.388235
0.172549 0.388235
0.176471 0.388235
0.180392 0.388235
0.184314 0.388235
0.188235 0.388235
0.192157 0.388235
0.196078 0.388235
0.200000 0.388235
0.203922 0.388235
0.207843 0.388235
0.211765 0.388235
0.215686 0.388235
0.219608 0.388235
0.223529 0.388235
0.227451 0.388235
0.231373 0.388235
0.235294 0.388235
0.239216 0.388235
0.243137 0.388235
0.247059 0.388235
0.250980 0.388235
0.254902 0.388235
0.258824 0.388235
0.262745 0.388235
0.266667 0.388235
0.270588 0.388235
0.274510 0.388235
0.278431 0.388235
0.282353 0.388235
0.286275 0.388235
0.290196 0.388235
0.294118 0.388235
0.298039 0.388235
0.301961 0.388235
0.305882 0.388235
0.309804 0.388235
0.313726 0.388235
0.317647 0.388235
0.321569 0.388235
0.325490 0.388235
0.329412 0.388235
0.333333 0.388235
0.337255 0.388235
0.341176 0.388235
0.345098 0.388235
0.349020 0.388235
0.352941 0.388235
0.356863 0.388235
0.360784 0.388235
0.364706 0.388235
0.368627 0.388235
0.372549 0.388235
0.376471 0.388235
0.380392 0.388235
0.384314 0.388235
0.388235 0.388235
0.392157 0.388235
0.396078 0.388235
0.400000 0.388235
0.403922 0.388235
0.407843 0.388235
0.411765 0.388235
0.415686 0.388235
0.419608 0.388235
0.423529 0.388235
0.427451 0.388235
0.431373 0.388235
0.435294 0.388235
0.439216 0.388235
0.443137 0.388235
0.447059 0.388235
0.450980 0.388235
0.454902 0.388235
0.458824 0.388235
0.462745 0.388235
0.466667 0.388235
0.470588 0.388235
0.474510 0.388235
0.478431 0.388235
0.482353 0.388235
0.486275 0.388235
0.490196 0.388235
0.494118 0.388235
0.498039 0.388235
0.501961 0.388235
0.505882 0.388235
0.509804 0.388235
0.513726 0.388235
0.517647 0.388235
0.521569 0.388235
0.525490 0.388235
0.529412 0.388235
0.533333 0.388235
0.537255 0.388235
0.541176 0.388235
0.545098 0.388235
0.549020 0.388235
0.552941 0.388235
0.556863 0.388235
0.560784 0.388235
0.564706 0.388235
0.568627 0.388235
0.572549 0.388235
0.576471 0.388235
0.580392 0.388235
0.584314 0.388235
0.588235 0.388235
0.592157 0.388235
0.596078 0.388235
0.600000 0.388235
0.603922 0.388235
0.607843 0.388235
0.611765 0.388235
0.615686 0.388235
0.619608 0.388235
0.623529 0.388235
0.627451 0.388235
0.631373 0.388235
0.635294 0.388235
0.639216 0.388235
0.643137 0.388235
0.647059 0.388235
0.650980 0.388235
0.654902 0.388235
0.658824 0.388235
0.662745 0.388235
0.666667 0.388235
0.670588 0.388235
0.674510 0.388235
0.678431 0.388235
0.682353 0.388235
0.686275 0.388235
0.690196 0.388235
0.694118 0.388235
0.698039 0.388235
0.701961 0.388235
0.705882 0.388235
0.709804 0.388235
0.713726 0.388235
0.717647 0.388235
0.721569 0.388235
0.725490 0.388235
0.729412 0.388235
0.733333 0.388235
0.737255 0.388235
0.741176 0.388235
0.745098 0.388235
0.749020 0.388235
0.752941 0.388235
0.756863 0.388235
0.760784 0.388235
0.764706 0.388235
0.768627 0.388235
0.772549 0.388235
0.776471 0.388235
0.780392 0.388235
0.784314 0.388235
0.788235 0.388235
0.792157 0.388235
0.796078 0.388235
0.800000 0.388235
0.803922 0.388235
0.807843 0.388235
0.811765 0.388235
0.815686 0.388235
0.819608 0.388235
0.823529 0.388235
0.827451 0.388235
0.831373 0.388235
0.835294 0.388235
0.839216 0.388235
0.843137 0.388235
0.847059 0.388235
0.850980 0.388235
0.854902 0.388235
0.858824 0.388235
0.862745 0.388235
0.866667 0.388235
0.870588 0.388235
0.874510 0.388235
0.878431 0.388235
0.882353 0.388235
0.886275 0.388235
0.890196 0.388235
0.894118 0.388235
0.898039 0.388235
0.901961 0.388235
0.905882 0.388235
0.909804 0.388235
0.913725 0.388235
0.917647 0.388235
0.921569 0.388235
0.925490 0.388235
0.929412 0.388235
0.933333 0.388235
0.937255 0.388235
0.941176 0.388235
0.945098 0.388235
0.949020 0.388235
0.952941 0.388235
0.956863 0.388235
0.960784 0.388235
0.964706 0.388235
0.968627 0.388235
0.972549 0.388235
0.976471 0.388235
0.980392 0.388235
0.984314 0.388235
0.988235 0.388235
0.992157 0.388235
0.996078 0.388235
1.000000 0.388235

i = 1000.000000 0.392157
0.003922 0.392157
0.007843 0.392157
0.011765 0.392157
0.015686 0.392157
0.019608 0.392157
0.023529 0.392157
0.027451 0.392157
0.031373 0.392157
0.035294 0.392157
0.039216 0.392157
0.043137 0.392157
0.047059 0.392157
0.050980 0.392157
0.054902 0.392157
0.058824 0.392157
0.062745 0.392157
0.066667 0.392157
0.070588 0.392157
0.074510 0.392157
0.078431 0.392157
0.082353 0.392157
0.086275 0.392157
0.090196 0.392157
0.094118 0.392157
0.098039 0.392157
0.101961 0.392157
0.105882 0.392157
0.109804 0.392157
0.113725 0.392157
0.117647 0.392157
0.121569 0.392157
0.125490 0.392157
0.129412 0.392157
0.133333 0.392157
0.137255 0.392157
0.141176 0.392157
0.145098 0.392157
0.149020 0.392157
0.152941 0.392157
0.156863 0.392157
0.160784 0.392157
0.164706 0.392157
0.168627 0.392157
0.172549 0.392157
0.176471 0.392157
0.180392 0.392157
0.184314 0.392157
0.188235 0.392157
0.192157 0.392157
0.196078 0.392157
0.200000 0.392157
0.203922 0.392157
0.207843 0.392157
0.211765 0.392157
0.215686 0.392157
0.219608 0.392157
0.223529 0.392157
0.227451 0.392157
0.231373 0.392157
0.235294 0.392157
0.239216 0.392157
0.243137 0.392157
0.247059 0.392157
0.250980 0.392157
0.254902 0.392157
0.258824 0.392157
0.262745 0.392157
0.266667 0.392157
0.270588 0.392157
0.274510 0.392157
0.278431 0.392157
0.282353 0.392157
0.286275 0.392157
0.290196 0.392157
0.294118 0.392157
0.298039 0.392157
0.301961 0.392157
0.305882 0.392157
0.309804 0.392157
0.313726 0.392157
0.317647 0.392157
0.321569 0.392157
0.325490 0.392157
0.329412 0.392157
0.333333 0.392157
0.337255 0.392157
0.341176 0.392157
0.345098 0.392157
0.349020 0.392157
0.352941 0.392157
0.356863 0.392157
0.360784 0.392157
0.364706 0.392157
0.368627 0.392157
0.372549 0.392157
0.376471 0.392157
0.380392 0.392157
0.384314 0.392157
0.388235 0.392157
0.392157 0.392157
0.396078 0.392157
0.400000 0.392157
0.403922 0.392157
0.407843 0.392157
0.411765 0.392157
0.415686 0.392157
0.419608 0.392157
0.423529 0.392157
0.427451 0.392157
0.431373 0.392157
0.435294 0.392157
0.439216 0.392157
0.443137 0.392157
0.447059 0.392157
0.450980 0.392157
0.454902 0.392157
0.458824 0.392157
0.462745 0.392157
0.466667 0.392157
0.470588 0.392157
0.474510 0.392157
0.478431 0.392157
0.482353 0.392157
0.486275 0.392157
0.490196 0.392157
0.494118 0.392157
0.498039 0.392157
0.501961 0.392157
0.505882 0.392157
0.509804 0.392157
0.513726 0.392157
0.517647 0.392157
0.521569 0.392157
0.525490 0.392157
0.529412 0.392157
0.533333 0.392157
0.537255 0.392157
0.541176 0.392157
0.545098 0.392157
0.549020 0.392157
0.552941 0.392157
0.556863 0.392157
0.560784 0.392157
0.564706 0.392157
0.568627 0.392157
0.572549 0.392157
0.576471 0.392157
0.580392 0.392157
0.584314 0.392157
0.588235 0.392157
0.592157 0.392157
0.596078 0.392157
0.600000 0.392157
0.603922 0.392157
0.607843 0.392157
0.611765 0.392157
0.615686 0.392157
0.619608 0.392157
0.623529 0.392157
0.627451 0.392157
0.631373 0.392157
0.635294 0.392157
0.639216 0.392157
0.643137 0.392157
0.647059 0.392157
0.650980 0.392157
0.654902 0.392157
0.658824 0.392157
0.662745 0.392157
0.666667 0.392157
0.670588 0.392157
0.674510 0.392157
0.678431 0.392157
0.682353 0.392157
0.686275 0.392157
0.690196 0.392157
0.694118 0.392157
0.698039 0.392157
0.701961 0.392157
0.705882 0.392157
0.709804 0.392157
0.713726 0.392157
0.717647 0.392157
0.721569 0.392157
0.725490 0.392157
0.729412 0.392157
0.733333 0.392157
0.737255 0.392157
0.741176 0.392157
0.745098 0.392157
0.749020 0.392157
0.752941 0.392157
0.756863 0.392157
0.760784 0.392157
0.764706 0.392157
0.768627 0.392157
0.772549 0.392157
0.776471 0.392157
0.780392 0.392157
0.784314 0.392157
0.788235 0.392157
0.792157 0.392157
0.796078 0.392157
0.800000 0.392157
0.803922 0.392157
0.807843 0.392157
0.811765 0.392157
0.815686 0.392157
0.819608 0.392157
0.823529 0.392157
0.827451 0.392157
0.831373 0.392157
0.835294 0.392157
0.839216 0.392157
0.843137 0.392157
0.847059 0.392157
0.850980 0.392157
0.854902 0.392157
0.858824 0.392157
0.862745 0.392157
0.866667 0.392157
0.870588 0.392157
0.874510 0.392157
0.878431 0.392157
0.882353 0.392157
0.886275 0.392157
0.890196 0.392157
0.894118 0.392157
0.898039 0.392157
0.901961 0.392157
0.905882 0.392157
0.909804 0.392157
0.913725 0.392157
0.917647 0.392157
0.921569 0.392157
0.925490 0.392157
0.929412 0.392157
0.933333 0.392157
0.937255 0.392157
0.941176 0.392157
0.945098 0.392157
0.949020 0.392157
0.952941 0.392157
0.956863 0.392157
0.960784 0.392157
0.964706 0.392157
0.968627 0.392157
0.972549 0.392157
0.976471 0.392157
0.980392 0.392157
0.984314 0.392157
0.988235 0.392157
0.992157 0.392157
0.996078 0.392157
1.000000 0.392157

i = 1010.000000 0.396078
0.003922 0.396078
0.007843 0.396078
0.011765 0.396078
0.015686 0.396078
0.019608 0.396078
0.023529 0.396078
0.027451 0.396078
0.031373 0.396078
0.035294 0.396078
0.039216 0.396078
0.043137 0.396078
0.047059 0.396078
0.050980 0.396078
0.054902 0.396078
0.058824 0.396078
0.062745 0.396078
0.066667 0.396078
0.070588 0.396078
0.074510 0.396078
0.078431 0.396078
0.082353 0.396078
0.086275 0.396078
0.090196 0.396078
0.094118 0.396078
0.098039 0.396078
0.101961 0.396078
0.105882 0.396078
0.109804 0.396078
0.113725 0.396078
0.117647 0.396078
0.121569 0.396078
0.125490 0.396078
0.129412 0.396078
0.133333 0.396078
0.137255 0.396078
0.141176 0.396078
0.145098 0.396078
0.149020 0.396078
0.152941 0.396078
0.156863 0.396078
0.160784 0.396078
0.164706 0.396078
0.168627 0.396078
0.172549 0.396078
0.176471 0.396078
0.180392 0.396078
0.184314 0.396078
0.188235 0.396078
0.192157 0.396078
0.196078 0.396078
0.200000 0.396078
0.203922 0.396078
0.207843 0.396078
0.211765 0.396078
0.215686 0.396078
0.219608 0.396078
0.223529 0.396078
0.227451 0.396078
0.231373 0.396078
0.235294 0.396078
0.239216 0.396078
0.243137 0.396078
0.247059 0.396078
0.250980 0.396078
0.254902 0.396078
0.258824 0.396078
0.262745 0.396078
0.266667 0.396078
0.270588 0.396078
0.274510 0.396078
0.278431 0.396078
0.282353 0.396078
0.286275 0.396078
0.290196 0.396078
0.294118 0.396078
0.298039 0.396078
0.301961 0.396078
0.305882 0.396078
0.309804 0.396078
0.313726 0.396078
0.317647 0.396078
0.321569 0.396078
0.325490 0.396078
0.329412 0.396078
0.333333 0.396078
0.337255 0.396078
0.341176 0.396078
0.345098 0.396078
0.349020 0.396078
0.352941 0.396078
0.356863 0.396078
0.360784 0.396078
0.364706 0.396078
0.368627 0.396078
0.372549 0.396078
0.376471 0.396078
0.380392 0.396078
0.384314 0.396078
0.388235 0.396078
0.392157 0.396078
0.396078 0.396078
0.400000 0.396078
0.403922 0.396078
0.407843 0.396078
0.411765 0.396078
0.415686 0.396078
0.419608 0.396078
0.423529 0.396078
0.427451 0.396078
0.431373 0.396078
0.435294 0.396078
0.439216 0.396078
0.443137 0.396078
0.447059 0.396078
0.450980 0.396078
0.454902 0.396078
0.458824 0.396078
0.462745 0.396078
0.466667 0.396078
0.470588 0.396078
0.474510 0.396078
0.478431 0.396078
0.482353 0.396078
0.486275 0.396078
0.490196 0.396078
0.494118 0.396078
0.498039 0.396078
0.501961 0.396078
0.505882 0.396078
0.509804 0.396078
0.513726 0.396078
0.517647 0.396078
0.521569 0.396078
0.525490 0.396078
0.529412 0.396078
0.533333 0.396078
0.537255 0.396078
0.541176 0.396078
0.545098 0.396078
0.549020 0.396078
0.552941 0.396078
0.556863 0.396078
0.560784 0.396078
0.564706 0.396078
0.568627 0.396078
0.572549 0.396078
0.576471 0.396078
0.580392 0.396078
0.584314 0.396078
0.588235 0.396078
0.592157 0.396078
0.596078 0.396078
0.600000 0.396078
0.603922 0.396078
0.607843 0.396078
0.611765 0.396078
0.615686 0.396078
0.619608 0.396078
0.623529 0.396078
0.627451 0.396078
0.631373 0.396078
0.635294 0.396078
0.639216 0.396078
0.643137 0.396078
0.647059 0.396078
0.650980 0.396078
0.654902 0.396078
0.658824 0.396078
0.662745 0.396078
0.666667 0.396078
0.670588 0.396078
0.674510 0.396078
0.678431 0.396078
0.682353 0.396078
0.686275 0.396078
0.690196 0.396078
0.694118 0.396078
0.698039 0.396078
0.701961 0.396078
0.705882 0.396078
0.709804 0.396078
0.713726 0.396078
0.717647 0.396078
0.721569 0.396078
0.725490 0.396078
0.729412 0.396078
0.733333 0.396078
0.737255 0.396078
0.741176 0.396078
0.745098 0.396078
0.749020 0.396078
0.752941 0.396078
0.756863 0.396078
0.760784 0.396078
0.764706 0.396078
0.768627 0.396078
0.772549 0.396078
0.776471 0.396078
0.780392 0.396078
0.784314 0.396078
0.788235 0.396078
0.792157 0.396078
0.796078 0.396078
0.800000 0.396078
0.803922 0.396078
0.807843 0.396078
0.811765 0.396078
0.815686 0.396078
0.819608 0.396078
0.823529 0.396078
0.827451 0.396078
0.831373 0.396078
0.835294 0.396078
0.839216 0.396078
0.843137 0.396078
0.847059 0.396078
0.850980 0.396078
0.854902 0.396078
0.858824 0.396078
0.862745 0.396078
0.866667 0.396078
0.870588 0.396078
0.874510 0.396078
0.878431 0.396078
0.882353 0.396078
0.886275 0.396078
0.890196 0.396078
0.894118 0.396078
0.898039 0.396078
0.901961 0.396078
0.905882 0.396078
0.909804 0.396078
0.913725 0.396078
0.917647 0.396078
0.921569 0.396078
0.925490 0.396078
0.929412 0.396078
0.933333 0.396078
0.937255 0.396078
0.941176 0.396078
0.945098 0.396078
0.949020 0.396078
0.952941 0.396078
0.956863 0.396078
0.960784 0.396078
0.964706 0.396078
0.968627 0.396078
0.972549 0.396078
0.976471 0.396078
0.980392 0.396078
0.984314 0.396078
0.988235 0.396078
0.992157 0.396078
0.996078 0.396078
1.000000 0.396078

i = 1020.000000 0.400000
0.003922 0.400000
0.007843 0.400000
0.011765 0.400000
0.015686 0.400000
0.019608 0.400000
0.023529 0.400000
0.027451 0.400000
0.031373 0.400000
0.035294 0.400000
0.039216 0.400000
0.043137 0.400000
0.047059 0.400000
0.050980 0.400000
0.054902 0.400000
0.058824 0.400000
0.062745 0.400000
0.066667 0.400000
0.070588 0.400000
0.074510 0.400000
0.078431 0.400000
0.082353 0.400000
0.086275 0.400000
0.090196 0.400000
0.094118 0.400000
0.098039 0.400000
0.101961 0.400000
0.105882 0.400000
0.109804 0.400000
0.113725 0.400000
0.117647 0.400000
0.121569 0.400000
0.125490 0.400000
0.129412 0.400000
0.133333 0.400000
0.137255 0.400000
0.141176 0.400000
0.145098 0.400000
0.149020 0.400000
0.152941 0.400000
0.156863 0.400000
0.160784 0.400000
0.164706 0.400000
0.168627 0.400000
0.172549 0.400000
0.176471 0.400000
0.180392 0.400000
0.184314 0.400000
0.188235 0.400000
0.192157 0.400000
0.196078 0.400000
0.200000 0.400000
0.203922 0.400000
0.207843 0.400000
0.211765 0.400000
0.215686 0.400000
0.219608 0.400000
0.223529 0.400000
0.227451 0.400000
0.231373 0.400000
0.235294 0.400000
0.239216 0.400000
0.243137 0.400000
0.247059 0.400000
0.250980 0.400000
0.254902 0.400000
0.258824 0.400000
0.262745 0.400000
0.266667 0.400000
0.270588 0.400000
0.274510 0.400000
0.278431 0.400000
0.282353 0.400000
0.286275 0.400000
0.290196 0.400000
0.294118 0.400000
0.298039 0.400000
0.301961 0.400000
0.305882 0.400000
0.309804 0.400000
0.313726 0.400000
0.317647 0.400000
0.321569 0.400000
0.325490 0.400000
0.329412 0.400000
0.333333 0.400000
0.337255 0.400000
0.341176 0.400000
0.345098 0.400000
0.349020 0.400000
0.352941 0.400000
0.356863 0.400000
0.360784 0.400000
0.364706 0.400000
0.368627 0.400000
0.372549 0.400000
0.376471 0.400000
0.380392 0.400000
0.384314 0.400000
0.388235 0.400000
0.392157 0.400000
0.396078 0.400000
0.400000 0.400000
0.403922 0.400000
0.407843 0.400000
0.411765 0.400000
0.415686 0.400000
0.419608 0.400000
0.423529 0.400000
0.427451 0.400000
0.431373 0.400000
0.435294 0.400000
0.439216 0.400000
0.443137 0.400000
0.447059 0.400000
0.450980 0.400000
0.454902 0.400000
0.458824 0.400000
0.462745 0.400000
0.466667 0.400000
0.470588 0.400000
0.474510 0.400000
0.478431 0.400000
0.482353 0.400000
0.486275 0.400000
0.490196 0.400000
0.494118 0.400000
0.498039 0.400000
0.501961 0.400000
0.505882 0.400000
0.509804 0.400000
0.513726 0.400000
0.517647 0.400000
0.521569 0.400000
0.525490 0.400000
0.529412 0.400000
0.533333 0.400000
0.537255 0.400000
0.541176 0.400000
0.545098 0.400000
0.549020 0.400000
0.552941 0.400000
0.556863 0.400000
0.560784 0.400000
0.564706 0.400000
0.568627 0.400000
0.572549 0.400000
0.576471 0.400000
0.580392 0.400000
0.584314 0.400000
0.588235 0.400000
0.592157 0.400000
0.596078 0.400000
0.600000 0.400000
0.603922 0.400000
0.607843 0.400000
0.611765 0.400000
0.615686 0.400000
0.619608 0.400000
0.623529 0.400000
0.627451 0.400000
0.631373 0.400000
0.635294 0.400000
0.639216 0.400000
0.643137 0.400000
0.647059 0.400000
0.650980 0.400000
0.654902 0.400000
0.658824 0.400000
0.662745 0.400000
0.666667 0.400000
0.670588 0.400000
0.674510 0.400000
0.678431 0.400000
0.682353 0.400000
0.686275 0.400000
0.690196 0.400000
0.694118 0.400000
0.698039 0.400000
0.701961 0.400000
0.705882 0.400000
0.709804 0.400000
0.713726 0.400000
0.717647 0.400000
0.721569 0.400000
0.725490 0.400000
0.729412 0.400000
0.733333 0.400000
0.737255 0.400000
0.741176 0.400000
0.745098 0.400000
0.749020 0.400000
0.752941 0.400000
0.756863 0.400000
0.760784 0.400000
0.764706 0.400000
0.768627 0.400000
0.772549 0.400000
0.776471 0.400000
0.780392 0.400000
0.784314 0.400000
0.788235 0.400000
0.792157 0.400000
0.796078 0.400000
0.800000 0.400000
0.803922 0.400000
0.807843 0.400000
0.811765 0.400000
0.815686 0.400000
0.819608 0.400000
0.823529 0.400000
0.827451 0.400000
0.831373 0.400000
0.835294 0.400000
0.839216 0.400000
0.843137 0.400000
0.847059 0.400000
0.850980 0.400000
0.854902 0.400000
0.858824 0.400000
0.862745 0.400000
0.866667 0.400000
0.870588 0.400000
0.874510 0.400000
0.878431 0.400000
0.882353 0.400000
0.886275 0.400000
0.890196 0.400000
0.894118 0.400000
0.898039 0.400000
0.901961 0.400000
0.905882 0.400000
0.909804 0.400000
0.913725 0.400000
0.917647 0.400000
0.921569 0.400000
0.925490 0.400000
0.929412 0.400000
0.933333 0.400000
0.937255 0.400000
0.941176 0.400000
0.945098 0.400000
0.949020 0.400000
0.952941 0.400000
0.956863 0.400000
0.960784 0.400000
0.964706 0.400000
0.968627 0.400000
0.972549 0.400000
0.976471 0.400000
0.980392 0.400000
0.984314 0.400000
0.988235 0.400000
0.992157 0.400000
0.996078 0.400000
1.000000 0.400000

i = 1030.000000 0.403922
0.003922 0.403922
0.007843 0.403922
0.011765 0.403922
0.015686 0.403922
0.019608 0.403922
0.023529 0.403922
0.027451 0.403922
0.031373 0.403922
0.035294 0.403922
0.039216 0.403922
0.043137 0.403922
0.047059 0.403922
0.050980 0.403922
0.054902 0.403922
0.058824 0.403922
0.062745 0.403922
0.066667 0.403922
0.070588 0.403922
0.074510 0.403922
0.078431 0.403922
0.082353 0.403922
0.086275 0.403922
0.090196 0.403922
0.094118 0.403922
0.098039 0.403922
0.101961 0.403922
0.105882 0.403922
0.109804 0.403922
0.113725 0.403922
0.117647 0.403922
0.121569 0.403922
0.125490 0.403922
0.129412 0.403922
0.133333 0.403922
0.137255 0.403922
0.141176 0.403922
0.145098 0.403922
0.149020 0.403922
0.152941 0.403922
0.156863 0.403922
0.160784 0.403922
0.164706 0.403922
0.168627 0.403922
0.172549 0.403922
0.176471 0.403922
0.180392 0.403922
0.184314 0.403922
0.188235 0.403922
0.192157 0.403922
0.196078 0.403922
0.200000 0.403922
0.203922 0.403922
0.207843 0.403922
0.211765 0.403922
0.215686 0.403922
0.219608 0.403922
0.223529 0.403922
0.227451 0.403922
0.231373 0.403922
0.235294 0.403922
0.239216 0.403922
0.243137 0.403922
0.247059 0.403922
0.250980 0.403922
0.254902 0.403922
0.258824 0.403922
0.262745 0.403922
0.266667 0.403922
0.270588 0.403922
0.274510 0.403922
0.278431 0.403922
0.282353 0.403922
0.286275 0.403922
0.290196 0.403922
0.294118 0.403922
0.298039 0.403922
0.301961 0.403922
0.305882 0.403922
0.309804 0.403922
0.313726 0.403922
0.317647 0.403922
0.321569 0.403922
0.325490 0.403922
0.329412 0.403922
0.333333 0.403922
0.337255 0.403922
0.341176 0.403922
0.345098 0.403922
0.349020 0.403922
0.352941 0.403922
0.356863 0.403922
0.360784 0.403922
0.364706 0.403922
0.368627 0.403922
0.372549 0.403922
0.376471 0.403922
0.380392 0.403922
0.384314 0.403922
0.388235 0.403922
0.392157 0.403922
0.396078 0.403922
0.400000 0.403922
0.403922 0.403922
0.407843 0.403922
0.411765 0.403922
0.415686 0.403922
0.419608 0.403922
0.423529 0.403922
0.427451 0.403922
0.431373 0.403922
0.435294 0.403922
0.439216 0.403922
0.443137 0.403922
0.447059 0.403922
0.450980 0.403922
0.454902 0.403922
0.458824 0.403922
0.462745 0.403922
0.466667 0.403922
0.470588 0.403922
0.474510 0.403922
0.478431 0.403922
0.482353 0.403922
0.486275 0.403922
0.490196 0.403922
0.494118 0.403922
0.498039 0.403922
0.501961 0.403922
0.505882 0.403922
0.509804 0.403922
0.513726 0.403922
0.517647 0.403922
0.521569 0.403922
0.525490 0.403922
0.529412 0.403922
0.533333 0.403922
0.537255 0.403922
0.541176 0.403922
0.545098 0.403922
0.549020 0.403922
0.552941 0.403922
0.556863 0.403922
0.560784 0.403922
0.564706 0.403922
0.568627 0.403922
0.572549 0.403922
0.576471 0.403922
0.580392 0.403922
0.584314 0.403922
0.588235 0.403922
0.592157 0.403922
0.596078 0.403922
0.600000 0.403922
0.603922 0.403922
0.607843 0.403922
0.611765 0.403922
0.615686 0.403922
0.619608 0.403922
0.623529 0.403922
0.627451 0.403922
0.631373 0.403922
0.635294 0.403922
0.639216 0.403922
0.643137 0.403922
0.647059 0.403922
0.650980 0.403922
0.654902 0.403922
0.658824 0.403922
0.662745 0.403922
0.666667 0.403922
0.670588 0.403922
0.674510 0.403922
0.678431 0.403922
0.682353 0.403922
0.686275 0.403922
0.690196 0.403922
0.694118 0.403922
0.698039 0.403922
0.701961 0.403922
0.705882 0.403922
0.709804 0.403922
0.713726 0.403922
0.717647 0.403922
0.721569 0.403922
0.725490 0.403922
0.729412 0.403922
0.733333 0.403922
0.737255 0.403922
0.741176 0.403922
0.745098 0.403922
0.749020 0.403922
0.752941 0.403922
0.756863 0.403922
0.760784 0.403922
0.764706 0.403922
0.768627 0.403922
0.772549 0.403922
0.776471 0.403922
0.780392 0.403922
0.784314 0.403922
0.788235 0.403922
0.792157 0.403922
0.796078 0.403922
0.800000 0.403922
0.803922 0.403922
0.807843 0.403922
0.811765 0.403922
0.815686 0.403922
0.819608 0.403922
0.823529 0.403922
0.827451 0.403922
0.831373 0.403922
0.835294 0.403922
0.839216 0.403922
0.843137 0.403922
0.847059 0.403922
0.850980 0.403922
0.854902 0.403922
0.858824 0.403922
0.862745 0.403922
0.866667 0.403922
0.870588 0.403922
0.874510 0.403922
0.878431 0.403922
0.882353 0.403922
0.886275 0.403922
0.890196 0.403922
0.894118 0.403922
0.898039 0.403922
0.901961 0.403922
0.905882 0.403922
0.909804 0.403922
0.913725 0.403922
0.917647 0.403922
0.921569 0.403922
0.925490 0.403922
0.929412 0.403922
0.933333 0.403922
0.937255 0.403922
0.941176 0.403922
0.945098 0.403922
0.949020 0.403922
0.952941 0.403922
0.956863 0.403922
0.960784 0.403922
0.964706 0.403922
0.968627 0.403922
0.972549 0.403922
0.976471 0.403922
0.980392 0.403922
0.984314 0.403922
0.988235 0.403922
0.992157 0.403922
0.996078 0.403922
1.000000 0.403922

i = 1040.000000 0.407843
0.003922 0.407843
0.007843 0.407843
0.011765 0.407843
0.015686 0.407843
0.019608 0.407843
0.023529 0.407843
0.027451 0.407843
0.031373 0.407843
0.035294 0.407843
0.039216 0.407843
0.043137 0.407843
0.047059 0.407843
0.050980 0.407843
0.054902 0.407843
0.058824 0.407843
0.062745 0.407843
0.066667 0.407843
0.070588 0.407843
0.074510 0.407843
0.078431 0.407843
0.082353 0.407843
0.086275 0.407843
0.090196 0.407843
0.094118 0.407843
0.098039 0.407843
0.101961 0.407843
0.105882 0.407843
0.109804 0.407843
0.113725 0.407843
0.117647 0.407843
0.121569 0.407843
0.125490 0.407843
0.129412 0.407843
0.133333 0.407843
0.137255 0.407843
0.141176 0.407843
0.145098 0.407843
0.149020 0.407843
0.152941 0.407843
0.156863 0.407843
0.160784 0.407843
0.164706 0.407843
0.168627 0.407843
0.172549 0.407843
0.176471 0.407843
0.180392 0.407843
0.184314 0.407843
0.188235 0.407843
0.192157 0.407843
0.196078 0.407843
0.200000 0.407843
0.203922 0.407843
0.207843 0.407843
0.211765 0.407843
0.215686 0.407843
0.219608 0.407843
0.223529 0.407843
0.227451 0.407843
0.231373 0.407843
0.235294 0.407843
0.239216 0.407843
0.243137 0.407843
0.247059 0.407843
0.250980 0.407843
0.254902 0.407843
0.258824 0.407843
0.262745 0.407843
0.266667 0.407843
0.270588 0.407843
0.274510 0.407843
0.278431 0.407843
0.282353 0.407843
0.286275 0.407843
0.290196 0.407843
0.294118 0.407843
0.298039 0.407843
0.301961 0.407843
0.305882 0.407843
0.309804 0.407843
0.313726 0.407843
0.317647 0.407843
0.321569 0.407843
0.325490 0.407843
0.329412 0.407843
0.333333 0.407843
0.337255 0.407843
0.341176 0.407843
0.345098 0.407843
0.349020 0.407843
0.352941 0.407843
0.356863 0.407843
0.360784 0.407843
0.364706 0.407843
0.368627 0.407843
0.372549 0.407843
0.376471 0.407843
0.380392 0.407843
0.384314 0.407843
0.388235 0.407843
0.392157 0.407843
0.396078 0.407843
0.400000 0.407843
0.403922 0.407843
0.407843 0.407843
0.411765 0.407843
0.415686 0.407843
0.419608 0.407843
0.423529 0.407843
0.427451 0.407843
0.431373 0.407843
0.435294 0.407843
0.439216 0.407843
0.443137 0.407843
0.447059 0.407843
0.450980 0.407843
0.454902 0.407843
0.458824 0.407843
0.462745 0.407843
0.466667 0.407843
0.470588 0.407843
0.474510 0.407843
0.478431 0.407843
0.482353 0.407843
0.486275 0.407843
0.490196 0.407843
0.494118 0.407843
0.498039 0.407843
0.501961 0.407843
0.505882 0.407843
0.509804 0.407843
0.513726 0.407843
0.517647 0.407843
0.521569 0.407843
0.525490 0.407843
0.529412 0.407843
0.533333 0.407843
0.537255 0.407843
0.541176 0.407843
0.545098 0.407843
0.549020 0.407843
0.552941 0.407843
0.556863 0.407843
0.560784 0.407843
0.564706 0.407843
0.568627 0.407843
0.572549 0.407843
0.576471 0.407843
0.580392 0.407843
0.584314 0.407843
0.588235 0.407843
0.592157 0.407843
0.596078 0.407843
0.600000 0.407843
0.603922 0.407843
0.607843 0.407843
0.611765 0.407843
0.615686 0.407843
0.619608 0.407843
0.623529 0.407843
0.627451 0.407843
0.631373 0.407843
0.635294 0.407843
0.639216 0.407843
0.643137 0.407843
0.647059 0.407843
0.650980 0.407843
0.654902 0.407843
0.658824 0.407843
0.662745 0.407843
0.666667 0.407843
0.670588 0.407843
0.674510 0.407843
0.678431 0.407843
0.682353 0.407843
0.686275 0.407843
0.690196 0.407843
0.694118 0.407843
0.698039 0.407843
0.701961 0.407843
0.705882 0.407843
0.709804 0.407843
0.713726 0.407843
0.717647 0.407843
0.721569 0.407843
0.725490 0.407843
0.729412 0.407843
0.733333 0.407843
0.737255 0.407843
0.741176 0.407843
0.745098 0.407843
0.749020 0.407843
0.752941 0.407843
0.756863 0.407843
0.760784 0.407843
0.764706 0.407843
0.768627 0.407843
0.772549 0.407843
0.776471 0.407843
0.780392 0.407843
0.784314 0.407843
0.788235 0.407843
0.792157 0.407843
0.796078 0.407843
0.800000 0.407843
0.803922 0.407843
0.807843 0.407843
0.811765 0.407843
0.815686 0.407843
0.819608 0.407843
0.823529 0.407843
0.827451 0.407843
0.831373 0.407843
0.835294 0.407843
0.839216 0.407843
0.843137 0.407843
0.847059 0.407843
0.850980 0.407843
0.854902 0.407843
0.858824 0.407843
0.862745 0.407843
0.866667 0.407843
0.870588 0.407843
0.874510 0.407843
0.878431 0.407843
0.882353 0.407843
0.886275 0.407843
0.890196 0.407843
0.894118 0.407843
0.898039 0.407843
0.901961 0.407843
0.905882 0.407843
0.909804 0.407843
0.913725 0.407843
0.917647 0.407843
0.921569 0.407843
0.925490 0.407843
0.929412 0.407843
0.933333 0.407843
0.937255 0.407843
0.941176 0.407843
0.945098 0.407843
0.949020 0.407843
0.952941 0.407843
0.956863 0.407843
0.960784 0.407843
0.964706 0.407843
0.968627 0.407843
0.972549 0.407843
0.976471 0.407843
0.980392 0.407843
0.984314 0.407843
0.988235 0.407843
0.992157 0.407843
0.996078 0.407843
1.000000 0.407843

i = 1050.000000 0.411765
0.003922 0.411765
0.007843 0.411765
0.011765 0.411765
0.015686 0.411765
0.019608 0.411765
0.023529 0.411765
0.027451 0.411765
0.031373 0.411765
0.035294 0.411765
0.039216 0.411765
0.043137 0.411765
0.047059 0.411765
0.050980 0.411765
0.054902 0.411765
0.058824 0.411765
0.062745 0.411765
0.066667 0.411765
0.070588 0.411765
0.074510 0.411765
0.078431 0.411765
0.082353 0.411765
0.086275 0.411765
0.090196 0.411765
0.094118 0.411765
0.098039 0.411765
0.101961 0.411765
0.105882 0.411765
0.109804 0.411765
0.113725 0.411765
0.117647 0.411765
0.121569 0.411765
0.125490 0.411765
0.129412 0.411765
0.133333 0.411765
0.137255 0.411765
0.141176 0.411765
0.145098 0.411765
0.149020 0.411765
0.152941 0.411765
0.156863 0.411765
0.160784 0.411765
0.164706 0.411765
0.168627 0.411765
0.172549 0.411765
0.176471 0.411765
0.180392 0.411765
0.184314 0.411765
0.188235 0.411765
0.192157 0.411765
0.196078 0.411765
0.200000 0.411765
0.203922 0.411765
0.207843 0.411765
0.211765 0.411765
0.215686 0.411765
0.219608 0.411765
0.223529 0.411765
0.227451 0.411765
0.231373 0.411765
0.235294 0.411765
0.239216 0.411765
0.243137 0.411765
0.247059 0.411765
0.250980 0.411765
0.254902 0.411765
0.258824 0.411765
0.262745 0.411765
0.266667 0.411765
0.270588 0.411765
0.274510 0.411765
0.278431 0.411765
0.282353 0.411765
0.286275 0.411765
0.290196 0.411765
0.294118 0.411765
0.298039 0.411765
0.301961 0.411765
0.305882 0.411765
0.309804 0.411765
0.313726 0.411765
0.317647 0.411765
0.321569 0.411765
0.325490 0.411765
0.329412 0.411765
0.333333 0.411765
0.337255 0.411765
0.341176 0.411765
0.345098 0.411765
0.349020 0.411765
0.352941 0.411765
0.356863 0.411765
0.360784 0.411765
0.364706 0.411765
0.368627 0.411765
0.372549 0.411765
0.376471 0.411765
0.380392 0.411765
0.384314 0.411765
0.388235 0.411765
0.392157 0.411765
0.396078 0.411765
0.400000 0.411765
0.403922 0.411765
0.407843 0.411765
0.411765 0.411765
0.415686 0.411765
0.419608 0.411765
0.423529 0.411765
0.427451 0.411765
0.431373 0.411765
0.435294 0.411765
0.439216 0.411765
0.443137 0.411765
0.447059 0.411765
0.450980 0.411765
0.454902 0.411765
0.458824 0.411765
0.462745 0.411765
0.466667 0.411765
0.470588 0.411765
0.474510 0.411765
0.478431 0.411765
0.482353 0.411765
0.486275 0.411765
0.490196 0.411765
0.494118 0.411765
0.498039 0.411765
0.501961 0.411765
0.505882 0.411765
0.509804 0.411765
0.513726 0.411765
0.517647 0.411765
0.521569 0.411765
0.525490 0.411765
0.529412 0.411765
0.533333 0.411765
0.537255 0.411765
0.541176 0.411765
0.545098 0.411765
0.549020 0.411765
0.552941 0.411765
0.556863 0.411765
0.560784 0.411765
0.564706 0.411765
0.568627 0.411765
0.572549 0.411765
0.576471 0.411765
0.580392 0.411765
0.584314 0.411765
0.588235 0.411765
0.592157 0.411765
0.596078 0.411765
0.600000 0.411765
0.603922 0.411765
0.607843 0.411765
0.611765 0.411765
0.615686 0.411765
0.619608 0.411765
0.623529 0.411765
0.627451 0.411765
0.631373 0.411765
0.635294 0.411765
0.639216 0.411765
0.643137 0.411765
0.647059 0.411765
0.650980 0.411765
0.654902 0.411765
0.658824 0.411765
0.662745 0.411765
0.666667 0.411765
0.670588 0.411765
0.674510 0.411765
0.678431 0.411765
0.682353 0.411765
0.686275 0.411765
0.690196 0.411765
0.694118 0.411765
0.698039 0.411765
0.701961 0.411765
0.705882 0.411765
0.709804 0.411765
0.713726 0.411765
0.717647 0.411765
0.721569 0.411765
0.725490 0.411765
0.729412 0.411765
0.733333 0.411765
0.737255 0.411765
0.741176 0.411765
0.745098 0.411765
0.749020 0.411765
0.752941 0.411765
0.756863 0.411765
0.760784 0.411765
0.764706 0.411765
0.768627 0.411765
0.772549 0.411765
0.776471 0.411765
0.780392 0.411765
0.784314 0.411765
0.788235 0.411765
0.792157 0.411765
0.796078 0.411765
0.800000 0.411765
0.803922 0.411765
0.807843 0.411765
0.811765 0.411765
0.815686 0.411765
0.819608 0.411765
0.823529 0.411765
0.827451 0.411765
0.831373 0.411765
0.835294 0.411765
0.839216 0.411765
0.843137 0.411765
0.847059 0.411765
0.850980 0.411765
0.854902 0.411765
0.858824 0.411765
0.862745 0.411765
0.866667 0.411765
0.870588 0.411765
0.874510 0.411765
0.878431 0.411765
0.882353 0.411765
0.886275 0.411765
0.890196 0.411765
0.894118 0.411765
0.898039 0.411765
0.901961 0.411765
0.905882 0.411765
0.909804 0.411765
0.913725 0.411765
0.917647 0.411765
0.921569 0.411765
0.925490 0.411765
0.929412 0.411765
0.933333 0.411765
0.937255 0.411765
0.941176 0.411765
0.945098 0.411765
0.949020 0.411765
0.952941 0.411765
0.956863 0.411765
0.960784 0.411765
0.964706 0.411765
0.968627 0.411765
0.972549 0.411765
0.976471 0.411765
0.980392 0.411765
0.984314 0.411765
0.988235 0.411765
0.992157 0.411765
0.996078 0.411765
1.000000 0.411765

i = 1060.000000 0.415686
0.003922 0.415686
0.007843 0.415686
0.011765 0.415686
0.015686 0.415686
0.019608 0.415686
0.023529 0.415686
0.027451 0.415686
0.031373 0.415686
0.035294 0.415686
0.039216 0.415686
0.043137 0.415686
0.047059 0.415686
0.050980 0.415686
0.054902 0.415686
0.058824 0.415686
0.062745 0.415686
0.066667 0.415686
0.070588 0.415686
0.074510 0.415686
0.078431 0.415686
0.082353 0.415686
0.086275 0.415686
0.090196 0.415686
0.094118 0.415686
0.098039 0.415686
0.101961 0.415686
0.105882 0.415686
0.109804 0.415686
0.113725 0.415686
0.117647 0.415686
0.121569 0.415686
0.125490 0.415686
0.129412 0.415686
0.133333 0.415686
0.137255 0.415686
0.141176 0.415686
0.145098 0.415686
0.149020 0.415686
0.152941 0.415686
0.156863 0.415686
0.160784 0.415686
0.164706 0.415686
0.168627 0.415686
0.172549 0.415686
0.176471 0.415686
0.180392 0.415686
0.184314 0.415686
0.188235 0.415686
0.192157 0.415686
0.196078 0.415686
0.200000 0.415686
0.203922 0.415686
0.207843 0.415686
0.211765 0.415686
0.215686 0.415686
0.219608 0.415686
0.223529 0.415686
0.227451 0.415686
0.231373 0.415686
0.235294 0.415686
0.239216 0.415686
0.243137 0.415686
0.247059 0.415686
0.250980 0.415686
0.254902 0.415686
0.258824 0.415686
0.262745 0.415686
0.266667 0.415686
0.270588 0.415686
0.274510 0.415686
0.278431 0.415686
0.282353 0.415686
0.286275 0.415686
0.290196 0.415686
0.294118 0.415686
0.298039 0.415686
0.301961 0.415686
0.305882 0.415686
0.309804 0.415686
0.313726 0.415686
0.317647 0.415686
0.321569 0.415686
0.325490 0.415686
0.329412 0.415686
0.333333 0.415686
0.337255 0.415686
0.341176 0.415686
0.345098 0.415686
0.349020 0.415686
0.352941 0.415686
0.356863 0.415686
0.360784 0.415686
0.364706 0.415686
0.368627 0.415686
0.372549 0.415686
0.376471 0.415686
0.380392 0.415686
0.384314 0.415686
0.388235 0.415686
0.392157 0.415686
0.396078 0.415686
0.400000 0.415686
0.403922 0.415686
0.407843 0.415686
0.411765 0.415686
0.415686 0.415686
0.419608 0.415686
0.423529 0.415686
0.427451 0.415686
0.431373 0.415686
0.435294 0.415686
0.439216 0.415686
0.443137 0.415686
0.447059 0.415686
0.450980 0.415686
0.454902 0.415686
0.458824 0.415686
0.462745 0.415686
0.466667 0.415686
0.470588 0.415686
0.474510 0.415686
0.478431 0.415686
0.482353 0.415686
0.486275 0.415686
0.490196 0.415686
0.494118 0.415686
0.498039 0.415686
0.501961 0.415686
0.505882 0.415686
0.509804 0.415686
0.513726 0.415686
0.517647 0.415686
0.521569 0.415686
0.525490 0.415686
0.529412 0.415686
0.533333 0.415686
0.537255 0.415686
0.541176 0.415686
0.545098 0.415686
0.549020 0.415686
0.552941 0.415686
0.556863 0.415686
0.560784 0.415686
0.564706 0.415686
0.568627 0.415686
0.572549 0.415686
0.576471 0.415686
0.580392 0.415686
0.584314 0.415686
0.588235 0.415686
0.592157 0.415686
0.596078 0.415686
0.600000 0.415686
0.603922 0.415686
0.607843 0.415686
0.611765 0.415686
0.615686 0.415686
0.619608 0.415686
0.623529 0.415686
0.627451 0.415686
0.631373 0.415686
0.635294 0.415686
0.639216 0.415686
0.643137 0.415686
0.647059 0.415686
0.650980 0.415686
0.654902 0.415686
0.658824 0.415686
0.662745 0.415686
0.666667 0.415686
0.670588 0.415686
0.674510 0.415686
0.678431 0.415686
0.682353 0.415686
0.686275 0.415686
0.690196 0.415686
0.694118 0.415686
0.698039 0.415686
0.701961 0.415686
0.705882 0.415686
0.709804 0.415686
0.713726 0.415686
0.717647 0.415686
0.721569 0.415686
0.725490 0.415686
0.729412 0.415686
0.733333 0.415686
0.737255 0.415686
0.741176 0.415686
0.745098 0.415686
0.749020 0.415686
0.752941 0.415686
0.756863 0.415686
0.760784 0.415686
0.764706 0.415686
0.768627 0.415686
0.772549 0.415686
0.776471 0.415686
0.780392 0.415686
0.784314 0.415686
0.788235 0.415686
0.792157 0.415686
0.796078 0.415686
0.800000 0.415686
0.803922 0.415686
0.807843 0.415686
0.811765 0.415686
0.815686 0.415686
0.819608 0.415686
0.823529 0.415686
0.827451 0.415686
0.831373 0.415686
0.835294 0.415686
0.839216 0.415686
0.843137 0.415686
0.847059 0.415686
0.850980 0.415686
0.854902 0.415686
0.858824 0.415686
0.862745 0.415686
0.866667 0.415686
0.870588 0.415686
0.874510 0.415686
0.878431 0.415686
0.882353 0.415686
0.886275 0.415686
0.890196 0.415686
0.894118 0.415686
0.898039 0.415686
0.901961 0.415686
0.905882 0.415686
0.909804 0.415686
0.913725 0.415686
0.917647 0.415686
0.921569 0.415686
0.925490 0.415686
0.929412 0.415686
0.933333 0.415686
0.937255 0.415686
0.941176 0.415686
0.945098 0.415686
0.949020 0.415686
0.952941 0.415686
0.956863 0.415686
0.960784 0.415686
0.964706 0.415686
0.968627 0.415686
0.972549 0.415686
0.976471 0.415686
0.980392 0.415686
0.984314 0.415686
0.988235 0.415686
0.992157 0.415686
0.996078 0.415686
1.000000 0.415686

i = 1070.000000 0.419608
0.003922 0.419608
0.007843 0.419608
0.011765 0.419608
0.015686 0.419608
0.019608 0.419608
0.023529 0.419608
0.027451 0.419608
0.031373 0.419608
0.035294 0.419608
0.039216 0.419608
0.043137 0.419608
0.047059 0.419608
0.050980 0.419608
0.054902 0.419608
0.058824 0.419608
0.062745 0.419608
0.066667 0.419608
0.070588 0.419608
0.074510 0.419608
0.078431 0.419608
0.082353 0.419608
0.086275 0.419608
0.090196 0.419608
0.094118 0.419608
0.098039 0.419608
0.101961 0.419608
0.105882 0.419608
0.109804 0.419608
0.113725 0.419608
0.117647 0.419608
0.121569 0.419608
0.125490 0.419608
0.129412 0.419608
0.133333 0.419608
0.137255 0.419608
0.141176 0.419608
0.145098 0.419608
0.149020 0.419608
0.152941 0.419608
0.156863 0.419608
0.160784 0.419608
0.164706 0.419608
0.168627 0.419608
0.172549 0.419608
0.176471 0.419608
0.180392 0.419608
0.184314 0.419608
0.188235 0.419608
0.192157 0.419608
0.196078 0.419608
0.200000 0.419608
0.203922 0.419608
0.207843 0.419608
0.211765 0.419608
0.215686 0.419608
0.219608 0.419608
0.223529 0.419608
0.227451 0.419608
0.231373 0.419608
0.235294 0.419608
0.239216 0.419608
0.243137 0.419608
0.247059 0.419608
0.250980 0.419608
0.254902 0.419608
0.258824 0.419608
0.262745 0.419608
0.266667 0.419608
0.270588 0.419608
0.274510 0.419608
0.278431 0.419608
0.282353 0.419608
0.286275 0.419608
0.290196 0.419608
0.294118 0.419608
0.298039 0.419608
0.301961 0.419608
0.305882 0.419608
0.309804 0.419608
0.313726 0.419608
0.317647 0.419608
0.321569 0.419608
0.325490 0.419608
0.329412 0.419608
0.333333 0.419608
0.337255 0.419608
0.341176 0.419608
0.345098 0.419608
0.349020 0.419608
0.352941 0.419608
0.356863 0.419608
0.360784 0.419608
0.364706 0.419608
0.368627 0.419608
0.372549 0.419608
0.376471 0.419608
0.380392 0.419608
0.384314 0.419608
0.388235 0.419608
0.392157 0.419608
0.396078 0.419608
0.400000 0.419608
0.403922 0.419608
0.407843 0.419608
0.411765 0.419608
0.415686 0.419608
0.419608 0.419608
0.423529 0.419608
0.427451 0.419608
0.431373 0.419608
0.435294 0.419608
0.439216 0.419608
0.443137 0.419608
0.447059 0.419608
0.450980 0.419608
0.454902 0.419608
0.458824 0.419608
0.462745 0.419608
0.466667 0.419608
0.470588 0.419608
0.474510 0.419608
0.478431 0.419608
0.482353 0.419608
0.486275 0.419608
0.490196 0.419608
0.494118 0.419608
0.498039 0.419608
0.501961 0.419608
0.505882 0.419608
0.509804 0.419608
0.513726 0.419608
0.517647 0.419608
0.521569 0.419608
0.525490 0.419608
0.529412 0.419608
0.533333 0.419608
0.537255 0.419608
0.541176 0.419608
0.545098 0.419608
0.549020 0.419608
0.552941 0.419608
0.556863 0.419608
0.560784 0.419608
0.564706 0.419608
0.568627 0.419608
0.572549 0.419608
0.576471 0.419608
0.580392 0.419608
0.584314 0.419608
0.588235 0.419608
0.592157 0.419608
0.596078 0.419608
0.600000 0.419608
0.603922 0.419608
0.607843 0.419608
0.611765 0.419608
0.615686 0.419608
0.619608 0.419608
0.623529 0.419608
0.627451 0.419608
0.631373 0.419608
0.635294 0.419608
0.639216 0.419608
0.643137 0.419608
0.647059 0.419608
0.650980 0.419608
0.654902 0.419608
0.658824 0.419608
0.662745 0.419608
0.666667 0.419608
0.670588 0.419608
0.674510 0.419608
0.678431 0.419608
0.682353 0.419608
0.686275 0.419608
0.690196 0.419608
0.694118 0.419608
0.698039 0.419608
0.701961 0.419608
0.705882 0.419608
0.709804 0.419608
0.713726 0.419608
0.717647 0.419608
0.721569 0.419608
0.725490 0.419608
0.729412 0.419608
0.733333 0.419608
0.737255 0.419608
0.741176 0.419608
0.745098 0.419608
0.749020 0.419608
0.752941 0.419608
0.756863 0.419608
0.760784 0.419608
0.764706 0.419608
0.768627 0.419608
0.772549 0.419608
0.776471 0.419608
0.780392 0.419608
0.784314 0.419608
0.788235 0.419608
0.792157 0.419608
0.796078 0.419608
0.800000 0.419608
0.803922 0.419608
0.807843 0.419608
0.811765 0.419608
0.815686 0.419608
0.819608 0.419608
0.823529 0.419608
0.827451 0.419608
0.831373 0.419608
0.835294 0.419608
0.839216 0.419608
0.843137 0.419608
0.847059 0.419608
0.850980 0.419608
0.854902 0.419608
0.858824 0.419608
0.862745 0.419608
0.866667 0.419608
0.870588 0.419608
0.874510 0.419608
0.878431 0.419608
0.882353 0.419608
0.886275 0.419608
0.890196 0.419608
0.894118 0.419608
0.898039 0.419608
0.901961 0.419608
0.905882 0.419608
0.909804 0.419608
0.913725 0.419608
0.917647 0.419608
0.921569 0.419608
0.925490 0.419608
0.929412 0.419608
0.933333 0.419608
0.937255 0.419608
0.941176 0.419608
0.945098 0.419608
0.949020 0.419608
0.952941 0.419608
0.956863 0.419608
0.960784 0.419608
0.964706 0.419608
0.968627 0.419608
0.972549 0.419608
0.976471 0.419608
0.980392 0.419608
0.984314 0.419608
0.988235 0.419608
0.992157 0.419608
0.996078 0.419608
1.000000 0.419608

i = 1080.000000 0.423529
0.003922 0.423529
0.007843 0.423529
0.011765 0.423529
0.015686 0.423529
0.019608 0.423529
0.023529 0.423529
0.027451 0.423529
0.031373 0.423529
0.035294 0.423529
0.039216 0.423529
0.043137 0.423529
0.047059 0.423529
0.050980 0.423529
0.054902 0.423529
0.058824 0.423529
0.062745 0.423529
0.066667 0.423529
0.070588 0.423529
0.074510 0.423529
0.078431 0.423529
0.082353 0.423529
0.086275 0.423529
0.090196 0.423529
0.094118 0.423529
0.098039 0.423529
0.101961 0.423529
0.105882 0.423529
0.109804 0.423529
0.113725 0.423529
0.117647 0.423529
0.121569 0.423529
0.125490 0.423529
0.129412 0.423529
0.133333 0.423529
0.137255 0.423529
0.141176 0.423529
0.145098 0.423529
0.149020 0.423529
0.152941 0.423529
0.156863 0.423529
0.160784 0.423529
0.164706 0.423529
0.168627 0.423529
0.172549 0.423529
0.176471 0.423529
0.180392 0.423529
0.184314 0.423529
0.188235 0.423529
0.192157 0.423529
0.196078 0.423529
0.200000 0.423529
0.203922 0.423529
0.207843 0.423529
0.211765 0.423529
0.215686 0.423529
0.219608 0.423529
0.223529 0.423529
0.227451 0.423529
0.231373 0.423529
0.235294 0.423529
0.239216 0.423529
0.243137 0.423529
0.247059 0.423529
0.250980 0.423529
0.254902 0.423529
0.258824 0.423529
0.262745 0.423529
0.266667 0.423529
0.270588 0.423529
0.274510 0.423529
0.278431 0.423529
0.282353 0.423529
0.286275 0.423529
0.290196 0.423529
0.294118 0.423529
0.298039 0.423529
0.301961 0.423529
0.305882 0.423529
0.309804 0.423529
0.313726 0.423529
0.317647 0.423529
0.321569 0.423529
0.325490 0.423529
0.329412 0.423529
0.333333 0.423529
0.337255 0.423529
0.341176 0.423529
0.345098 0.423529
0.349020 0.423529
0.352941 0.423529
0.356863 0.423529
0.360784 0.423529
0.364706 0.423529
0.368627 0.423529
0.372549 0.423529
0.376471 0.423529
0.380392 0.423529
0.384314 0.423529
0.388235 0.423529
0.392157 0.423529
0.396078 0.423529
0.400000 0.423529
0.403922 0.423529
0.407843 0.423529
0.411765 0.423529
0.415686 0.423529
0.419608 0.423529
0.423529 0.423529
0.427451 0.423529
0.431373 0.423529
0.435294 0.423529
0.439216 0.423529
0.443137 0.423529
0.447059 0.423529
0.450980 0.423529
0.454902 0.423529
0.458824 0.423529
0.462745 0.423529
0.466667 0.423529
0.470588 0.423529
0.474510 0.423529
0.478431 0.423529
0.482353 0.423529
0.486275 0.423529
0.490196 0.423529
0.494118 0.423529
0.498039 0.423529
0.501961 0.423529
0.505882 0.423529
0.509804 0.423529
0.513726 0.423529
0.517647 0.423529
0.521569 0.423529
0.525490 0.423529
0.529412 0.423529
0.533333 0.423529
0.537255 0.423529
0.541176 0.423529
0.545098 0.423529
0.549020 0.423529
0.552941 0.423529
0.556863 0.423529
0.560784 0.423529
0.564706 0.423529
0.568627 0.423529
0.572549 0.423529
0.576471 0.423529
0.580392 0.423529
0.584314 0.423529
0.588235 0.423529
0.592157 0.423529
0.596078 0.423529
0.600000 0.423529
0.603922 0.423529
0.607843 0.423529
0.611765 0.423529
0.615686 0.423529
0.619608 0.423529
0.623529 0.423529
0.627451 0.423529
0.631373 0.423529
0.635294 0.423529
0.639216 0.423529
0.643137 0.423529
0.647059 0.423529
0.650980 0.423529
0.654902 0.423529
0.658824 0.423529
0.662745 0.423529
0.666667 0.423529
0.670588 0.423529
0.674510 0.423529
0.678431 0.423529
0.682353 0.423529
0.686275 0.423529
0.690196 0.423529
0.694118 0.423529
0.698039 0.423529
0.701961 0.423529
0.705882 0.423529
0.709804 0.423529
0.713726 0.423529
0.717647 0.423529
0.721569 0.423529
0.725490 0.423529
0.729412 0.423529
0.733333 0.423529
0.737255 0.423529
0.741176 0.423529
0.745098 0.423529
0.749020 0.423529
0.752941 0.423529
0.756863 0.423529
0.760784 0.423529
0.764706 0.423529
0.768627 0.423529
0.772549 0.423529
0.776471 0.423529
0.780392 0.423529
0.784314 0.423529
0.788235 0.423529
0.792157 0.423529
0.796078 0.423529
0.800000 0.423529
0.803922 0.423529
0.807843 0.423529
0.811765 0.423529
0.815686 0.423529
0.819608 0.423529
0.823529 0.423529
0.827451 0.423529
0.831373 0.423529
0.835294 0.423529
0.839216 0.423529
0.843137 0.423529
0.847059 0.423529
0.850980 0.423529
0.854902 0.423529
0.858824 0.423529
0.862745 0.423529
0.866667 0.423529
0.870588 0.423529
0.874510 0.423529
0.878431 0.423529
0.882353 0.423529
0.886275 0.423529
0.890196 0.423529
0.894118 0.423529
0.898039 0.423529
0.901961 0.423529
0.905882 0.423529
0.909804 0.423529
0.913725 0.423529
0.917647 0.423529
0.921569 0.423529
0.925490 0.423529
0.929412 0.423529
0.933333 0.423529
0.937255 0.423529
0.941176 0.423529
0.945098 0.423529
0.949020 0.423529
0.952941 0.423529
0.956863 0.423529
0.960784 0.423529
0.964706 0.423529
0.968627 0.423529
0.972549 0.423529
0.976471 0.423529
0.980392 0.423529
0.984314 0.423529
0.988235 0.423529
0.992157 0.423529
0.996078 0.423529
1.000000 0.423529

i = 1090.000000 0.427451
0.003922 0.427451
0.007843 0.427451
0.011765 0.427451
0.015686 0.427451
0.019608 0.427451
0.023529 0.427451
0.027451 0.427451
0.031373 0.427451
0.035294 0.427451
0.039216 0.427451
0.043137 0.427451
0.047059 0.427451
0.050980 0.427451
0.054902 0.427451
0.058824 0.427451
0.062745 0.427451
0.066667 0.427451
0.070588 0.427451
0.074510 0.427451
0.078431 0.427451
0.082353 0.427451
0.086275 0.427451
0.090196 0.427451
0.094118 0.427451
0.098039 0.427451
0.101961 0.427451
0.105882 0.427451
0.109804 0.427451
0.113725 0.427451
0.117647 0.427451
0.121569 0.427451
0.125490 0.427451
0.129412 0.427451
0.133333 0.427451
0.137255 0.427451
0.141176 0.427451
0.145098 0.427451
0.149020 0.427451
0.152941 0.427451
0.156863 0.427451
0.160784 0.427451
0.164706 0.427451
0.168627 0.427451
0.172549 0.427451
0.176471 0.427451
0.180392 0.427451
0.184314 0.427451
0.188235 0.427451
0.192157 0.427451
0.196078 0.427451
0.200000 0.427451
0.203922 0.427451
0.207843 0.427451
0.211765 0.427451
0.215686 0.427451
0.219608 0.427451
0.223529 0.427451
0.227451 0.427451
0.231373 0.427451
0.235294 0.427451
0.239216 0.427451
0.243137 0.427451
0.247059 0.427451
0.250980 0.427451
0.254902 0.427451
0.258824 0.427451
0.262745 0.427451
0.266667 0.427451
0.270588 0.427451
0.274510 0.427451
0.278431 0.427451
0.282353 0.427451
0.286275 0.427451
0.290196 0.427451
0.294118 0.427451
0.298039 0.427451
0.301961 0.427451
0.305882 0.427451
0.309804 0.427451
0.313726 0.427451
0.317647 0.427451
0.321569 0.427451
0.325490 0.427451
0.329412 0.427451
0.333333 0.427451
0.337255 0.427451
0.341176 0.427451
0.345098 0.427451
0.349020 0.427451
0.352941 0.427451
0.356863 0.427451
0.360784 0.427451
0.364706 0.427451
0.368627 0.427451
0.372549 0.427451
0.376471 0.427451
0.380392 0.427451
0.384314 0.427451
0.388235 0.427451
0.392157 0.427451
0.396078 0.427451
0.400000 0.427451
0.403922 0.427451
0.407843 0.427451
0.411765 0.427451
0.415686 0.427451
0.419608 0.427451
0.423529 0.427451
0.427451 0.427451
0.431373 0.427451
0.435294 0.427451
0.439216 0.427451
0.443137 0.427451
0.447059 0.427451
0.450980 0.427451
0.454902 0.427451
0.458824 0.427451
0.462745 0.427451
0.466667 0.427451
0.470588 0.427451
0.474510 0.427451
0.478431 0.427451
0.482353 0.427451
0.486275 0.427451
0.490196 0.427451
0.494118 0.427451
0.498039 0.427451
0.501961 0.427451
0.505882 0.427451
0.509804 0.427451
0.513726 0.427451
0.517647 0.427451
0.521569 0.427451
0.525490 0.427451
0.529412 0.427451
0.533333 0.427451
0.537255 0.427451
0.541176 0.427451
0.545098 0.427451
0.549020 0.427451
0.552941 0.427451
0.556863 0.427451
0.560784 0.427451
0.564706 0.427451
0.568627 0.427451
0.572549 0.427451
0.576471 0.427451
0.580392 0.427451
0.584314 0.427451
0.588235 0.427451
0.592157 0.427451
0.596078 0.427451
0.600000 0.427451
0.603922 0.427451
0.607843 0.427451
0.611765 0.427451
0.615686 0.427451
0.619608 0.427451
0.623529 0.427451
0.627451 0.427451
0.631373 0.427451
0.635294 0.427451
0.639216 0.427451
0.643137 0.427451
0.647059 0.427451
0.650980 0.427451
0.654902 0.427451
0.658824 0.427451
0.662745 0.427451
0.666667 0.427451
0.670588 0.427451
0.674510 0.427451
0.678431 0.427451
0.682353 0.427451
0.686275 0.427451
0.690196 0.427451
0.694118 0.427451
0.698039 0.427451
0.701961 0.427451
0.705882 0.427451
0.709804 0.427451
0.713726 0.427451
0.717647 0.427451
0.721569 0.427451
0.725490 0.427451
0.729412 0.427451
0.733333 0.427451
0.737255 0.427451
0.741176 0.427451
0.745098 0.427451
0.749020 0.427451
0.752941 0.427451
0.756863 0.427451
0.760784 0.427451
0.764706 0.427451
0.768627 0.427451
0.772549 0.427451
0.776471 0.427451
0.780392 0.427451
0.784314 0.427451
0.788235 0.427451
0.792157 0.427451
0.796078 0.427451
0.800000 0.427451
0.803922 0.427451
0.807843 0.427451
0.811765 0.427451
0.815686 0.427451
0.819608 0.427451
0.823529 0.427451
0.827451 0.427451
0.831373 0.427451
0.835294 0.427451
0.839216 0.427451
0.843137 0.427451
0.847059 0.427451
0.850980 0.427451
0.854902 0.427451
0.858824 0.427451
0.862745 0.427451
0.866667 0.427451
0.870588 0.427451
0.874510 0.427451
0.878431 0.427451
0.882353 0.427451
0.886275 0.427451
0.890196 0.427451
0.894118 0.427451
0.898039 0.427451
0.901961 0.427451
0.905882 0.427451
0.909804 0.427451
0.913725 0.427451
0.917647 0.427451
0.921569 0.427451
0.925490 0.427451
0.929412 0.427451
0.933333 0.427451
0.937255 0.427451
0.941176 0.427451
0.945098 0.427451
0.949020 0.427451
0.952941 0.427451
0.956863 0.427451
0.960784 0.427451
0.964706 0.427451
0.968627 0.427451
0.972549 0.427451
0.976471 0.427451
0.980392 0.427451
0.984314 0.427451
0.988235 0.427451
0.992157 0.427451
0.996078 0.427451
1.000000 0.427451

i = 1100.000000 0.431373
0.003922 0.431373
0.007843 0.431373
0.011765 0.431373
0.015686 0.431373
0.019608 0.431373
0.023529 0.431373
0.027451 0.431373
0.031373 0.431373
0.035294 0.431373
0.039216 0.431373
0.043137 0.431373
0.047059 0.431373
0.050980 0.431373
0.054902 0.431373
0.058824 0.431373
0.062745 0.431373
0.066667 0.431373
0.070588 0.431373
0.074510 0.431373
0.078431 0.431373
0.082353 0.431373
0.086275 0.431373
0.090196 0.431373
0.094118 0.431373
0.098039 0.431373
0.101961 0.431373
0.105882 0.431373
0.109804 0.431373
0.113725 0.431373
0.117647 0.431373
0.121569 0.431373
0.125490 0.431373
0.129412 0.431373
0.133333 0.431373
0.137255 0.431373
0.141176 0.431373
0.145098 0.431373
0.149020 0.431373
0.152941 0.431373
0.156863 0.431373
0.160784 0.431373
0.164706 0.431373
0.168627 0.431373
0.172549 0.431373
0.176471 0.431373
0.180392 0.431373
0.184314 0.431373
0.188235 0.431373
0.192157 0.431373
0.196078 0.431373
0.200000 0.431373
0.203922 0.431373
0.207843 0.431373
0.211765 0.431373
0.215686 0.431373
0.219608 0.431373
0.223529 0.431373
0.227451 0.431373
0.231373 0.431373
0.235294 0.431373
0.239216 0.431373
0.243137 0.431373
0.247059 0.431373
0.250980 0.431373
0.254902 0.431373
0.258824 0.431373
0.262745 0.431373
0.266667 0.431373
0.270588 0.431373
0.274510 0.431373
0.278431 0.431373
0.282353 0.431373
0.286275 0.431373
0.290196 0.431373
0.294118 0.431373
0.298039 0.431373
0.301961 0.431373
0.305882 0.431373
0.309804 0.431373
0.313726 0.431373
0.317647 0.431373
0.321569 0.431373
0.325490 0.431373
0.329412 0.431373
0.333333 0.431373
0.337255 0.431373
0.341176 0.431373
0.345098 0.431373
0.349020 0.431373
0.352941 0.431373
0.356863 0.431373
0.360784 0.431373
0.364706 0.431373
0.368627 0.431373
0.372549 0.431373
0.376471 0.431373
0.380392 0.431373
0.384314 0.431373
0.388235 0.431373
0.392157 0.431373
0.396078 0.431373
0.400000 0.431373
0.403922 0.431373
0.407843 0.431373
0.411765 0.431373
0.415686 0.431373
0.419608 0.431373
0.423529 0.431373
0.427451 0.431373
0.431373 0.431373
0.435294 0.431373
0.439216 0.431373
0.443137 0.431373
0.447059 0.431373
0.450980 0.431373
0.454902 0.431373
0.458824 0.431373
0.462745 0.431373
0.466667 0.431373
0.470588 0.431373
0.474510 0.431373
0.478431 0.431373
0.482353 0.431373
0.486275 0.431373
0.490196 0.431373
0.494118 0.431373
0.498039 0.431373
0.501961 0.431373
0.505882 0.431373
0.509804 0.431373
0.513726 0.431373
0.517647 0.431373
0.521569 0.431373
0.525490 0.431373
0.529412 0.431373
0.533333 0.431373
0.537255 0.431373
0.541176 0.431373
0.545098 0.431373
0.549020 0.431373
0.552941 0.431373
0.556863 0.431373
0.560784 0.431373
0.564706 0.431373
0.568627 0.431373
0.572549 0.431373
0.576471 0.431373
0.580392 0.431373
0.584314 0.431373
0.588235 0.431373
0.592157 0.431373
0.596078 0.431373
0.600000 0.431373
0.603922 0.431373
0.607843 0.431373
0.611765 0.431373
0.615686 0.431373
0.619608 0.431373
0.623529 0.431373
0.627451 0.431373
0.631373 0.431373
0.635294 0.431373
0.639216 0.431373
0.643137 0.431373
0.647059 0.431373
0.650980 0.431373
0.654902 0.431373
0.658824 0.431373
0.662745 0.431373
0.666667 0.431373
0.670588 0.431373
0.674510 0.431373
0.678431 0.431373
0.682353 0.431373
0.686275 0.431373
0.690196 0.431373
0.694118 0.431373
0.698039 0.431373
0.701961 0.431373
0.705882 0.431373
0.709804 0.431373
0.713726 0.431373
0.717647 0.431373
0.721569 0.431373
0.725490 0.431373
0.729412 0.431373
0.733333 0.431373
0.737255 0.431373
0.741176 0.431373
0.745098 0.431373
0.749020 0.431373
0.752941 0.431373
0.756863 0.431373
0.760784 0.431373
0.764706 0.431373
0.768627 0.431373
0.772549 0.431373
0.776471 0.431373
0.780392 0.431373
0.784314 0.431373
0.788235 0.431373
0.792157 0.431373
0.796078 0.431373
0.800000 0.431373
0.803922 0.431373
0.807843 0.431373
0.811765 0.431373
0.815686 0.431373
0.819608 0.431373
0.823529 0.431373
0.827451 0.431373
0.831373 0.431373
0.835294 0.431373
0.839216 0.431373
0.843137 0.431373
0.847059 0.431373
0.850980 0.431373
0.854902 0.431373
0.858824 0.431373
0.862745 0.431373
0.866667 0.431373
0.870588 0.431373
0.874510 0.431373
0.878431 0.431373
0.882353 0.431373
0.886275 0.431373
0.890196 0.431373
0.894118 0.431373
0.898039 0.431373
0.901961 0.431373
0.905882 0.431373
0.909804 0.431373
0.913725 0.431373
0.917647 0.431373
0.921569 0.431373
0.925490 0.431373
0.929412 0.431373
0.933333 0.431373
0.937255 0.431373
0.941176 0.431373
0.945098 0.431373
0.949020 0.431373
0.952941 0.431373
0.956863 0.431373
0.960784 0.431373
0.964706 0.431373
0.968627 0.431373
0.972549 0.431373
0.976471 0.431373
0.980392 0.431373
0.984314 0.431373
0.988235 0.431373
0.992157 0.431373
0.996078 0.431373
1.000000 0.431373

i = 1110.000000 0.435294
0.003922 0.435294
0.007843 0.435294
0.011765 0.435294
0.015686 0.435294
0.019608 0.435294
0.023529 0.435294
0.027451 0.435294
0.031373 0.435294
0.035294 0.435294
0.039216 0.435294
0.043137 0.435294
0.047059 0.435294
0.050980 0.435294
0.054902 0.435294
0.058824 0.435294
0.062745 0.435294
0.066667 0.435294
0.070588 0.435294
0.074510 0.435294
0.078431 0.435294
0.082353 0.435294
0.086275 0.435294
0.090196 0.435294
0.094118 0.435294
0.098039 0.435294
0.101961 0.435294
0.105882 0.435294
0.109804 0.435294
0.113725 0.435294
0.117647 0.435294
0.121569 0.435294
0.125490 0.435294
0.129412 0.435294
0.133333 0.435294
0.137255 0.435294
0.141176 0.435294
0.145098 0.435294
0.149020 0.435294
0.152941 0.435294
0.156863 0.435294
0.160784 0.435294
0.164706 0.435294
0.168627 0.435294
0.172549 0.435294
0.176471 0.435294
0.180392 0.435294
0.184314 0.435294
0.188235 0.435294
0.192157 0.435294
0.196078 0.435294
0.200000 0.435294
0.203922 0.435294
0.207843 0.435294
0.211765 0.435294
0.215686 0.435294
0.219608 0.435294
0.223529 0.435294
0.227451 0.435294
0.231373 0.435294
0.235294 0.435294
0.239216 0.435294
0.243137 0.435294
0.247059 0.435294
0.250980 0.435294
0.254902 0.435294
0.258824 0.435294
0.262745 0.435294
0.266667 0.435294
0.270588 0.435294
0.274510 0.435294
0.278431 0.435294
0.282353 0.435294
0.286275 0.435294
0.290196 0.435294
0.294118 0.435294
0.298039 0.435294
0.301961 0.435294
0.305882 0.435294
0.309804 0.435294
0.313726 0.435294
0.317647 0.435294
0.321569 0.435294
0.325490 0.435294
0.329412 0.435294
0.333333 0.435294
0.337255 0.435294
0.341176 0.435294
0.345098 0.435294
0.349020 0.435294
0.352941 0.435294
0.356863 0.435294
0.360784 0.435294
0.364706 0.435294
0.368627 0.435294
0.372549 0.435294
0.376471 0.435294
0.380392 0.435294
0.384314 0.435294
0.388235 0.435294
0.392157 0.435294
0.396078 0.435294
0.400000 0.435294
0.403922 0.435294
0.407843 0.435294
0.411765 0.435294
0.415686 0.435294
0.419608 0.435294
0.423529 0.435294
0.427451 0.435294
0.431373 0.435294
0.435294 0.435294
0.439216 0.435294
0.443137 0.435294
0.447059 0.435294
0.450980 0.435294
0.454902 0.435294
0.458824 0.435294
0.462745 0.435294
0.466667 0.435294
0.470588 0.435294
0.474510 0.435294
0.478431 0.435294
0.482353 0.435294
0.486275 0.435294
0.490196 0.435294
0.494118 0.435294
0.498039 0.435294
0.501961 0.435294
0.505882 0.435294
0.509804 0.435294
0.513726 0.435294
0.517647 0.435294
0.521569 0.435294
0.525490 0.435294
0.529412 0.435294
0.533333 0.435294
0.537255 0.435294
0.541176 0.435294
0.545098 0.435294
0.549020 0.435294
0.552941 0.435294
0.556863 0.435294
0.560784 0.435294
0.564706 0.435294
0.568627 0.435294
0.572549 0.435294
0.576471 0.435294
0.580392 0.435294
0.584314 0.435294
0.588235 0.435294
0.592157 0.435294
0.596078 0.435294
0.600000 0.435294
0.603922 0.435294
0.607843 0.435294
0.611765 0.435294
0.615686 0.435294
0.619608 0.435294
0.623529 0.435294
0.627451 0.435294
0.631373 0.435294
0.635294 0.435294
0.639216 0.435294
0.643137 0.435294
0.647059 0.435294
0.650980 0.435294
0.654902 0.435294
0.658824 0.435294
0.662745 0.435294
0.666667 0.435294
0.670588 0.435294
0.674510 0.435294
0.678431 0.435294
0.682353 0.435294
0.686275 0.435294
0.690196 0.435294
0.694118 0.435294
0.698039 0.435294
0.701961 0.435294
0.705882 0.435294
0.709804 0.435294
0.713726 0.435294
0.717647 0.435294
0.721569 0.435294
0.725490 0.435294
0.729412 0.435294
0.733333 0.435294
0.737255 0.435294
0.741176 0.435294
0.745098 0.435294
0.749020 0.435294
0.752941 0.435294
0.756863 0.435294
0.760784 0.435294
0.764706 0.435294
0.768627 0.435294
0.772549 0.435294
0.776471 0.435294
0.780392 0.435294
0.784314 0.435294
0.788235 0.435294
0.792157 0.435294
0.796078 0.435294
0.800000 0.435294
0.803922 0.435294
0.807843 0.435294
0.811765 0.435294
0.815686 0.435294
0.819608 0.435294
0.823529 0.435294
0.827451 0.435294
0.831373 0.435294
0.835294 0.435294
0.839216 0.435294
0.843137 0.435294
0.847059 0.435294
0.850980 0.435294
0.854902 0.435294
0.858824 0.435294
0.862745 0.435294
0.866667 0.435294
0.870588 0.435294
0.874510 0.435294
0.878431 0.435294
0.882353 0.435294
0.886275 0.435294
0.890196 0.435294
0.894118 0.435294
0.898039 0.435294
0.901961 0.435294
0.905882 0.435294
0.909804 0.435294
0.913725 0.435294
0.917647 0.435294
0.921569 0.435294
0.925490 0.435294
0.929412 0.435294
0.933333 0.435294
0.937255 0.435294
0.941176 0.435294
0.945098 0.435294
0.949020 0.435294
0.952941 0.435294
0.956863 0.435294
0.960784 0.435294
0.964706 0.435294
0.968627 0.435294
0.972549 0.435294
0.976471 0.435294
0.980392 0.435294
0.984314 0.435294
0.988235 0.435294
0.992157 0.435294
0.996078 0.435294
1.000000 0.435294

i = 1120.000000 0.439216
0.003922 0.439216
0.007843 0.439216
0.011765 0.439216
0.015686 0.439216
0.019608 0.439216
0.023529 0.439216
0.027451 0.439216
0.031373 0.439216
0.035294 0.439216
0.039216 0.439216
0.043137 0.439216
0.047059 0.439216
0.050980 0.439216
0.054902 0.439216
0.058824 0.439216
0.062745 0.439216
0.066667 0.439216
0.070588 0.439216
0.074510 0.439216
0.078431 0.439216
0.082353 0.439216
0.086275 0.439216
0.090196 0.439216
0.094118 0.439216
0.098039 0.439216
0.101961 0.439216
0.105882 0.439216
0.109804 0.439216
0.113725 0.439216
0.117647 0.439216
0.121569 0.439216
0.125490 0.439216
0.129412 0.439216
0.133333 0.439216
0.137255 0.439216
0.141176 0.439216
0.145098 0.439216
0.149020 0.439216
0.152941 0.439216
0.156863 0.439216
0.160784 0.439216
0.164706 0.439216
0.168627 0.439216
0.172549 0.439216
0.176471 0.439216
0.180392 0.439216
0.184314 0.439216
0.188235 0.439216
0.192157 0.439216
0.196078 0.439216
0.200000 0.439216
0.203922 0.439216
0.207843 0.439216
0.211765 0.439216
0.215686 0.439216
0.219608 0.439216
0.223529 0.439216
0.227451 0.439216
0.231373 0.439216
0.235294 0.439216
0.239216 0.439216
0.243137 0.439216
0.247059 0.439216
0.250980 0.439216
0.254902 0.439216
0.258824 0.439216
0.262745 0.439216
0.266667 0.439216
0.270588 0.439216
0.274510 0.439216
0.278431 0.439216
0.282353 0.439216
0.286275 0.439216
0.290196 0.439216
0.294118 0.439216
0.298039 0.439216
0.301961 0.439216
0.305882 0.439216
0.309804 0.439216
0.313726 0.439216
0.317647 0.439216
0.321569 0.439216
0.325490 0.439216
0.329412 0.439216
0.333333 0.439216
0.337255 0.439216
0.341176 0.439216
0.345098 0.439216
0.349020 0.439216
0.352941 0.439216
0.356863 0.439216
0.360784 0.439216
0.364706 0.439216
0.368627 0.439216
0.372549 0.439216
0.376471 0.439216
0.380392 0.439216
0.384314 0.439216
0.388235 0.439216
0.392157 0.439216
0.396078 0.439216
0.400000 0.439216
0.403922 0.439216
0.407843 0.439216
0.411765 0.439216
0.415686 0.439216
0.419608 0.439216
0.423529 0.439216
0.427451 0.439216
0.431373 0.439216
0.435294 0.439216
0.439216 0.439216
0.443137 0.439216
0.447059 0.439216
0.450980 0.439216
0.454902 0.439216
0.458824 0.439216
0.462745 0.439216
0.466667 0.439216
0.470588 0.439216
0.474510 0.439216
0.478431 0.439216
0.482353 0.439216
0.486275 0.439216
0.490196 0.439216
0.494118 0.439216
0.498039 0.439216
0.501961 0.439216
0.505882 0.439216
0.509804 0.439216
0.513726 0.439216
0.517647 0.439216
0.521569 0.439216
0.525490 0.439216
0.529412 0.439216
0.533333 0.439216
0.537255 0.439216
0.541176 0.439216
0.545098 0.439216
0.549020 0.439216
0.552941 0.439216
0.556863 0.439216
0.560784 0.439216
0.564706 0.439216
0.568627 0.439216
0.572549 0.439216
0.576471 0.439216
0.580392 0.439216
0.584314 0.439216
0.588235 0.439216
0.592157 0.439216
0.596078 0.439216
0.600000 0.439216
0.603922 0.439216
0.607843 0.439216
0.611765 0.439216
0.615686 0.439216
0.619608 0.439216
0.623529 0.439216
0.627451 0.439216
0.631373 0.439216
0.635294 0.439216
0.639216 0.439216
0.643137 0.439216
0.647059 0.439216
0.650980 0.439216
0.654902 0.439216
0.658824 0.439216
0.662745 0.439216
0.666667 0.439216
0.670588 0.439216
0.674510 0.439216
0.678431 0.439216
0.682353 0.439216
0.686275 0.439216
0.690196 0.439216
0.694118 0.439216
0.698039 0.439216
0.701961 0.439216
0.705882 0.439216
0.709804 0.439216
0.713726 0.439216
0.717647 0.439216
0.721569 0.439216
0.725490 0.439216
0.729412 0.439216
0.733333 0.439216
0.737255 0.439216
0.741176 0.439216
0.745098 0.439216
0.749020 0.439216
0.752941 0.439216
0.756863 0.439216
0.760784 0.439216
0.764706 0.439216
0.768627 0.439216
0.772549 0.439216
0.776471 0.439216
0.780392 0.439216
0.784314 0.439216
0.788235 0.439216
0.792157 0.439216
0.796078 0.439216
0.800000 0.439216
0.803922 0.439216
0.807843 0.439216
0.811765 0.439216
0.815686 0.439216
0.819608 0.439216
0.823529 0.439216
0.827451 0.439216
0.831373 0.439216
0.835294 0.439216
0.839216 0.439216
0.843137 0.439216
0.847059 0.439216
0.850980 0.439216
0.854902 0.439216
0.858824 0.439216
0.862745 0.439216
0.866667 0.439216
0.870588 0.439216
0.874510 0.439216
0.878431 0.439216
0.882353 0.439216
0.886275 0.439216
0.890196 0.439216
0.894118 0.439216
0.898039 0.439216
0.901961 0.439216
0.905882 0.439216
0.909804 0.439216
0.913725 0.439216
0.917647 0.439216
0.921569 0.439216
0.925490 0.439216
0.929412 0.439216
0.933333 0.439216
0.937255 0.439216
0.941176 0.439216
0.945098 0.439216
0.949020 0.439216
0.952941 0.439216
0.956863 0.439216
0.960784 0.439216
0.964706 0.439216
0.968627 0.439216
0.972549 0.439216
0.976471 0.439216
0.980392 0.439216
0.984314 0.439216
0.988235 0.439216
0.992157 0.439216
0.996078 0.439216
1.000000 0.439216

i = 1130.000000 0.443137
0.003922 0.443137
0.007843 0.443137
0.011765 0.443137
0.015686 0.443137
0.019608 0.443137
0.023529 0.443137
0.027451 0.443137
0.031373 0.443137
0.035294 0.443137
0.039216 0.443137
0.043137 0.443137
0.047059 0.443137
0.050980 0.443137
0.054902 0.443137
0.058824 0.443137
0.062745 0.443137
0.066667 0.443137
0.070588 0.443137
0.074510 0.443137
0.078431 0.443137
0.082353 0.443137
0.086275 0.443137
0.090196 0.443137
0.094118 0.443137
0.098039 0.443137
0.101961 0.443137
0.105882 0.443137
0.109804 0.443137
0.113725 0.443137
0.117647 0.443137
0.121569 0.443137
0.125490 0.443137
0.129412 0.443137
0.133333 0.443137
0.137255 0.443137
0.141176 0.443137
0.145098 0.443137
0.149020 0.443137
0.152941 0.443137
0.156863 0.443137
0.160784 0.443137
0.164706 0.443137
0.168627 0.443137
0.172549 0.443137
0.176471 0.443137
0.180392 0.443137
0.184314 0.443137
0.188235 0.443137
0.192157 0.443137
0.196078 0.443137
0.200000 0.443137
0.203922 0.443137
0.207843 0.443137
0.211765 0.443137
0.215686 0.443137
0.219608 0.443137
0.223529 0.443137
0.227451 0.443137
0.231373 0.443137
0.235294 0.443137
0.239216 0.443137
0.243137 0.443137
0.247059 0.443137
0.250980 0.443137
0.254902 0.443137
0.258824 0.443137
0.262745 0.443137
0.266667 0.443137
0.270588 0.443137
0.274510 0.443137
0.278431 0.443137
0.282353 0.443137
0.286275 0.443137
0.290196 0.443137
0.294118 0.443137
0.298039 0.443137
0.301961 0.443137
0.305882 0.443137
0.309804 0.443137
0.313726 0.443137
0.317647 0.443137
0.321569 0.443137
0.325490 0.443137
0.329412 0.443137
0.333333 0.443137
0.337255 0.443137
0.341176 0.443137
0.345098 0.443137
0.349020 0.443137
0.352941 0.443137
0.356863 0.443137
0.360784 0.443137
0.364706 0.443137
0.368627 0.443137
0.372549 0.443137
0.376471 0.443137
0.380392 0.443137
0.384314 0.443137
0.388235 0.443137
0.392157 0.443137
0.396078 0.443137
0.400000 0.443137
0.403922 0.443137
0.407843 0.443137
0.411765 0.443137
0.415686 0.443137
0.419608 0.443137
0.423529 0.443137
0.427451 0.443137
0.431373 0.443137
0.435294 0.443137
0.439216 0.443137
0.443137 0.443137
0.447059 0.443137
0.450980 0.443137
0.454902 0.443137
0.458824 0.443137
0.462745 0.443137
0.466667 0.443137
0.470588 0.443137
0.474510 0.443137
0.478431 0.443137
0.482353 0.443137
0.486275 0.443137
0.490196 0.443137
0.494118 0.443137
0.498039 0.443137
0.501961 0.443137
0.505882 0.443137
0.509804 0.443137
0.513726 0.443137
0.517647 0.443137
0.521569 0.443137
0.525490 0.443137
0.529412 0.443137
0.533333 0.443137
0.537255 0.443137
0.541176 0.443137
0.545098 0.443137
0.549020 0.443137
0.552941 0.443137
0.556863 0.443137
0.560784 0.443137
0.564706 0.443137
0.568627 0.443137
0.572549 0.443137
0.576471 0.443137
0.580392 0.443137
0.584314 0.443137
0.588235 0.443137
0.592157 0.443137
0.596078 0.443137
0.600000 0.443137
0.603922 0.443137
0.607843 0.443137
0.611765 0.443137
0.615686 0.443137
0.619608 0.443137
0.623529 0.443137
0.627451 0.443137
0.631373 0.443137
0.635294 0.443137
0.639216 0.443137
0.643137 0.443137
0.647059 0.443137
0.650980 0.443137
0.654902 0.443137
0.658824 0.443137
0.662745 0.443137
0.666667 0.443137
0.670588 0.443137
0.674510 0.443137
0.678431 0.443137
0.682353 0.443137
0.686275 0.443137
0.690196 0.443137
0.694118 0.443137
0.698039 0.443137
0.701961 0.443137
0.705882 0.443137
0.709804 0.443137
0.713726 0.443137
0.717647 0.443137
0.721569 0.443137
0.725490 0.443137
0.729412 0.443137
0.733333 0.443137
0.737255 0.443137
0.741176 0.443137
0.745098 0.443137
0.749020 0.443137
0.752941 0.443137
0.756863 0.443137
0.760784 0.443137
0.764706 0.443137
0.768627 0.443137
0.772549 0.443137
0.776471 0.443137
0.780392 0.443137
0.784314 0.443137
0.788235 0.443137
0.792157 0.443137
0.796078 0.443137
0.800000 0.443137
0.803922 0.443137
0.807843 0.443137
0.811765 0.443137
0.815686 0.443137
0.819608 0.443137
0.823529 0.443137
0.827451 0.443137
0.831373 0.443137
0.835294 0.443137
0.839216 0.443137
0.843137 0.443137
0.847059 0.443137
0.850980 0.443137
0.854902 0.443137
0.858824 0.443137
0.862745 0.443137
0.866667 0.443137
0.870588 0.443137
0.874510 0.443137
0.878431 0.443137
0.882353 0.443137
0.886275 0.443137
0.890196 0.443137
0.894118 0.443137
0.898039 0.443137
0.901961 0.443137
0.905882 0.443137
0.909804 0.443137
0.913725 0.443137
0.917647 0.443137
0.921569 0.443137
0.925490 0.443137
0.929412 0.443137
0.933333 0.443137
0.937255 0.443137
0.941176 0.443137
0.945098 0.443137
0.949020 0.443137
0.952941 0.443137
0.956863 0.443137
0.960784 0.443137
0.964706 0.443137
0.968627 0.443137
0.972549 0.443137
0.976471 0.443137
0.980392 0.443137
0.984314 0.443137
0.988235 0.443137
0.992157 0.443137
0.996078 0.443137
1.000000 0.443137

i = 1140.000000 0.447059
0.003922 0.447059
0.007843 0.447059
0.011765 0.447059
0.015686 0.447059
0.019608 0.447059
0.023529 0.447059
0.027451 0.447059
0.031373 0.447059
0.035294 0.447059
0.039216 0.447059
0.043137 0.447059
0.047059 0.447059
0.050980 0.447059
0.054902 0.447059
0.058824 0.447059
0.062745 0.447059
0.066667 0.447059
0.070588 0.447059
0.074510 0.447059
0.078431 0.447059
0.082353 0.447059
0.086275 0.447059
0.090196 0.447059
0.094118 0.447059
0.098039 0.447059
0.101961 0.447059
0.105882 0.447059
0.109804 0.447059
0.113725 0.447059
0.117647 0.447059
0.121569 0.447059
0.125490 0.447059
0.129412 0.447059
0.133333 0.447059
0.137255 0.447059
0.141176 0.447059
0.145098 0.447059
0.149020 0.447059
0.152941 0.447059
0.156863 0.447059
0.160784 0.447059
0.164706 0.447059
0.168627 0.447059
0.172549 0.447059
0.176471 0.447059
0.180392 0.447059
0.184314 0.447059
0.188235 0.447059
0.192157 0.447059
0.196078 0.447059
0.200000 0.447059
0.203922 0.447059
0.207843 0.447059
0.211765 0.447059
0.215686 0.447059
0.219608 0.447059
0.223529 0.447059
0.227451 0.447059
0.231373 0.447059
0.235294 0.447059
0.239216 0.447059
0.243137 0.447059
0.247059 0.447059
0.250980 0.447059
0.254902 0.447059
0.258824 0.447059
0.262745 0.447059
0.266667 0.447059
0.270588 0.447059
0.274510 0.447059
0.278431 0.447059
0.282353 0.447059
0.286275 0.447059
0.290196 0.447059
0.294118 0.447059
0.298039 0.447059
0.301961 0.447059
0.305882 0.447059
0.309804 0.447059
0.313726 0.447059
0.317647 0.447059
0.321569 0.447059
0.325490 0.447059
0.329412 0.447059
0.333333 0.447059
0.337255 0.447059
0.341176 0.447059
0.345098 0.447059
0.349020 0.447059
0.352941 0.447059
0.356863 0.447059
0.360784 0.447059
0.364706 0.447059
0.368627 0.447059
0.372549 0.447059
0.376471 0.447059
0.380392 0.447059
0.384314 0.447059
0.388235 0.447059
0.392157 0.447059
0.396078 0.447059
0.400000 0.447059
0.403922 0.447059
0.407843 0.447059
0.411765 0.447059
0.415686 0.447059
0.419608 0.447059
0.423529 0.447059
0.427451 0.447059
0.431373 0.447059
0.435294 0.447059
0.439216 0.447059
0.443137 0.447059
0.447059 0.447059
0.450980 0.447059
0.454902 0.447059
0.458824 0.447059
0.462745 0.447059
0.466667 0.447059
0.470588 0.447059
0.474510 0.447059
0.478431 0.447059
0.482353 0.447059
0.486275 0.447059
0.490196 0.447059
0.494118 0.447059
0.498039 0.447059
0.501961 0.447059
0.505882 0.447059
0.509804 0.447059
0.513726 0.447059
0.517647 0.447059
0.521569 0.447059
0.525490 0.447059
0.529412 0.447059
0.533333 0.447059
0.537255 0.447059
0.541176 0.447059
0.545098 0.447059
0.549020 0.447059
0.552941 0.447059
0.556863 0.447059
0.560784 0.447059
0.564706 0.447059
0.568627 0.447059
0.572549 0.447059
0.576471 0.447059
0.580392 0.447059
0.584314 0.447059
0.588235 0.447059
0.592157 0.447059
0.596078 0.447059
0.600000 0.447059
0.603922 0.447059
0.607843 0.447059
0.611765 0.447059
0.615686 0.447059
0.619608 0.447059
0.623529 0.447059
0.627451 0.447059
0.631373 0.447059
0.635294 0.447059
0.639216 0.447059
0.643137 0.447059
0.647059 0.447059
0.650980 0.447059
0.654902 0.447059
0.658824 0.447059
0.662745 0.447059
0.666667 0.447059
0.670588 0.447059
0.674510 0.447059
0.678431 0.447059
0.682353 0.447059
0.686275 0.447059
0.690196 0.447059
0.694118 0.447059
0.698039 0.447059
0.701961 0.447059
0.705882 0.447059
0.709804 0.447059
0.713726 0.447059
0.717647 0.447059
0.721569 0.447059
0.725490 0.447059
0.729412 0.447059
0.733333 0.447059
0.737255 0.447059
0.741176 0.447059
0.745098 0.447059
0.749020 0.447059
0.752941 0.447059
0.756863 0.447059
0.760784 0.447059
0.764706 0.447059
0.768627 0.447059
0.772549 0.447059
0.776471 0.447059
0.780392 0.447059
0.784314 0.447059
0.788235 0.447059
0.792157 0.447059
0.796078 0.447059
0.800000 0.447059
0.803922 0.447059
0.807843 0.447059
0.811765 0.447059
0.815686 0.447059
0.819608 0.447059
0.823529 0.447059
0.827451 0.447059
0.831373 0.447059
0.835294 0.447059
0.839216 0.447059
0.843137 0.447059
0.847059 0.447059
0.850980 0.447059
0.854902 0.447059
0.858824 0.447059
0.862745 0.447059
0.866667 0.447059
0.870588 0.447059
0.874510 0.447059
0.878431 0.447059
0.882353 0.447059
0.886275 0.447059
0.890196 0.447059
0.894118 0.447059
0.898039 0.447059
0.901961 0.447059
0.905882 0.447059
0.909804 0.447059
0.913725 0.447059
0.917647 0.447059
0.921569 0.447059
0.925490 0.447059
0.929412 0.447059
0.933333 0.447059
0.937255 0.447059
0.941176 0.447059
0.945098 0.447059
0.949020 0.447059
0.952941 0.447059
0.956863 0.447059
0.960784 0.447059
0.964706 0.447059
0.968627 0.447059
0.972549 0.447059
0.976471 0.447059
0.980392 0.447059
0.984314 0.447059
0.988235 0.447059
0.992157 0.447059
0.996078 0.447059
1.000000 0.447059

i = 1150.000000 0.450980
0.003922 0.450980
0.007843 0.450980
0.011765 0.450980
0.015686 0.450980
0.019608 0.450980
0.023529 0.450980
0.027451 0.450980
0.031373 0.450980
0.035294 0.450980
0.039216 0.450980
0.043137 0.450980
0.047059 0.450980
0.050980 0.450980
0.054902 0.450980
0.058824 0.450980
0.062745 0.450980
0.066667 0.450980
0.070588 0.450980
0.074510 0.450980
0.078431 0.450980
0.082353 0.450980
0.086275 0.450980
0.090196 0.450980
0.094118 0.450980
0.098039 0.450980
0.101961 0.450980
0.105882 0.450980
0.109804 0.450980
0.113725 0.450980
0.117647 0.450980
0.121569 0.450980
0.125490 0.450980
0.129412 0.450980
0.133333 0.450980
0.137255 0.450980
0.141176 0.450980
0.145098 0.450980
0.149020 0.450980
0.152941 0.450980
0.156863 0.450980
0.160784 0.450980
0.164706 0.450980
0.168627 0.450980
0.172549 0.450980
0.176471 0.450980
0.180392 0.450980
0.184314 0.450980
0.188235 0.450980
0.192157 0.450980
0.196078 0.450980
0.200000 0.450980
0.203922 0.450980
0.207843 0.450980
0.211765 0.450980
0.215686 0.450980
0.219608 0.450980
0.223529 0.450980
0.227451 0.450980
0.231373 0.450980
0.235294 0.450980
0.239216 0.450980
0.243137 0.450980
0.247059 0.450980
0.250980 0.450980
0.254902 0.450980
0.258824 0.450980
0.262745 0.450980
0.266667 0.450980
0.270588 0.450980
0.274510 0.450980
0.278431 0.450980
0.282353 0.450980
0.286275 0.450980
0.290196 0.450980
0.294118 0.450980
0.298039 0.450980
0.301961 0.450980
0.305882 0.450980
0.309804 0.450980
0.313726 0.450980
0.317647 0.450980
0.321569 0.450980
0.325490 0.450980
0.329412 0.450980
0.333333 0.450980
0.337255 0.450980
0.341176 0.450980
0.345098 0.450980
0.349020 0.450980
0.352941 0.450980
0.356863 0.450980
0.360784 0.450980
0.364706 0.450980
0.368627 0.450980
0.372549 0.450980
0.376471 0.450980
0.380392 0.450980
0.384314 0.450980
0.388235 0.450980
0.392157 0.450980
0.396078 0.450980
0.400000 0.450980
0.403922 0.450980
0.407843 0.450980
0.411765 0.450980
0.415686 0.450980
0.419608 0.450980
0.423529 0.450980
0.427451 0.450980
0.431373 0.450980
0.435294 0.450980
0.439216 0.450980
0.443137 0.450980
0.447059 0.450980
0.450980 0.450980
0.454902 0.450980
0.458824 0.450980
0.462745 0.450980
0.466667 0.450980
0.470588 0.450980
0.474510 0.450980
0.478431 0.450980
0.482353 0.450980
0.486275 0.450980
0.490196 0.450980
0.494118 0.450980
0.498039 0.450980
0.501961 0.450980
0.505882 0.450980
0.509804 0.450980
0.513726 0.450980
0.517647 0.450980
0.521569 0.450980
0.525490 0.450980
0.529412 0.450980
0.533333 0.450980
0.537255 0.450980
0.541176 0.450980
0.545098 0.450980
0.549020 0.450980
0.552941 0.450980
0.556863 0.450980
0.560784 0.450980
0.564706 0.450980
0.568627 0.450980
0.572549 0.450980
0.576471 0.450980
0.580392 0.450980
0.584314 0.450980
0.588235 0.450980
0.592157 0.450980
0.596078 0.450980
0.600000 0.450980
0.603922 0.450980
0.607843 0.450980
0.611765 0.450980
0.615686 0.450980
0.619608 0.450980
0.623529 0.450980
0.627451 0.450980
0.631373 0.450980
0.635294 0.450980
0.639216 0.450980
0.643137 0.450980
0.647059 0.450980
0.650980 0.450980
0.654902 0.450980
0.658824 0.450980
0.662745 0.450980
0.666667 0.450980
0.670588 0.450980
0.674510 0.450980
0.678431 0.450980
0.682353 0.450980
0.686275 0.450980
0.690196 0.450980
0.694118 0.450980
0.698039 0.450980
0.701961 0.450980
0.705882 0.450980
0.709804 0.450980
0.713726 0.450980
0.717647 0.450980
0.721569 0.450980
0.725490 0.450980
0.729412 0.450980
0.733333 0.450980
0.737255 0.450980
0.741176 0.450980
0.745098 0.450980
0.749020 0.450980
0.752941 0.450980
0.756863 0.450980
0.760784 0.450980
0.764706 0.450980
0.768627 0.450980
0.772549 0.450980
0.776471 0.450980
0.780392 0.450980
0.784314 0.450980
0.788235 0.450980
0.792157 0.450980
0.796078 0.450980
0.800000 0.450980
0.803922 0.450980
0.807843 0.450980
0.811765 0.450980
0.815686 0.450980
0.819608 0.450980
0.823529 0.450980
0.827451 0.450980
0.831373 0.450980
0.835294 0.450980
0.839216 0.450980
0.843137 0.450980
0.847059 0.450980
0.850980 0.450980
0.854902 0.450980
0.858824 0.450980
0.862745 0.450980
0.866667 0.450980
0.870588 0.450980
0.874510 0.450980
0.878431 0.450980
0.882353 0.450980
0.886275 0.450980
0.890196 0.450980
0.894118 0.450980
0.898039 0.450980
0.901961 0.450980
0.905882 0.450980
0.909804 0.450980
0.913725 0.450980
0.917647 0.450980
0.921569 0.450980
0.925490 0.450980
0.929412 0.450980
0.933333 0.450980
0.937255 0.450980
0.941176 0.450980
0.945098 0.450980
0.949020 0.450980
0.952941 0.450980
0.956863 0.450980
0.960784 0.450980
0.964706 0.450980
0.968627 0.450980
0.972549 0.450980
0.976471 0.450980
0.980392 0.450980
0.984314 0.450980
0.988235 0.450980
0.992157 0.450980
0.996078 0.450980
1.000000 0.450980

i = 1160.000000 0.454902
0.003922 0.454902
0.007843 0.454902
0.011765 0.454902
0.015686 0.454902
0.019608 0.454902
0.023529 0.454902
0.027451 0.454902
0.031373 0.454902
0.035294 0.454902
0.039216 0.454902
0.043137 0.454902
0.047059 0.454902
0.050980 0.454902
0.054902 0.454902
0.058824 0.454902
0.062745 0.454902
0.066667 0.454902
0.070588 0.454902
0.074510 0.454902
0.078431 0.454902
0.082353 0.454902
0.086275 0.454902
0.090196 0.454902
0.094118 0.454902
0.098039 0.454902
0.101961 0.454902
0.105882 0.454902
0.109804 0.454902
0.113725 0.454902
0.117647 0.454902
0.121569 0.454902
0.125490 0.454902
0.129412 0.454902
0.133333 0.454902
0.137255 0.454902
0.141176 0.454902
0.145098 0.454902
0.149020 0.454902
0.152941 0.454902
0.156863 0.454902
0.160784 0.454902
0.164706 0.454902
0.168627 0.454902
0.172549 0.454902
0.176471 0.454902
0.180392 0.454902
0.184314 0.454902
0.188235 0.454902
0.192157 0.454902
0.196078 0.454902
0.200000 0.454902
0.203922 0.454902
0.207843 0.454902
0.211765 0.454902
0.215686 0.454902
0.219608 0.454902
0.223529 0.454902
0.227451 0.454902
0.231373 0.454902
0.235294 0.454902
0.239216 0.454902
0.243137 0.454902
0.247059 0.454902
0.250980 0.454902
0.254902 0.454902
0.258824 0.454902
0.262745 0.454902
0.266667 0.454902
0.270588 0.454902
0.274510 0.454902
0.278431 0.454902
0.282353 0.454902
0.286275 0.454902
0.290196 0.454902
0.294118 0.454902
0.298039 0.454902
0.301961 0.454902
0.305882 0.454902
0.309804 0.454902
0.313726 0.454902
0.317647 0.454902
0.321569 0.454902
0.325490 0.454902
0.329412 0.454902
0.333333 0.454902
0.337255 0.454902
0.341176 0.454902
0.345098 0.454902
0.349020 0.454902
0.352941 0.454902
0.356863 0.454902
0.360784 0.454902
0.364706 0.454902
0.368627 0.454902
0.372549 0.454902
0.376471 0.454902
0.380392 0.454902
0.384314 0.454902
0.388235 0.454902
0.392157 0.454902
0.396078 0.454902
0.400000 0.454902
0.403922 0.454902
0.407843 0.454902
0.411765 0.454902
0.415686 0.454902
0.419608 0.454902
0.423529 0.454902
0.427451 0.454902
0.431373 0.454902
0.435294 0.454902
0.439216 0.454902
0.443137 0.454902
0.447059 0.454902
0.450980 0.454902
0.454902 0.454902
0.458824 0.454902
0.462745 0.454902
0.466667 0.454902
0.470588 0.454902
0.474510 0.454902
0.478431 0.454902
0.482353 0.454902
0.486275 0.454902
0.490196 0.454902
0.494118 0.454902
0.498039 0.454902
0.501961 0.454902
0.505882 0.454902
0.509804 0.454902
0.513726 0.454902
0.517647 0.454902
0.521569 0.454902
0.525490 0.454902
0.529412 0.454902
0.533333 0.454902
0.537255 0.454902
0.541176 0.454902
0.545098 0.454902
0.549020 0.454902
0.552941 0.454902
0.556863 0.454902
0.560784 0.454902
0.564706 0.454902
0.568627 0.454902
0.572549 0.454902
0.576471 0.454902
0.580392 0.454902
0.584314 0.454902
0.588235 0.454902
0.592157 0.454902
0.596078 0.454902
0.600000 0.454902
0.603922 0.454902
0.607843 0.454902
0.611765 0.454902
0.615686 0.454902
0.619608 0.454902
0.623529 0.454902
0.627451 0.454902
0.631373 0.454902
0.635294 0.454902
0.639216 0.454902
0.643137 0.454902
0.647059 0.454902
0.650980 0.454902
0.654902 0.454902
0.658824 0.454902
0.662745 0.454902
0.666667 0.454902
0.670588 0.454902
0.674510 0.454902
0.678431 0.454902
0.682353 0.454902
0.686275 0.454902
0.690196 0.454902
0.694118 0.454902
0.698039 0.454902
0.701961 0.454902
0.705882 0.454902
0.709804 0.454902
0.713726 0.454902
0.717647 0.454902
0.721569 0.454902
0.725490 0.454902
0.729412 0.454902
0.733333 0.454902
0.737255 0.454902
0.741176 0.454902
0.745098 0.454902
0.749020 0.454902
0.752941 0.454902
0.756863 0.454902
0.760784 0.454902
0.764706 0.454902
0.768627 0.454902
0.772549 0.454902
0.776471 0.454902
0.780392 0.454902
0.784314 0.454902
0.788235 0.454902
0.792157 0.454902
0.796078 0.454902
0.800000 0.454902
0.803922 0.454902
0.807843 0.454902
0.811765 0.454902
0.815686 0.454902
0.819608 0.454902
0.823529 0.454902
0.827451 0.454902
0.831373 0.454902
0.835294 0.454902
0.839216 0.454902
0.843137 0.454902
0.847059 0.454902
0.850980 0.454902
0.854902 0.454902
0.858824 0.454902
0.862745 0.454902
0.866667 0.454902
0.870588 0.454902
0.874510 0.454902
0.878431 0.454902
0.882353 0.454902
0.886275 0.454902
0.890196 0.454902
0.894118 0.454902
0.898039 0.454902
0.901961 0.454902
0.905882 0.454902
0.909804 0.454902
0.913725 0.454902
0.917647 0.454902
0.921569 0.454902
0.925490 0.454902
0.929412 0.454902
0.933333 0.454902
0.937255 0.454902
0.941176 0.454902
0.945098 0.454902
0.949020 0.454902
0.952941 0.454902
0.956863 0.454902
0.960784 0.454902
0.964706 0.454902
0.968627 0.454902
0.972549 0.454902
0.976471 0.454902
0.980392 0.454902
0.984314 0.454902
0.988235 0.454902
0.992157 0.454902
0.996078 0.454902
1.000000 0.454902

i = 1170.000000 0.458824
0.003922 0.458824
0.007843 0.458824
0.011765 0.458824
0.015686 0.458824
0.019608 0.458824
0.023529 0.458824
0.027451 0.458824
0.031373 0.458824
0.035294 0.458824
0.039216 0.458824
0.043137 0.458824
0.047059 0.458824
0.050980 0.458824
0.054902 0.458824
0.058824 0.458824
0.062745 0.458824
0.066667 0.458824
0.070588 0.458824
0.074510 0.458824
0.078431 0.458824
0.082353 0.458824
0.086275 0.458824
0.090196 0.458824
0.094118 0.458824
0.098039 0.458824
0.101961 0.458824
0.105882 0.458824
0.109804 0.458824
0.113725 0.458824
0.117647 0.458824
0.121569 0.458824
0.125490 0.458824
0.129412 0.458824
0.133333 0.458824
0.137255 0.458824
0.141176 0.458824
0.145098 0.458824
0.149020 0.458824
0.152941 0.458824
0.156863 0.458824
0.160784 0.458824
0.164706 0.458824
0.168627 0.458824
0.172549 0.458824
0.176471 0.458824
0.180392 0.458824
0.184314 0.458824
0.188235 0.458824
0.192157 0.458824
0.196078 0.458824
0.200000 0.458824
0.203922 0.458824
0.207843 0.458824
0.211765 0.458824
0.215686 0.458824
0.219608 0.458824
0.223529 0.458824
0.227451 0.458824
0.231373 0.458824
0.235294 0.458824
0.239216 0.458824
0.243137 0.458824
0.247059 0.458824
0.250980 0.458824
0.254902 0.458824
0.258824 0.458824
0.262745 0.458824
0.266667 0.458824
0.270588 0.458824
0.274510 0.458824
0.278431 0.458824
0.282353 0.458824
0.286275 0.458824
0.290196 0.458824
0.294118 0.458824
0.298039 0.458824
0.301961 0.458824
0.305882 0.458824
0.309804 0.458824
0.313726 0.458824
0.317647 0.458824
0.321569 0.458824
0.325490 0.458824
0.329412 0.458824
0.333333 0.458824
0.337255 0.458824
0.341176 0.458824
0.345098 0.458824
0.349020 0.458824
0.352941 0.458824
0.356863 0.458824
0.360784 0.458824
0.364706 0.458824
0.368627 0.458824
0.372549 0.458824
0.376471 0.458824
0.380392 0.458824
0.384314 0.458824
0.388235 0.458824
0.392157 0.458824
0.396078 0.458824
0.400000 0.458824
0.403922 0.458824
0.407843 0.458824
0.411765 0.458824
0.415686 0.458824
0.419608 0.458824
0.423529 0.458824
0.427451 0.458824
0.431373 0.458824
0.435294 0.458824
0.439216 0.458824
0.443137 0.458824
0.447059 0.458824
0.450980 0.458824
0.454902 0.458824
0.458824 0.458824
0.462745 0.458824
0.466667 0.458824
0.470588 0.458824
0.474510 0.458824
0.478431 0.458824
0.482353 0.458824
0.486275 0.458824
0.490196 0.458824
0.494118 0.458824
0.498039 0.458824
0.501961 0.458824
0.505882 0.458824
0.509804 0.458824
0.513726 0.458824
0.517647 0.458824
0.521569 0.458824
0.525490 0.458824
0.529412 0.458824
0.533333 0.458824
0.537255 0.458824
0.541176 0.458824
0.545098 0.458824
0.549020 0.458824
0.552941 0.458824
0.556863 0.458824
0.560784 0.458824
0.564706 0.458824
0.568627 0.458824
0.572549 0.458824
0.576471 0.458824
0.580392 0.458824
0.584314 0.458824
0.588235 0.458824
0.592157 0.458824
0.596078 0.458824
0.600000 0.458824
0.603922 0.458824
0.607843 0.458824
0.611765 0.458824
0.615686 0.458824
0.619608 0.458824
0.623529 0.458824
0.627451 0.458824
0.631373 0.458824
0.635294 0.458824
0.639216 0.458824
0.643137 0.458824
0.647059 0.458824
0.650980 0.458824
0.654902 0.458824
0.658824 0.458824
0.662745 0.458824
0.666667 0.458824
0.670588 0.458824
0.674510 0.458824
0.678431 0.458824
0.682353 0.458824
0.686275 0.458824
0.690196 0.458824
0.694118 0.458824
0.698039 0.458824
0.701961 0.458824
0.705882 0.458824
0.709804 0.458824
0.713726 0.458824
0.717647 0.458824
0.721569 0.458824
0.725490 0.458824
0.729412 0.458824
0.733333 0.458824
0.737255 0.458824
0.741176 0.458824
0.745098 0.458824
0.749020 0.458824
0.752941 0.458824
0.756863 0.458824
0.760784 0.458824
0.764706 0.458824
0.768627 0.458824
0.772549 0.458824
0.776471 0.458824
0.780392 0.458824
0.784314 0.458824
0.788235 0.458824
0.792157 0.458824
0.796078 0.458824
0.800000 0.458824
0.803922 0.458824
0.807843 0.458824
0.811765 0.458824
0.815686 0.458824
0.819608 0.458824
0.823529 0.458824
0.827451 0.458824
0.831373 0.458824
0.835294 0.458824
0.839216 0.458824
0.843137 0.458824
0.847059 0.458824
0.850980 0.458824
0.854902 0.458824
0.858824 0.458824
0.862745 0.458824
0.866667 0.458824
0.870588 0.458824
0.874510 0.458824
0.878431 0.458824
0.882353 0.458824
0.886275 0.458824
0.890196 0.458824
0.894118 0.458824
0.898039 0.458824
0.901961 0.458824
0.905882 0.458824
0.909804 0.458824
0.913725 0.458824
0.917647 0.458824
0.921569 0.458824
0.925490 0.458824
0.929412 0.458824
0.933333 0.458824
0.937255 0.458824
0.941176 0.458824
0.945098 0.458824
0.949020 0.458824
0.952941 0.458824
0.956863 0.458824
0.960784 0.458824
0.964706 0.458824
0.968627 0.458824
0.972549 0.458824
0.976471 0.458824
0.980392 0.458824
0.984314 0.458824
0.988235 0.458824
0.992157 0.458824
0.996078 0.458824
1.000000 0.458824

i = 1180.000000 0.462745
0.003922 0.462745
0.007843 0.462745
0.011765 0.462745
0.015686 0.462745
0.019608 0.462745
0.023529 0.462745
0.027451 0.462745
0.031373 0.462745
0.035294 0.462745
0.039216 0.462745
0.043137 0.462745
0.047059 0.462745
0.050980 0.462745
0.054902 0.462745
0.058824 0.462745
0.062745 0.462745
0.066667 0.462745
0.070588 0.462745
0.074510 0.462745
0.078431 0.462745
0.082353 0.462745
0.086275 0.462745
0.090196 0.462745
0.094118 0.462745
0.098039 0.462745
0.101961 0.462745
0.105882 0.462745
0.109804 0.462745
0.113725 0.462745
0.117647 0.462745
0.121569 0.462745
0.125490 0.462745
0.129412 0.462745
0.133333 0.462745
0.137255 0.462745
0.141176 0.462745
0.145098 0.462745
0.149020 0.462745
0.152941 0.462745
0.156863 0.462745
0.160784 0.462745
0.164706 0.462745
0.168627 0.462745
0.172549 0.462745
0.176471 0.462745
0.180392 0.462745
0.184314 0.462745
0.188235 0.462745
0.192157 0.462745
0.196078 0.462745
0.200000 0.462745
0.203922 0.462745
0.207843 0.462745
0.211765 0.462745
0.215686 0.462745
0.219608 0.462745
0.223529 0.462745
0.227451 0.462745
0.231373 0.462745
0.235294 0.462745
0.239216 0.462745
0.243137 0.462745
0.247059 0.462745
0.250980 0.462745
0.254902 0.462745
0.258824 0.462745
0.262745 0.462745
0.266667 0.462745
0.270588 0.462745
0.274510 0.462745
0.278431 0.462745
0.282353 0.462745
0.286275 0.462745
0.290196 0.462745
0.294118 0.462745
0.298039 0.462745
0.301961 0.462745
0.305882 0.462745
0.309804 0.462745
0.313726 0.462745
0.317647 0.462745
0.321569 0.462745
0.325490 0.462745
0.329412 0.462745
0.333333 0.462745
0.337255 0.462745
0.341176 0.462745
0.345098 0.462745
0.349020 0.462745
0.352941 0.462745
0.356863 0.462745
0.360784 0.462745
0.364706 0.462745
0.368627 0.462745
0.372549 0.462745
0.376471 0.462745
0.380392 0.462745
0.384314 0.462745
0.388235 0.462745
0.392157 0.462745
0.396078 0.462745
0.400000 0.462745
0.403922 0.462745
0.407843 0.462745
0.411765 0.462745
0.415686 0.462745
0.419608 0.462745
0.423529 0.462745
0.427451 0.462745
0.431373 0.462745
0.435294 0.462745
0.439216 0.462745
0.443137 0.462745
0.447059 0.462745
0.450980 0.462745
0.454902 0.462745
0.458824 0.462745
0.462745 0.462745
0.466667 0.462745
0.470588 0.462745
0.474510 0.462745
0.478431 0.462745
0.482353 0.462745
0.486275 0.462745
0.490196 0.462745
0.494118 0.462745
0.498039 0.462745
0.501961 0.462745
0.505882 0.462745
0.509804 0.462745
0.513726 0.462745
0.517647 0.462745
0.521569 0.462745
0.525490 0.462745
0.529412 0.462745
0.533333 0.462745
0.537255 0.462745
0.541176 0.462745
0.545098 0.462745
0.549020 0.462745
0.552941 0.462745
0.556863 0.462745
0.560784 0.462745
0.564706 0.462745
0.568627 0.462745
0.572549 0.462745
0.576471 0.462745
0.580392 0.462745
0.584314 0.462745
0.588235 0.462745
0.592157 0.462745
0.596078 0.462745
0.600000 0.462745
0.603922 0.462745
0.607843 0.462745
0.611765 0.462745
0.615686 0.462745
0.619608 0.462745
0.623529 0.462745
0.627451 0.462745
0.631373 0.462745
0.635294 0.462745
0.639216 0.462745
0.643137 0.462745
0.647059 0.462745
0.650980 0.462745
0.654902 0.462745
0.658824 0.462745
0.662745 0.462745
0.666667 0.462745
0.670588 0.462745
0.674510 0.462745
0.678431 0.462745
0.682353 0.462745
0.686275 0.462745
0.690196 0.462745
0.694118 0.462745
0.698039 0.462745
0.701961 0.462745
0.705882 0.462745
0.709804 0.462745
0.713726 0.462745
0.717647 0.462745
0.721569 0.462745
0.725490 0.462745
0.729412 0.462745
0.733333 0.462745
0.737255 0.462745
0.741176 0.462745
0.745098 0.462745
0.749020 0.462745
0.752941 0.462745
0.756863 0.462745
0.760784 0.462745
0.764706 0.462745
0.768627 0.462745
0.772549 0.462745
0.776471 0.462745
0.780392 0.462745
0.784314 0.462745
0.788235 0.462745
0.792157 0.462745
0.796078 0.462745
0.800000 0.462745
0.803922 0.462745
0.807843 0.462745
0.811765 0.462745
0.815686 0.462745
0.819608 0.462745
0.823529 0.462745
0.827451 0.462745
0.831373 0.462745
0.835294 0.462745
0.839216 0.462745
0.843137 0.462745
0.847059 0.462745
0.850980 0.462745
0.854902 0.462745
0.858824 0.462745
0.862745 0.462745
0.866667 0.462745
0.870588 0.462745
0.874510 0.462745
0.878431 0.462745
0.882353 0.462745
0.886275 0.462745
0.890196 0.462745
0.894118 0.462745
0.898039 0.462745
0.901961 0.462745
0.905882 0.462745
0.909804 0.462745
0.913725 0.462745
0.917647 0.462745
0.921569 0.462745
0.925490 0.462745
0.929412 0.462745
0.933333 0.462745
0.937255 0.462745
0.941176 0.462745
0.945098 0.462745
0.949020 0.462745
0.952941 0.462745
0.956863 0.462745
0.960784 0.462745
0.964706 0.462745
0.968627 0.462745
0.972549 0.462745
0.976471 0.462745
0.980392 0.462745
0.984314 0.462745
0.988235 0.462745
0.992157 0.462745
0.996078 0.462745
1.000000 0.462745

i = 1190.000000 0.466667
0.003922 0.466667
0.007843 0.466667
0.011765 0.466667
0.015686 0.466667
0.019608 0.466667
0.023529 0.466667
0.027451 0.466667
0.031373 0.466667
0.035294 0.466667
0.039216 0.466667
0.043137 0.466667
0.047059 0.466667
0.050980 0.466667
0.054902 0.466667
0.058824 0.466667
0.062745 0.466667
0.066667 0.466667
0.070588 0.466667
0.074510 0.466667
0.078431 0.466667
0.082353 0.466667
0.086275 0.466667
0.090196 0.466667
0.094118 0.466667
0.098039 0.466667
0.101961 0.466667
0.105882 0.466667
0.109804 0.466667
0.113725 0.466667
0.117647 0.466667
0.121569 0.466667
0.125490 0.466667
0.129412 0.466667
0.133333 0.466667
0.137255 0.466667
0.141176 0.466667
0.145098 0.466667
0.149020 0.466667
0.152941 0.466667
0.156863 0.466667
0.160784 0.466667
0.164706 0.466667
0.168627 0.466667
0.172549 0.466667
0.176471 0.466667
0.180392 0.466667
0.184314 0.466667
0.188235 0.466667
0.192157 0.466667
0.196078 0.466667
0.200000 0.466667
0.203922 0.466667
0.207843 0.466667
0.211765 0.466667
0.215686 0.466667
0.219608 0.466667
0.223529 0.466667
0.227451 0.466667
0.231373 0.466667
0.235294 0.466667
0.239216 0.466667
0.243137 0.466667
0.247059 0.466667
0.250980 0.466667
0.254902 0.466667
0.258824 0.466667
0.262745 0.466667
0.266667 0.466667
0.270588 0.466667
0.274510 0.466667
0.278431 0.466667
0.282353 0.466667
0.286275 0.466667
0.290196 0.466667
0.294118 0.466667
0.298039 0.466667
0.301961 0.466667
0.305882 0.466667
0.309804 0.466667
0.313726 0.466667
0.317647 0.466667
0.321569 0.466667
0.325490 0.466667
0.329412 0.466667
0.333333 0.466667
0.337255 0.466667
0.341176 0.466667
0.345098 0.466667
0.349020 0.466667
0.352941 0.466667
0.356863 0.466667
0.360784 0.466667
0.364706 0.466667
0.368627 0.466667
0.372549 0.466667
0.376471 0.466667
0.380392 0.466667
0.384314 0.466667
0.388235 0.466667
0.392157 0.466667
0.396078 0.466667
0.400000 0.466667
0.403922 0.466667
0.407843 0.466667
0.411765 0.466667
0.415686 0.466667
0.419608 0.466667
0.423529 0.466667
0.427451 0.466667
0.431373 0.466667
0.435294 0.466667
0.439216 0.466667
0.443137 0.466667
0.447059 0.466667
0.450980 0.466667
0.454902 0.466667
0.458824 0.466667
0.462745 0.466667
0.466667 0.466667
0.470588 0.466667
0.474510 0.466667
0.478431 0.466667
0.482353 0.466667
0.486275 0.466667
0.490196 0.466667
0.494118 0.466667
0.498039 0.466667
0.501961 0.466667
0.505882 0.466667
0.509804 0.466667
0.513726 0.466667
0.517647 0.466667
0.521569 0.466667
0.525490 0.466667
0.529412 0.466667
0.533333 0.466667
0.537255 0.466667
0.541176 0.466667
0.545098 0.466667
0.549020 0.466667
0.552941 0.466667
0.556863 0.466667
0.560784 0.466667
0.564706 0.466667
0.568627 0.466667
0.572549 0.466667
0.576471 0.466667
0.580392 0.466667
0.584314 0.466667
0.588235 0.466667
0.592157 0.466667
0.596078 0.466667
0.600000 0.466667
0.603922 0.466667
0.607843 0.466667
0.611765 0.466667
0.615686 0.466667
0.619608 0.466667
0.623529 0.466667
0.627451 0.466667
0.631373 0.466667
0.635294 0.466667
0.639216 0.466667
0.643137 0.466667
0.647059 0.466667
0.650980 0.466667
0.654902 0.466667
0.658824 0.466667
0.662745 0.466667
0.666667 0.466667
0.670588 0.466667
0.674510 0.466667
0.678431 0.466667
0.682353 0.466667
0.686275 0.466667
0.690196 0.466667
0.694118 0.466667
0.698039 0.466667
0.701961 0.466667
0.705882 0.466667
0.709804 0.466667
0.713726 0.466667
0.717647 0.466667
0.721569 0.466667
0.725490 0.466667
0.729412 0.466667
0.733333 0.466667
0.737255 0.466667
0.741176 0.466667
0.745098 0.466667
0.749020 0.466667
0.752941 0.466667
0.756863 0.466667
0.760784 0.466667
0.764706 0.466667
0.768627 0.466667
0.772549 0.466667
0.776471 0.466667
0.780392 0.466667
0.784314 0.466667
0.788235 0.466667
0.792157 0.466667
0.796078 0.466667
0.800000 0.466667
0.803922 0.466667
0.807843 0.466667
0.811765 0.466667
0.815686 0.466667
0.819608 0.466667
0.823529 0.466667
0.827451 0.466667
0.831373 0.466667
0.835294 0.466667
0.839216 0.466667
0.843137 0.466667
0.847059 0.466667
0.850980 0.466667
0.854902 0.466667
0.858824 0.466667
0.862745 0.466667
0.866667 0.466667
0.870588 0.466667
0.874510 0.466667
0.878431 0.466667
0.882353 0.466667
0.886275 0.466667
0.890196 0.466667
0.894118 0.466667
0.898039 0.466667
0.901961 0.466667
0.905882 0.466667
0.909804 0.466667
0.913725 0.466667
0.917647 0.466667
0.921569 0.466667
0.925490 0.466667
0.929412 0.466667
0.933333 0.466667
0.937255 0.466667
0.941176 0.466667
0.945098 0.466667
0.949020 0.466667
0.952941 0.466667
0.956863 0.466667
0.960784 0.466667
0.964706 0.466667
0.968627 0.466667
0.972549 0.466667
0.976471 0.466667
0.980392 0.466667
0.984314 0.466667
0.988235 0.466667
0.992157 0.466667
0.996078 0.466667
1.000000 0.466667

i = 1200.000000 0.470588
0.003922 0.470588
0.007843 0.470588
0.011765 0.470588
0.015686 0.470588
0.019608 0.470588
0.023529 0.470588
0.027451 0.470588
0.031373 0.470588
0.035294 0.470588
0.039216 0.470588
0.043137 0.470588
0.047059 0.470588
0.050980 0.470588
0.054902 0.470588
0.058824 0.470588
0.062745 0.470588
0.066667 0.470588
0.070588 0.470588
0.074510 0.470588
0.078431 0.470588
0.082353 0.470588
0.086275 0.470588
0.090196 0.470588
0.094118 0.470588
0.098039 0.470588
0.101961 0.470588
0.105882 0.470588
0.109804 0.470588
0.113725 0.470588
0.117647 0.470588
0.121569 0.470588
0.125490 0.470588
0.129412 0.470588
0.133333 0.470588
0.137255 0.470588
0.141176 0.470588
0.145098 0.470588
0.149020 0.470588
0.152941 0.470588
0.156863 0.470588
0.160784 0.470588
0.164706 0.470588
0.168627 0.470588
0.172549 0.470588
0.176471 0.470588
0.180392 0.470588
0.184314 0.470588
0.188235 0.470588
0.192157 0.470588
0.196078 0.470588
0.200000 0.470588
0.203922 0.470588
0.207843 0.470588
0.211765 0.470588
0.215686 0.470588
0.219608 0.470588
0.223529 0.470588
0.227451 0.470588
0.231373 0.470588
0.235294 0.470588
0.239216 0.470588
0.243137 0.470588
0.247059 0.470588
0.250980 0.470588
0.254902 0.470588
0.258824 0.470588
0.262745 0.470588
0.266667 0.470588
0.270588 0.470588
0.274510 0.470588
0.278431 0.470588
0.282353 0.470588
0.286275 0.470588
0.290196 0.470588
0.294118 0.470588
0.298039 0.470588
0.301961 0.470588
0.305882 0.470588
0.309804 0.470588
0.313726 0.470588
0.317647 0.470588
0.321569 0.470588
0.325490 0.470588
0.329412 0.470588
0.333333 0.470588
0.337255 0.470588
0.341176 0.470588
0.345098 0.470588
0.349020 0.470588
0.352941 0.470588
0.356863 0.470588
0.360784 0.470588
0.364706 0.470588
0.368627 0.470588
0.372549 0.470588
0.376471 0.470588
0.380392 0.470588
0.384314 0.470588
0.388235 0.470588
0.392157 0.470588
0.396078 0.470588
0.400000 0.470588
0.403922 0.470588
0.407843 0.470588
0.411765 0.470588
0.415686 0.470588
0.419608 0.470588
0.423529 0.470588
0.427451 0.470588
0.431373 0.470588
0.435294 0.470588
0.439216 0.470588
0.443137 0.470588
0.447059 0.470588
0.450980 0.470588
0.454902 0.470588
0.458824 0.470588
0.462745 0.470588
0.466667 0.470588
0.470588 0.470588
0.474510 0.470588
0.478431 0.470588
0.482353 0.470588
0.486275 0.470588
0.490196 0.470588
0.494118 0.470588
0.498039 0.470588
0.501961 0.470588
0.505882 0.470588
0.509804 0.470588
0.513726 0.470588
0.517647 0.470588
0.521569 0.470588
0.525490 0.470588
0.529412 0.470588
0.533333 0.470588
0.537255 0.470588
0.541176 0.470588
0.545098 0.470588
0.549020 0.470588
0.552941 0.470588
0.556863 0.470588
0.560784 0.470588
0.564706 0.470588
0.568627 0.470588
0.572549 0.470588
0.576471 0.470588
0.580392 0.470588
0.584314 0.470588
0.588235 0.470588
0.592157 0.470588
0.596078 0.470588
0.600000 0.470588
0.603922 0.470588
0.607843 0.470588
0.611765 0.470588
0.615686 0.470588
0.619608 0.470588
0.623529 0.470588
0.627451 0.470588
0.631373 0.470588
0.635294 0.470588
0.639216 0.470588
0.643137 0.470588
0.647059 0.470588
0.650980 0.470588
0.654902 0.470588
0.658824 0.470588
0.662745 0.470588
0.666667 0.470588
0.670588 0.470588
0.674510 0.470588
0.678431 0.470588
0.682353 0.470588
0.686275 0.470588
0.690196 0.470588
0.694118 0.470588
0.698039 0.470588
0.701961 0.470588
0.705882 0.470588
0.709804 0.470588
0.713726 0.470588
0.717647 0.470588
0.721569 0.470588
0.725490 0.470588
0.729412 0.470588
0.733333 0.470588
0.737255 0.470588
0.741176 0.470588
0.745098 0.470588
0.749020 0.470588
0.752941 0.470588
0.756863 0.470588
0.760784 0.470588
0.764706 0.470588
0.768627 0.470588
0.772549 0.470588
0.776471 0.470588
0.780392 0.470588
0.784314 0.470588
0.788235 0.470588
0.792157 0.470588
0.796078 0.470588
0.800000 0.470588
0.803922 0.470588
0.807843 0.470588
0.811765 0.470588
0.815686 0.470588
0.819608 0.470588
0.823529 0.470588
0.827451 0.470588
0.831373 0.470588
0.835294 0.470588
0.839216 0.470588
0.843137 0.470588
0.847059 0.470588
0.850980 0.470588
0.854902 0.470588
0.858824 0.470588
0.862745 0.470588
0.866667 0.470588
0.870588 0.470588
0.874510 0.470588
0.878431 0.470588
0.882353 0.470588
0.886275 0.470588
0.890196 0.470588
0.894118 0.470588
0.898039 0.470588
0.901961 0.470588
0.905882 0.470588
0.909804 0.470588
0.913725 0.470588
0.917647 0.470588
0.921569 0.470588
0.925490 0.470588
0.929412 0.470588
0.933333 0.470588
0.937255 0.470588
0.941176 0.470588
0.945098 0.470588
0.949020 0.470588
0.952941 0.470588
0.956863 0.470588
0.960784 0.470588
0.964706 0.470588
0.968627 0.470588
0.972549 0.470588
0.976471 0.470588
0.980392 0.470588
0.984314 0.470588
0.988235 0.470588
0.992157 0.470588
0.996078 0.470588
1.000000 0.470588

i = 1210.000000 0.474510
0.003922 0.474510
0.007843 0.474510
0.011765 0.474510
0.015686 0.474510
0.019608 0.474510
0.023529 0.474510
0.027451 0.474510
0.031373 0.474510
0.035294 0.474510
0.039216 0.474510
0.043137 0.474510
0.047059 0.474510
0.050980 0.474510
0.054902 0.474510
0.058824 0.474510
0.062745 0.474510
0.066667 0.474510
0.070588 0.474510
0.074510 0.474510
0.078431 0.474510
0.082353 0.474510
0.086275 0.474510
0.090196 0.474510
0.094118 0.474510
0.098039 0.474510
0.101961 0.474510
0.105882 0.474510
0.109804 0.474510
0.113725 0.474510
0.117647 0.474510
0.121569 0.474510
0.125490 0.474510
0.129412 0.474510
0.133333 0.474510
0.137255 0.474510
0.141176 0.474510
0.145098 0.474510
0.149020 0.474510
0.152941 0.474510
0.156863 0.474510
0.160784 0.474510
0.164706 0.474510
0.168627 0.474510
0.172549 0.474510
0.176471 0.474510
0.180392 0.474510
0.184314 0.474510
0.188235 0.474510
0.192157 0.474510
0.196078 0.474510
0.200000 0.474510
0.203922 0.474510
0.207843 0.474510
0.211765 0.474510
0.215686 0.474510
0.219608 0.474510
0.223529 0.474510
0.227451 0.474510
0.231373 0.474510
0.235294 0.474510
0.239216 0.474510
0.243137 0.474510
0.247059 0.474510
0.250980 0.474510
0.254902 0.474510
0.258824 0.474510
0.262745 0.474510
0.266667 0.474510
0.270588 0.474510
0.274510 0.474510
0.278431 0.474510
0.282353 0.474510
0.286275 0.474510
0.290196 0.474510
0.294118 0.474510
0.298039 0.474510
0.301961 0.474510
0.305882 0.474510
0.309804 0.474510
0.313726 0.474510
0.317647 0.474510
0.321569 0.474510
0.325490 0.474510
0.329412 0.474510
0.333333 0.474510
0.337255 0.474510
0.341176 0.474510
0.345098 0.474510
0.349020 0.474510
0.352941 0.474510
0.356863 0.474510
0.360784 0.474510
0.364706 0.474510
0.368627 0.474510
0.372549 0.474510
0.376471 0.474510
0.380392 0.474510
0.384314 0.474510
0.388235 0.474510
0.392157 0.474510
0.396078 0.474510
0.400000 0.474510
0.403922 0.474510
0.407843 0.474510
0.411765 0.474510
0.415686 0.474510
0.419608 0.474510
0.423529 0.474510
0.427451 0.474510
0.431373 0.474510
0.435294 0.474510
0.439216 0.474510
0.443137 0.474510
0.447059 0.474510
0.450980 0.474510
0.454902 0.474510
0.458824 0.474510
0.462745 0.474510
0.466667 0.474510
0.470588 0.474510
0.474510 0.474510
0.478431 0.474510
0.482353 0.474510
0.486275 0.474510
0.490196 0.474510
0.494118 0.474510
0.498039 0.474510
0.501961 0.474510
0.505882 0.474510
0.509804 0.474510
0.513726 0.474510
0.517647 0.474510
0.521569 0.474510
0.525490 0.474510
0.529412 0.474510
0.533333 0.474510
0.537255 0.474510
0.541176 0.474510
0.545098 0.474510
0.549020 0.474510
0.552941 0.474510
0.556863 0.474510
0.560784 0.474510
0.564706 0.474510
0.568627 0.474510
0.572549 0.474510
0.576471 0.474510
0.580392 0.474510
0.584314 0.474510
0.588235 0.474510
0.592157 0.474510
0.596078 0.474510
0.600000 0.474510
0.603922 0.474510
0.607843 0.474510
0.611765 0.474510
0.615686 0.474510
0.619608 0.474510
0.623529 0.474510
0.627451 0.474510
0.631373 0.474510
0.635294 0.474510
0.639216 0.474510
0.643137 0.474510
0.647059 0.474510
0.650980 0.474510
0.654902 0.474510
0.658824 0.474510
0.662745 0.474510
0.666667 0.474510
0.670588 0.474510
0.674510 0.474510
0.678431 0.474510
0.682353 0.474510
0.686275 0.474510
0.690196 0.474510
0.694118 0.474510
0.698039 0.474510
0.701961 0.474510
0.705882 0.474510
0.709804 0.474510
0.713726 0.474510
0.717647 0.474510
0.721569 0.474510
0.725490 0.474510
0.729412 0.474510
0.733333 0.474510
0.737255 0.474510
0.741176 0.474510
0.745098 0.474510
0.749020 0.474510
0.752941 0.474510
0.756863 0.474510
0.760784 0.474510
0.764706 0.474510
0.768627 0.474510
0.772549 0.474510
0.776471 0.474510
0.780392 0.474510
0.784314 0.474510
0.788235 0.474510
0.792157 0.474510
0.796078 0.474510
0.800000 0.474510
0.803922 0.474510
0.807843 0.474510
0.811765 0.474510
0.815686 0.474510
0.819608 0.474510
0.823529 0.474510
0.827451 0.474510
0.831373 0.474510
0.835294 0.474510
0.839216 0.474510
0.843137 0.474510
0.847059 0.474510
0.850980 0.474510
0.854902 0.474510
0.858824 0.474510
0.862745 0.474510
0.866667 0.474510
0.870588 0.474510
0.874510 0.474510
0.878431 0.474510
0.882353 0.474510
0.886275 0.474510
0.890196 0.474510
0.894118 0.474510
0.898039 0.474510
0.901961 0.474510
0.905882 0.474510
0.909804 0.474510
0.913725 0.474510
0.917647 0.474510
0.921569 0.474510
0.925490 0.474510
0.929412 0.474510
0.933333 0.474510
0.937255 0.474510
0.941176 0.474510
0.945098 0.474510
0.949020 0.474510
0.952941 0.474510
0.956863 0.474510
0.960784 0.474510
0.964706 0.474510
0.968627 0.474510
0.972549 0.474510
0.976471 0.474510
0.980392 0.474510
0.984314 0.474510
0.988235 0.474510
0.992157 0.474510
0.996078 0.474510
1.000000 0.474510

i = 1220.000000 0.478431
0.003922 0.478431
0.007843 0.478431
0.011765 0.478431
0.015686 0.478431
0.019608 0.478431
0.023529 0.478431
0.027451 0.478431
0.031373 0.478431
0.035294 0.478431
0.039216 0.478431
0.043137 0.478431
0.047059 0.478431
0.050980 0.478431
0.054902 0.478431
0.058824 0.478431
0.062745 0.478431
0.066667 0.478431
0.070588 0.478431
0.074510 0.478431
0.078431 0.478431
0.082353 0.478431
0.086275 0.478431
0.090196 0.478431
0.094118 0.478431
0.098039 0.478431
0.101961 0.478431
0.105882 0.478431
0.109804 0.478431
0.113725 0.478431
0.117647 0.478431
0.121569 0.478431
0.125490 0.478431
0.129412 0.478431
0.133333 0.478431
0.137255 0.478431
0.141176 0.478431
0.145098 0.478431
0.149020 0.478431
0.152941 0.478431
0.156863 0.478431
0.160784 0.478431
0.164706 0.478431
0.168627 0.478431
0.172549 0.478431
0.176471 0.478431
0.180392 0.478431
0.184314 0.478431
0.188235 0.478431
0.192157 0.478431
0.196078 0.478431
0.200000 0.478431
0.203922 0.478431
0.207843 0.478431
0.211765 0.478431
0.215686 0.478431
0.219608 0.478431
0.223529 0.478431
0.227451 0.478431
0.231373 0.478431
0.235294 0.478431
0.239216 0.478431
0.243137 0.478431
0.247059 0.478431
0.250980 0.478431
0.254902 0.478431
0.258824 0.478431
0.262745 0.478431
0.266667 0.478431
0.270588 0.478431
0.274510 0.478431
0.278431 0.478431
0.282353 0.478431
0.286275 0.478431
0.290196 0.478431
0.294118 0.478431
0.298039 0.478431
0.301961 0.478431
0.305882 0.478431
0.309804 0.478431
0.313726 0.478431
0.317647 0.478431
0.321569 0.478431
0.325490 0.478431
0.329412 0.478431
0.333333 0.478431
0.337255 0.478431
0.341176 0.478431
0.345098 0.478431
0.349020 0.478431
0.352941 0.478431
0.356863 0.478431
0.360784 0.478431
0.364706 0.478431
0.368627 0.478431
0.372549 0.478431
0.376471 0.478431
0.380392 0.478431
0.384314 0.478431
0.388235 0.478431
0.392157 0.478431
0.396078 0.478431
0.400000 0.478431
0.403922 0.478431
0.407843 0.478431
0.411765 0.478431
0.415686 0.478431
0.419608 0.478431
0.423529 0.478431
0.427451 0.478431
0.431373 0.478431
0.435294 0.478431
0.439216 0.478431
0.443137 0.478431
0.447059 0.478431
0.450980 0.478431
0.454902 0.478431
0.458824 0.478431
0.462745 0.478431
0.466667 0.478431
0.470588 0.478431
0.474510 0.478431
0.478431 0.478431
0.482353 0.478431
0.486275 0.478431
0.490196 0.478431
0.494118 0.478431
0.498039 0.478431
0.501961 0.478431
0.505882 0.478431
0.509804 0.478431
0.513726 0.478431
0.517647 0.478431
0.521569 0.478431
0.525490 0.478431
0.529412 0.478431
0.533333 0.478431
0.537255 0.478431
0.541176 0.478431
0.545098 0.478431
0.549020 0.478431
0.552941 0.478431
0.556863 0.478431
0.560784 0.478431
0.564706 0.478431
0.568627 0.478431
0.572549 0.478431
0.576471 0.478431
0.580392 0.478431
0.584314 0.478431
0.588235 0.478431
0.592157 0.478431
0.596078 0.478431
0.600000 0.478431
0.603922 0.478431
0.607843 0.478431
0.611765 0.478431
0.615686 0.478431
0.619608 0.478431
0.623529 0.478431
0.627451 0.478431
0.631373 0.478431
0.635294 0.478431
0.639216 0.478431
0.643137 0.478431
0.647059 0.478431
0.650980 0.478431
0.654902 0.478431
0.658824 0.478431
0.662745 0.478431
0.666667 0.478431
0.670588 0.478431
0.674510 0.478431
0.678431 0.478431
0.682353 0.478431
0.686275 0.478431
0.690196 0.478431
0.694118 0.478431
0.698039 0.478431
0.701961 0.478431
0.705882 0.478431
0.709804 0.478431
0.713726 0.478431
0.717647 0.478431
0.721569 0.478431
0.725490 0.478431
0.729412 0.478431
0.733333 0.478431
0.737255 0.478431
0.741176 0.478431
0.745098 0.478431
0.749020 0.478431
0.752941 0.478431
0.756863 0.478431
0.760784 0.478431
0.764706 0.478431
0.768627 0.478431
0.772549 0.478431
0.776471 0.478431
0.780392 0.478431
0.784314 0.478431
0.788235 0.478431
0.792157 0.478431
0.796078 0.478431
0.800000 0.478431
0.803922 0.478431
0.807843 0.478431
0.811765 0.478431
0.815686 0.478431
0.819608 0.478431
0.823529 0.478431
0.827451 0.478431
0.831373 0.478431
0.835294 0.478431
0.839216 0.478431
0.843137 0.478431
0.847059 0.478431
0.850980 0.478431
0.854902 0.478431
0.858824 0.478431
0.862745 0.478431
0.866667 0.478431
0.870588 0.478431
0.874510 0.478431
0.878431 0.478431
0.882353 0.478431
0.886275 0.478431
0.890196 0.478431
0.894118 0.478431
0.898039 0.478431
0.901961 0.478431
0.905882 0.478431
0.909804 0.478431
0.913725 0.478431
0.917647 0.478431
0.921569 0.478431
0.925490 0.478431
0.929412 0.478431
0.933333 0.478431
0.937255 0.478431
0.941176 0.478431
0.945098 0.478431
0.949020 0.478431
0.952941 0.478431
0.956863 0.478431
0.960784 0.478431
0.964706 0.478431
0.968627 0.478431
0.972549 0.478431
0.976471 0.478431
0.980392 0.478431
0.984314 0.478431
0.988235 0.478431
0.992157 0.478431
0.996078 0.478431
1.000000 0.478431

i = 1230.000000 0.482353
0.003922 0.482353
0.007843 0.482353
0.011765 0.482353
0.015686 0.482353
0.019608 0.482353
0.023529 0.482353
0.027451 0.482353
0.031373 0.482353
0.035294 0.482353
0.039216 0.482353
0.043137 0.482353
0.047059 0.482353
0.050980 0.482353
0.054902 0.482353
0.058824 0.482353
0.062745 0.482353
0.066667 0.482353
0.070588 0.482353
0.074510 0.482353
0.078431 0.482353
0.082353 0.482353
0.086275 0.482353
0.090196 0.482353
0.094118 0.482353
0.098039 0.482353
0.101961 0.482353
0.105882 0.482353
0.109804 0.482353
0.113725 0.482353
0.117647 0.482353
0.121569 0.482353
0.125490 0.482353
0.129412 0.482353
0.133333 0.482353
0.137255 0.482353
0.141176 0.482353
0.145098 0.482353
0.149020 0.482353
0.152941 0.482353
0.156863 0.482353
0.160784 0.482353
0.164706 0.482353
0.168627 0.482353
0.172549 0.482353
0.176471 0.482353
0.180392 0.482353
0.184314 0.482353
0.188235 0.482353
0.192157 0.482353
0.196078 0.482353
0.200000 0.482353
0.203922 0.482353
0.207843 0.482353
0.211765 0.482353
0.215686 0.482353
0.219608 0.482353
0.223529 0.482353
0.227451 0.482353
0.231373 0.482353
0.235294 0.482353
0.239216 0.482353
0.243137 0.482353
0.247059 0.482353
0.250980 0.482353
0.254902 0.482353
0.258824 0.482353
0.262745 0.482353
0.266667 0.482353
0.270588 0.482353
0.274510 0.482353
0.278431 0.482353
0.282353 0.482353
0.286275 0.482353
0.290196 0.482353
0.294118 0.482353
0.298039 0.482353
0.301961 0.482353
0.305882 0.482353
0.309804 0.482353
0.313726 0.482353
0.317647 0.482353
0.321569 0.482353
0.325490 0.482353
0.329412 0.482353
0.333333 0.482353
0.337255 0.482353
0.341176 0.482353
0.345098 0.482353
0.349020 0.482353
0.352941 0.482353
0.356863 0.482353
0.360784 0.482353
0.364706 0.482353
0.368627 0.482353
0.372549 0.482353
0.376471 0.482353
0.380392 0.482353
0.384314 0.482353
0.388235 0.482353
0.392157 0.482353
0.396078 0.482353
0.400000 0.482353
0.403922 0.482353
0.407843 0.482353
0.411765 0.482353
0.415686 0.482353
0.419608 0.482353
0.423529 0.482353
0.427451 0.482353
0.431373 0.482353
0.435294 0.482353
0.439216 0.482353
0.443137 0.482353
0.447059 0.482353
0.450980 0.482353
0.454902 0.482353
0.458824 0.482353
0.462745 0.482353
0.466667 0.482353
0.470588 0.482353
0.474510 0.482353
0.478431 0.482353
0.482353 0.482353
0.486275 0.482353
0.490196 0.482353
0.494118 0.482353
0.498039 0.482353
0.501961 0.482353
0.505882 0.482353
0.509804 0.482353
0.513726 0.482353
0.517647 0.482353
0.521569 0.482353
0.525490 0.482353
0.529412 0.482353
0.533333 0.482353
0.537255 0.482353
0.541176 0.482353
0.545098 0.482353
0.549020 0.482353
0.552941 0.482353
0.556863 0.482353
0.560784 0.482353
0.564706 0.482353
0.568627 0.482353
0.572549 0.482353
0.576471 0.482353
0.580392 0.482353
0.584314 0.482353
0.588235 0.482353
0.592157 0.482353
0.596078 0.482353
0.600000 0.482353
0.603922 0.482353
0.607843 0.482353
0.611765 0.482353
0.615686 0.482353
0.619608 0.482353
0.623529 0.482353
0.627451 0.482353
0.631373 0.482353
0.635294 0.482353
0.639216 0.482353
0.643137 0.482353
0.647059 0.482353
0.650980 0.482353
0.654902 0.482353
0.658824 0.482353
0.662745 0.482353
0.666667 0.482353
0.670588 0.482353
0.674510 0.482353
0.678431 0.482353
0.682353 0.482353
0.686275 0.482353
0.690196 0.482353
0.694118 0.482353
0.698039 0.482353
0.701961 0.482353
0.705882 0.482353
0.709804 0.482353
0.713726 0.482353
0.717647 0.482353
0.721569 0.482353
0.725490 0.482353
0.729412 0.482353
0.733333 0.482353
0.737255 0.482353
0.741176 0.482353
0.745098 0.482353
0.749020 0.482353
0.752941 0.482353
0.756863 0.482353
0.760784 0.482353
0.764706 0.482353
0.768627 0.482353
0.772549 0.482353
0.776471 0.482353
0.780392 0.482353
0.784314 0.482353
0.788235 0.482353
0.792157 0.482353
0.796078 0.482353
0.800000 0.482353
0.803922 0.482353
0.807843 0.482353
0.811765 0.482353
0.815686 0.482353
0.819608 0.482353
0.823529 0.482353
0.827451 0.482353
0.831373 0.482353
0.835294 0.482353
0.839216 0.482353
0.843137 0.482353
0.847059 0.482353
0.850980 0.482353
0.854902 0.482353
0.858824 0.482353
0.862745 0.482353
0.866667 0.482353
0.870588 0.482353
0.874510 0.482353
0.878431 0.482353
0.882353 0.482353
0.886275 0.482353
0.890196 0.482353
0.894118 0.482353
0.898039 0.482353
0.901961 0.482353
0.905882 0.482353
0.909804 0.482353
0.913725 0.482353
0.917647 0.482353
0.921569 0.482353
0.925490 0.482353
0.929412 0.482353
0.933333 0.482353
0.937255 0.482353
0.941176 0.482353
0.945098 0.482353
0.949020 0.482353
0.952941 0.482353
0.956863 0.482353
0.960784 0.482353
0.964706 0.482353
0.968627 0.482353
0.972549 0.482353
0.976471 0.482353
0.980392 0.482353
0.984314 0.482353
0.988235 0.482353
0.992157 0.482353
0.996078 0.482353
1.000000 0.482353

i = 1240.000000 0.486275
0.003922 0.486275
0.007843 0.486275
0.011765 0.486275
0.015686 0.486275
0.019608 0.486275
0.023529 0.486275
0.027451 0.486275
0.031373 0.486275
0.035294 0.486275
0.039216 0.486275
0.043137 0.486275
0.047059 0.486275
0.050980 0.486275
0.054902 0.486275
0.058824 0.486275
0.062745 0.486275
0.066667 0.486275
0.070588 0.486275
0.074510 0.486275
0.078431 0.486275
0.082353 0.486275
0.086275 0.486275
0.090196 0.486275
0.094118 0.486275
0.098039 0.486275
0.101961 0.486275
0.105882 0.486275
0.109804 0.486275
0.113725 0.486275
0.117647 0.486275
0.121569 0.486275
0.125490 0.486275
0.129412 0.486275
0.133333 0.486275
0.137255 0.486275
0.141176 0.486275
0.145098 0.486275
0.149020 0.486275
0.152941 0.486275
0.156863 0.486275
0.160784 0.486275
0.164706 0.486275
0.168627 0.486275
0.172549 0.486275
0.176471 0.486275
0.180392 0.486275
0.184314 0.486275
0.188235 0.486275
0.192157 0.486275
0.196078 0.486275
0.200000 0.486275
0.203922 0.486275
0.207843 0.486275
0.211765 0.486275
0.215686 0.486275
0.219608 0.486275
0.223529 0.486275
0.227451 0.486275
0.231373 0.486275
0.235294 0.486275
0.239216 0.486275
0.243137 0.486275
0.247059 0.486275
0.250980 0.486275
0.254902 0.486275
0.258824 0.486275
0.262745 0.486275
0.266667 0.486275
0.270588 0.486275
0.274510 0.486275
0.278431 0.486275
0.282353 0.486275
0.286275 0.486275
0.290196 0.486275
0.294118 0.486275
0.298039 0.486275
0.301961 0.486275
0.305882 0.486275
0.309804 0.486275
0.313726 0.486275
0.317647 0.486275
0.321569 0.486275
0.325490 0.486275
0.329412 0.486275
0.333333 0.486275
0.337255 0.486275
0.341176 0.486275
0.345098 0.486275
0.349020 0.486275
0.352941 0.486275
0.356863 0.486275
0.360784 0.486275
0.364706 0.486275
0.368627 0.486275
0.372549 0.486275
0.376471 0.486275
0.380392 0.486275
0.384314 0.486275
0.388235 0.486275
0.392157 0.486275
0.396078 0.486275
0.400000 0.486275
0.403922 0.486275
0.407843 0.486275
0.411765 0.486275
0.415686 0.486275
0.419608 0.486275
0.423529 0.486275
0.427451 0.486275
0.431373 0.486275
0.435294 0.486275
0.439216 0.486275
0.443137 0.486275
0.447059 0.486275
0.450980 0.486275
0.454902 0.486275
0.458824 0.486275
0.462745 0.486275
0.466667 0.486275
0.470588 0.486275
0.474510 0.486275
0.478431 0.486275
0.482353 0.486275
0.486275 0.486275
0.490196 0.486275
0.494118 0.486275
0.498039 0.486275
0.501961 0.486275
0.505882 0.486275
0.509804 0.486275
0.513726 0.486275
0.517647 0.486275
0.521569 0.486275
0.525490 0.486275
0.529412 0.486275
0.533333 0.486275
0.537255 0.486275
0.541176 0.486275
0.545098 0.486275
0.549020 0.486275
0.552941 0.486275
0.556863 0.486275
0.560784 0.486275
0.564706 0.486275
0.568627 0.486275
0.572549 0.486275
0.576471 0.486275
0.580392 0.486275
0.584314 0.486275
0.588235 0.486275
0.592157 0.486275
0.596078 0.486275
0.600000 0.486275
0.603922 0.486275
0.607843 0.486275
0.611765 0.486275
0.615686 0.486275
0.619608 0.486275
0.623529 0.486275
0.627451 0.486275
0.631373 0.486275
0.635294 0.486275
0.639216 0.486275
0.643137 0.486275
0.647059 0.486275
0.650980 0.486275
0.654902 0.486275
0.658824 0.486275
0.662745 0.486275
0.666667 0.486275
0.670588 0.486275
0.674510 0.486275
0.678431 0.486275
0.682353 0.486275
0.686275 0.486275
0.690196 0.486275
0.694118 0.486275
0.698039 0.486275
0.701961 0.486275
0.705882 0.486275
0.709804 0.486275
0.713726 0.486275
0.717647 0.486275
0.721569 0.486275
0.725490 0.486275
0.729412 0.486275
0.733333 0.486275
0.737255 0.486275
0.741176 0.486275
0.745098 0.486275
0.749020 0.486275
0.752941 0.486275
0.756863 0.486275
0.760784 0.486275
0.764706 0.486275
0.768627 0.486275
0.772549 0.486275
0.776471 0.486275
0.780392 0.486275
0.784314 0.486275
0.788235 0.486275
0.792157 0.486275
0.796078 0.486275
0.800000 0.486275
0.803922 0.486275
0.807843 0.486275
0.811765 0.486275
0.815686 0.486275
0.819608 0.486275
0.823529 0.486275
0.827451 0.486275
0.831373 0.486275
0.835294 0.486275
0.839216 0.486275
0.843137 0.486275
0.847059 0.486275
0.850980 0.486275
0.854902 0.486275
0.858824 0.486275
0.862745 0.486275
0.866667 0.486275
0.870588 0.486275
0.874510 0.486275
0.878431 0.486275
0.882353 0.486275
0.886275 0.486275
0.890196 0.486275
0.894118 0.486275
0.898039 0.486275
0.901961 0.486275
0.905882 0.486275
0.909804 0.486275
0.913725 0.486275
0.917647 0.486275
0.921569 0.486275
0.925490 0.486275
0.929412 0.486275
0.933333 0.486275
0.937255 0.486275
0.941176 0.486275
0.945098 0.486275
0.949020 0.486275
0.952941 0.486275
0.956863 0.486275
0.960784 0.486275
0.964706 0.486275
0.968627 0.486275
0.972549 0.486275
0.976471 0.486275
0.980392 0.486275
0.984314 0.486275
0.988235 0.486275
0.992157 0.486275
0.996078 0.486275
1.000000 0.486275

i = 1250.000000 0.490196
0.003922 0.490196
0.007843 0.490196
0.011765 0.490196
0.015686 0.490196
0.019608 0.490196
0.023529 0.490196
0.027451 0.490196
0.031373 0.490196
0.035294 0.490196
0.039216 0.490196
0.043137 0.490196
0.047059 0.490196
0.050980 0.490196
0.054902 0.490196
0.058824 0.490196
0.062745 0.490196
0.066667 0.490196
0.070588 0.490196
0.074510 0.490196
0.078431 0.490196
0.082353 0.490196
0.086275 0.490196
0.090196 0.490196
0.094118 0.490196
0.098039 0.490196
0.101961 0.490196
0.105882 0.490196
0.109804 0.490196
0.113725 0.490196
0.117647 0.490196
0.121569 0.490196
0.125490 0.490196
0.129412 0.490196
0.133333 0.490196
0.137255 0.490196
0.141176 0.490196
0.145098 0.490196
0.149020 0.490196
0.152941 0.490196
0.156863 0.490196
0.160784 0.490196
0.164706 0.490196
0.168627 0.490196
0.172549 0.490196
0.176471 0.490196
0.180392 0.490196
0.184314 0.490196
0.188235 0.490196
0.192157 0.490196
0.196078 0.490196
0.200000 0.490196
0.203922 0.490196
0.207843 0.490196
0.211765 0.490196
0.215686 0.490196
0.219608 0.490196
0.223529 0.490196
0.227451 0.490196
0.231373 0.490196
0.235294 0.490196
0.239216 0.490196
0.243137 0.490196
0.247059 0.490196
0.250980 0.490196
0.254902 0.490196
0.258824 0.490196
0.262745 0.490196
0.266667 0.490196
0.270588 0.490196
0.274510 0.490196
0.278431 0.490196
0.282353 0.490196
0.286275 0.490196
0.290196 0.490196
0.294118 0.490196
0.298039 0.490196
0.301961 0.490196
0.305882 0.490196
0.309804 0.490196
0.313726 0.490196
0.317647 0.490196
0.321569 0.490196
0.325490 0.490196
0.329412 0.490196
0.333333 0.490196
0.337255 0.490196
0.341176 0.490196
0.345098 0.490196
0.349020 0.490196
0.352941 0.490196
0.356863 0.490196
0.360784 0.490196
0.364706 0.490196
0.368627 0.490196
0.372549 0.490196
0.376471 0.490196
0.380392 0.490196
0.384314 0.490196
0.388235 0.490196
0.392157 0.490196
0.396078 0.490196
0.400000 0.490196
0.403922 0.490196
0.407843 0.490196
0.411765 0.490196
0.415686 0.490196
0.419608 0.490196
0.423529 0.490196
0.427451 0.490196
0.431373 0.490196
0.435294 0.490196
0.439216 0.490196
0.443137 0.490196
0.447059 0.490196
0.450980 0.490196
0.454902 0.490196
0.458824 0.490196
0.462745 0.490196
0.466667 0.490196
0.470588 0.490196
0.474510 0.490196
0.478431 0.490196
0.482353 0.490196
0.486275 0.490196
0.490196 0.490196
0.494118 0.490196
0.498039 0.490196
0.501961 0.490196
0.505882 0.490196
0.509804 0.490196
0.513726 0.490196
0.517647 0.490196
0.521569 0.490196
0.525490 0.490196
0.529412 0.490196
0.533333 0.490196
0.537255 0.490196
0.541176 0.490196
0.545098 0.490196
0.549020 0.490196
0.552941 0.490196
0.556863 0.490196
0.560784 0.490196
0.564706 0.490196
0.568627 0.490196
0.572549 0.490196
0.576471 0.490196
0.580392 0.490196
0.584314 0.490196
0.588235 0.490196
0.592157 0.490196
0.596078 0.490196
0.600000 0.490196
0.603922 0.490196
0.607843 0.490196
0.611765 0.490196
0.615686 0.490196
0.619608 0.490196
0.623529 0.490196
0.627451 0.490196
0.631373 0.490196
0.635294 0.490196
0.639216 0.490196
0.643137 0.490196
0.647059 0.490196
0.650980 0.490196
0.654902 0.490196
0.658824 0.490196
0.662745 0.490196
0.666667 0.490196
0.670588 0.490196
0.674510 0.490196
0.678431 0.490196
0.682353 0.490196
0.686275 0.490196
0.690196 0.490196
0.694118 0.490196
0.698039 0.490196
0.701961 0.490196
0.705882 0.490196
0.709804 0.490196
0.713726 0.490196
0.717647 0.490196
0.721569 0.490196
0.725490 0.490196
0.729412 0.490196
0.733333 0.490196
0.737255 0.490196
0.741176 0.490196
0.745098 0.490196
0.749020 0.490196
0.752941 0.490196
0.756863 0.490196
0.760784 0.490196
0.764706 0.490196
0.768627 0.490196
0.772549 0.490196
0.776471 0.490196
0.780392 0.490196
0.784314 0.490196
0.788235 0.490196
0.792157 0.490196
0.796078 0.490196
0.800000 0.490196
0.803922 0.490196
0.807843 0.490196
0.811765 0.490196
0.815686 0.490196
0.819608 0.490196
0.823529 0.490196
0.827451 0.490196
0.831373 0.490196
0.835294 0.490196
0.839216 0.490196
0.843137 0.490196
0.847059 0.490196
0.850980 0.490196
0.854902 0.490196
0.858824 0.490196
0.862745 0.490196
0.866667 0.490196
0.870588 0.490196
0.874510 0.490196
0.878431 0.490196
0.882353 0.490196
0.886275 0.490196
0.890196 0.490196
0.894118 0.490196
0.898039 0.490196
0.901961 0.490196
0.905882 0.490196
0.909804 0.490196
0.913725 0.490196
0.917647 0.490196
0.921569 0.490196
0.925490 0.490196
0.929412 0.490196
0.933333 0.490196
0.937255 0.490196
0.941176 0.490196
0.945098 0.490196
0.949020 0.490196
0.952941 0.490196
0.956863 0.490196
0.960784 0.490196
0.964706 0.490196
0.968627 0.490196
0.972549 0.490196
0.976471 0.490196
0.980392 0.490196
0.984314 0.490196
0.988235 0.490196
0.992157 0.490196
0.996078 0.490196
1.000000 0.490196

i = 1260.000000 0.494118
0.003922 0.494118
0.007843 0.494118
0.011765 0.494118
0.015686 0.494118
0.019608 0.494118
0.023529 0.494118
0.027451 0.494118
0.031373 0.494118
0.035294 0.494118
0.039216 0.494118
0.043137 0.494118
0.047059 0.494118
0.050980 0.494118
0.054902 0.494118
0.058824 0.494118
0.062745 0.494118
0.066667 0.494118
0.070588 0.494118
0.074510 0.494118
0.078431 0.494118
0.082353 0.494118
0.086275 0.494118
0.090196 0.494118
0.094118 0.494118
0.098039 0.494118
0.101961 0.494118
0.105882 0.494118
0.109804 0.494118
0.113725 0.494118
0.117647 0.494118
0.121569 0.494118
0.125490 0.494118
0.129412 0.494118
0.133333 0.494118
0.137255 0.494118
0.141176 0.494118
0.145098 0.494118
0.149020 0.494118
0.152941 0.494118
0.156863 0.494118
0.160784 0.494118
0.164706 0.494118
0.168627 0.494118
0.172549 0.494118
0.176471 0.494118
0.180392 0.494118
0.184314 0.494118
0.188235 0.494118
0.192157 0.494118
0.196078 0.494118
0.200000 0.494118
0.203922 0.494118
0.207843 0.494118
0.211765 0.494118
0.215686 0.494118
0.219608 0.494118
0.223529 0.494118
0.227451 0.494118
0.231373 0.494118
0.235294 0.494118
0.239216 0.494118
0.243137 0.494118
0.247059 0.494118
0.250980 0.494118
0.254902 0.494118
0.258824 0.494118
0.262745 0.494118
0.266667 0.494118
0.270588 0.494118
0.274510 0.494118
0.278431 0.494118
0.282353 0.494118
0.286275 0.494118
0.290196 0.494118
0.294118 0.494118
0.298039 0.494118
0.301961 0.494118
0.305882 0.494118
0.309804 0.494118
0.313726 0.494118
0.317647 0.494118
0.321569 0.494118
0.325490 0.494118
0.329412 0.494118
0.333333 0.494118
0.337255 0.494118
0.341176 0.494118
0.345098 0.494118
0.349020 0.494118
0.352941 0.494118
0.356863 0.494118
0.360784 0.494118
0.364706 0.494118
0.368627 0.494118
0.372549 0.494118
0.376471 0.494118
0.380392 0.494118
0.384314 0.494118
0.388235 0.494118
0.392157 0.494118
0.396078 0.494118
0.400000 0.494118
0.403922 0.494118
0.407843 0.494118
0.411765 0.494118
0.415686 0.494118
0.419608 0.494118
0.423529 0.494118
0.427451 0.494118
0.431373 0.494118
0.435294 0.494118
0.439216 0.494118
0.443137 0.494118
0.447059 0.494118
0.450980 0.494118
0.454902 0.494118
0.458824 0.494118
0.462745 0.494118
0.466667 0.494118
0.470588 0.494118
0.474510 0.494118
0.478431 0.494118
0.482353 0.494118
0.486275 0.494118
0.490196 0.494118
0.494118 0.494118
0.498039 0.494118
0.501961 0.494118
0.505882 0.494118
0.509804 0.494118
0.513726 0.494118
0.517647 0.494118
0.521569 0.494118
0.525490 0.494118
0.529412 0.494118
0.533333 0.494118
0.537255 0.494118
0.541176 0.494118
0.545098 0.494118
0.549020 0.494118
0.552941 0.494118
0.556863 0.494118
0.560784 0.494118
0.564706 0.494118
0.568627 0.494118
0.572549 0.494118
0.576471 0.494118
0.580392 0.494118
0.584314 0.494118
0.588235 0.494118
0.592157 0.494118
0.596078 0.494118
0.600000 0.494118
0.603922 0.494118
0.607843 0.494118
0.611765 0.494118
0.615686 0.494118
0.619608 0.494118
0.623529 0.494118
0.627451 0.494118
0.631373 0.494118
0.635294 0.494118
0.639216 0.494118
0.643137 0.494118
0.647059 0.494118
0.650980 0.494118
0.654902 0.494118
0.658824 0.494118
0.662745 0.494118
0.666667 0.494118
0.670588 0.494118
0.674510 0.494118
0.678431 0.494118
0.682353 0.494118
0.686275 0.494118
0.690196 0.494118
0.694118 0.494118
0.698039 0.494118
0.701961 0.494118
0.705882 0.494118
0.709804 0.494118
0.713726 0.494118
0.717647 0.494118
0.721569 0.494118
0.725490 0.494118
0.729412 0.494118
0.733333 0.494118
0.737255 0.494118
0.741176 0.494118
0.745098 0.494118
0.749020 0.494118
0.752941 0.494118
0.756863 0.494118
0.760784 0.494118
0.764706 0.494118
0.768627 0.494118
0.772549 0.494118
0.776471 0.494118
0.780392 0.494118
0.784314 0.494118
0.788235 0.494118
0.792157 0.494118
0.796078 0.494118
0.800000 0.494118
0.803922 0.494118
0.807843 0.494118
0.811765 0.494118
0.815686 0.494118
0.819608 0.494118
0.823529 0.494118
0.827451 0.494118
0.831373 0.494118
0.835294 0.494118
0.839216 0.494118
0.843137 0.494118
0.847059 0.494118
0.850980 0.494118
0.854902 0.494118
0.858824 0.494118
0.862745 0.494118
0.866667 0.494118
0.870588 0.494118
0.874510 0.494118
0.878431 0.494118
0.882353 0.494118
0.886275 0.494118
0.890196 0.494118
0.894118 0.494118
0.898039 0.494118
0.901961 0.494118
0.905882 0.494118
0.909804 0.494118
0.913725 0.494118
0.917647 0.494118
0.921569 0.494118
0.925490 0.494118
0.929412 0.494118
0.933333 0.494118
0.937255 0.494118
0.941176 0.494118
0.945098 0.494118
0.949020 0.494118
0.952941 0.494118
0.956863 0.494118
0.960784 0.494118
0.964706 0.494118
0.968627 0.494118
0.972549 0.494118
0.976471 0.494118
0.980392 0.494118
0.984314 0.494118
0.988235 0.494118
0.992157 0.494118
0.996078 0.494118
1.000000 0.494118

i = 1270.000000 0.498039
0.003922 0.498039
0.007843 0.498039
0.011765 0.498039
0.015686 0.498039
0.019608 0.498039
0.023529 0.498039
0.027451 0.498039
0.031373 0.498039
0.035294 0.498039
0.039216 0.498039
0.043137 0.498039
0.047059 0.498039
0.050980 0.498039
0.054902 0.498039
0.058824 0.498039
0.062745 0.498039
0.066667 0.498039
0.070588 0.498039
0.074510 0.498039
0.078431 0.498039
0.082353 0.498039
0.086275 0.498039
0.090196 0.498039
0.094118 0.498039
0.098039 0.498039
0.101961 0.498039
0.105882 0.498039
0.109804 0.498039
0.113725 0.498039
0.117647 0.498039
0.121569 0.498039
0.125490 0.498039
0.129412 0.498039
0.133333 0.498039
0.137255 0.498039
0.141176 0.498039
0.145098 0.498039
0.149020 0.498039
0.152941 0.498039
0.156863 0.498039
0.160784 0.498039
0.164706 0.498039
0.168627 0.498039
0.172549 0.498039
0.176471 0.498039
0.180392 0.498039
0.184314 0.498039
0.188235 0.498039
0.192157 0.498039
0.196078 0.498039
0.200000 0.498039
0.203922 0.498039
0.207843 0.498039
0.211765 0.498039
0.215686 0.498039
0.219608 0.498039
0.223529 0.498039
0.227451 0.498039
0.231373 0.498039
0.235294 0.498039
0.239216 0.498039
0.243137 0.498039
0.247059 0.498039
0.250980 0.498039
0.254902 0.498039
0.258824 0.498039
0.262745 0.498039
0.266667 0.498039
0.270588 0.498039
0.274510 0.498039
0.278431 0.498039
0.282353 0.498039
0.286275 0.498039
0.290196 0.498039
0.294118 0.498039
0.298039 0.498039
0.301961 0.498039
0.305882 0.498039
0.309804 0.498039
0.313726 0.498039
0.317647 0.498039
0.321569 0.498039
0.325490 0.498039
0.329412 0.498039
0.333333 0.498039
0.337255 0.498039
0.341176 0.498039
0.345098 0.498039
0.349020 0.498039
0.352941 0.498039
0.356863 0.498039
0.360784 0.498039
0.364706 0.498039
0.368627 0.498039
0.372549 0.498039
0.376471 0.498039
0.380392 0.498039
0.384314 0.498039
0.388235 0.498039
0.392157 0.498039
0.396078 0.498039
0.400000 0.498039
0.403922 0.498039
0.407843 0.498039
0.411765 0.498039
0.415686 0.498039
0.419608 0.498039
0.423529 0.498039
0.427451 0.498039
0.431373 0.498039
0.435294 0.498039
0.439216 0.498039
0.443137 0.498039
0.447059 0.498039
0.450980 0.498039
0.454902 0.498039
0.458824 0.498039
0.462745 0.498039
0.466667 0.498039
0.470588 0.498039
0.474510 0.498039
0.478431 0.498039
0.482353 0.498039
0.486275 0.498039
0.490196 0.498039
0.494118 0.498039
0.498039 0.498039
0.501961 0.498039
0.505882 0.498039
0.509804 0.498039
0.513726 0.498039
0.517647 0.498039
0.521569 0.498039
0.525490 0.498039
0.529412 0.498039
0.533333 0.498039
0.537255 0.498039
0.541176 0.498039
0.545098 0.498039
0.549020 0.498039
0.552941 0.498039
0.556863 0.498039
0.560784 0.498039
0.564706 0.498039
0.568627 0.498039
0.572549 0.498039
0.576471 0.498039
0.580392 0.498039
0.584314 0.498039
0.588235 0.498039
0.592157 0.498039
0.596078 0.498039
0.600000 0.498039
0.603922 0.498039
0.607843 0.498039
0.611765 0.498039
0.615686 0.498039
0.619608 0.498039
0.623529 0.498039
0.627451 0.498039
0.631373 0.498039
0.635294 0.498039
0.639216 0.498039
0.643137 0.498039
0.647059 0.498039
0.650980 0.498039
0.654902 0.498039
0.658824 0.498039
0.662745 0.498039
0.666667 0.498039
0.670588 0.498039
0.674510 0.498039
0.678431 0.498039
0.682353 0.498039
0.686275 0.498039
0.690196 0.498039
0.694118 0.498039
0.698039 0.498039
0.701961 0.498039
0.705882 0.498039
0.709804 0.498039
0.713726 0.498039
0.717647 0.498039
0.721569 0.498039
0.725490 0.498039
0.729412 0.498039
0.733333 0.498039
0.737255 0.498039
0.741176 0.498039
0.745098 0.498039
0.749020 0.498039
0.752941 0.498039
0.756863 0.498039
0.760784 0.498039
0.764706 0.498039
0.768627 0.498039
0.772549 0.498039
0.776471 0.498039
0.780392 0.498039
0.784314 0.498039
0.788235 0.498039
0.792157 0.498039
0.796078 0.498039
0.800000 0.498039
0.803922 0.498039
0.807843 0.498039
0.811765 0.498039
0.815686 0.498039
0.819608 0.498039
0.823529 0.498039
0.827451 0.498039
0.831373 0.498039
0.835294 0.498039
0.839216 0.498039
0.843137 0.498039
0.847059 0.498039
0.850980 0.498039
0.854902 0.498039
0.858824 0.498039
0.862745 0.498039
0.866667 0.498039
0.870588 0.498039
0.874510 0.498039
0.878431 0.498039
0.882353 0.498039
0.886275 0.498039
0.890196 0.498039
0.894118 0.498039
0.898039 0.498039
0.901961 0.498039
0.905882 0.498039
0.909804 0.498039
0.913725 0.498039
0.917647 0.498039
0.921569 0.498039
0.925490 0.498039
0.929412 0.498039
0.933333 0.498039
0.937255 0.498039
0.941176 0.498039
0.945098 0.498039
0.949020 0.498039
0.952941 0.498039
0.956863 0.498039
0.960784 0.498039
0.964706 0.498039
0.968627 0.498039
0.972549 0.498039
0.976471 0.498039
0.980392 0.498039
0.984314 0.498039
0.988235 0.498039
0.992157 0.498039
0.996078 0.498039
1.000000 0.498039

i = 1280.000000 0.501961
0.003922 0.501961
0.007843 0.501961
0.011765 0.501961
0.015686 0.501961
0.019608 0.501961
0.023529 0.501961
0.027451 0.501961
0.031373 0.501961
0.035294 0.501961
0.039216 0.501961
0.043137 0.501961
0.047059 0.501961
0.050980 0.501961
0.054902 0.501961
0.058824 0.501961
0.062745 0.501961
0.066667 0.501961
0.070588 0.501961
0.074510 0.501961
0.078431 0.501961
0.082353 0.501961
0.086275 0.501961
0.090196 0.501961
0.094118 0.501961
0.098039 0.501961
0.101961 0.501961
0.105882 0.501961
0.109804 0.501961
0.113725 0.501961
0.117647 0.501961
0.121569 0.501961
0.125490 0.501961
0.129412 0.501961
0.133333 0.501961
0.137255 0.501961
0.141176 0.501961
0.145098 0.501961
0.149020 0.501961
0.152941 0.501961
0.156863 0.501961
0.160784 0.501961
0.164706 0.501961
0.168627 0.501961
0.172549 0.501961
0.176471 0.501961
0.180392 0.501961
0.184314 0.501961
0.188235 0.501961
0.192157 0.501961
0.196078 0.501961
0.200000 0.501961
0.203922 0.501961
0.207843 0.501961
0.211765 0.501961
0.215686 0.501961
0.219608 0.501961
0.223529 0.501961
0.227451 0.501961
0.231373 0.501961
0.235294 0.501961
0.239216 0.501961
0.243137 0.501961
0.247059 0.501961
0.250980 0.501961
0.254902 0.501961
0.258824 0.501961
0.262745 0.501961
0.266667 0.501961
0.270588 0.501961
0.274510 0.501961
0.278431 0.501961
0.282353 0.501961
0.286275 0.501961
0.290196 0.501961
0.294118 0.501961
0.298039 0.501961
0.301961 0.501961
0.305882 0.501961
0.309804 0.501961
0.313726 0.501961
0.317647 0.501961
0.321569 0.501961
0.325490 0.501961
0.329412 0.501961
0.333333 0.501961
0.337255 0.501961
0.341176 0.501961
0.345098 0.501961
0.349020 0.501961
0.352941 0.501961
0.356863 0.501961
0.360784 0.501961
0.364706 0.501961
0.368627 0.501961
0.372549 0.501961
0.376471 0.501961
0.380392 0.501961
0.384314 0.501961
0.388235 0.501961
0.392157 0.501961
0.396078 0.501961
0.400000 0.501961
0.403922 0.501961
0.407843 0.501961
0.411765 0.501961
0.415686 0.501961
0.419608 0.501961
0.423529 0.501961
0.427451 0.501961
0.431373 0.501961
0.435294 0.501961
0.439216 0.501961
0.443137 0.501961
0.447059 0.501961
0.450980 0.501961
0.454902 0.501961
0.458824 0.501961
0.462745 0.501961
0.466667 0.501961
0.470588 0.501961
0.474510 0.501961
0.478431 0.501961
0.482353 0.501961
0.486275 0.501961
0.490196 0.501961
0.494118 0.501961
0.498039 0.501961
0.501961 0.501961
0.505882 0.501961
0.509804 0.501961
0.513726 0.501961
0.517647 0.501961
0.521569 0.501961
0.525490 0.501961
0.529412 0.501961
0.533333 0.501961
0.537255 0.501961
0.541176 0.501961
0.545098 0.501961
0.549020 0.501961
0.552941 0.501961
0.556863 0.501961
0.560784 0.501961
0.564706 0.501961
0.568627 0.501961
0.572549 0.501961
0.576471 0.501961
0.580392 0.501961
0.584314 0.501961
0.588235 0.501961
0.592157 0.501961
0.596078 0.501961
0.600000 0.501961
0.603922 0.501961
0.607843 0.501961
0.611765 0.501961
0.615686 0.501961
0.619608 0.501961
0.623529 0.501961
0.627451 0.501961
0.631373 0.501961
0.635294 0.501961
0.639216 0.501961
0.643137 0.501961
0.647059 0.501961
0.650980 0.501961
0.654902 0.501961
0.658824 0.501961
0.662745 0.501961
0.666667 0.501961
0.670588 0.501961
0.674510 0.501961
0.678431 0.501961
0.682353 0.501961
0.686275 0.501961
0.690196 0.501961
0.694118 0.501961
0.698039 0.501961
0.701961 0.501961
0.705882 0.501961
0.709804 0.501961
0.713726 0.501961
0.717647 0.501961
0.721569 0.501961
0.725490 0.501961
0.729412 0.501961
0.733333 0.501961
0.737255 0.501961
0.741176 0.501961
0.745098 0.501961
0.749020 0.501961
0.752941 0.501961
0.756863 0.501961
0.760784 0.501961
0.764706 0.501961
0.768627 0.501961
0.772549 0.501961
0.776471 0.501961
0.780392 0.501961
0.784314 0.501961
0.788235 0.501961
0.792157 0.501961
0.796078 0.501961
0.800000 0.501961
0.803922 0.501961
0.807843 0.501961
0.811765 0.501961
0.815686 0.501961
0.819608 0.501961
0.823529 0.501961
0.827451 0.501961
0.831373 0.501961
0.835294 0.501961
0.839216 0.501961
0.843137 0.501961
0.847059 0.501961
0.850980 0.501961
0.854902 0.501961
0.858824 0.501961
0.862745 0.501961
0.866667 0.501961
0.870588 0.501961
0.874510 0.501961
0.878431 0.501961
0.882353 0.501961
0.886275 0.501961
0.890196 0.501961
0.894118 0.501961
0.898039 0.501961
0.901961 0.501961
0.905882 0.501961
0.909804 0.501961
0.913725 0.501961
0.917647 0.501961
0.921569 0.501961
0.925490 0.501961
0.929412 0.501961
0.933333 0.501961
0.937255 0.501961
0.941176 0.501961
0.945098 0.501961
0.949020 0.501961
0.952941 0.501961
0.956863 0.501961
0.960784 0.501961
0.964706 0.501961
0.968627 0.501961
0.972549 0.501961
0.976471 0.501961
0.980392 0.501961
0.984314 0.501961
0.988235 0.501961
0.992157 0.501961
0.996078 0.501961
1.000000 0.501961

i = 1290.000000 0.505882
0.003922 0.505882
0.007843 0.505882
0.011765 0.505882
0.015686 0.505882
0.019608 0.505882
0.023529 0.505882
0.027451 0.505882
0.031373 0.505882
0.035294 0.505882
0.039216 0.505882
0.043137 0.505882
0.047059 0.505882
0.050980 0.505882
0.054902 0.505882
0.058824 0.505882
0.062745 0.505882
0.066667 0.505882
0.070588 0.505882
0.074510 0.505882
0.078431 0.505882
0.082353 0.505882
0.086275 0.505882
0.090196 0.505882
0.094118 0.505882
0.098039 0.505882
0.101961 0.505882
0.105882 0.505882
0.109804 0.505882
0.113725 0.505882
0.117647 0.505882
0.121569 0.505882
0.125490 0.505882
0.129412 0.505882
0.133333 0.505882
0.137255 0.505882
0.141176 0.505882
0.145098 0.505882
0.149020 0.505882
0.152941 0.505882
0.156863 0.505882
0.160784 0.505882
0.164706 0.505882
0.168627 0.505882
0.172549 0.505882
0.176471 0.505882
0.180392 0.505882
0.184314 0.505882
0.188235 0.505882
0.192157 0.505882
0.196078 0.505882
0.200000 0.505882
0.203922 0.505882
0.207843 0.505882
0.211765 0.505882
0.215686 0.505882
0.219608 0.505882
0.223529 0.505882
0.227451 0.505882
0.231373 0.505882
0.235294 0.505882
0.239216 0.505882
0.243137 0.505882
0.247059 0.505882
0.250980 0.505882
0.254902 0.505882
0.258824 0.505882
0.262745 0.505882
0.266667 0.505882
0.270588 0.505882
0.274510 0.505882
0.278431 0.505882
0.282353 0.505882
0.286275 0.505882
0.290196 0.505882
0.294118 0.505882
0.298039 0.505882
0.301961 0.505882
0.305882 0.505882
0.309804 0.505882
0.313726 0.505882
0.317647 0.505882
0.321569 0.505882
0.325490 0.505882
0.329412 0.505882
0.333333 0.505882
0.337255 0.505882
0.341176 0.505882
0.345098 0.505882
0.349020 0.505882
0.352941 0.505882
0.356863 0.505882
0.360784 0.505882
0.364706 0.505882
0.368627 0.505882
0.372549 0.505882
0.376471 0.505882
0.380392 0.505882
0.384314 0.505882
0.388235 0.505882
0.392157 0.505882
0.396078 0.505882
0.400000 0.505882
0.403922 0.505882
0.407843 0.505882
0.411765 0.505882
0.415686 0.505882
0.419608 0.505882
0.423529 0.505882
0.427451 0.505882
0.431373 0.505882
0.435294 0.505882
0.439216 0.505882
0.443137 0.505882
0.447059 0.505882
0.450980 0.505882
0.454902 0.505882
0.458824 0.505882
0.462745 0.505882
0.466667 0.505882
0.470588 0.505882
0.474510 0.505882
0.478431 0.505882
0.482353 0.505882
0.486275 0.505882
0.490196 0.505882
0.494118 0.505882
0.498039 0.505882
0.501961 0.505882
0.505882 0.505882
0.509804 0.505882
0.513726 0.505882
0.517647 0.505882
0.521569 0.505882
0.525490 0.505882
0.529412 0.505882
0.533333 0.505882
0.537255 0.505882
0.541176 0.505882
0.545098 0.505882
0.549020 0.505882
0.552941 0.505882
0.556863 0.505882
0.560784 0.505882
0.564706 0.505882
0.568627 0.505882
0.572549 0.505882
0.576471 0.505882
0.580392 0.505882
0.584314 0.505882
0.588235 0.505882
0.592157 0.505882
0.596078 0.505882
0.600000 0.505882
0.603922 0.505882
0.607843 0.505882
0.611765 0.505882
0.615686 0.505882
0.619608 0.505882
0.623529 0.505882
0.627451 0.505882
0.631373 0.505882
0.635294 0.505882
0.639216 0.505882
0.643137 0.505882
0.647059 0.505882
0.650980 0.505882
0.654902 0.505882
0.658824 0.505882
0.662745 0.505882
0.666667 0.505882
0.670588 0.505882
0.674510 0.505882
0.678431 0.505882
0.682353 0.505882
0.686275 0.505882
0.690196 0.505882
0.694118 0.505882
0.698039 0.505882
0.701961 0.505882
0.705882 0.505882
0.709804 0.505882
0.713726 0.505882
0.717647 0.505882
0.721569 0.505882
0.725490 0.505882
0.729412 0.505882
0.733333 0.505882
0.737255 0.505882
0.741176 0.505882
0.745098 0.505882
0.749020 0.505882
0.752941 0.505882
0.756863 0.505882
0.760784 0.505882
0.764706 0.505882
0.768627 0.505882
0.772549 0.505882
0.776471 0.505882
0.780392 0.505882
0.784314 0.505882
0.788235 0.505882
0.792157 0.505882
0.796078 0.505882
0.800000 0.505882
0.803922 0.505882
0.807843 0.505882
0.811765 0.505882
0.815686 0.505882
0.819608 0.505882
0.823529 0.505882
0.827451 0.505882
0.831373 0.505882
0.835294 0.505882
0.839216 0.505882
0.843137 0.505882
0.847059 0.505882
0.850980 0.505882
0.854902 0.505882
0.858824 0.505882
0.862745 0.505882
0.866667 0.505882
0.870588 0.505882
0.874510 0.505882
0.878431 0.505882
0.882353 0.505882
0.886275 0.505882
0.890196 0.505882
0.894118 0.505882
0.898039 0.505882
0.901961 0.505882
0.905882 0.505882
0.909804 0.505882
0.913725 0.505882
0.917647 0.505882
0.921569 0.505882
0.925490 0.505882
0.929412 0.505882
0.933333 0.505882
0.937255 0.505882
0.941176 0.505882
0.945098 0.505882
0.949020 0.505882
0.952941 0.505882
0.956863 0.505882
0.960784 0.505882
0.964706 0.505882
0.968627 0.505882
0.972549 0.505882
0.976471 0.505882
0.980392 0.505882
0.984314 0.505882
0.988235 0.505882
0.992157 0.505882
0.996078 0.505882
1.000000 0.505882

i = 1300.000000 0.509804
0.003922 0.509804
0.007843 0.509804
0.011765 0.509804
0.015686 0.509804
0.019608 0.509804
0.023529 0.509804
0.027451 0.509804
0.031373 0.509804
0.035294 0.509804
0.039216 0.509804
0.043137 0.509804
0.047059 0.509804
0.050980 0.509804
0.054902 0.509804
0.058824 0.509804
0.062745 0.509804
0.066667 0.509804
0.070588 0.509804
0.074510 0.509804
0.078431 0.509804
0.082353 0.509804
0.086275 0.509804
0.090196 0.509804
0.094118 0.509804
0.098039 0.509804
0.101961 0.509804
0.105882 0.509804
0.109804 0.509804
0.113725 0.509804
0.117647 0.509804
0.121569 0.509804
0.125490 0.509804
0.129412 0.509804
0.133333 0.509804
0.137255 0.509804
0.141176 0.509804
0.145098 0.509804
0.149020 0.509804
0.152941 0.509804
0.156863 0.509804
0.160784 0.509804
0.164706 0.509804
0.168627 0.509804
0.172549 0.509804
0.176471 0.509804
0.180392 0.509804
0.184314 0.509804
0.188235 0.509804
0.192157 0.509804
0.196078 0.509804
0.200000 0.509804
0.203922 0.509804
0.207843 0.509804
0.211765 0.509804
0.215686 0.509804
0.219608 0.509804
0.223529 0.509804
0.227451 0.509804
0.231373 0.509804
0.235294 0.509804
0.239216 0.509804
0.243137 0.509804
0.247059 0.509804
0.250980 0.509804
0.254902 0.509804
0.258824 0.509804
0.262745 0.509804
0.266667 0.509804
0.270588 0.509804
0.274510 0.509804
0.278431 0.509804
0.282353 0.509804
0.286275 0.509804
0.290196 0.509804
0.294118 0.509804
0.298039 0.509804
0.301961 0.509804
0.305882 0.509804
0.309804 0.509804
0.313726 0.509804
0.317647 0.509804
0.321569 0.509804
0.325490 0.509804
0.329412 0.509804
0.333333 0.509804
0.337255 0.509804
0.341176 0.509804
0.345098 0.509804
0.349020 0.509804
0.352941 0.509804
0.356863 0.509804
0.360784 0.509804
0.364706 0.509804
0.368627 0.509804
0.372549 0.509804
0.376471 0.509804
0.380392 0.509804
0.384314 0.509804
0.388235 0.509804
0.392157 0.509804
0.396078 0.509804
0.400000 0.509804
0.403922 0.509804
0.407843 0.509804
0.411765 0.509804
0.415686 0.509804
0.419608 0.509804
0.423529 0.509804
0.427451 0.509804
0.431373 0.509804
0.435294 0.509804
0.439216 0.509804
0.443137 0.509804
0.447059 0.509804
0.450980 0.509804
0.454902 0.509804
0.458824 0.509804
0.462745 0.509804
0.466667 0.509804
0.470588 0.509804
0.474510 0.509804
0.478431 0.509804
0.482353 0.509804
0.486275 0.509804
0.490196 0.509804
0.494118 0.509804
0.498039 0.509804
0.501961 0.509804
0.505882 0.509804
0.509804 0.509804
0.513726 0.509804
0.517647 0.509804
0.521569 0.509804
0.525490 0.509804
0.529412 0.509804
0.533333 0.509804
0.537255 0.509804
0.541176 0.509804
0.545098 0.509804
0.549020 0.509804
0.552941 0.509804
0.556863 0.509804
0.560784 0.509804
0.564706 0.509804
0.568627 0.509804
0.572549 0.509804
0.576471 0.509804
0.580392 0.509804
0.584314 0.509804
0.588235 0.509804
0.592157 0.509804
0.596078 0.509804
0.600000 0.509804
0.603922 0.509804
0.607843 0.509804
0.611765 0.509804
0.615686 0.509804
0.619608 0.509804
0.623529 0.509804
0.627451 0.509804
0.631373 0.509804
0.635294 0.509804
0.639216 0.509804
0.643137 0.509804
0.647059 0.509804
0.650980 0.509804
0.654902 0.509804
0.658824 0.509804
0.662745 0.509804
0.666667 0.509804
0.670588 0.509804
0.674510 0.509804
0.678431 0.509804
0.682353 0.509804
0.686275 0.509804
0.690196 0.509804
0.694118 0.509804
0.698039 0.509804
0.701961 0.509804
0.705882 0.509804
0.709804 0.509804
0.713726 0.509804
0.717647 0.509804
0.721569 0.509804
0.725490 0.509804
0.729412 0.509804
0.733333 0.509804
0.737255 0.509804
0.741176 0.509804
0.745098 0.509804
0.749020 0.509804
0.752941 0.509804
0.756863 0.509804
0.760784 0.509804
0.764706 0.509804
0.768627 0.509804
0.772549 0.509804
0.776471 0.509804
0.780392 0.509804
0.784314 0.509804
0.788235 0.509804
0.792157 0.509804
0.796078 0.509804
0.800000 0.509804
0.803922 0.509804
0.807843 0.509804
0.811765 0.509804
0.815686 0.509804
0.819608 0.509804
0.823529 0.509804
0.827451 0.509804
0.831373 0.509804
0.835294 0.509804
0.839216 0.509804
0.843137 0.509804
0.847059 0.509804
0.850980 0.509804
0.854902 0.509804
0.858824 0.509804
0.862745 0.509804
0.866667 0.509804
0.870588 0.509804
0.874510 0.509804
0.878431 0.509804
0.882353 0.509804
0.886275 0.509804
0.890196 0.509804
0.894118 0.509804
0.898039 0.509804
0.901961 0.509804
0.905882 0.509804
0.909804 0.509804
0.913725 0.509804
0.917647 0.509804
0.921569 0.509804
0.925490 0.509804
0.929412 0.509804
0.933333 0.509804
0.937255 0.509804
0.941176 0.509804
0.945098 0.509804
0.949020 0.509804
0.952941 0.509804
0.956863 0.509804
0.960784 0.509804
0.964706 0.509804
0.968627 0.509804
0.972549 0.509804
0.976471 0.509804
0.980392 0.509804
0.984314 0.509804
0.988235 0.509804
0.992157 0.509804
0.996078 0.509804
1.000000 0.509804

i = 1310.000000 0.513726
0.003922 0.513726
0.007843 0.513726
0.011765 0.513726
0.015686 0.513726
0.019608 0.513726
0.023529 0.513726
0.027451 0.513726
0.031373 0.513726
0.035294 0.513726
0.039216 0.513726
0.043137 0.513726
0.047059 0.513726
0.050980 0.513726
0.054902 0.513726
0.058824 0.513726
0.062745 0.513726
0.066667 0.513726
0.070588 0.513726
0.074510 0.513726
0.078431 0.513726
0.082353 0.513726
0.086275 0.513726
0.090196 0.513726
0.094118 0.513726
0.098039 0.513726
0.101961 0.513726
0.105882 0.513726
0.109804 0.513726
0.113725 0.513726
0.117647 0.513726
0.121569 0.513726
0.125490 0.513726
0.129412 0.513726
0.133333 0.513726
0.137255 0.513726
0.141176 0.513726
0.145098 0.513726
0.149020 0.513726
0.152941 0.513726
0.156863 0.513726
0.160784 0.513726
0.164706 0.513726
0.168627 0.513726
0.172549 0.513726
0.176471 0.513726
0.180392 0.513726
0.184314 0.513726
0.188235 0.513726
0.192157 0.513726
0.196078 0.513726
0.200000 0.513726
0.203922 0.513726
0.207843 0.513726
0.211765 0.513726
0.215686 0.513726
0.219608 0.513726
0.223529 0.513726
0.227451 0.513726
0.231373 0.513726
0.235294 0.513726
0.239216 0.513726
0.243137 0.513726
0.247059 0.513726
0.250980 0.513726
0.254902 0.513726
0.258824 0.513726
0.262745 0.513726
0.266667 0.513726
0.270588 0.513726
0.274510 0.513726
0.278431 0.513726
0.282353 0.513726
0.286275 0.513726
0.290196 0.513726
0.294118 0.513726
0.298039 0.513726
0.301961 0.513726
0.305882 0.513726
0.309804 0.513726
0.313726 0.513726
0.317647 0.513726
0.321569 0.513726
0.325490 0.513726
0.329412 0.513726
0.333333 0.513726
0.337255 0.513726
0.341176 0.513726
0.345098 0.513726
0.349020 0.513726
0.352941 0.513726
0.356863 0.513726
0.360784 0.513726
0.364706 0.513726
0.368627 0.513726
0.372549 0.513726
0.376471 0.513726
0.380392 0.513726
0.384314 0.513726
0.388235 0.513726
0.392157 0.513726
0.396078 0.513726
0.400000 0.513726
0.403922 0.513726
0.407843 0.513726
0.411765 0.513726
0.415686 0.513726
0.419608 0.513726
0.423529 0.513726
0.427451 0.513726
0.431373 0.513726
0.435294 0.513726
0.439216 0.513726
0.443137 0.513726
0.447059 0.513726
0.450980 0.513726
0.454902 0.513726
0.458824 0.513726
0.462745 0.513726
0.466667 0.513726
0.470588 0.513726
0.474510 0.513726
0.478431 0.513726
0.482353 0.513726
0.486275 0.513726
0.490196 0.513726
0.494118 0.513726
0.498039 0.513726
0.501961 0.513726
0.505882 0.513726
0.509804 0.513726
0.513726 0.513726
0.517647 0.513726
0.521569 0.513726
0.525490 0.513726
0.529412 0.513726
0.533333 0.513726
0.537255 0.513726
0.541176 0.513726
0.545098 0.513726
0.549020 0.513726
0.552941 0.513726
0.556863 0.513726
0.560784 0.513726
0.564706 0.513726
0.568627 0.513726
0.572549 0.513726
0.576471 0.513726
0.580392 0.513726
0.584314 0.513726
0.588235 0.513726
0.592157 0.513726
0.596078 0.513726
0.600000 0.513726
0.603922 0.513726
0.607843 0.513726
0.611765 0.513726
0.615686 0.513726
0.619608 0.513726
0.623529 0.513726
0.627451 0.513726
0.631373 0.513726
0.635294 0.513726
0.639216 0.513726
0.643137 0.513726
0.647059 0.513726
0.650980 0.513726
0.654902 0.513726
0.658824 0.513726
0.662745 0.513726
0.666667 0.513726
0.670588 0.513726
0.674510 0.513726
0.678431 0.513726
0.682353 0.513726
0.686275 0.513726
0.690196 0.513726
0.694118 0.513726
0.698039 0.513726
0.701961 0.513726
0.705882 0.513726
0.709804 0.513726
0.713726 0.513726
0.717647 0.513726
0.721569 0.513726
0.725490 0.513726
0.729412 0.513726
0.733333 0.513726
0.737255 0.513726
0.741176 0.513726
0.745098 0.513726
0.749020 0.513726
0.752941 0.513726
0.756863 0.513726
0.760784 0.513726
0.764706 0.513726
0.768627 0.513726
0.772549 0.513726
0.776471 0.513726
0.780392 0.513726
0.784314 0.513726
0.788235 0.513726
0.792157 0.513726
0.796078 0.513726
0.800000 0.513726
0.803922 0.513726
0.807843 0.513726
0.811765 0.513726
0.815686 0.513726
0.819608 0.513726
0.823529 0.513726
0.827451 0.513726
0.831373 0.513726
0.835294 0.513726
0.839216 0.513726
0.843137 0.513726
0.847059 0.513726
0.850980 0.513726
0.854902 0.513726
0.858824 0.513726
0.862745 0.513726
0.866667 0.513726
0.870588 0.513726
0.874510 0.513726
0.878431 0.513726
0.882353 0.513726
0.886275 0.513726
0.890196 0.513726
0.894118 0.513726
0.898039 0.513726
0.901961 0.513726
0.905882 0.513726
0.909804 0.513726
0.913725 0.513726
0.917647 0.513726
0.921569 0.513726
0.925490 0.513726
0.929412 0.513726
0.933333 0.513726
0.937255 0.513726
0.941176 0.513726
0.945098 0.513726
0.949020 0.513726
0.952941 0.513726
0.956863 0.513726
0.960784 0.513726
0.964706 0.513726
0.968627 0.513726
0.972549 0.513726
0.976471 0.513726
0.980392 0.513726
0.984314 0.513726
0.988235 0.513726
0.992157 0.513726
0.996078 0.513726
1.000000 0.513726

i = 1320.000000 0.517647
0.003922 0.517647
0.007843 0.517647
0.011765 0.517647
0.015686 0.517647
0.019608 0.517647
0.023529 0.517647
0.027451 0.517647
0.031373 0.517647
0.035294 0.517647
0.039216 0.517647
0.043137 0.517647
0.047059 0.517647
0.050980 0.517647
0.054902 0.517647
0.058824 0.517647
0.062745 0.517647
0.066667 0.517647
0.070588 0.517647
0.074510 0.517647
0.078431 0.517647
0.082353 0.517647
0.086275 0.517647
0.090196 0.517647
0.094118 0.517647
0.098039 0.517647
0.101961 0.517647
0.105882 0.517647
0.109804 0.517647
0.113725 0.517647
0.117647 0.517647
0.121569 0.517647
0.125490 0.517647
0.129412 0.517647
0.133333 0.517647
0.137255 0.517647
0.141176 0.517647
0.145098 0.517647
0.149020 0.517647
0.152941 0.517647
0.156863 0.517647
0.160784 0.517647
0.164706 0.517647
0.168627 0.517647
0.172549 0.517647
0.176471 0.517647
0.180392 0.517647
0.184314 0.517647
0.188235 0.517647
0.192157 0.517647
0.196078 0.517647
0.200000 0.517647
0.203922 0.517647
0.207843 0.517647
0.211765 0.517647
0.215686 0.517647
0.219608 0.517647
0.223529 0.517647
0.227451 0.517647
0.231373 0.517647
0.235294 0.517647
0.239216 0.517647
0.243137 0.517647
0.247059 0.517647
0.250980 0.517647
0.254902 0.517647
0.258824 0.517647
0.262745 0.517647
0.266667 0.517647
0.270588 0.517647
0.274510 0.517647
0.278431 0.517647
0.282353 0.517647
0.286275 0.517647
0.290196 0.517647
0.294118 0.517647
0.298039 0.517647
0.301961 0.517647
0.305882 0.517647
0.309804 0.517647
0.313726 0.517647
0.317647 0.517647
0.321569 0.517647
0.325490 0.517647
0.329412 0.517647
0.333333 0.517647
0.337255 0.517647
0.341176 0.517647
0.345098 0.517647
0.349020 0.517647
0.352941 0.517647
0.356863 0.517647
0.360784 0.517647
0.364706 0.517647
0.368627 0.517647
0.372549 0.517647
0.376471 0.517647
0.380392 0.517647
0.384314 0.517647
0.388235 0.517647
0.392157 0.517647
0.396078 0.517647
0.400000 0.517647
0.403922 0.517647
0.407843 0.517647
0.411765 0.517647
0.415686 0.517647
0.419608 0.517647
0.423529 0.517647
0.427451 0.517647
0.431373 0.517647
0.435294 0.517647
0.439216 0.517647
0.443137 0.517647
0.447059 0.517647
0.450980 0.517647
0.454902 0.517647
0.458824 0.517647
0.462745 0.517647
0.466667 0.517647
0.470588 0.517647
0.474510 0.517647
0.478431 0.517647
0.482353 0.517647
0.486275 0.517647
0.490196 0.517647
0.494118 0.517647
0.498039 0.517647
0.501961 0.517647
0.505882 0.517647
0.509804 0.517647
0.513726 0.517647
0.517647 0.517647
0.521569 0.517647
0.525490 0.517647
0.529412 0.517647
0.533333 0.517647
0.537255 0.517647
0.541176 0.517647
0.545098 0.517647
0.549020 0.517647
0.552941 0.517647
0.556863 0.517647
0.560784 0.517647
0.564706 0.517647
0.568627 0.517647
0.572549 0.517647
0.576471 0.517647
0.580392 0.517647
0.584314 0.517647
0.588235 0.517647
0.592157 0.517647
0.596078 0.517647
0.600000 0.517647
0.603922 0.517647
0.607843 0.517647
0.611765 0.517647
0.615686 0.517647
0.619608 0.517647
0.623529 0.517647
0.627451 0.517647
0.631373 0.517647
0.635294 0.517647
0.639216 0.517647
0.643137 0.517647
0.647059 0.517647
0.650980 0.517647
0.654902 0.517647
0.658824 0.517647
0.662745 0.517647
0.666667 0.517647
0.670588 0.517647
0.674510 0.517647
0.678431 0.517647
0.682353 0.517647
0.686275 0.517647
0.690196 0.517647
0.694118 0.517647
0.698039 0.517647
0.701961 0.517647
0.705882 0.517647
0.709804 0.517647
0.713726 0.517647
0.717647 0.517647
0.721569 0.517647
0.725490 0.517647
0.729412 0.517647
0.733333 0.517647
0.737255 0.517647
0.741176 0.517647
0.745098 0.517647
0.749020 0.517647
0.752941 0.517647
0.756863 0.517647
0.760784 0.517647
0.764706 0.517647
0.768627 0.517647
0.772549 0.517647
0.776471 0.517647
0.780392 0.517647
0.784314 0.517647
0.788235 0.517647
0.792157 0.517647
0.796078 0.517647
0.800000 0.517647
0.803922 0.517647
0.807843 0.517647
0.811765 0.517647
0.815686 0.517647
0.819608 0.517647
0.823529 0.517647
0.827451 0.517647
0.831373 0.517647
0.835294 0.517647
0.839216 0.517647
0.843137 0.517647
0.847059 0.517647
0.850980 0.517647
0.854902 0.517647
0.858824 0.517647
0.862745 0.517647
0.866667 0.517647
0.870588 0.517647
0.874510 0.517647
0.878431 0.517647
0.882353 0.517647
0.886275 0.517647
0.890196 0.517647
0.894118 0.517647
0.898039 0.517647
0.901961 0.517647
0.905882 0.517647
0.909804 0.517647
0.913725 0.517647
0.917647 0.517647
0.921569 0.517647
0.925490 0.517647
0.929412 0.517647
0.933333 0.517647
0.937255 0.517647
0.941176 0.517647
0.945098 0.517647
0.949020 0.517647
0.952941 0.517647
0.956863 0.517647
0.960784 0.517647
0.964706 0.517647
0.968627 0.517647
0.972549 0.517647
0.976471 0.517647
0.980392 0.517647
0.984314 0.517647
0.988235 0.517647
0.992157 0.517647
0.996078 0.517647
1.000000 0.517647

i = 1330.000000 0.521569
0.003922 0.521569
0.007843 0.521569
0.011765 0.521569
0.015686 0.521569
0.019608 0.521569
0.023529 0.521569
0.027451 0.521569
0.031373 0.521569
0.035294 0.521569
0.039216 0.521569
0.043137 0.521569
0.047059 0.521569
0.050980 0.521569
0.054902 0.521569
0.058824 0.521569
0.062745 0.521569
0.066667 0.521569
0.070588 0.521569
0.074510 0.521569
0.078431 0.521569
0.082353 0.521569
0.086275 0.521569
0.090196 0.521569
0.094118 0.521569
0.098039 0.521569
0.101961 0.521569
0.105882 0.521569
0.109804 0.521569
0.113725 0.521569
0.117647 0.521569
0.121569 0.521569
0.125490 0.521569
0.129412 0.521569
0.133333 0.521569
0.137255 0.521569
0.141176 0.521569
0.145098 0.521569
0.149020 0.521569
0.152941 0.521569
0.156863 0.521569
0.160784 0.521569
0.164706 0.521569
0.168627 0.521569
0.172549 0.521569
0.176471 0.521569
0.180392 0.521569
0.184314 0.521569
0.188235 0.521569
0.192157 0.521569
0.196078 0.521569
0.200000 0.521569
0.203922 0.521569
0.207843 0.521569
0.211765 0.521569
0.215686 0.521569
0.219608 0.521569
0.223529 0.521569
0.227451 0.521569
0.231373 0.521569
0.235294 0.521569
0.239216 0.521569
0.243137 0.521569
0.247059 0.521569
0.250980 0.521569
0.254902 0.521569
0.258824 0.521569
0.262745 0.521569
0.266667 0.521569
0.270588 0.521569
0.274510 0.521569
0.278431 0.521569
0.282353 0.521569
0.286275 0.521569
0.290196 0.521569
0.294118 0.521569
0.298039 0.521569
0.301961 0.521569
0.305882 0.521569
0.309804 0.521569
0.313726 0.521569
0.317647 0.521569
0.321569 0.521569
0.325490 0.521569
0.329412 0.521569
0.333333 0.521569
0.337255 0.521569
0.341176 0.521569
0.345098 0.521569
0.349020 0.521569
0.352941 0.521569
0.356863 0.521569
0.360784 0.521569
0.364706 0.521569
0.368627 0.521569
0.372549 0.521569
0.376471 0.521569
0.380392 0.521569
0.384314 0.521569
0.388235 0.521569
0.392157 0.521569
0.396078 0.521569
0.400000 0.521569
0.403922 0.521569
0.407843 0.521569
0.411765 0.521569
0.415686 0.521569
0.419608 0.521569
0.423529 0.521569
0.427451 0.521569
0.431373 0.521569
0.435294 0.521569
0.439216 0.521569
0.443137 0.521569
0.447059 0.521569
0.450980 0.521569
0.454902 0.521569
0.458824 0.521569
0.462745 0.521569
0.466667 0.521569
0.470588 0.521569
0.474510 0.521569
0.478431 0.521569
0.482353 0.521569
0.486275 0.521569
0.490196 0.521569
0.494118 0.521569
0.498039 0.521569
0.501961 0.521569
0.505882 0.521569
0.509804 0.521569
0.513726 0.521569
0.517647 0.521569
0.521569 0.521569
0.525490 0.521569
0.529412 0.521569
0.533333 0.521569
0.537255 0.521569
0.541176 0.521569
0.545098 0.521569
0.549020 0.521569
0.552941 0.521569
0.556863 0.521569
0.560784 0.521569
0.564706 0.521569
0.568627 0.521569
0.572549 0.521569
0.576471 0.521569
0.580392 0.521569
0.584314 0.521569
0.588235 0.521569
0.592157 0.521569
0.596078 0.521569
0.600000 0.521569
0.603922 0.521569
0.607843 0.521569
0.611765 0.521569
0.615686 0.521569
0.619608 0.521569
0.623529 0.521569
0.627451 0.521569
0.631373 0.521569
0.635294 0.521569
0.639216 0.521569
0.643137 0.521569
0.647059 0.521569
0.650980 0.521569
0.654902 0.521569
0.658824 0.521569
0.662745 0.521569
0.666667 0.521569
0.670588 0.521569
0.674510 0.521569
0.678431 0.521569
0.682353 0.521569
0.686275 0.521569
0.690196 0.521569
0.694118 0.521569
0.698039 0.521569
0.701961 0.521569
0.705882 0.521569
0.709804 0.521569
0.713726 0.521569
0.717647 0.521569
0.721569 0.521569
0.725490 0.521569
0.729412 0.521569
0.733333 0.521569
0.737255 0.521569
0.741176 0.521569
0.745098 0.521569
0.749020 0.521569
0.752941 0.521569
0.756863 0.521569
0.760784 0.521569
0.764706 0.521569
0.768627 0.521569
0.772549 0.521569
0.776471 0.521569
0.780392 0.521569
0.784314 0.521569
0.788235 0.521569
0.792157 0.521569
0.796078 0.521569
0.800000 0.521569
0.803922 0.521569
0.807843 0.521569
0.811765 0.521569
0.815686 0.521569
0.819608 0.521569
0.823529 0.521569
0.827451 0.521569
0.831373 0.521569
0.835294 0.521569
0.839216 0.521569
0.843137 0.521569
0.847059 0.521569
0.850980 0.521569
0.854902 0.521569
0.858824 0.521569
0.862745 0.521569
0.866667 0.521569
0.870588 0.521569
0.874510 0.521569
0.878431 0.521569
0.882353 0.521569
0.886275 0.521569
0.890196 0.521569
0.894118 0.521569
0.898039 0.521569
0.901961 0.521569
0.905882 0.521569
0.909804 0.521569
0.913725 0.521569
0.917647 0.521569
0.921569 0.521569
0.925490 0.521569
0.929412 0.521569
0.933333 0.521569
0.937255 0.521569
0.941176 0.521569
0.945098 0.521569
0.949020 0.521569
0.952941 0.521569
0.956863 0.521569
0.960784 0.521569
0.964706 0.521569
0.968627 0.521569
0.972549 0.521569
0.976471 0.521569
0.980392 0.521569
0.984314 0.521569
0.988235 0.521569
0.992157 0.521569
0.996078 0.521569
1.000000 0.521569

i = 1340.000000 0.525490
0.003922 0.525490
0.007843 0.525490
0.011765 0.525490
0.015686 0.525490
0.019608 0.525490
0.023529 0.525490
0.027451 0.525490
0.031373 0.525490
0.035294 0.525490
0.039216 0.525490
0.043137 0.525490
0.047059 0.525490
0.050980 0.525490
0.054902 0.525490
0.058824 0.525490
0.062745 0.525490
0.066667 0.525490
0.070588 0.525490
0.074510 0.525490
0.078431 0.525490
0.082353 0.525490
0.086275 0.525490
0.090196 0.525490
0.094118 0.525490
0.098039 0.525490
0.101961 0.525490
0.105882 0.525490
0.109804 0.525490
0.113725 0.525490
0.117647 0.525490
0.121569 0.525490
0.125490 0.525490
0.129412 0.525490
0.133333 0.525490
0.137255 0.525490
0.141176 0.525490
0.145098 0.525490
0.149020 0.525490
0.152941 0.525490
0.156863 0.525490
0.160784 0.525490
0.164706 0.525490
0.168627 0.525490
0.172549 0.525490
0.176471 0.525490
0.180392 0.525490
0.184314 0.525490
0.188235 0.525490
0.192157 0.525490
0.196078 0.525490
0.200000 0.525490
0.203922 0.525490
0.207843 0.525490
0.211765 0.525490
0.215686 0.525490
0.219608 0.525490
0.223529 0.525490
0.227451 0.525490
0.231373 0.525490
0.235294 0.525490
0.239216 0.525490
0.243137 0.525490
0.247059 0.525490
0.250980 0.525490
0.254902 0.525490
0.258824 0.525490
0.262745 0.525490
0.266667 0.525490
0.270588 0.525490
0.274510 0.525490
0.278431 0.525490
0.282353 0.525490
0.286275 0.525490
0.290196 0.525490
0.294118 0.525490
0.298039 0.525490
0.301961 0.525490
0.305882 0.525490
0.309804 0.525490
0.313726 0.525490
0.317647 0.525490
0.321569 0.525490
0.325490 0.525490
0.329412 0.525490
0.333333 0.525490
0.337255 0.525490
0.341176 0.525490
0.345098 0.525490
0.349020 0.525490
0.352941 0.525490
0.356863 0.525490
0.360784 0.525490
0.364706 0.525490
0.368627 0.525490
0.372549 0.525490
0.376471 0.525490
0.380392 0.525490
0.384314 0.525490
0.388235 0.525490
0.392157 0.525490
0.396078 0.525490
0.400000 0.525490
0.403922 0.525490
0.407843 0.525490
0.411765 0.525490
0.415686 0.525490
0.419608 0.525490
0.423529 0.525490
0.427451 0.525490
0.431373 0.525490
0.435294 0.525490
0.439216 0.525490
0.443137 0.525490
0.447059 0.525490
0.450980 0.525490
0.454902 0.525490
0.458824 0.525490
0.462745 0.525490
0.466667 0.525490
0.470588 0.525490
0.474510 0.525490
0.478431 0.525490
0.482353 0.525490
0.486275 0.525490
0.490196 0.525490
0.494118 0.525490
0.498039 0.525490
0.501961 0.525490
0.505882 0.525490
0.509804 0.525490
0.513726 0.525490
0.517647 0.525490
0.521569 0.525490
0.525490 0.525490
0.529412 0.525490
0.533333 0.525490
0.537255 0.525490
0.541176 0.525490
0.545098 0.525490
0.549020 0.525490
0.552941 0.525490
0.556863 0.525490
0.560784 0.525490
0.564706 0.525490
0.568627 0.525490
0.572549 0.525490
0.576471 0.525490
0.580392 0.525490
0.584314 0.525490
0.588235 0.525490
0.592157 0.525490
0.596078 0.525490
0.600000 0.525490
0.603922 0.525490
0.607843 0.525490
0.611765 0.525490
0.615686 0.525490
0.619608 0.525490
0.623529 0.525490
0.627451 0.525490
0.631373 0.525490
0.635294 0.525490
0.639216 0.525490
0.643137 0.525490
0.647059 0.525490
0.650980 0.525490
0.654902 0.525490
0.658824 0.525490
0.662745 0.525490
0.666667 0.525490
0.670588 0.525490
0.674510 0.525490
0.678431 0.525490
0.682353 0.525490
0.686275 0.525490
0.690196 0.525490
0.694118 0.525490
0.698039 0.525490
0.701961 0.525490
0.705882 0.525490
0.709804 0.525490
0.713726 0.525490
0.717647 0.525490
0.721569 0.525490
0.725490 0.525490
0.729412 0.525490
0.733333 0.525490
0.737255 0.525490
0.741176 0.525490
0.745098 0.525490
0.749020 0.525490
0.752941 0.525490
0.756863 0.525490
0.760784 0.525490
0.764706 0.525490
0.768627 0.525490
0.772549 0.525490
0.776471 0.525490
0.780392 0.525490
0.784314 0.525490
0.788235 0.525490
0.792157 0.525490
0.796078 0.525490
0.800000 0.525490
0.803922 0.525490
0.807843 0.525490
0.811765 0.525490
0.815686 0.525490
0.819608 0.525490
0.823529 0.525490
0.827451 0.525490
0.831373 0.525490
0.835294 0.525490
0.839216 0.525490
0.843137 0.525490
0.847059 0.525490
0.850980 0.525490
0.854902 0.525490
0.858824 0.525490
0.862745 0.525490
0.866667 0.525490
0.870588 0.525490
0.874510 0.525490
0.878431 0.525490
0.882353 0.525490
0.886275 0.525490
0.890196 0.525490
0.894118 0.525490
0.898039 0.525490
0.901961 0.525490
0.905882 0.525490
0.909804 0.525490
0.913725 0.525490
0.917647 0.525490
0.921569 0.525490
0.925490 0.525490
0.929412 0.525490
0.933333 0.525490
0.937255 0.525490
0.941176 0.525490
0.945098 0.525490
0.949020 0.525490
0.952941 0.525490
0.956863 0.525490
0.960784 0.525490
0.964706 0.525490
0.968627 0.525490
0.972549 0.525490
0.976471 0.525490
0.980392 0.525490
0.984314 0.525490
0.988235 0.525490
0.992157 0.525490
0.996078 0.525490
1.000000 0.525490

i = 1350.000000 0.529412
0.003922 0.529412
0.007843 0.529412
0.011765 0.529412
0.015686 0.529412
0.019608 0.529412
0.023529 0.529412
0.027451 0.529412
0.031373 0.529412
0.035294 0.529412
0.039216 0.529412
0.043137 0.529412
0.047059 0.529412
0.050980 0.529412
0.054902 0.529412
0.058824 0.529412
0.062745 0.529412
0.066667 0.529412
0.070588 0.529412
0.074510 0.529412
0.078431 0.529412
0.082353 0.529412
0.086275 0.529412
0.090196 0.529412
0.094118 0.529412
0.098039 0.529412
0.101961 0.529412
0.105882 0.529412
0.109804 0.529412
0.113725 0.529412
0.117647 0.529412
0.121569 0.529412
0.125490 0.529412
0.129412 0.529412
0.133333 0.529412
0.137255 0.529412
0.141176 0.529412
0.145098 0.529412
0.149020 0.529412
0.152941 0.529412
0.156863 0.529412
0.160784 0.529412
0.164706 0.529412
0.168627 0.529412
0.172549 0.529412
0.176471 0.529412
0.180392 0.529412
0.184314 0.529412
0.188235 0.529412
0.192157 0.529412
0.196078 0.529412
0.200000 0.529412
0.203922 0.529412
0.207843 0.529412
0.211765 0.529412
0.215686 0.529412
0.219608 0.529412
0.223529 0.529412
0.227451 0.529412
0.231373 0.529412
0.235294 0.529412
0.239216 0.529412
0.243137 0.529412
0.247059 0.529412
0.250980 0.529412
0.254902 0.529412
0.258824 0.529412
0.262745 0.529412
0.266667 0.529412
0.270588 0.529412
0.274510 0.529412
0.278431 0.529412
0.282353 0.529412
0.286275 0.529412
0.290196 0.529412
0.294118 0.529412
0.298039 0.529412
0.301961 0.529412
0.305882 0.529412
0.309804 0.529412
0.313726 0.529412
0.317647 0.529412
0.321569 0.529412
0.325490 0.529412
0.329412 0.529412
0.333333 0.529412
0.337255 0.529412
0.341176 0.529412
0.345098 0.529412
0.349020 0.529412
0.352941 0.529412
0.356863 0.529412
0.360784 0.529412
0.364706 0.529412
0.368627 0.529412
0.372549 0.529412
0.376471 0.529412
0.380392 0.529412
0.384314 0.529412
0.388235 0.529412
0.392157 0.529412
0.396078 0.529412
0.400000 0.529412
0.403922 0.529412
0.407843 0.529412
0.411765 0.529412
0.415686 0.529412
0.419608 0.529412
0.423529 0.529412
0.427451 0.529412
0.431373 0.529412
0.435294 0.529412
0.439216 0.529412
0.443137 0.529412
0.447059 0.529412
0.450980 0.529412
0.454902 0.529412
0.458824 0.529412
0.462745 0.529412
0.466667 0.529412
0.470588 0.529412
0.474510 0.529412
0.478431 0.529412
0.482353 0.529412
0.486275 0.529412
0.490196 0.529412
0.494118 0.529412
0.498039 0.529412
0.501961 0.529412
0.505882 0.529412
0.509804 0.529412
0.513726 0.529412
0.517647 0.529412
0.521569 0.529412
0.525490 0.529412
0.529412 0.529412
0.533333 0.529412
0.537255 0.529412
0.541176 0.529412
0.545098 0.529412
0.549020 0.529412
0.552941 0.529412
0.556863 0.529412
0.560784 0.529412
0.564706 0.529412
0.568627 0.529412
0.572549 0.529412
0.576471 0.529412
0.580392 0.529412
0.584314 0.529412
0.588235 0.529412
0.592157 0.529412
0.596078 0.529412
0.600000 0.529412
0.603922 0.529412
0.607843 0.529412
0.611765 0.529412
0.615686 0.529412
0.619608 0.529412
0.623529 0.529412
0.627451 0.529412
0.631373 0.529412
0.635294 0.529412
0.639216 0.529412
0.643137 0.529412
0.647059 0.529412
0.650980 0.529412
0.654902 0.529412
0.658824 0.529412
0.662745 0.529412
0.666667 0.529412
0.670588 0.529412
0.674510 0.529412
0.678431 0.529412
0.682353 0.529412
0.686275 0.529412
0.690196 0.529412
0.694118 0.529412
0.698039 0.529412
0.701961 0.529412
0.705882 0.529412
0.709804 0.529412
0.713726 0.529412
0.717647 0.529412
0.721569 0.529412
0.725490 0.529412
0.729412 0.529412
0.733333 0.529412
0.737255 0.529412
0.741176 0.529412
0.745098 0.529412
0.749020 0.529412
0.752941 0.529412
0.756863 0.529412
0.760784 0.529412
0.764706 0.529412
0.768627 0.529412
0.772549 0.529412
0.776471 0.529412
0.780392 0.529412
0.784314 0.529412
0.788235 0.529412
0.792157 0.529412
0.796078 0.529412
0.800000 0.529412
0.803922 0.529412
0.807843 0.529412
0.811765 0.529412
0.815686 0.529412
0.819608 0.529412
0.823529 0.529412
0.827451 0.529412
0.831373 0.529412
0.835294 0.529412
0.839216 0.529412
0.843137 0.529412
0.847059 0.529412
0.850980 0.529412
0.854902 0.529412
0.858824 0.529412
0.862745 0.529412
0.866667 0.529412
0.870588 0.529412
0.874510 0.529412
0.878431 0.529412
0.882353 0.529412
0.886275 0.529412
0.890196 0.529412
0.894118 0.529412
0.898039 0.529412
0.901961 0.529412
0.905882 0.529412
0.909804 0.529412
0.913725 0.529412
0.917647 0.529412
0.921569 0.529412
0.925490 0.529412
0.929412 0.529412
0.933333 0.529412
0.937255 0.529412
0.941176 0.529412
0.945098 0.529412
0.949020 0.529412
0.952941 0.529412
0.956863 0.529412
0.960784 0.529412
0.964706 0.529412
0.968627 0.529412
0.972549 0.529412
0.976471 0.529412
0.980392 0.529412
0.984314 0.529412
0.988235 0.529412
0.992157 0.529412
0.996078 0.529412
1.000000 0.529412

i = 1360.000000 0.533333
0.003922 0.533333
0.007843 0.533333
0.011765 0.533333
0.015686 0.533333
0.019608 0.533333
0.023529 0.533333
0.027451 0.533333
0.031373 0.533333
0.035294 0.533333
0.039216 0.533333
0.043137 0.533333
0.047059 0.533333
0.050980 0.533333
0.054902 0.533333
0.058824 0.533333
0.062745 0.533333
0.066667 0.533333
0.070588 0.533333
0.074510 0.533333
0.078431 0.533333
0.082353 0.533333
0.086275 0.533333
0.090196 0.533333
0.094118 0.533333
0.098039 0.533333
0.101961 0.533333
0.105882 0.533333
0.109804 0.533333
0.113725 0.533333
0.117647 0.533333
0.121569 0.533333
0.125490 0.533333
0.129412 0.533333
0.133333 0.533333
0.137255 0.533333
0.141176 0.533333
0.145098 0.533333
0.149020 0.533333
0.152941 0.533333
0.156863 0.533333
0.160784 0.533333
0.164706 0.533333
0.168627 0.533333
0.172549 0.533333
0.176471 0.533333
0.180392 0.533333
0.184314 0.533333
0.188235 0.533333
0.192157 0.533333
0.196078 0.533333
0.200000 0.533333
0.203922 0.533333
0.207843 0.533333
0.211765 0.533333
0.215686 0.533333
0.219608 0.533333
0.223529 0.533333
0.227451 0.533333
0.231373 0.533333
0.235294 0.533333
0.239216 0.533333
0.243137 0.533333
0.247059 0.533333
0.250980 0.533333
0.254902 0.533333
0.258824 0.533333
0.262745 0.533333
0.266667 0.533333
0.270588 0.533333
0.274510 0.533333
0.278431 0.533333
0.282353 0.533333
0.286275 0.533333
0.290196 0.533333
0.294118 0.533333
0.298039 0.533333
0.301961 0.533333
0.305882 0.533333
0.309804 0.533333
0.313726 0.533333
0.317647 0.533333
0.321569 0.533333
0.325490 0.533333
0.329412 0.533333
0.333333 0.533333
0.337255 0.533333
0.341176 0.533333
0.345098 0.533333
0.349020 0.533333
0.352941 0.533333
0.356863 0.533333
0.360784 0.533333
0.364706 0.533333
0.368627 0.533333
0.372549 0.533333
0.376471 0.533333
0.380392 0.533333
0.384314 0.533333
0.388235 0.533333
0.392157 0.533333
0.396078 0.533333
0.400000 0.533333
0.403922 0.533333
0.407843 0.533333
0.411765 0.533333
0.415686 0.533333
0.419608 0.533333
0.423529 0.533333
0.427451 0.533333
0.431373 0.533333
0.435294 0.533333
0.439216 0.533333
0.443137 0.533333
0.447059 0.533333
0.450980 0.533333
0.454902 0.533333
0.458824 0.533333
0.462745 0.533333
0.466667 0.533333
0.470588 0.533333
0.474510 0.533333
0.478431 0.533333
0.482353 0.533333
0.486275 0.533333
0.490196 0.533333
0.494118 0.533333
0.498039 0.533333
0.501961 0.533333
0.505882 0.533333
0.509804 0.533333
0.513726 0.533333
0.517647 0.533333
0.521569 0.533333
0.525490 0.533333
0.529412 0.533333
0.533333 0.533333
0.537255 0.533333
0.541176 0.533333
0.545098 0.533333
0.549020 0.533333
0.552941 0.533333
0.556863 0.533333
0.560784 0.533333
0.564706 0.533333
0.568627 0.533333
0.572549 0.533333
0.576471 0.533333
0.580392 0.533333
0.584314 0.533333
0.588235 0.533333
0.592157 0.533333
0.596078 0.533333
0.600000 0.533333
0.603922 0.533333
0.607843 0.533333
0.611765 0.533333
0.615686 0.533333
0.619608 0.533333
0.623529 0.533333
0.627451 0.533333
0.631373 0.533333
0.635294 0.533333
0.639216 0.533333
0.643137 0.533333
0.647059 0.533333
0.650980 0.533333
0.654902 0.533333
0.658824 0.533333
0.662745 0.533333
0.666667 0.533333
0.670588 0.533333
0.674510 0.533333
0.678431 0.533333
0.682353 0.533333
0.686275 0.533333
0.690196 0.533333
0.694118 0.533333
0.698039 0.533333
0.701961 0.533333
0.705882 0.533333
0.709804 0.533333
0.713726 0.533333
0.717647 0.533333
0.721569 0.533333
0.725490 0.533333
0.729412 0.533333
0.733333 0.533333
0.737255 0.533333
0.741176 0.533333
0.745098 0.533333
0.749020 0.533333
0.752941 0.533333
0.756863 0.533333
0.760784 0.533333
0.764706 0.533333
0.768627 0.533333
0.772549 0.533333
0.776471 0.533333
0.780392 0.533333
0.784314 0.533333
0.788235 0.533333
0.792157 0.533333
0.796078 0.533333
0.800000 0.533333
0.803922 0.533333
0.807843 0.533333
0.811765 0.533333
0.815686 0.533333
0.819608 0.533333
0.823529 0.533333
0.827451 0.533333
0.831373 0.533333
0.835294 0.533333
0.839216 0.533333
0.843137 0.533333
0.847059 0.533333
0.850980 0.533333
0.854902 0.533333
0.858824 0.533333
0.862745 0.533333
0.866667 0.533333
0.870588 0.533333
0.874510 0.533333
0.878431 0.533333
0.882353 0.533333
0.886275 0.533333
0.890196 0.533333
0.894118 0.533333
0.898039 0.533333
0.901961 0.533333
0.905882 0.533333
0.909804 0.533333
0.913725 0.533333
0.917647 0.533333
0.921569 0.533333
0.925490 0.533333
0.929412 0.533333
0.933333 0.533333
0.937255 0.533333
0.941176 0.533333
0.945098 0.533333
0.949020 0.533333
0.952941 0.533333
0.956863 0.533333
0.960784 0.533333
0.964706 0.533333
0.968627 0.533333
0.972549 0.533333
0.976471 0.533333
0.980392 0.533333
0.984314 0.533333
0.988235 0.533333
0.992157 0.533333
0.996078 0.533333
1.000000 0.533333

i = 1370.000000 0.537255
0.003922 0.537255
0.007843 0.537255
0.011765 0.537255
0.015686 0.537255
0.019608 0.537255
0.023529 0.537255
0.027451 0.537255
0.031373 0.537255
0.035294 0.537255
0.039216 0.537255
0.043137 0.537255
0.047059 0.537255
0.050980 0.537255
0.054902 0.537255
0.058824 0.537255
0.062745 0.537255
0.066667 0.537255
0.070588 0.537255
0.074510 0.537255
0.078431 0.537255
0.082353 0.537255
0.086275 0.537255
0.090196 0.537255
0.094118 0.537255
0.098039 0.537255
0.101961 0.537255
0.105882 0.537255
0.109804 0.537255
0.113725 0.537255
0.117647 0.537255
0.121569 0.537255
0.125490 0.537255
0.129412 0.537255
0.133333 0.537255
0.137255 0.537255
0.141176 0.537255
0.145098 0.537255
0.149020 0.537255
0.152941 0.537255
0.156863 0.537255
0.160784 0.537255
0.164706 0.537255
0.168627 0.537255
0.172549 0.537255
0.176471 0.537255
0.180392 0.537255
0.184314 0.537255
0.188235 0.537255
0.192157 0.537255
0.196078 0.537255
0.200000 0.537255
0.203922 0.537255
0.207843 0.537255
0.211765 0.537255
0.215686 0.537255
0.219608 0.537255
0.223529 0.537255
0.227451 0.537255
0.231373 0.537255
0.235294 0.537255
0.239216 0.537255
0.243137 0.537255
0.247059 0.537255
0.250980 0.537255
0.254902 0.537255
0.258824 0.537255
0.262745 0.537255
0.266667 0.537255
0.270588 0.537255
0.274510 0.537255
0.278431 0.537255
0.282353 0.537255
0.286275 0.537255
0.290196 0.537255
0.294118 0.537255
0.298039 0.537255
0.301961 0.537255
0.305882 0.537255
0.309804 0.537255
0.313726 0.537255
0.317647 0.537255
0.321569 0.537255
0.325490 0.537255
0.329412 0.537255
0.333333 0.537255
0.337255 0.537255
0.341176 0.537255
0.345098 0.537255
0.349020 0.537255
0.352941 0.537255
0.356863 0.537255
0.360784 0.537255
0.364706 0.537255
0.368627 0.537255
0.372549 0.537255
0.376471 0.537255
0.380392 0.537255
0.384314 0.537255
0.388235 0.537255
0.392157 0.537255
0.396078 0.537255
0.400000 0.537255
0.403922 0.537255
0.407843 0.537255
0.411765 0.537255
0.415686 0.537255
0.419608 0.537255
0.423529 0.537255
0.427451 0.537255
0.431373 0.537255
0.435294 0.537255
0.439216 0.537255
0.443137 0.537255
0.447059 0.537255
0.450980 0.537255
0.454902 0.537255
0.458824 0.537255
0.462745 0.537255
0.466667 0.537255
0.470588 0.537255
0.474510 0.537255
0.478431 0.537255
0.482353 0.537255
0.486275 0.537255
0.490196 0.537255
0.494118 0.537255
0.498039 0.537255
0.501961 0.537255
0.505882 0.537255
0.509804 0.537255
0.513726 0.537255
0.517647 0.537255
0.521569 0.537255
0.525490 0.537255
0.529412 0.537255
0.533333 0.537255
0.537255 0.537255
0.541176 0.537255
0.545098 0.537255
0.549020 0.537255
0.552941 0.537255
0.556863 0.537255
0.560784 0.537255
0.564706 0.537255
0.568627 0.537255
0.572549 0.537255
0.576471 0.537255
0.580392 0.537255
0.584314 0.537255
0.588235 0.537255
0.592157 0.537255
0.596078 0.537255
0.600000 0.537255
0.603922 0.537255
0.607843 0.537255
0.611765 0.537255
0.615686 0.537255
0.619608 0.537255
0.623529 0.537255
0.627451 0.537255
0.631373 0.537255
0.635294 0.537255
0.639216 0.537255
0.643137 0.537255
0.647059 0.537255
0.650980 0.537255
0.654902 0.537255
0.658824 0.537255
0.662745 0.537255
0.666667 0.537255
0.670588 0.537255
0.674510 0.537255
0.678431 0.537255
0.682353 0.537255
0.686275 0.537255
0.690196 0.537255
0.694118 0.537255
0.698039 0.537255
0.701961 0.537255
0.705882 0.537255
0.709804 0.537255
0.713726 0.537255
0.717647 0.537255
0.721569 0.537255
0.725490 0.537255
0.729412 0.537255
0.733333 0.537255
0.737255 0.537255
0.741176 0.537255
0.745098 0.537255
0.749020 0.537255
0.752941 0.537255
0.756863 0.537255
0.760784 0.537255
0.764706 0.537255
0.768627 0.537255
0.772549 0.537255
0.776471 0.537255
0.780392 0.537255
0.784314 0.537255
0.788235 0.537255
0.792157 0.537255
0.796078 0.537255
0.800000 0.537255
0.803922 0.537255
0.807843 0.537255
0.811765 0.537255
0.815686 0.537255
0.819608 0.537255
0.823529 0.537255
0.827451 0.537255
0.831373 0.537255
0.835294 0.537255
0.839216 0.537255
0.843137 0.537255
0.847059 0.537255
0.850980 0.537255
0.854902 0.537255
0.858824 0.537255
0.862745 0.537255
0.866667 0.537255
0.870588 0.537255
0.874510 0.537255
0.878431 0.537255
0.882353 0.537255
0.886275 0.537255
0.890196 0.537255
0.894118 0.537255
0.898039 0.537255
0.901961 0.537255
0.905882 0.537255
0.909804 0.537255
0.913725 0.537255
0.917647 0.537255
0.921569 0.537255
0.925490 0.537255
0.929412 0.537255
0.933333 0.537255
0.937255 0.537255
0.941176 0.537255
0.945098 0.537255
0.949020 0.537255
0.952941 0.537255
0.956863 0.537255
0.960784 0.537255
0.964706 0.537255
0.968627 0.537255
0.972549 0.537255
0.976471 0.537255
0.980392 0.537255
0.984314 0.537255
0.988235 0.537255
0.992157 0.537255
0.996078 0.537255
1.000000 0.537255

i = 1380.000000 0.541176
0.003922 0.541176
0.007843 0.541176
0.011765 0.541176
0.015686 0.541176
0.019608 0.541176
0.023529 0.541176
0.027451 0.541176
0.031373 0.541176
0.035294 0.541176
0.039216 0.541176
0.043137 0.541176
0.047059 0.541176
0.050980 0.541176
0.054902 0.541176
0.058824 0.541176
0.062745 0.541176
0.066667 0.541176
0.070588 0.541176
0.074510 0.541176
0.078431 0.541176
0.082353 0.541176
0.086275 0.541176
0.090196 0.541176
0.094118 0.541176
0.098039 0.541176
0.101961 0.541176
0.105882 0.541176
0.109804 0.541176
0.113725 0.541176
0.117647 0.541176
0.121569 0.541176
0.125490 0.541176
0.129412 0.541176
0.133333 0.541176
0.137255 0.541176
0.141176 0.541176
0.145098 0.541176
0.149020 0.541176
0.152941 0.541176
0.156863 0.541176
0.160784 0.541176
0.164706 0.541176
0.168627 0.541176
0.172549 0.541176
0.176471 0.541176
0.180392 0.541176
0.184314 0.541176
0.188235 0.541176
0.192157 0.541176
0.196078 0.541176
0.200000 0.541176
0.203922 0.541176
0.207843 0.541176
0.211765 0.541176
0.215686 0.541176
0.219608 0.541176
0.223529 0.541176
0.227451 0.541176
0.231373 0.541176
0.235294 0.541176
0.239216 0.541176
0.243137 0.541176
0.247059 0.541176
0.250980 0.541176
0.254902 0.541176
0.258824 0.541176
0.262745 0.541176
0.266667 0.541176
0.270588 0.541176
0.274510 0.541176
0.278431 0.541176
0.282353 0.541176
0.286275 0.541176
0.290196 0.541176
0.294118 0.541176
0.298039 0.541176
0.301961 0.541176
0.305882 0.541176
0.309804 0.541176
0.313726 0.541176
0.317647 0.541176
0.321569 0.541176
0.325490 0.541176
0.329412 0.541176
0.333333 0.541176
0.337255 0.541176
0.341176 0.541176
0.345098 0.541176
0.349020 0.541176
0.352941 0.541176
0.356863 0.541176
0.360784 0.541176
0.364706 0.541176
0.368627 0.541176
0.372549 0.541176
0.376471 0.541176
0.380392 0.541176
0.384314 0.541176
0.388235 0.541176
0.392157 0.541176
0.396078 0.541176
0.400000 0.541176
0.403922 0.541176
0.407843 0.541176
0.411765 0.541176
0.415686 0.541176
0.419608 0.541176
0.423529 0.541176
0.427451 0.541176
0.431373 0.541176
0.435294 0.541176
0.439216 0.541176
0.443137 0.541176
0.447059 0.541176
0.450980 0.541176
0.454902 0.541176
0.458824 0.541176
0.462745 0.541176
0.466667 0.541176
0.470588 0.541176
0.474510 0.541176
0.478431 0.541176
0.482353 0.541176
0.486275 0.541176
0.490196 0.541176
0.494118 0.541176
0.498039 0.541176
0.501961 0.541176
0.505882 0.541176
0.509804 0.541176
0.513726 0.541176
0.517647 0.541176
0.521569 0.541176
0.525490 0.541176
0.529412 0.541176
0.533333 0.541176
0.537255 0.541176
0.541176 0.541176
0.545098 0.541176
0.549020 0.541176
0.552941 0.541176
0.556863 0.541176
0.560784 0.541176
0.564706 0.541176
0.568627 0.541176
0.572549 0.541176
0.576471 0.541176
0.580392 0.541176
0.584314 0.541176
0.588235 0.541176
0.592157 0.541176
0.596078 0.541176
0.600000 0.541176
0.603922 0.541176
0.607843 0.541176
0.611765 0.541176
0.615686 0.541176
0.619608 0.541176
0.623529 0.541176
0.627451 0.541176
0.631373 0.541176
0.635294 0.541176
0.639216 0.541176
0.643137 0.541176
0.647059 0.541176
0.650980 0.541176
0.654902 0.541176
0.658824 0.541176
0.662745 0.541176
0.666667 0.541176
0.670588 0.541176
0.674510 0.541176
0.678431 0.541176
0.682353 0.541176
0.686275 0.541176
0.690196 0.541176
0.694118 0.541176
0.698039 0.541176
0.701961 0.541176
0.705882 0.541176
0.709804 0.541176
0.713726 0.541176
0.717647 0.541176
0.721569 0.541176
0.725490 0.541176
0.729412 0.541176
0.733333 0.541176
0.737255 0.541176
0.741176 0.541176
0.745098 0.541176
0.749020 0.541176
0.752941 0.541176
0.756863 0.541176
0.760784 0.541176
0.764706 0.541176
0.768627 0.541176
0.772549 0.541176
0.776471 0.541176
0.780392 0.541176
0.784314 0.541176
0.788235 0.541176
0.792157 0.541176
0.796078 0.541176
0.800000 0.541176
0.803922 0.541176
0.807843 0.541176
0.811765 0.541176
0.815686 0.541176
0.819608 0.541176
0.823529 0.541176
0.827451 0.541176
0.831373 0.541176
0.835294 0.541176
0.839216 0.541176
0.843137 0.541176
0.847059 0.541176
0.850980 0.541176
0.854902 0.541176
0.858824 0.541176
0.862745 0.541176
0.866667 0.541176
0.870588 0.541176
0.874510 0.541176
0.878431 0.541176
0.882353 0.541176
0.886275 0.541176
0.890196 0.541176
0.894118 0.541176
0.898039 0.541176
0.901961 0.541176
0.905882 0.541176
0.909804 0.541176
0.913725 0.541176
0.917647 0.541176
0.921569 0.541176
0.925490 0.541176
0.929412 0.541176
0.933333 0.541176
0.937255 0.541176
0.941176 0.541176
0.945098 0.541176
0.949020 0.541176
0.952941 0.541176
0.956863 0.541176
0.960784 0.541176
0.964706 0.541176
0.968627 0.541176
0.972549 0.541176
0.976471 0.541176
0.980392 0.541176
0.984314 0.541176
0.988235 0.541176
0.992157 0.541176
0.996078 0.541176
1.000000 0.541176

i = 1390.000000 0.545098
0.003922 0.545098
0.007843 0.545098
0.011765 0.545098
0.015686 0.545098
0.019608 0.545098
0.023529 0.545098
0.027451 0.545098
0.031373 0.545098
0.035294 0.545098
0.039216 0.545098
0.043137 0.545098
0.047059 0.545098
0.050980 0.545098
0.054902 0.545098
0.058824 0.545098
0.062745 0.545098
0.066667 0.545098
0.070588 0.545098
0.074510 0.545098
0.078431 0.545098
0.082353 0.545098
0.086275 0.545098
0.090196 0.545098
0.094118 0.545098
0.098039 0.545098
0.101961 0.545098
0.105882 0.545098
0.109804 0.545098
0.113725 0.545098
0.117647 0.545098
0.121569 0.545098
0.125490 0.545098
0.129412 0.545098
0.133333 0.545098
0.137255 0.545098
0.141176 0.545098
0.145098 0.545098
0.149020 0.545098
0.152941 0.545098
0.156863 0.545098
0.160784 0.545098
0.164706 0.545098
0.168627 0.545098
0.172549 0.545098
0.176471 0.545098
0.180392 0.545098
0.184314 0.545098
0.188235 0.545098
0.192157 0.545098
0.196078 0.545098
0.200000 0.545098
0.203922 0.545098
0.207843 0.545098
0.211765 0.545098
0.215686 0.545098
0.219608 0.545098
0.223529 0.545098
0.227451 0.545098
0.231373 0.545098
0.235294 0.545098
0.239216 0.545098
0.243137 0.545098
0.247059 0.545098
0.250980 0.545098
0.254902 0.545098
0.258824 0.545098
0.262745 0.545098
0.266667 0.545098
0.270588 0.545098
0.274510 0.545098
0.278431 0.545098
0.282353 0.545098
0.286275 0.545098
0.290196 0.545098
0.294118 0.545098
0.298039 0.545098
0.301961 0.545098
0.305882 0.545098
0.309804 0.545098
0.313726 0.545098
0.317647 0.545098
0.321569 0.545098
0.325490 0.545098
0.329412 0.545098
0.333333 0.545098
0.337255 0.545098
0.341176 0.545098
0.345098 0.545098
0.349020 0.545098
0.352941 0.545098
0.356863 0.545098
0.360784 0.545098
0.364706 0.545098
0.368627 0.545098
0.372549 0.545098
0.376471 0.545098
0.380392 0.545098
0.384314 0.545098
0.388235 0.545098
0.392157 0.545098
0.396078 0.545098
0.400000 0.545098
0.403922 0.545098
0.407843 0.545098
0.411765 0.545098
0.415686 0.545098
0.419608 0.545098
0.423529 0.545098
0.427451 0.545098
0.431373 0.545098
0.435294 0.545098
0.439216 0.545098
0.443137 0.545098
0.447059 0.545098
0.450980 0.545098
0.454902 0.545098
0.458824 0.545098
0.462745 0.545098
0.466667 0.545098
0.470588 0.545098
0.474510 0.545098
0.478431 0.545098
0.482353 0.545098
0.486275 0.545098
0.490196 0.545098
0.494118 0.545098
0.498039 0.545098
0.501961 0.545098
0.505882 0.545098
0.509804 0.545098
0.513726 0.545098
0.517647 0.545098
0.521569 0.545098
0.525490 0.545098
0.529412 0.545098
0.533333 0.545098
0.537255 0.545098
0.541176 0.545098
0.545098 0.545098
0.549020 0.545098
0.552941 0.545098
0.556863 0.545098
0.560784 0.545098
0.564706 0.545098
0.568627 0.545098
0.572549 0.545098
0.576471 0.545098
0.580392 0.545098
0.584314 0.545098
0.588235 0.545098
0.592157 0.545098
0.596078 0.545098
0.600000 0.545098
0.603922 0.545098
0.607843 0.545098
0.611765 0.545098
0.615686 0.545098
0.619608 0.545098
0.623529 0.545098
0.627451 0.545098
0.631373 0.545098
0.635294 0.545098
0.639216 0.545098
0.643137 0.545098
0.647059 0.545098
0.650980 0.545098
0.654902 0.545098
0.658824 0.545098
0.662745 0.545098
0.666667 0.545098
0.670588 0.545098
0.674510 0.545098
0.678431 0.545098
0.682353 0.545098
0.686275 0.545098
0.690196 0.545098
0.694118 0.545098
0.698039 0.545098
0.701961 0.545098
0.705882 0.545098
0.709804 0.545098
0.713726 0.545098
0.717647 0.545098
0.721569 0.545098
0.725490 0.545098
0.729412 0.545098
0.733333 0.545098
0.737255 0.545098
0.741176 0.545098
0.745098 0.545098
0.749020 0.545098
0.752941 0.545098
0.756863 0.545098
0.760784 0.545098
0.764706 0.545098
0.768627 0.545098
0.772549 0.545098
0.776471 0.545098
0.780392 0.545098
0.784314 0.545098
0.788235 0.545098
0.792157 0.545098
0.796078 0.545098
0.800000 0.545098
0.803922 0.545098
0.807843 0.545098
0.811765 0.545098
0.815686 0.545098
0.819608 0.545098
0.823529 0.545098
0.827451 0.545098
0.831373 0.545098
0.835294 0.545098
0.839216 0.545098
0.843137 0.545098
0.847059 0.545098
0.850980 0.545098
0.854902 0.545098
0.858824 0.545098
0.862745 0.545098
0.866667 0.545098
0.870588 0.545098
0.874510 0.545098
0.878431 0.545098
0.882353 0.545098
0.886275 0.545098
0.890196 0.545098
0.894118 0.545098
0.898039 0.545098
0.901961 0.545098
0.905882 0.545098
0.909804 0.545098
0.913725 0.545098
0.917647 0.545098
0.921569 0.545098
0.925490 0.545098
0.929412 0.545098
0.933333 0.545098
0.937255 0.545098
0.941176 0.545098
0.945098 0.545098
0.949020 0.545098
0.952941 0.545098
0.956863 0.545098
0.960784 0.545098
0.964706 0.545098
0.968627 0.545098
0.972549 0.545098
0.976471 0.545098
0.980392 0.545098
0.984314 0.545098
0.988235 0.545098
0.992157 0.545098
0.996078 0.545098
1.000000 0.545098

i = 1400.000000 0.549020
0.003922 0.549020
0.007843 0.549020
0.011765 0.549020
0.015686 0.549020
0.019608 0.549020
0.023529 0.549020
0.027451 0.549020
0.031373 0.549020
0.035294 0.549020
0.039216 0.549020
0.043137 0.549020
0.047059 0.549020
0.050980 0.549020
0.054902 0.549020
0.058824 0.549020
0.062745 0.549020
0.066667 0.549020
0.070588 0.549020
0.074510 0.549020
0.078431 0.549020
0.082353 0.549020
0.086275 0.549020
0.090196 0.549020
0.094118 0.549020
0.098039 0.549020
0.101961 0.549020
0.105882 0.549020
0.109804 0.549020
0.113725 0.549020
0.117647 0.549020
0.121569 0.549020
0.125490 0.549020
0.129412 0.549020
0.133333 0.549020
0.137255 0.549020
0.141176 0.549020
0.145098 0.549020
0.149020 0.549020
0.152941 0.549020
0.156863 0.549020
0.160784 0.549020
0.164706 0.549020
0.168627 0.549020
0.172549 0.549020
0.176471 0.549020
0.180392 0.549020
0.184314 0.549020
0.188235 0.549020
0.192157 0.549020
0.196078 0.549020
0.200000 0.549020
0.203922 0.549020
0.207843 0.549020
0.211765 0.549020
0.215686 0.549020
0.219608 0.549020
0.223529 0.549020
0.227451 0.549020
0.231373 0.549020
0.235294 0.549020
0.239216 0.549020
0.243137 0.549020
0.247059 0.549020
0.250980 0.549020
0.254902 0.549020
0.258824 0.549020
0.262745 0.549020
0.266667 0.549020
0.270588 0.549020
0.274510 0.549020
0.278431 0.549020
0.282353 0.549020
0.286275 0.549020
0.290196 0.549020
0.294118 0.549020
0.298039 0.549020
0.301961 0.549020
0.305882 0.549020
0.309804 0.549020
0.313726 0.549020
0.317647 0.549020
0.321569 0.549020
0.325490 0.549020
0.329412 0.549020
0.333333 0.549020
0.337255 0.549020
0.341176 0.549020
0.345098 0.549020
0.349020 0.549020
0.352941 0.549020
0.356863 0.549020
0.360784 0.549020
0.364706 0.549020
0.368627 0.549020
0.372549 0.549020
0.376471 0.549020
0.380392 0.549020
0.384314 0.549020
0.388235 0.549020
0.392157 0.549020
0.396078 0.549020
0.400000 0.549020
0.403922 0.549020
0.407843 0.549020
0.411765 0.549020
0.415686 0.549020
0.419608 0.549020
0.423529 0.549020
0.427451 0.549020
0.431373 0.549020
0.435294 0.549020
0.439216 0.549020
0.443137 0.549020
0.447059 0.549020
0.450980 0.549020
0.454902 0.549020
0.458824 0.549020
0.462745 0.549020
0.466667 0.549020
0.470588 0.549020
0.474510 0.549020
0.478431 0.549020
0.482353 0.549020
0.486275 0.549020
0.490196 0.549020
0.494118 0.549020
0.498039 0.549020
0.501961 0.549020
0.505882 0.549020
0.509804 0.549020
0.513726 0.549020
0.517647 0.549020
0.521569 0.549020
0.525490 0.549020
0.529412 0.549020
0.533333 0.549020
0.537255 0.549020
0.541176 0.549020
0.545098 0.549020
0.549020 0.549020
0.552941 0.549020
0.556863 0.549020
0.560784 0.549020
0.564706 0.549020
0.568627 0.549020
0.572549 0.549020
0.576471 0.549020
0.580392 0.549020
0.584314 0.549020
0.588235 0.549020
0.592157 0.549020
0.596078 0.549020
0.600000 0.549020
0.603922 0.549020
0.607843 0.549020
0.611765 0.549020
0.615686 0.549020
0.619608 0.549020
0.623529 0.549020
0.627451 0.549020
0.631373 0.549020
0.635294 0.549020
0.639216 0.549020
0.643137 0.549020
0.647059 0.549020
0.650980 0.549020
0.654902 0.549020
0.658824 0.549020
0.662745 0.549020
0.666667 0.549020
0.670588 0.549020
0.674510 0.549020
0.678431 0.549020
0.682353 0.549020
0.686275 0.549020
0.690196 0.549020
0.694118 0.549020
0.698039 0.549020
0.701961 0.549020
0.705882 0.549020
0.709804 0.549020
0.713726 0.549020
0.717647 0.549020
0.721569 0.549020
0.725490 0.549020
0.729412 0.549020
0.733333 0.549020
0.737255 0.549020
0.741176 0.549020
0.745098 0.549020
0.749020 0.549020
0.752941 0.549020
0.756863 0.549020
0.760784 0.549020
0.764706 0.549020
0.768627 0.549020
0.772549 0.549020
0.776471 0.549020
0.780392 0.549020
0.784314 0.549020
0.788235 0.549020
0.792157 0.549020
0.796078 0.549020
0.800000 0.549020
0.803922 0.549020
0.807843 0.549020
0.811765 0.549020
0.815686 0.549020
0.819608 0.549020
0.823529 0.549020
0.827451 0.549020
0.831373 0.549020
0.835294 0.549020
0.839216 0.549020
0.843137 0.549020
0.847059 0.549020
0.850980 0.549020
0.854902 0.549020
0.858824 0.549020
0.862745 0.549020
0.866667 0.549020
0.870588 0.549020
0.874510 0.549020
0.878431 0.549020
0.882353 0.549020
0.886275 0.549020
0.890196 0.549020
0.894118 0.549020
0.898039 0.549020
0.901961 0.549020
0.905882 0.549020
0.909804 0.549020
0.913725 0.549020
0.917647 0.549020
0.921569 0.549020
0.925490 0.549020
0.929412 0.549020
0.933333 0.549020
0.937255 0.549020
0.941176 0.549020
0.945098 0.549020
0.949020 0.549020
0.952941 0.549020
0.956863 0.549020
0.960784 0.549020
0.964706 0.549020
0.968627 0.549020
0.972549 0.549020
0.976471 0.549020
0.980392 0.549020
0.984314 0.549020
0.988235 0.549020
0.992157 0.549020
0.996078 0.549020
1.000000 0.549020

i = 1410.000000 0.552941
0.003922 0.552941
0.007843 0.552941
0.011765 0.552941
0.015686 0.552941
0.019608 0.552941
0.023529 0.552941
0.027451 0.552941
0.031373 0.552941
0.035294 0.552941
0.039216 0.552941
0.043137 0.552941
0.047059 0.552941
0.050980 0.552941
0.054902 0.552941
0.058824 0.552941
0.062745 0.552941
0.066667 0.552941
0.070588 0.552941
0.074510 0.552941
0.078431 0.552941
0.082353 0.552941
0.086275 0.552941
0.090196 0.552941
0.094118 0.552941
0.098039 0.552941
0.101961 0.552941
0.105882 0.552941
0.109804 0.552941
0.113725 0.552941
0.117647 0.552941
0.121569 0.552941
0.125490 0.552941
0.129412 0.552941
0.133333 0.552941
0.137255 0.552941
0.141176 0.552941
0.145098 0.552941
0.149020 0.552941
0.152941 0.552941
0.156863 0.552941
0.160784 0.552941
0.164706 0.552941
0.168627 0.552941
0.172549 0.552941
0.176471 0.552941
0.180392 0.552941
0.184314 0.552941
0.188235 0.552941
0.192157 0.552941
0.196078 0.552941
0.200000 0.552941
0.203922 0.552941
0.207843 0.552941
0.211765 0.552941
0.215686 0.552941
0.219608 0.552941
0.223529 0.552941
0.227451 0.552941
0.231373 0.552941
0.235294 0.552941
0.239216 0.552941
0.243137 0.552941
0.247059 0.552941
0.250980 0.552941
0.254902 0.552941
0.258824 0.552941
0.262745 0.552941
0.266667 0.552941
0.270588 0.552941
0.274510 0.552941
0.278431 0.552941
0.282353 0.552941
0.286275 0.552941
0.290196 0.552941
0.294118 0.552941
0.298039 0.552941
0.301961 0.552941
0.305882 0.552941
0.309804 0.552941
0.313726 0.552941
0.317647 0.552941
0.321569 0.552941
0.325490 0.552941
0.329412 0.552941
0.333333 0.552941
0.337255 0.552941
0.341176 0.552941
0.345098 0.552941
0.349020 0.552941
0.352941 0.552941
0.356863 0.552941
0.360784 0.552941
0.364706 0.552941
0.368627 0.552941
0.372549 0.552941
0.376471 0.552941
0.380392 0.552941
0.384314 0.552941
0.388235 0.552941
0.392157 0.552941
0.396078 0.552941
0.400000 0.552941
0.403922 0.552941
0.407843 0.552941
0.411765 0.552941
0.415686 0.552941
0.419608 0.552941
0.423529 0.552941
0.427451 0.552941
0.431373 0.552941
0.435294 0.552941
0.439216 0.552941
0.443137 0.552941
0.447059 0.552941
0.450980 0.552941
0.454902 0.552941
0.458824 0.552941
0.462745 0.552941
0.466667 0.552941
0.470588 0.552941
0.474510 0.552941
0.478431 0.552941
0.482353 0.552941
0.486275 0.552941
0.490196 0.552941
0.494118 0.552941
0.498039 0.552941
0.501961 0.552941
0.505882 0.552941
0.509804 0.552941
0.513726 0.552941
0.517647 0.552941
0.521569 0.552941
0.525490 0.552941
0.529412 0.552941
0.533333 0.552941
0.537255 0.552941
0.541176 0.552941
0.545098 0.552941
0.549020 0.552941
0.552941 0.552941
0.556863 0.552941
0.560784 0.552941
0.564706 0.552941
0.568627 0.552941
0.572549 0.552941
0.576471 0.552941
0.580392 0.552941
0.584314 0.552941
0.588235 0.552941
0.592157 0.552941
0.596078 0.552941
0.600000 0.552941
0.603922 0.552941
0.607843 0.552941
0.611765 0.552941
0.615686 0.552941
0.619608 0.552941
0.623529 0.552941
0.627451 0.552941
0.631373 0.552941
0.635294 0.552941
0.639216 0.552941
0.643137 0.552941
0.647059 0.552941
0.650980 0.552941
0.654902 0.552941
0.658824 0.552941
0.662745 0.552941
0.666667 0.552941
0.670588 0.552941
0.674510 0.552941
0.678431 0.552941
0.682353 0.552941
0.686275 0.552941
0.690196 0.552941
0.694118 0.552941
0.698039 0.552941
0.701961 0.552941
0.705882 0.552941
0.709804 0.552941
0.713726 0.552941
0.717647 0.552941
0.721569 0.552941
0.725490 0.552941
0.729412 0.552941
0.733333 0.552941
0.737255 0.552941
0.741176 0.552941
0.745098 0.552941
0.749020 0.552941
0.752941 0.552941
0.756863 0.552941
0.760784 0.552941
0.764706 0.552941
0.768627 0.552941
0.772549 0.552941
0.776471 0.552941
0.780392 0.552941
0.784314 0.552941
0.788235 0.552941
0.792157 0.552941
0.796078 0.552941
0.800000 0.552941
0.803922 0.552941
0.807843 0.552941
0.811765 0.552941
0.815686 0.552941
0.819608 0.552941
0.823529 0.552941
0.827451 0.552941
0.831373 0.552941
0.835294 0.552941
0.839216 0.552941
0.843137 0.552941
0.847059 0.552941
0.850980 0.552941
0.854902 0.552941
0.858824 0.552941
0.862745 0.552941
0.866667 0.552941
0.870588 0.552941
0.874510 0.552941
0.878431 0.552941
0.882353 0.552941
0.886275 0.552941
0.890196 0.552941
0.894118 0.552941
0.898039 0.552941
0.901961 0.552941
0.905882 0.552941
0.909804 0.552941
0.913725 0.552941
0.917647 0.552941
0.921569 0.552941
0.925490 0.552941
0.929412 0.552941
0.933333 0.552941
0.937255 0.552941
0.941176 0.552941
0.945098 0.552941
0.949020 0.552941
0.952941 0.552941
0.956863 0.552941
0.960784 0.552941
0.964706 0.552941
0.968627 0.552941
0.972549 0.552941
0.976471 0.552941
0.980392 0.552941
0.984314 0.552941
0.988235 0.552941
0.992157 0.552941
0.996078 0.552941
1.000000 0.552941

i = 1420.000000 0.556863
0.003922 0.556863
0.007843 0.556863
0.011765 0.556863
0.015686 0.556863
0.019608 0.556863
0.023529 0.556863
0.027451 0.556863
0.031373 0.556863
0.035294 0.556863
0.039216 0.556863
0.043137 0.556863
0.047059 0.556863
0.050980 0.556863
0.054902 0.556863
0.058824 0.556863
0.062745 0.556863
0.066667 0.556863
0.070588 0.556863
0.074510 0.556863
0.078431 0.556863
0.082353 0.556863
0.086275 0.556863
0.090196 0.556863
0.094118 0.556863
0.098039 0.556863
0.101961 0.556863
0.105882 0.556863
0.109804 0.556863
0.113725 0.556863
0.117647 0.556863
0.121569 0.556863
0.125490 0.556863
0.129412 0.556863
0.133333 0.556863
0.137255 0.556863
0.141176 0.556863
0.145098 0.556863
0.149020 0.556863
0.152941 0.556863
0.156863 0.556863
0.160784 0.556863
0.164706 0.556863
0.168627 0.556863
0.172549 0.556863
0.176471 0.556863
0.180392 0.556863
0.184314 0.556863
0.188235 0.556863
0.192157 0.556863
0.196078 0.556863
0.200000 0.556863
0.203922 0.556863
0.207843 0.556863
0.211765 0.556863
0.215686 0.556863
0.219608 0.556863
0.223529 0.556863
0.227451 0.556863
0.231373 0.556863
0.235294 0.556863
0.239216 0.556863
0.243137 0.556863
0.247059 0.556863
0.250980 0.556863
0.254902 0.556863
0.258824 0.556863
0.262745 0.556863
0.266667 0.556863
0.270588 0.556863
0.274510 0.556863
0.278431 0.556863
0.282353 0.556863
0.286275 0.556863
0.290196 0.556863
0.294118 0.556863
0.298039 0.556863
0.301961 0.556863
0.305882 0.556863
0.309804 0.556863
0.313726 0.556863
0.317647 0.556863
0.321569 0.556863
0.325490 0.556863
0.329412 0.556863
0.333333 0.556863
0.337255 0.556863
0.341176 0.556863
0.345098 0.556863
0.349020 0.556863
0.352941 0.556863
0.356863 0.556863
0.360784 0.556863
0.364706 0.556863
0.368627 0.556863
0.372549 0.556863
0.376471 0.556863
0.380392 0.556863
0.384314 0.556863
0.388235 0.556863
0.392157 0.556863
0.396078 0.556863
0.400000 0.556863
0.403922 0.556863
0.407843 0.556863
0.411765 0.556863
0.415686 0.556863
0.419608 0.556863
0.423529 0.556863
0.427451 0.556863
0.431373 0.556863
0.435294 0.556863
0.439216 0.556863
0.443137 0.556863
0.447059 0.556863
0.450980 0.556863
0.454902 0.556863
0.458824 0.556863
0.462745 0.556863
0.466667 0.556863
0.470588 0.556863
0.474510 0.556863
0.478431 0.556863
0.482353 0.556863
0.486275 0.556863
0.490196 0.556863
0.494118 0.556863
0.498039 0.556863
0.501961 0.556863
0.505882 0.556863
0.509804 0.556863
0.513726 0.556863
0.517647 0.556863
0.521569 0.556863
0.525490 0.556863
0.529412 0.556863
0.533333 0.556863
0.537255 0.556863
0.541176 0.556863
0.545098 0.556863
0.549020 0.556863
0.552941 0.556863
0.556863 0.556863
0.560784 0.556863
0.564706 0.556863
0.568627 0.556863
0.572549 0.556863
0.576471 0.556863
0.580392 0.556863
0.584314 0.556863
0.588235 0.556863
0.592157 0.556863
0.596078 0.556863
0.600000 0.556863
0.603922 0.556863
0.607843 0.556863
0.611765 0.556863
0.615686 0.556863
0.619608 0.556863
0.623529 0.556863
0.627451 0.556863
0.631373 0.556863
0.635294 0.556863
0.639216 0.556863
0.643137 0.556863
0.647059 0.556863
0.650980 0.556863
0.654902 0.556863
0.658824 0.556863
0.662745 0.556863
0.666667 0.556863
0.670588 0.556863
0.674510 0.556863
0.678431 0.556863
0.682353 0.556863
0.686275 0.556863
0.690196 0.556863
0.694118 0.556863
0.698039 0.556863
0.701961 0.556863
0.705882 0.556863
0.709804 0.556863
0.713726 0.556863
0.717647 0.556863
0.721569 0.556863
0.725490 0.556863
0.729412 0.556863
0.733333 0.556863
0.737255 0.556863
0.741176 0.556863
0.745098 0.556863
0.749020 0.556863
0.752941 0.556863
0.756863 0.556863
0.760784 0.556863
0.764706 0.556863
0.768627 0.556863
0.772549 0.556863
0.776471 0.556863
0.780392 0.556863
0.784314 0.556863
0.788235 0.556863
0.792157 0.556863
0.796078 0.556863
0.800000 0.556863
0.803922 0.556863
0.807843 0.556863
0.811765 0.556863
0.815686 0.556863
0.819608 0.556863
0.823529 0.556863
0.827451 0.556863
0.831373 0.556863
0.835294 0.556863
0.839216 0.556863
0.843137 0.556863
0.847059 0.556863
0.850980 0.556863
0.854902 0.556863
0.858824 0.556863
0.862745 0.556863
0.866667 0.556863
0.870588 0.556863
0.874510 0.556863
0.878431 0.556863
0.882353 0.556863
0.886275 0.556863
0.890196 0.556863
0.894118 0.556863
0.898039 0.556863
0.901961 0.556863
0.905882 0.556863
0.909804 0.556863
0.913725 0.556863
0.917647 0.556863
0.921569 0.556863
0.925490 0.556863
0.929412 0.556863
0.933333 0.556863
0.937255 0.556863
0.941176 0.556863
0.945098 0.556863
0.949020 0.556863
0.952941 0.556863
0.956863 0.556863
0.960784 0.556863
0.964706 0.556863
0.968627 0.556863
0.972549 0.556863
0.976471 0.556863
0.980392 0.556863
0.984314 0.556863
0.988235 0.556863
0.992157 0.556863
0.996078 0.556863
1.000000 0.556863

i = 1430.000000 0.560784
0.003922 0.560784
0.007843 0.560784
0.011765 0.560784
0.015686 0.560784
0.019608 0.560784
0.023529 0.560784
0.027451 0.560784
0.031373 0.560784
0.035294 0.560784
0.039216 0.560784
0.043137 0.560784
0.047059 0.560784
0.050980 0.560784
0.054902 0.560784
0.058824 0.560784
0.062745 0.560784
0.066667 0.560784
0.070588 0.560784
0.074510 0.560784
0.078431 0.560784
0.082353 0.560784
0.086275 0.560784
0.090196 0.560784
0.094118 0.560784
0.098039 0.560784
0.101961 0.560784
0.105882 0.560784
0.109804 0.560784
0.113725 0.560784
0.117647 0.560784
0.121569 0.560784
0.125490 0.560784
0.129412 0.560784
0.133333 0.560784
0.137255 0.560784
0.141176 0.560784
0.145098 0.560784
0.149020 0.560784
0.152941 0.560784
0.156863 0.560784
0.160784 0.560784
0.164706 0.560784
0.168627 0.560784
0.172549 0.560784
0.176471 0.560784
0.180392 0.560784
0.184314 0.560784
0.188235 0.560784
0.192157 0.560784
0.196078 0.560784
0.200000 0.560784
0.203922 0.560784
0.207843 0.560784
0.211765 0.560784
0.215686 0.560784
0.219608 0.560784
0.223529 0.560784
0.227451 0.560784
0.231373 0.560784
0.235294 0.560784
0.239216 0.560784
0.243137 0.560784
0.247059 0.560784
0.250980 0.560784
0.254902 0.560784
0.258824 0.560784
0.262745 0.560784
0.266667 0.560784
0.270588 0.560784
0.274510 0.560784
0.278431 0.560784
0.282353 0.560784
0.286275 0.560784
0.290196 0.560784
0.294118 0.560784
0.298039 0.560784
0.301961 0.560784
0.305882 0.560784
0.309804 0.560784
0.313726 0.560784
0.317647 0.560784
0.321569 0.560784
0.325490 0.560784
0.329412 0.560784
0.333333 0.560784
0.337255 0.560784
0.341176 0.560784
0.345098 0.560784
0.349020 0.560784
0.352941 0.560784
0.356863 0.560784
0.360784 0.560784
0.364706 0.560784
0.368627 0.560784
0.372549 0.560784
0.376471 0.560784
0.380392 0.560784
0.384314 0.560784
0.388235 0.560784
0.392157 0.560784
0.396078 0.560784
0.400000 0.560784
0.403922 0.560784
0.407843 0.560784
0.411765 0.560784
0.415686 0.560784
0.419608 0.560784
0.423529 0.560784
0.427451 0.560784
0.431373 0.560784
0.435294 0.560784
0.439216 0.560784
0.443137 0.560784
0.447059 0.560784
0.450980 0.560784
0.454902 0.560784
0.458824 0.560784
0.462745 0.560784
0.466667 0.560784
0.470588 0.560784
0.474510 0.560784
0.478431 0.560784
0.482353 0.560784
0.486275 0.560784
0.490196 0.560784
0.494118 0.560784
0.498039 0.560784
0.501961 0.560784
0.505882 0.560784
0.509804 0.560784
0.513726 0.560784
0.517647 0.560784
0.521569 0.560784
0.525490 0.560784
0.529412 0.560784
0.533333 0.560784
0.537255 0.560784
0.541176 0.560784
0.545098 0.560784
0.549020 0.560784
0.552941 0.560784
0.556863 0.560784
0.560784 0.560784
0.564706 0.560784
0.568627 0.560784
0.572549 0.560784
0.576471 0.560784
0.580392 0.560784
0.584314 0.560784
0.588235 0.560784
0.592157 0.560784
0.596078 0.560784
0.600000 0.560784
0.603922 0.560784
0.607843 0.560784
0.611765 0.560784
0.615686 0.560784
0.619608 0.560784
0.623529 0.560784
0.627451 0.560784
0.631373 0.560784
0.635294 0.560784
0.639216 0.560784
0.643137 0.560784
0.647059 0.560784
0.650980 0.560784
0.654902 0.560784
0.658824 0.560784
0.662745 0.560784
0.666667 0.560784
0.670588 0.560784
0.674510 0.560784
0.678431 0.560784
0.682353 0.560784
0.686275 0.560784
0.690196 0.560784
0.694118 0.560784
0.698039 0.560784
0.701961 0.560784
0.705882 0.560784
0.709804 0.560784
0.713726 0.560784
0.717647 0.560784
0.721569 0.560784
0.725490 0.560784
0.729412 0.560784
0.733333 0.560784
0.737255 0.560784
0.741176 0.560784
0.745098 0.560784
0.749020 0.560784
0.752941 0.560784
0.756863 0.560784
0.760784 0.560784
0.764706 0.560784
0.768627 0.560784
0.772549 0.560784
0.776471 0.560784
0.780392 0.560784
0.784314 0.560784
0.788235 0.560784
0.792157 0.560784
0.796078 0.560784
0.800000 0.560784
0.803922 0.560784
0.807843 0.560784
0.811765 0.560784
0.815686 0.560784
0.819608 0.560784
0.823529 0.560784
0.827451 0.560784
0.831373 0.560784
0.835294 0.560784
0.839216 0.560784
0.843137 0.560784
0.847059 0.560784
0.850980 0.560784
0.854902 0.560784
0.858824 0.560784
0.862745 0.560784
0.866667 0.560784
0.870588 0.560784
0.874510 0.560784
0.878431 0.560784
0.882353 0.560784
0.886275 0.560784
0.890196 0.560784
0.894118 0.560784
0.898039 0.560784
0.901961 0.560784
0.905882 0.560784
0.909804 0.560784
0.913725 0.560784
0.917647 0.560784
0.921569 0.560784
0.925490 0.560784
0.929412 0.560784
0.933333 0.560784
0.937255 0.560784
0.941176 0.560784
0.945098 0.560784
0.949020 0.560784
0.952941 0.560784
0.956863 0.560784
0.960784 0.560784
0.964706 0.560784
0.968627 0.560784
0.972549 0.560784
0.976471 0.560784
0.980392 0.560784
0.984314 0.560784
0.988235 0.560784
0.992157 0.560784
0.996078 0.560784
1.000000 0.560784

i = 1440.000000 0.564706
0.003922 0.564706
0.007843 0.564706
0.011765 0.564706
0.015686 0.564706
0.019608 0.564706
0.023529 0.564706
0.027451 0.564706
0.031373 0.564706
0.035294 0.564706
0.039216 0.564706
0.043137 0.564706
0.047059 0.564706
0.050980 0.564706
0.054902 0.564706
0.058824 0.564706
0.062745 0.564706
0.066667 0.564706
0.070588 0.564706
0.074510 0.564706
0.078431 0.564706
0.082353 0.564706
0.086275 0.564706
0.090196 0.564706
0.094118 0.564706
0.098039 0.564706
0.101961 0.564706
0.105882 0.564706
0.109804 0.564706
0.113725 0.564706
0.117647 0.564706
0.121569 0.564706
0.125490 0.564706
0.129412 0.564706
0.133333 0.564706
0.137255 0.564706
0.141176 0.564706
0.145098 0.564706
0.149020 0.564706
0.152941 0.564706
0.156863 0.564706
0.160784 0.564706
0.164706 0.564706
0.168627 0.564706
0.172549 0.564706
0.176471 0.564706
0.180392 0.564706
0.184314 0.564706
0.188235 0.564706
0.192157 0.564706
0.196078 0.564706
0.200000 0.564706
0.203922 0.564706
0.207843 0.564706
0.211765 0.564706
0.215686 0.564706
0.219608 0.564706
0.223529 0.564706
0.227451 0.564706
0.231373 0.564706
0.235294 0.564706
0.239216 0.564706
0.243137 0.564706
0.247059 0.564706
0.250980 0.564706
0.254902 0.564706
0.258824 0.564706
0.262745 0.564706
0.266667 0.564706
0.270588 0.564706
0.274510 0.564706
0.278431 0.564706
0.282353 0.564706
0.286275 0.564706
0.290196 0.564706
0.294118 0.564706
0.298039 0.564706
0.301961 0.564706
0.305882 0.564706
0.309804 0.564706
0.313726 0.564706
0.317647 0.564706
0.321569 0.564706
0.325490 0.564706
0.329412 0.564706
0.333333 0.564706
0.337255 0.564706
0.341176 0.564706
0.345098 0.564706
0.349020 0.564706
0.352941 0.564706
0.356863 0.564706
0.360784 0.564706
0.364706 0.564706
0.368627 0.564706
0.372549 0.564706
0.376471 0.564706
0.380392 0.564706
0.384314 0.564706
0.388235 0.564706
0.392157 0.564706
0.396078 0.564706
0.400000 0.564706
0.403922 0.564706
0.407843 0.564706
0.411765 0.564706
0.415686 0.564706
0.419608 0.564706
0.423529 0.564706
0.427451 0.564706
0.431373 0.564706
0.435294 0.564706
0.439216 0.564706
0.443137 0.564706
0.447059 0.564706
0.450980 0.564706
0.454902 0.564706
0.458824 0.564706
0.462745 0.564706
0.466667 0.564706
0.470588 0.564706
0.474510 0.564706
0.478431 0.564706
0.482353 0.564706
0.486275 0.564706
0.490196 0.564706
0.494118 0.564706
0.498039 0.564706
0.501961 0.564706
0.505882 0.564706
0.509804 0.564706
0.513726 0.564706
0.517647 0.564706
0.521569 0.564706
0.525490 0.564706
0.529412 0.564706
0.533333 0.564706
0.537255 0.564706
0.541176 0.564706
0.545098 0.564706
0.549020 0.564706
0.552941 0.564706
0.556863 0.564706
0.560784 0.564706
0.564706 0.564706
0.568627 0.564706
0.572549 0.564706
0.576471 0.564706
0.580392 0.564706
0.584314 0.564706
0.588235 0.564706
0.592157 0.564706
0.596078 0.564706
0.600000 0.564706
0.603922 0.564706
0.607843 0.564706
0.611765 0.564706
0.615686 0.564706
0.619608 0.564706
0.623529 0.564706
0.627451 0.564706
0.631373 0.564706
0.635294 0.564706
0.639216 0.564706
0.643137 0.564706
0.647059 0.564706
0.650980 0.564706
0.654902 0.564706
0.658824 0.564706
0.662745 0.564706
0.666667 0.564706
0.670588 0.564706
0.674510 0.564706
0.678431 0.564706
0.682353 0.564706
0.686275 0.564706
0.690196 0.564706
0.694118 0.564706
0.698039 0.564706
0.701961 0.564706
0.705882 0.564706
0.709804 0.564706
0.713726 0.564706
0.717647 0.564706
0.721569 0.564706
0.725490 0.564706
0.729412 0.564706
0.733333 0.564706
0.737255 0.564706
0.741176 0.564706
0.745098 0.564706
0.749020 0.564706
0.752941 0.564706
0.756863 0.564706
0.760784 0.564706
0.764706 0.564706
0.768627 0.564706
0.772549 0.564706
0.776471 0.564706
0.780392 0.564706
0.784314 0.564706
0.788235 0.564706
0.792157 0.564706
0.796078 0.564706
0.800000 0.564706
0.803922 0.564706
0.807843 0.564706
0.811765 0.564706
0.815686 0.564706
0.819608 0.564706
0.823529 0.564706
0.827451 0.564706
0.831373 0.564706
0.835294 0.564706
0.839216 0.564706
0.843137 0.564706
0.847059 0.564706
0.850980 0.564706
0.854902 0.564706
0.858824 0.564706
0.862745 0.564706
0.866667 0.564706
0.870588 0.564706
0.874510 0.564706
0.878431 0.564706
0.882353 0.564706
0.886275 0.564706
0.890196 0.564706
0.894118 0.564706
0.898039 0.564706
0.901961 0.564706
0.905882 0.564706
0.909804 0.564706
0.913725 0.564706
0.917647 0.564706
0.921569 0.564706
0.925490 0.564706
0.929412 0.564706
0.933333 0.564706
0.937255 0.564706
0.941176 0.564706
0.945098 0.564706
0.949020 0.564706
0.952941 0.564706
0.956863 0.564706
0.960784 0.564706
0.964706 0.564706
0.968627 0.564706
0.972549 0.564706
0.976471 0.564706
0.980392 0.564706
0.984314 0.564706
0.988235 0.564706
0.992157 0.564706
0.996078 0.564706
1.000000 0.564706

i = 1450.000000 0.568627
0.003922 0.568627
0.007843 0.568627
0.011765 0.568627
0.015686 0.568627
0.019608 0.568627
0.023529 0.568627
0.027451 0.568627
0.031373 0.568627
0.035294 0.568627
0.039216 0.568627
0.043137 0.568627
0.047059 0.568627
0.050980 0.568627
0.054902 0.568627
0.058824 0.568627
0.062745 0.568627
0.066667 0.568627
0.070588 0.568627
0.074510 0.568627
0.078431 0.568627
0.082353 0.568627
0.086275 0.568627
0.090196 0.568627
0.094118 0.568627
0.098039 0.568627
0.101961 0.568627
0.105882 0.568627
0.109804 0.568627
0.113725 0.568627
0.117647 0.568627
0.121569 0.568627
0.125490 0.568627
0.129412 0.568627
0.133333 0.568627
0.137255 0.568627
0.141176 0.568627
0.145098 0.568627
0.149020 0.568627
0.152941 0.568627
0.156863 0.568627
0.160784 0.568627
0.164706 0.568627
0.168627 0.568627
0.172549 0.568627
0.176471 0.568627
0.180392 0.568627
0.184314 0.568627
0.188235 0.568627
0.192157 0.568627
0.196078 0.568627
0.200000 0.568627
0.203922 0.568627
0.207843 0.568627
0.211765 0.568627
0.215686 0.568627
0.219608 0.568627
0.223529 0.568627
0.227451 0.568627
0.231373 0.568627
0.235294 0.568627
0.239216 0.568627
0.243137 0.568627
0.247059 0.568627
0.250980 0.568627
0.254902 0.568627
0.258824 0.568627
0.262745 0.568627
0.266667 0.568627
0.270588 0.568627
0.274510 0.568627
0.278431 0.568627
0.282353 0.568627
0.286275 0.568627
0.290196 0.568627
0.294118 0.568627
0.298039 0.568627
0.301961 0.568627
0.305882 0.568627
0.309804 0.568627
0.313726 0.568627
0.317647 0.568627
0.321569 0.568627
0.325490 0.568627
0.329412 0.568627
0.333333 0.568627
0.337255 0.568627
0.341176 0.568627
0.345098 0.568627
0.349020 0.568627
0.352941 0.568627
0.356863 0.568627
0.360784 0.568627
0.364706 0.568627
0.368627 0.568627
0.372549 0.568627
0.376471 0.568627
0.380392 0.568627
0.384314 0.568627
0.388235 0.568627
0.392157 0.568627
0.396078 0.568627
0.400000 0.568627
0.403922 0.568627
0.407843 0.568627
0.411765 0.568627
0.415686 0.568627
0.419608 0.568627
0.423529 0.568627
0.427451 0.568627
0.431373 0.568627
0.435294 0.568627
0.439216 0.568627
0.443137 0.568627
0.447059 0.568627
0.450980 0.568627
0.454902 0.568627
0.458824 0.568627
0.462745 0.568627
0.466667 0.568627
0.470588 0.568627
0.474510 0.568627
0.478431 0.568627
0.482353 0.568627
0.486275 0.568627
0.490196 0.568627
0.494118 0.568627
0.498039 0.568627
0.501961 0.568627
0.505882 0.568627
0.509804 0.568627
0.513726 0.568627
0.517647 0.568627
0.521569 0.568627
0.525490 0.568627
0.529412 0.568627
0.533333 0.568627
0.537255 0.568627
0.541176 0.568627
0.545098 0.568627
0.549020 0.568627
0.552941 0.568627
0.556863 0.568627
0.560784 0.568627
0.564706 0.568627
0.568627 0.568627
0.572549 0.568627
0.576471 0.568627
0.580392 0.568627
0.584314 0.568627
0.588235 0.568627
0.592157 0.568627
0.596078 0.568627
0.600000 0.568627
0.603922 0.568627
0.607843 0.568627
0.611765 0.568627
0.615686 0.568627
0.619608 0.568627
0.623529 0.568627
0.627451 0.568627
0.631373 0.568627
0.635294 0.568627
0.639216 0.568627
0.643137 0.568627
0.647059 0.568627
0.650980 0.568627
0.654902 0.568627
0.658824 0.568627
0.662745 0.568627
0.666667 0.568627
0.670588 0.568627
0.674510 0.568627
0.678431 0.568627
0.682353 0.568627
0.686275 0.568627
0.690196 0.568627
0.694118 0.568627
0.698039 0.568627
0.701961 0.568627
0.705882 0.568627
0.709804 0.568627
0.713726 0.568627
0.717647 0.568627
0.721569 0.568627
0.725490 0.568627
0.729412 0.568627
0.733333 0.568627
0.737255 0.568627
0.741176 0.568627
0.745098 0.568627
0.749020 0.568627
0.752941 0.568627
0.756863 0.568627
0.760784 0.568627
0.764706 0.568627
0.768627 0.568627
0.772549 0.568627
0.776471 0.568627
0.780392 0.568627
0.784314 0.568627
0.788235 0.568627
0.792157 0.568627
0.796078 0.568627
0.800000 0.568627
0.803922 0.568627
0.807843 0.568627
0.811765 0.568627
0.815686 0.568627
0.819608 0.568627
0.823529 0.568627
0.827451 0.568627
0.831373 0.568627
0.835294 0.568627
0.839216 0.568627
0.843137 0.568627
0.847059 0.568627
0.850980 0.568627
0.854902 0.568627
0.858824 0.568627
0.862745 0.568627
0.866667 0.568627
0.870588 0.568627
0.874510 0.568627
0.878431 0.568627
0.882353 0.568627
0.886275 0.568627
0.890196 0.568627
0.894118 0.568627
0.898039 0.568627
0.901961 0.568627
0.905882 0.568627
0.909804 0.568627
0.913725 0.568627
0.917647 0.568627
0.921569 0.568627
0.925490 0.568627
0.929412 0.568627
0.933333 0.568627
0.937255 0.568627
0.941176 0.568627
0.945098 0.568627
0.949020 0.568627
0.952941 0.568627
0.956863 0.568627
0.960784 0.568627
0.964706 0.568627
0.968627 0.568627
0.972549 0.568627
0.976471 0.568627
0.980392 0.568627
0.984314 0.568627
0.988235 0.568627
0.992157 0.568627
0.996078 0.568627
1.000000 0.568627

i = 1460.000000 0.572549
0.003922 0.572549
0.007843 0.572549
0.011765 0.572549
0.015686 0.572549
0.019608 0.572549
0.023529 0.572549
0.027451 0.572549
0.031373 0.572549
0.035294 0.572549
0.039216 0.572549
0.043137 0.572549
0.047059 0.572549
0.050980 0.572549
0.054902 0.572549
0.058824 0.572549
0.062745 0.572549
0.066667 0.572549
0.070588 0.572549
0.074510 0.572549
0.078431 0.572549
0.082353 0.572549
0.086275 0.572549
0.090196 0.572549
0.094118 0.572549
0.098039 0.572549
0.101961 0.572549
0.105882 0.572549
0.109804 0.572549
0.113725 0.572549
0.117647 0.572549
0.121569 0.572549
0.125490 0.572549
0.129412 0.572549
0.133333 0.572549
0.137255 0.572549
0.141176 0.572549
0.145098 0.572549
0.149020 0.572549
0.152941 0.572549
0.156863 0.572549
0.160784 0.572549
0.164706 0.572549
0.168627 0.572549
0.172549 0.572549
0.176471 0.572549
0.180392 0.572549
0.184314 0.572549
0.188235 0.572549
0.192157 0.572549
0.196078 0.572549
0.200000 0.572549
0.203922 0.572549
0.207843 0.572549
0.211765 0.572549
0.215686 0.572549
0.219608 0.572549
0.223529 0.572549
0.227451 0.572549
0.231373 0.572549
0.235294 0.572549
0.239216 0.572549
0.243137 0.572549
0.247059 0.572549
0.250980 0.572549
0.254902 0.572549
0.258824 0.572549
0.262745 0.572549
0.266667 0.572549
0.270588 0.572549
0.274510 0.572549
0.278431 0.572549
0.282353 0.572549
0.286275 0.572549
0.290196 0.572549
0.294118 0.572549
0.298039 0.572549
0.301961 0.572549
0.305882 0.572549
0.309804 0.572549
0.313726 0.572549
0.317647 0.572549
0.321569 0.572549
0.325490 0.572549
0.329412 0.572549
0.333333 0.572549
0.337255 0.572549
0.341176 0.572549
0.345098 0.572549
0.349020 0.572549
0.352941 0.572549
0.356863 0.572549
0.360784 0.572549
0.364706 0.572549
0.368627 0.572549
0.372549 0.572549
0.376471 0.572549
0.380392 0.572549
0.384314 0.572549
0.388235 0.572549
0.392157 0.572549
0.396078 0.572549
0.400000 0.572549
0.403922 0.572549
0.407843 0.572549
0.411765 0.572549
0.415686 0.572549
0.419608 0.572549
0.423529 0.572549
0.427451 0.572549
0.431373 0.572549
0.435294 0.572549
0.439216 0.572549
0.443137 0.572549
0.447059 0.572549
0.450980 0.572549
0.454902 0.572549
0.458824 0.572549
0.462745 0.572549
0.466667 0.572549
0.470588 0.572549
0.474510 0.572549
0.478431 0.572549
0.482353 0.572549
0.486275 0.572549
0.490196 0.572549
0.494118 0.572549
0.498039 0.572549
0.501961 0.572549
0.505882 0.572549
0.509804 0.572549
0.513726 0.572549
0.517647 0.572549
0.521569 0.572549
0.525490 0.572549
0.529412 0.572549
0.533333 0.572549
0.537255 0.572549
0.541176 0.572549
0.545098 0.572549
0.549020 0.572549
0.552941 0.572549
0.556863 0.572549
0.560784 0.572549
0.564706 0.572549
0.568627 0.572549
0.572549 0.572549
0.576471 0.572549
0.580392 0.572549
0.584314 0.572549
0.588235 0.572549
0.592157 0.572549
0.596078 0.572549
0.600000 0.572549
0.603922 0.572549
0.607843 0.572549
0.611765 0.572549
0.615686 0.572549
0.619608 0.572549
0.623529 0.572549
0.627451 0.572549
0.631373 0.572549
0.635294 0.572549
0.639216 0.572549
0.643137 0.572549
0.647059 0.572549
0.650980 0.572549
0.654902 0.572549
0.658824 0.572549
0.662745 0.572549
0.666667 0.572549
0.670588 0.572549
0.674510 0.572549
0.678431 0.572549
0.682353 0.572549
0.686275 0.572549
0.690196 0.572549
0.694118 0.572549
0.698039 0.572549
0.701961 0.572549
0.705882 0.572549
0.709804 0.572549
0.713726 0.572549
0.717647 0.572549
0.721569 0.572549
0.725490 0.572549
0.729412 0.572549
0.733333 0.572549
0.737255 0.572549
0.741176 0.572549
0.745098 0.572549
0.749020 0.572549
0.752941 0.572549
0.756863 0.572549
0.760784 0.572549
0.764706 0.572549
0.768627 0.572549
0.772549 0.572549
0.776471 0.572549
0.780392 0.572549
0.784314 0.572549
0.788235 0.572549
0.792157 0.572549
0.796078 0.572549
0.800000 0.572549
0.803922 0.572549
0.807843 0.572549
0.811765 0.572549
0.815686 0.572549
0.819608 0.572549
0.823529 0.572549
0.827451 0.572549
0.831373 0.572549
0.835294 0.572549
0.839216 0.572549
0.843137 0.572549
0.847059 0.572549
0.850980 0.572549
0.854902 0.572549
0.858824 0.572549
0.862745 0.572549
0.866667 0.572549
0.870588 0.572549
0.874510 0.572549
0.878431 0.572549
0.882353 0.572549
0.886275 0.572549
0.890196 0.572549
0.894118 0.572549
0.898039 0.572549
0.901961 0.572549
0.905882 0.572549
0.909804 0.572549
0.913725 0.572549
0.917647 0.572549
0.921569 0.572549
0.925490 0.572549
0.929412 0.572549
0.933333 0.572549
0.937255 0.572549
0.941176 0.572549
0.945098 0.572549
0.949020 0.572549
0.952941 0.572549
0.956863 0.572549
0.960784 0.572549
0.964706 0.572549
0.968627 0.572549
0.972549 0.572549
0.976471 0.572549
0.980392 0.572549
0.984314 0.572549
0.988235 0.572549
0.992157 0.572549
0.996078 0.572549
1.000000 0.572549

i = 1470.000000 0.576471
0.003922 0.576471
0.007843 0.576471
0.011765 0.576471
0.015686 0.576471
0.019608 0.576471
0.023529 0.576471
0.027451 0.576471
0.031373 0.576471
0.035294 0.576471
0.039216 0.576471
0.043137 0.576471
0.047059 0.576471
0.050980 0.576471
0.054902 0.576471
0.058824 0.576471
0.062745 0.576471
0.066667 0.576471
0.070588 0.576471
0.074510 0.576471
0.078431 0.576471
0.082353 0.576471
0.086275 0.576471
0.090196 0.576471
0.094118 0.576471
0.098039 0.576471
0.101961 0.576471
0.105882 0.576471
0.109804 0.576471
0.113725 0.576471
0.117647 0.576471
0.121569 0.576471
0.125490 0.576471
0.129412 0.576471
0.133333 0.576471
0.137255 0.576471
0.141176 0.576471
0.145098 0.576471
0.149020 0.576471
0.152941 0.576471
0.156863 0.576471
0.160784 0.576471
0.164706 0.576471
0.168627 0.576471
0.172549 0.576471
0.176471 0.576471
0.180392 0.576471
0.184314 0.576471
0.188235 0.576471
0.192157 0.576471
0.196078 0.576471
0.200000 0.576471
0.203922 0.576471
0.207843 0.576471
0.211765 0.576471
0.215686 0.576471
0.219608 0.576471
0.223529 0.576471
0.227451 0.576471
0.231373 0.576471
0.235294 0.576471
0.239216 0.576471
0.243137 0.576471
0.247059 0.576471
0.250980 0.576471
0.254902 0.576471
0.258824 0.576471
0.262745 0.576471
0.266667 0.576471
0.270588 0.576471
0.274510 0.576471
0.278431 0.576471
0.282353 0.576471
0.286275 0.576471
0.290196 0.576471
0.294118 0.576471
0.298039 0.576471
0.301961 0.576471
0.305882 0.576471
0.309804 0.576471
0.313726 0.576471
0.317647 0.576471
0.321569 0.576471
0.325490 0.576471
0.329412 0.576471
0.333333 0.576471
0.337255 0.576471
0.341176 0.576471
0.345098 0.576471
0.349020 0.576471
0.352941 0.576471
0.356863 0.576471
0.360784 0.576471
0.364706 0.576471
0.368627 0.576471
0.372549 0.576471
0.376471 0.576471
0.380392 0.576471
0.384314 0.576471
0.388235 0.576471
0.392157 0.576471
0.396078 0.576471
0.400000 0.576471
0.403922 0.576471
0.407843 0.576471
0.411765 0.576471
0.415686 0.576471
0.419608 0.576471
0.423529 0.576471
0.427451 0.576471
0.431373 0.576471
0.435294 0.576471
0.439216 0.576471
0.443137 0.576471
0.447059 0.576471
0.450980 0.576471
0.454902 0.576471
0.458824 0.576471
0.462745 0.576471
0.466667 0.576471
0.470588 0.576471
0.474510 0.576471
0.478431 0.576471
0.482353 0.576471
0.486275 0.576471
0.490196 0.576471
0.494118 0.576471
0.498039 0.576471
0.501961 0.576471
0.505882 0.576471
0.509804 0.576471
0.513726 0.576471
0.517647 0.576471
0.521569 0.576471
0.525490 0.576471
0.529412 0.576471
0.533333 0.576471
0.537255 0.576471
0.541176 0.576471
0.545098 0.576471
0.549020 0.576471
0.552941 0.576471
0.556863 0.576471
0.560784 0.576471
0.564706 0.576471
0.568627 0.576471
0.572549 0.576471
0.576471 0.576471
0.580392 0.576471
0.584314 0.576471
0.588235 0.576471
0.592157 0.576471
0.596078 0.576471
0.600000 0.576471
0.603922 0.576471
0.607843 0.576471
0.611765 0.576471
0.615686 0.576471
0.619608 0.576471
0.623529 0.576471
0.627451 0.576471
0.631373 0.576471
0.635294 0.576471
0.639216 0.576471
0.643137 0.576471
0.647059 0.576471
0.650980 0.576471
0.654902 0.576471
0.658824 0.576471
0.662745 0.576471
0.666667 0.576471
0.670588 0.576471
0.674510 0.576471
0.678431 0.576471
0.682353 0.576471
0.686275 0.576471
0.690196 0.576471
0.694118 0.576471
0.698039 0.576471
0.701961 0.576471
0.705882 0.576471
0.709804 0.576471
0.713726 0.576471
0.717647 0.576471
0.721569 0.576471
0.725490 0.576471
0.729412 0.576471
0.733333 0.576471
0.737255 0.576471
0.741176 0.576471
0.745098 0.576471
0.749020 0.576471
0.752941 0.576471
0.756863 0.576471
0.760784 0.576471
0.764706 0.576471
0.768627 0.576471
0.772549 0.576471
0.776471 0.576471
0.780392 0.576471
0.784314 0.576471
0.788235 0.576471
0.792157 0.576471
0.796078 0.576471
0.800000 0.576471
0.803922 0.576471
0.807843 0.576471
0.811765 0.576471
0.815686 0.576471
0.819608 0.576471
0.823529 0.576471
0.827451 0.576471
0.831373 0.576471
0.835294 0.576471
0.839216 0.576471
0.843137 0.576471
0.847059 0.576471
0.850980 0.576471
0.854902 0.576471
0.858824 0.576471
0.862745 0.576471
0.866667 0.576471
0.870588 0.576471
0.874510 0.576471
0.878431 0.576471
0.882353 0.576471
0.886275 0.576471
0.890196 0.576471
0.894118 0.576471
0.898039 0.576471
0.901961 0.576471
0.905882 0.576471
0.909804 0.576471
0.913725 0.576471
0.917647 0.576471
0.921569 0.576471
0.925490 0.576471
0.929412 0.576471
0.933333 0.576471
0.937255 0.576471
0.941176 0.576471
0.945098 0.576471
0.949020 0.576471
0.952941 0.576471
0.956863 0.576471
0.960784 0.576471
0.964706 0.576471
0.968627 0.576471
0.972549 0.576471
0.976471 0.576471
0.980392 0.576471
0.984314 0.576471
0.988235 0.576471
0.992157 0.576471
0.996078 0.576471
1.000000 0.576471

i = 1480.000000 0.580392
0.003922 0.580392
0.007843 0.580392
0.011765 0.580392
0.015686 0.580392
0.019608 0.580392
0.023529 0.580392
0.027451 0.580392
0.031373 0.580392
0.035294 0.580392
0.039216 0.580392
0.043137 0.580392
0.047059 0.580392
0.050980 0.580392
0.054902 0.580392
0.058824 0.580392
0.062745 0.580392
0.066667 0.580392
0.070588 0.580392
0.074510 0.580392
0.078431 0.580392
0.082353 0.580392
0.086275 0.580392
0.090196 0.580392
0.094118 0.580392
0.098039 0.580392
0.101961 0.580392
0.105882 0.580392
0.109804 0.580392
0.113725 0.580392
0.117647 0.580392
0.121569 0.580392
0.125490 0.580392
0.129412 0.580392
0.133333 0.580392
0.137255 0.580392
0.141176 0.580392
0.145098 0.580392
0.149020 0.580392
0.152941 0.580392
0.156863 0.580392
0.160784 0.580392
0.164706 0.580392
0.168627 0.580392
0.172549 0.580392
0.176471 0.580392
0.180392 0.580392
0.184314 0.580392
0.188235 0.580392
0.192157 0.580392
0.196078 0.580392
0.200000 0.580392
0.203922 0.580392
0.207843 0.580392
0.211765 0.580392
0.215686 0.580392
0.219608 0.580392
0.223529 0.580392
0.227451 0.580392
0.231373 0.580392
0.235294 0.580392
0.239216 0.580392
0.243137 0.580392
0.247059 0.580392
0.250980 0.580392
0.254902 0.580392
0.258824 0.580392
0.262745 0.580392
0.266667 0.580392
0.270588 0.580392
0.274510 0.580392
0.278431 0.580392
0.282353 0.580392
0.286275 0.580392
0.290196 0.580392
0.294118 0.580392
0.298039 0.580392
0.301961 0.580392
0.305882 0.580392
0.309804 0.580392
0.313726 0.580392
0.317647 0.580392
0.321569 0.580392
0.325490 0.580392
0.329412 0.580392
0.333333 0.580392
0.337255 0.580392
0.341176 0.580392
0.345098 0.580392
0.349020 0.580392
0.352941 0.580392
0.356863 0.580392
0.360784 0.580392
0.364706 0.580392
0.368627 0.580392
0.372549 0.580392
0.376471 0.580392
0.380392 0.580392
0.384314 0.580392
0.388235 0.580392
0.392157 0.580392
0.396078 0.580392
0.400000 0.580392
0.403922 0.580392
0.407843 0.580392
0.411765 0.580392
0.415686 0.580392
0.419608 0.580392
0.423529 0.580392
0.427451 0.580392
0.431373 0.580392
0.435294 0.580392
0.439216 0.580392
0.443137 0.580392
0.447059 0.580392
0.450980 0.580392
0.454902 0.580392
0.458824 0.580392
0.462745 0.580392
0.466667 0.580392
0.470588 0.580392
0.474510 0.580392
0.478431 0.580392
0.482353 0.580392
0.486275 0.580392
0.490196 0.580392
0.494118 0.580392
0.498039 0.580392
0.501961 0.580392
0.505882 0.580392
0.509804 0.580392
0.513726 0.580392
0.517647 0.580392
0.521569 0.580392
0.525490 0.580392
0.529412 0.580392
0.533333 0.580392
0.537255 0.580392
0.541176 0.580392
0.545098 0.580392
0.549020 0.580392
0.552941 0.580392
0.556863 0.580392
0.560784 0.580392
0.564706 0.580392
0.568627 0.580392
0.572549 0.580392
0.576471 0.580392
0.580392 0.580392
0.584314 0.580392
0.588235 0.580392
0.592157 0.580392
0.596078 0.580392
0.600000 0.580392
0.603922 0.580392
0.607843 0.580392
0.611765 0.580392
0.615686 0.580392
0.619608 0.580392
0.623529 0.580392
0.627451 0.580392
0.631373 0.580392
0.635294 0.580392
0.639216 0.580392
0.643137 0.580392
0.647059 0.580392
0.650980 0.580392
0.654902 0.580392
0.658824 0.580392
0.662745 0.580392
0.666667 0.580392
0.670588 0.580392
0.674510 0.580392
0.678431 0.580392
0.682353 0.580392
0.686275 0.580392
0.690196 0.580392
0.694118 0.580392
0.698039 0.580392
0.701961 0.580392
0.705882 0.580392
0.709804 0.580392
0.713726 0.580392
0.717647 0.580392
0.721569 0.580392
0.725490 0.580392
0.729412 0.580392
0.733333 0.580392
0.737255 0.580392
0.741176 0.580392
0.745098 0.580392
0.749020 0.580392
0.752941 0.580392
0.756863 0.580392
0.760784 0.580392
0.764706 0.580392
0.768627 0.580392
0.772549 0.580392
0.776471 0.580392
0.780392 0.580392
0.784314 0.580392
0.788235 0.580392
0.792157 0.580392
0.796078 0.580392
0.800000 0.580392
0.803922 0.580392
0.807843 0.580392
0.811765 0.580392
0.815686 0.580392
0.819608 0.580392
0.823529 0.580392
0.827451 0.580392
0.831373 0.580392
0.835294 0.580392
0.839216 0.580392
0.843137 0.580392
0.847059 0.580392
0.850980 0.580392
0.854902 0.580392
0.858824 0.580392
0.862745 0.580392
0.866667 0.580392
0.870588 0.580392
0.874510 0.580392
0.878431 0.580392
0.882353 0.580392
0.886275 0.580392
0.890196 0.580392
0.894118 0.580392
0.898039 0.580392
0.901961 0.580392
0.905882 0.580392
0.909804 0.580392
0.913725 0.580392
0.917647 0.580392
0.921569 0.580392
0.925490 0.580392
0.929412 0.580392
0.933333 0.580392
0.937255 0.580392
0.941176 0.580392
0.945098 0.580392
0.949020 0.580392
0.952941 0.580392
0.956863 0.580392
0.960784 0.580392
0.964706 0.580392
0.968627 0.580392
0.972549 0.580392
0.976471 0.580392
0.980392 0.580392
0.984314 0.580392
0.988235 0.580392
0.992157 0.580392
0.996078 0.580392
1.000000 0.580392

i = 1490.000000 0.584314
0.003922 0.584314
0.007843 0.584314
0.011765 0.584314
0.015686 0.584314
0.019608 0.584314
0.023529 0.584314
0.027451 0.584314
0.031373 0.584314
0.035294 0.584314
0.039216 0.584314
0.043137 0.584314
0.047059 0.584314
0.050980 0.584314
0.054902 0.584314
0.058824 0.584314
0.062745 0.584314
0.066667 0.584314
0.070588 0.584314
0.074510 0.584314
0.078431 0.584314
0.082353 0.584314
0.086275 0.584314
0.090196 0.584314
0.094118 0.584314
0.098039 0.584314
0.101961 0.584314
0.105882 0.584314
0.109804 0.584314
0.113725 0.584314
0.117647 0.584314
0.121569 0.584314
0.125490 0.584314
0.129412 0.584314
0.133333 0.584314
0.137255 0.584314
0.141176 0.584314
0.145098 0.584314
0.149020 0.584314
0.152941 0.584314
0.156863 0.584314
0.160784 0.584314
0.164706 0.584314
0.168627 0.584314
0.172549 0.584314
0.176471 0.584314
0.180392 0.584314
0.184314 0.584314
0.188235 0.584314
0.192157 0.584314
0.196078 0.584314
0.200000 0.584314
0.203922 0.584314
0.207843 0.584314
0.211765 0.584314
0.215686 0.584314
0.219608 0.584314
0.223529 0.584314
0.227451 0.584314
0.231373 0.584314
0.235294 0.584314
0.239216 0.584314
0.243137 0.584314
0.247059 0.584314
0.250980 0.584314
0.254902 0.584314
0.258824 0.584314
0.262745 0.584314
0.266667 0.584314
0.270588 0.584314
0.274510 0.584314
0.278431 0.584314
0.282353 0.584314
0.286275 0.584314
0.290196 0.584314
0.294118 0.584314
0.298039 0.584314
0.301961 0.584314
0.305882 0.584314
0.309804 0.584314
0.313726 0.584314
0.317647 0.584314
0.321569 0.584314
0.325490 0.584314
0.329412 0.584314
0.333333 0.584314
0.337255 0.584314
0.341176 0.584314
0.345098 0.584314
0.349020 0.584314
0.352941 0.584314
0.356863 0.584314
0.360784 0.584314
0.364706 0.584314
0.368627 0.584314
0.372549 0.584314
0.376471 0.584314
0.380392 0.584314
0.384314 0.584314
0.388235 0.584314
0.392157 0.584314
0.396078 0.584314
0.400000 0.584314
0.403922 0.584314
0.407843 0.584314
0.411765 0.584314
0.415686 0.584314
0.419608 0.584314
0.423529 0.584314
0.427451 0.584314
0.431373 0.584314
0.435294 0.584314
0.439216 0.584314
0.443137 0.584314
0.447059 0.584314
0.450980 0.584314
0.454902 0.584314
0.458824 0.584314
0.462745 0.584314
0.466667 0.584314
0.470588 0.584314
0.474510 0.584314
0.478431 0.584314
0.482353 0.584314
0.486275 0.584314
0.490196 0.584314
0.494118 0.584314
0.498039 0.584314
0.501961 0.584314
0.505882 0.584314
0.509804 0.584314
0.513726 0.584314
0.517647 0.584314
0.521569 0.584314
0.525490 0.584314
0.529412 0.584314
0.533333 0.584314
0.537255 0.584314
0.541176 0.584314
0.545098 0.584314
0.549020 0.584314
0.552941 0.584314
0.556863 0.584314
0.560784 0.584314
0.564706 0.584314
0.568627 0.584314
0.572549 0.584314
0.576471 0.584314
0.580392 0.584314
0.584314 0.584314
0.588235 0.584314
0.592157 0.584314
0.596078 0.584314
0.600000 0.584314
0.603922 0.584314
0.607843 0.584314
0.611765 0.584314
0.615686 0.584314
0.619608 0.584314
0.623529 0.584314
0.627451 0.584314
0.631373 0.584314
0.635294 0.584314
0.639216 0.584314
0.643137 0.584314
0.647059 0.584314
0.650980 0.584314
0.654902 0.584314
0.658824 0.584314
0.662745 0.584314
0.666667 0.584314
0.670588 0.584314
0.674510 0.584314
0.678431 0.584314
0.682353 0.584314
0.686275 0.584314
0.690196 0.584314
0.694118 0.584314
0.698039 0.584314
0.701961 0.584314
0.705882 0.584314
0.709804 0.584314
0.713726 0.584314
0.717647 0.584314
0.721569 0.584314
0.725490 0.584314
0.729412 0.584314
0.733333 0.584314
0.737255 0.584314
0.741176 0.584314
0.745098 0.584314
0.749020 0.584314
0.752941 0.584314
0.756863 0.584314
0.760784 0.584314
0.764706 0.584314
0.768627 0.584314
0.772549 0.584314
0.776471 0.584314
0.780392 0.584314
0.784314 0.584314
0.788235 0.584314
0.792157 0.584314
0.796078 0.584314
0.800000 0.584314
0.803922 0.584314
0.807843 0.584314
0.811765 0.584314
0.815686 0.584314
0.819608 0.584314
0.823529 0.584314
0.827451 0.584314
0.831373 0.584314
0.835294 0.584314
0.839216 0.584314
0.843137 0.584314
0.847059 0.584314
0.850980 0.584314
0.854902 0.584314
0.858824 0.584314
0.862745 0.584314
0.866667 0.584314
0.870588 0.584314
0.874510 0.584314
0.878431 0.584314
0.882353 0.584314
0.886275 0.584314
0.890196 0.584314
0.894118 0.584314
0.898039 0.584314
0.901961 0.584314
0.905882 0.584314
0.909804 0.584314
0.913725 0.584314
0.917647 0.584314
0.921569 0.584314
0.925490 0.584314
0.929412 0.584314
0.933333 0.584314
0.937255 0.584314
0.941176 0.584314
0.945098 0.584314
0.949020 0.584314
0.952941 0.584314
0.956863 0.584314
0.960784 0.584314
0.964706 0.584314
0.968627 0.584314
0.972549 0.584314
0.976471 0.584314
0.980392 0.584314
0.984314 0.584314
0.988235 0.584314
0.992157 0.584314
0.996078 0.584314
1.000000 0.584314

i = 1500.000000 0.588235
0.003922 0.588235
0.007843 0.588235
0.011765 0.588235
0.015686 0.588235
0.019608 0.588235
0.023529 0.588235
0.027451 0.588235
0.031373 0.588235
0.035294 0.588235
0.039216 0.588235
0.043137 0.588235
0.047059 0.588235
0.050980 0.588235
0.054902 0.588235
0.058824 0.588235
0.062745 0.588235
0.066667 0.588235
0.070588 0.588235
0.074510 0.588235
0.078431 0.588235
0.082353 0.588235
0.086275 0.588235
0.090196 0.588235
0.094118 0.588235
0.098039 0.588235
0.101961 0.588235
0.105882 0.588235
0.109804 0.588235
0.113725 0.588235
0.117647 0.588235
0.121569 0.588235
0.125490 0.588235
0.129412 0.588235
0.133333 0.588235
0.137255 0.588235
0.141176 0.588235
0.145098 0.588235
0.149020 0.588235
0.152941 0.588235
0.156863 0.588235
0.160784 0.588235
0.164706 0.588235
0.168627 0.588235
0.172549 0.588235
0.176471 0.588235
0.180392 0.588235
0.184314 0.588235
0.188235 0.588235
0.192157 0.588235
0.196078 0.588235
0.200000 0.588235
0.203922 0.588235
0.207843 0.588235
0.211765 0.588235
0.215686 0.588235
0.219608 0.588235
0.223529 0.588235
0.227451 0.588235
0.231373 0.588235
0.235294 0.588235
0.239216 0.588235
0.243137 0.588235
0.247059 0.588235
0.250980 0.588235
0.254902 0.588235
0.258824 0.588235
0.262745 0.588235
0.266667 0.588235
0.270588 0.588235
0.274510 0.588235
0.278431 0.588235
0.282353 0.588235
0.286275 0.588235
0.290196 0.588235
0.294118 0.588235
0.298039 0.588235
0.301961 0.588235
0.305882 0.588235
0.309804 0.588235
0.313726 0.588235
0.317647 0.588235
0.321569 0.588235
0.325490 0.588235
0.329412 0.588235
0.333333 0.588235
0.337255 0.588235
0.341176 0.588235
0.345098 0.588235
0.349020 0.588235
0.352941 0.588235
0.356863 0.588235
0.360784 0.588235
0.364706 0.588235
0.368627 0.588235
0.372549 0.588235
0.376471 0.588235
0.380392 0.588235
0.384314 0.588235
0.388235 0.588235
0.392157 0.588235
0.396078 0.588235
0.400000 0.588235
0.403922 0.588235
0.407843 0.588235
0.411765 0.588235
0.415686 0.588235
0.419608 0.588235
0.423529 0.588235
0.427451 0.588235
0.431373 0.588235
0.435294 0.588235
0.439216 0.588235
0.443137 0.588235
0.447059 0.588235
0.450980 0.588235
0.454902 0.588235
0.458824 0.588235
0.462745 0.588235
0.466667 0.588235
0.470588 0.588235
0.474510 0.588235
0.478431 0.588235
0.482353 0.588235
0.486275 0.588235
0.490196 0.588235
0.494118 0.588235
0.498039 0.588235
0.501961 0.588235
0.505882 0.588235
0.509804 0.588235
0.513726 0.588235
0.517647 0.588235
0.521569 0.588235
0.525490 0.588235
0.529412 0.588235
0.533333 0.588235
0.537255 0.588235
0.541176 0.588235
0.545098 0.588235
0.549020 0.588235
0.552941 0.588235
0.556863 0.588235
0.560784 0.588235
0.564706 0.588235
0.568627 0.588235
0.572549 0.588235
0.576471 0.588235
0.580392 0.588235
0.584314 0.588235
0.588235 0.588235
0.592157 0.588235
0.596078 0.588235
0.600000 0.588235
0.603922 0.588235
0.607843 0.588235
0.611765 0.588235
0.615686 0.588235
0.619608 0.588235
0.623529 0.588235
0.627451 0.588235
0.631373 0.588235
0.635294 0.588235
0.639216 0.588235
0.643137 0.588235
0.647059 0.588235
0.650980 0.588235
0.654902 0.588235
0.658824 0.588235
0.662745 0.588235
0.666667 0.588235
0.670588 0.588235
0.674510 0.588235
0.678431 0.588235
0.682353 0.588235
0.686275 0.588235
0.690196 0.588235
0.694118 0.588235
0.698039 0.588235
0.701961 0.588235
0.705882 0.588235
0.709804 0.588235
0.713726 0.588235
0.717647 0.588235
0.721569 0.588235
0.725490 0.588235
0.729412 0.588235
0.733333 0.588235
0.737255 0.588235
0.741176 0.588235
0.745098 0.588235
0.749020 0.588235
0.752941 0.588235
0.756863 0.588235
0.760784 0.588235
0.764706 0.588235
0.768627 0.588235
0.772549 0.588235
0.776471 0.588235
0.780392 0.588235
0.784314 0.588235
0.788235 0.588235
0.792157 0.588235
0.796078 0.588235
0.800000 0.588235
0.803922 0.588235
0.807843 0.588235
0.811765 0.588235
0.815686 0.588235
0.819608 0.588235
0.823529 0.588235
0.827451 0.588235
0.831373 0.588235
0.835294 0.588235
0.839216 0.588235
0.843137 0.588235
0.847059 0.588235
0.850980 0.588235
0.854902 0.588235
0.858824 0.588235
0.862745 0.588235
0.866667 0.588235
0.870588 0.588235
0.874510 0.588235
0.878431 0.588235
0.882353 0.588235
0.886275 0.588235
0.890196 0.588235
0.894118 0.588235
0.898039 0.588235
0.901961 0.588235
0.905882 0.588235
0.909804 0.588235
0.913725 0.588235
0.917647 0.588235
0.921569 0.588235
0.925490 0.588235
0.929412 0.588235
0.933333 0.588235
0.937255 0.588235
0.941176 0.588235
0.945098 0.588235
0.949020 0.588235
0.952941 0.588235
0.956863 0.588235
0.960784 0.588235
0.964706 0.588235
0.968627 0.588235
0.972549 0.588235
0.976471 0.588235
0.980392 0.588235
0.984314 0.588235
0.988235 0.588235
0.992157 0.588235
0.996078 0.588235
1.000000 0.588235

i = 1510.000000 0.592157
0.003922 0.592157
0.007843 0.592157
0.011765 0.592157
0.015686 0.592157
0.019608 0.592157
0.023529 0.592157
0.027451 0.592157
0.031373 0.592157
0.035294 0.592157
0.039216 0.592157
0.043137 0.592157
0.047059 0.592157
0.050980 0.592157
0.054902 0.592157
0.058824 0.592157
0.062745 0.592157
0.066667 0.592157
0.070588 0.592157
0.074510 0.592157
0.078431 0.592157
0.082353 0.592157
0.086275 0.592157
0.090196 0.592157
0.094118 0.592157
0.098039 0.592157
0.101961 0.592157
0.105882 0.592157
0.109804 0.592157
0.113725 0.592157
0.117647 0.592157
0.121569 0.592157
0.125490 0.592157
0.129412 0.592157
0.133333 0.592157
0.137255 0.592157
0.141176 0.592157
0.145098 0.592157
0.149020 0.592157
0.152941 0.592157
0.156863 0.592157
0.160784 0.592157
0.164706 0.592157
0.168627 0.592157
0.172549 0.592157
0.176471 0.592157
0.180392 0.592157
0.184314 0.592157
0.188235 0.592157
0.192157 0.592157
0.196078 0.592157
0.200000 0.592157
0.203922 0.592157
0.207843 0.592157
0.211765 0.592157
0.215686 0.592157
0.219608 0.592157
0.223529 0.592157
0.227451 0.592157
0.231373 0.592157
0.235294 0.592157
0.239216 0.592157
0.243137 0.592157
0.247059 0.592157
0.250980 0.592157
0.254902 0.592157
0.258824 0.592157
0.262745 0.592157
0.266667 0.592157
0.270588 0.592157
0.274510 0.592157
0.278431 0.592157
0.282353 0.592157
0.286275 0.592157
0.290196 0.592157
0.294118 0.592157
0.298039 0.592157
0.301961 0.592157
0.305882 0.592157
0.309804 0.592157
0.313726 0.592157
0.317647 0.592157
0.321569 0.592157
0.325490 0.592157
0.329412 0.592157
0.333333 0.592157
0.337255 0.592157
0.341176 0.592157
0.345098 0.592157
0.349020 0.592157
0.352941 0.592157
0.356863 0.592157
0.360784 0.592157
0.364706 0.592157
0.368627 0.592157
0.372549 0.592157
0.376471 0.592157
0.380392 0.592157
0.384314 0.592157
0.388235 0.592157
0.392157 0.592157
0.396078 0.592157
0.400000 0.592157
0.403922 0.592157
0.407843 0.592157
0.411765 0.592157
0.415686 0.592157
0.419608 0.592157
0.423529 0.592157
0.427451 0.592157
0.431373 0.592157
0.435294 0.592157
0.439216 0.592157
0.443137 0.592157
0.447059 0.592157
0.450980 0.592157
0.454902 0.592157
0.458824 0.592157
0.462745 0.592157
0.466667 0.592157
0.470588 0.592157
0.474510 0.592157
0.478431 0.592157
0.482353 0.592157
0.486275 0.592157
0.490196 0.592157
0.494118 0.592157
0.498039 0.592157
0.501961 0.592157
0.505882 0.592157
0.509804 0.592157
0.513726 0.592157
0.517647 0.592157
0.521569 0.592157
0.525490 0.592157
0.529412 0.592157
0.533333 0.592157
0.537255 0.592157
0.541176 0.592157
0.545098 0.592157
0.549020 0.592157
0.552941 0.592157
0.556863 0.592157
0.560784 0.592157
0.564706 0.592157
0.568627 0.592157
0.572549 0.592157
0.576471 0.592157
0.580392 0.592157
0.584314 0.592157
0.588235 0.592157
0.592157 0.592157
0.596078 0.592157
0.600000 0.592157
0.603922 0.592157
0.607843 0.592157
0.611765 0.592157
0.615686 0.592157
0.619608 0.592157
0.623529 0.592157
0.627451 0.592157
0.631373 0.592157
0.635294 0.592157
0.639216 0.592157
0.643137 0.592157
0.647059 0.592157
0.650980 0.592157
0.654902 0.592157
0.658824 0.592157
0.662745 0.592157
0.666667 0.592157
0.670588 0.592157
0.674510 0.592157
0.678431 0.592157
0.682353 0.592157
0.686275 0.592157
0.690196 0.592157
0.694118 0.592157
0.698039 0.592157
0.701961 0.592157
0.705882 0.592157
0.709804 0.592157
0.713726 0.592157
0.717647 0.592157
0.721569 0.592157
0.725490 0.592157
0.729412 0.592157
0.733333 0.592157
0.737255 0.592157
0.741176 0.592157
0.745098 0.592157
0.749020 0.592157
0.752941 0.592157
0.756863 0.592157
0.760784 0.592157
0.764706 0.592157
0.768627 0.592157
0.772549 0.592157
0.776471 0.592157
0.780392 0.592157
0.784314 0.592157
0.788235 0.592157
0.792157 0.592157
0.796078 0.592157
0.800000 0.592157
0.803922 0.592157
0.807843 0.592157
0.811765 0.592157
0.815686 0.592157
0.819608 0.592157
0.823529 0.592157
0.827451 0.592157
0.831373 0.592157
0.835294 0.592157
0.839216 0.592157
0.843137 0.592157
0.847059 0.592157
0.850980 0.592157
0.854902 0.592157
0.858824 0.592157
0.862745 0.592157
0.866667 0.592157
0.870588 0.592157
0.874510 0.592157
0.878431 0.592157
0.882353 0.592157
0.886275 0.592157
0.890196 0.592157
0.894118 0.592157
0.898039 0.592157
0.901961 0.592157
0.905882 0.592157
0.909804 0.592157
0.913725 0.592157
0.917647 0.592157
0.921569 0.592157
0.925490 0.592157
0.929412 0.592157
0.933333 0.592157
0.937255 0.592157
0.941176 0.592157
0.945098 0.592157
0.949020 0.592157
0.952941 0.592157
0.956863 0.592157
0.960784 0.592157
0.964706 0.592157
0.968627 0.592157
0.972549 0.592157
0.976471 0.592157
0.980392 0.592157
0.984314 0.592157
0.988235 0.592157
0.992157 0.592157
0.996078 0.592157
1.000000 0.592157

i = 1520.000000 0.596078
0.003922 0.596078
0.007843 0.596078
0.011765 0.596078
0.015686 0.596078
0.019608 0.596078
0.023529 0.596078
0.027451 0.596078
0.031373 0.596078
0.035294 0.596078
0.039216 0.596078
0.043137 0.596078
0.047059 0.596078
0.050980 0.596078
0.054902 0.596078
0.058824 0.596078
0.062745 0.596078
0.066667 0.596078
0.070588 0.596078
0.074510 0.596078
0.078431 0.596078
0.082353 0.596078
0.086275 0.596078
0.090196 0.596078
0.094118 0.596078
0.098039 0.596078
0.101961 0.596078
0.105882 0.596078
0.109804 0.596078
0.113725 0.596078
0.117647 0.596078
0.121569 0.596078
0.125490 0.596078
0.129412 0.596078
0.133333 0.596078
0.137255 0.596078
0.141176 0.596078
0.145098 0.596078
0.149020 0.596078
0.152941 0.596078
0.156863 0.596078
0.160784 0.596078
0.164706 0.596078
0.168627 0.596078
0.172549 0.596078
0.176471 0.596078
0.180392 0.596078
0.184314 0.596078
0.188235 0.596078
0.192157 0.596078
0.196078 0.596078
0.200000 0.596078
0.203922 0.596078
0.207843 0.596078
0.211765 0.596078
0.215686 0.596078
0.219608 0.596078
0.223529 0.596078
0.227451 0.596078
0.231373 0.596078
0.235294 0.596078
0.239216 0.596078
0.243137 0.596078
0.247059 0.596078
0.250980 0.596078
0.254902 0.596078
0.258824 0.596078
0.262745 0.596078
0.266667 0.596078
0.270588 0.596078
0.274510 0.596078
0.278431 0.596078
0.282353 0.596078
0.286275 0.596078
0.290196 0.596078
0.294118 0.596078
0.298039 0.596078
0.301961 0.596078
0.305882 0.596078
0.309804 0.596078
0.313726 0.596078
0.317647 0.596078
0.321569 0.596078
0.325490 0.596078
0.329412 0.596078
0.333333 0.596078
0.337255 0.596078
0.341176 0.596078
0.345098 0.596078
0.349020 0.596078
0.352941 0.596078
0.356863 0.596078
0.360784 0.596078
0.364706 0.596078
0.368627 0.596078
0.372549 0.596078
0.376471 0.596078
0.380392 0.596078
0.384314 0.596078
0.388235 0.596078
0.392157 0.596078
0.396078 0.596078
0.400000 0.596078
0.403922 0.596078
0.407843 0.596078
0.411765 0.596078
0.415686 0.596078
0.419608 0.596078
0.423529 0.596078
0.427451 0.596078
0.431373 0.596078
0.435294 0.596078
0.439216 0.596078
0.443137 0.596078
0.447059 0.596078
0.450980 0.596078
0.454902 0.596078
0.458824 0.596078
0.462745 0.596078
0.466667 0.596078
0.470588 0.596078
0.474510 0.596078
0.478431 0.596078
0.482353 0.596078
0.486275 0.596078
0.490196 0.596078
0.494118 0.596078
0.498039 0.596078
0.501961 0.596078
0.505882 0.596078
0.509804 0.596078
0.513726 0.596078
0.517647 0.596078
0.521569 0.596078
0.525490 0.596078
0.529412 0.596078
0.533333 0.596078
0.537255 0.596078
0.541176 0.596078
0.545098 0.596078
0.549020 0.596078
0.552941 0.596078
0.556863 0.596078
0.560784 0.596078
0.564706 0.596078
0.568627 0.596078
0.572549 0.596078
0.576471 0.596078
0.580392 0.596078
0.584314 0.596078
0.588235 0.596078
0.592157 0.596078
0.596078 0.596078
0.600000 0.596078
0.603922 0.596078
0.607843 0.596078
0.611765 0.596078
0.615686 0.596078
0.619608 0.596078
0.623529 0.596078
0.627451 0.596078
0.631373 0.596078
0.635294 0.596078
0.639216 0.596078
0.643137 0.596078
0.647059 0.596078
0.650980 0.596078
0.654902 0.596078
0.658824 0.596078
0.662745 0.596078
0.666667 0.596078
0.670588 0.596078
0.674510 0.596078
0.678431 0.596078
0.682353 0.596078
0.686275 0.596078
0.690196 0.596078
0.694118 0.596078
0.698039 0.596078
0.701961 0.596078
0.705882 0.596078
0.709804 0.596078
0.713726 0.596078
0.717647 0.596078
0.721569 0.596078
0.725490 0.596078
0.729412 0.596078
0.733333 0.596078
0.737255 0.596078
0.741176 0.596078
0.745098 0.596078
0.749020 0.596078
0.752941 0.596078
0.756863 0.596078
0.760784 0.596078
0.764706 0.596078
0.768627 0.596078
0.772549 0.596078
0.776471 0.596078
0.780392 0.596078
0.784314 0.596078
0.788235 0.596078
0.792157 0.596078
0.796078 0.596078
0.800000 0.596078
0.803922 0.596078
0.807843 0.596078
0.811765 0.596078
0.815686 0.596078
0.819608 0.596078
0.823529 0.596078
0.827451 0.596078
0.831373 0.596078
0.835294 0.596078
0.839216 0.596078
0.843137 0.596078
0.847059 0.596078
0.850980 0.596078
0.854902 0.596078
0.858824 0.596078
0.862745 0.596078
0.866667 0.596078
0.870588 0.596078
0.874510 0.596078
0.878431 0.596078
0.882353 0.596078
0.886275 0.596078
0.890196 0.596078
0.894118 0.596078
0.898039 0.596078
0.901961 0.596078
0.905882 0.596078
0.909804 0.596078
0.913725 0.596078
0.917647 0.596078
0.921569 0.596078
0.925490 0.596078
0.929412 0.596078
0.933333 0.596078
0.937255 0.596078
0.941176 0.596078
0.945098 0.596078
0.949020 0.596078
0.952941 0.596078
0.956863 0.596078
0.960784 0.596078
0.964706 0.596078
0.968627 0.596078
0.972549 0.596078
0.976471 0.596078
0.980392 0.596078
0.984314 0.596078
0.988235 0.596078
0.992157 0.596078
0.996078 0.596078
1.000000 0.596078

i = 1530.000000 0.600000
0.003922 0.600000
0.007843 0.600000
0.011765 0.600000
0.015686 0.600000
0.019608 0.600000
0.023529 0.600000
0.027451 0.600000
0.031373 0.600000
0.035294 0.600000
0.039216 0.600000
0.043137 0.600000
0.047059 0.600000
0.050980 0.600000
0.054902 0.600000
0.058824 0.600000
0.062745 0.600000
0.066667 0.600000
0.070588 0.600000
0.074510 0.600000
0.078431 0.600000
0.082353 0.600000
0.086275 0.600000
0.090196 0.600000
0.094118 0.600000
0.098039 0.600000
0.101961 0.600000
0.105882 0.600000
0.109804 0.600000
0.113725 0.600000
0.117647 0.600000
0.121569 0.600000
0.125490 0.600000
0.129412 0.600000
0.133333 0.600000
0.137255 0.600000
0.141176 0.600000
0.145098 0.600000
0.149020 0.600000
0.152941 0.600000
0.156863 0.600000
0.160784 0.600000
0.164706 0.600000
0.168627 0.600000
0.172549 0.600000
0.176471 0.600000
0.180392 0.600000
0.184314 0.600000
0.188235 0.600000
0.192157 0.600000
0.196078 0.600000
0.200000 0.600000
0.203922 0.600000
0.207843 0.600000
0.211765 0.600000
0.215686 0.600000
0.219608 0.600000
0.223529 0.600000
0.227451 0.600000
0.231373 0.600000
0.235294 0.600000
0.239216 0.600000
0.243137 0.600000
0.247059 0.600000
0.250980 0.600000
0.254902 0.600000
0.258824 0.600000
0.262745 0.600000
0.266667 0.600000
0.270588 0.600000
0.274510 0.600000
0.278431 0.600000
0.282353 0.600000
0.286275 0.600000
0.290196 0.600000
0.294118 0.600000
0.298039 0.600000
0.301961 0.600000
0.305882 0.600000
0.309804 0.600000
0.313726 0.600000
0.317647 0.600000
0.321569 0.600000
0.325490 0.600000
0.329412 0.600000
0.333333 0.600000
0.337255 0.600000
0.341176 0.600000
0.345098 0.600000
0.349020 0.600000
0.352941 0.600000
0.356863 0.600000
0.360784 0.600000
0.364706 0.600000
0.368627 0.600000
0.372549 0.600000
0.376471 0.600000
0.380392 0.600000
0.384314 0.600000
0.388235 0.600000
0.392157 0.600000
0.396078 0.600000
0.400000 0.600000
0.403922 0.600000
0.407843 0.600000
0.411765 0.600000
0.415686 0.600000
0.419608 0.600000
0.423529 0.600000
0.427451 0.600000
0.431373 0.600000
0.435294 0.600000
0.439216 0.600000
0.443137 0.600000
0.447059 0.600000
0.450980 0.600000
0.454902 0.600000
0.458824 0.600000
0.462745 0.600000
0.466667 0.600000
0.470588 0.600000
0.474510 0.600000
0.478431 0.600000
0.482353 0.600000
0.486275 0.600000
0.490196 0.600000
0.494118 0.600000
0.498039 0.600000
0.501961 0.600000
0.505882 0.600000
0.509804 0.600000
0.513726 0.600000
0.517647 0.600000
0.521569 0.600000
0.525490 0.600000
0.529412 0.600000
0.533333 0.600000
0.537255 0.600000
0.541176 0.600000
0.545098 0.600000
0.549020 0.600000
0.552941 0.600000
0.556863 0.600000
0.560784 0.600000
0.564706 0.600000
0.568627 0.600000
0.572549 0.600000
0.576471 0.600000
0.580392 0.600000
0.584314 0.600000
0.588235 0.600000
0.592157 0.600000
0.596078 0.600000
0.600000 0.600000
0.603922 0.600000
0.607843 0.600000
0.611765 0.600000
0.615686 0.600000
0.619608 0.600000
0.623529 0.600000
0.627451 0.600000
0.631373 0.600000
0.635294 0.600000
0.639216 0.600000
0.643137 0.600000
0.647059 0.600000
0.650980 0.600000
0.654902 0.600000
0.658824 0.600000
0.662745 0.600000
0.666667 0.600000
0.670588 0.600000
0.674510 0.600000
0.678431 0.600000
0.682353 0.600000
0.686275 0.600000
0.690196 0.600000
0.694118 0.600000
0.698039 0.600000
0.701961 0.600000
0.705882 0.600000
0.709804 0.600000
0.713726 0.600000
0.717647 0.600000
0.721569 0.600000
0.725490 0.600000
0.729412 0.600000
0.733333 0.600000
0.737255 0.600000
0.741176 0.600000
0.745098 0.600000
0.749020 0.600000
0.752941 0.600000
0.756863 0.600000
0.760784 0.600000
0.764706 0.600000
0.768627 0.600000
0.772549 0.600000
0.776471 0.600000
0.780392 0.600000
0.784314 0.600000
0.788235 0.600000
0.792157 0.600000
0.796078 0.600000
0.800000 0.600000
0.803922 0.600000
0.807843 0.600000
0.811765 0.600000
0.815686 0.600000
0.819608 0.600000
0.823529 0.600000
0.827451 0.600000
0.831373 0.600000
0.835294 0.600000
0.839216 0.600000
0.843137 0.600000
0.847059 0.600000
0.850980 0.600000
0.854902 0.600000
0.858824 0.600000
0.862745 0.600000
0.866667 0.600000
0.870588 0.600000
0.874510 0.600000
0.878431 0.600000
0.882353 0.600000
0.886275 0.600000
0.890196 0.600000
0.894118 0.600000
0.898039 0.600000
0.901961 0.600000
0.905882 0.600000
0.909804 0.600000
0.913725 0.600000
0.917647 0.600000
0.921569 0.600000
0.925490 0.600000
0.929412 0.600000
0.933333 0.600000
0.937255 0.600000
0.941176 0.600000
0.945098 0.600000
0.949020 0.600000
0.952941 0.600000
0.956863 0.600000
0.960784 0.600000
0.964706 0.600000
0.968627 0.600000
0.972549 0.600000
0.976471 0.600000
0.980392 0.600000
0.984314 0.600000
0.988235 0.600000
0.992157 0.600000
0.996078 0.600000
1.000000 0.600000

i = 1540.000000 0.603922
0.003922 0.603922
0.007843 0.603922
0.011765 0.603922
0.015686 0.603922
0.019608 0.603922
0.023529 0.603922
0.027451 0.603922
0.031373 0.603922
0.035294 0.603922
0.039216 0.603922
0.043137 0.603922
0.047059 0.603922
0.050980 0.603922
0.054902 0.603922
0.058824 0.603922
0.062745 0.603922
0.066667 0.603922
0.070588 0.603922
0.074510 0.603922
0.078431 0.603922
0.082353 0.603922
0.086275 0.603922
0.090196 0.603922
0.094118 0.603922
0.098039 0.603922
0.101961 0.603922
0.105882 0.603922
0.109804 0.603922
0.113725 0.603922
0.117647 0.603922
0.121569 0.603922
0.125490 0.603922
0.129412 0.603922
0.133333 0.603922
0.137255 0.603922
0.141176 0.603922
0.145098 0.603922
0.149020 0.603922
0.152941 0.603922
0.156863 0.603922
0.160784 0.603922
0.164706 0.603922
0.168627 0.603922
0.172549 0.603922
0.176471 0.603922
0.180392 0.603922
0.184314 0.603922
0.188235 0.603922
0.192157 0.603922
0.196078 0.603922
0.200000 0.603922
0.203922 0.603922
0.207843 0.603922
0.211765 0.603922
0.215686 0.603922
0.219608 0.603922
0.223529 0.603922
0.227451 0.603922
0.231373 0.603922
0.235294 0.603922
0.239216 0.603922
0.243137 0.603922
0.247059 0.603922
0.250980 0.603922
0.254902 0.603922
0.258824 0.603922
0.262745 0.603922
0.266667 0.603922
0.270588 0.603922
0.274510 0.603922
0.278431 0.603922
0.282353 0.603922
0.286275 0.603922
0.290196 0.603922
0.294118 0.603922
0.298039 0.603922
0.301961 0.603922
0.305882 0.603922
0.309804 0.603922
0.313726 0.603922
0.317647 0.603922
0.321569 0.603922
0.325490 0.603922
0.329412 0.603922
0.333333 0.603922
0.337255 0.603922
0.341176 0.603922
0.345098 0.603922
0.349020 0.603922
0.352941 0.603922
0.356863 0.603922
0.360784 0.603922
0.364706 0.603922
0.368627 0.603922
0.372549 0.603922
0.376471 0.603922
0.380392 0.603922
0.384314 0.603922
0.388235 0.603922
0.392157 0.603922
0.396078 0.603922
0.400000 0.603922
0.403922 0.603922
0.407843 0.603922
0.411765 0.603922
0.415686 0.603922
0.419608 0.603922
0.423529 0.603922
0.427451 0.603922
0.431373 0.603922
0.435294 0.603922
0.439216 0.603922
0.443137 0.603922
0.447059 0.603922
0.450980 0.603922
0.454902 0.603922
0.458824 0.603922
0.462745 0.603922
0.466667 0.603922
0.470588 0.603922
0.474510 0.603922
0.478431 0.603922
0.482353 0.603922
0.486275 0.603922
0.490196 0.603922
0.494118 0.603922
0.498039 0.603922
0.501961 0.603922
0.505882 0.603922
0.509804 0.603922
0.513726 0.603922
0.517647 0.603922
0.521569 0.603922
0.525490 0.603922
0.529412 0.603922
0.533333 0.603922
0.537255 0.603922
0.541176 0.603922
0.545098 0.603922
0.549020 0.603922
0.552941 0.603922
0.556863 0.603922
0.560784 0.603922
0.564706 0.603922
0.568627 0.603922
0.572549 0.603922
0.576471 0.603922
0.580392 0.603922
0.584314 0.603922
0.588235 0.603922
0.592157 0.603922
0.596078 0.603922
0.600000 0.603922
0.603922 0.603922
0.607843 0.603922
0.611765 0.603922
0.615686 0.603922
0.619608 0.603922
0.623529 0.603922
0.627451 0.603922
0.631373 0.603922
0.635294 0.603922
0.639216 0.603922
0.643137 0.603922
0.647059 0.603922
0.650980 0.603922
0.654902 0.603922
0.658824 0.603922
0.662745 0.603922
0.666667 0.603922
0.670588 0.603922
0.674510 0.603922
0.678431 0.603922
0.682353 0.603922
0.686275 0.603922
0.690196 0.603922
0.694118 0.603922
0.698039 0.603922
0.701961 0.603922
0.705882 0.603922
0.709804 0.603922
0.713726 0.603922
0.717647 0.603922
0.721569 0.603922
0.725490 0.603922
0.729412 0.603922
0.733333 0.603922
0.737255 0.603922
0.741176 0.603922
0.745098 0.603922
0.749020 0.603922
0.752941 0.603922
0.756863 0.603922
0.760784 0.603922
0.764706 0.603922
0.768627 0.603922
0.772549 0.603922
0.776471 0.603922
0.780392 0.603922
0.784314 0.603922
0.788235 0.603922
0.792157 0.603922
0.796078 0.603922
0.800000 0.603922
0.803922 0.603922
0.807843 0.603922
0.811765 0.603922
0.815686 0.603922
0.819608 0.603922
0.823529 0.603922
0.827451 0.603922
0.831373 0.603922
0.835294 0.603922
0.839216 0.603922
0.843137 0.603922
0.847059 0.603922
0.850980 0.603922
0.854902 0.603922
0.858824 0.603922
0.862745 0.603922
0.866667 0.603922
0.870588 0.603922
0.874510 0.603922
0.878431 0.603922
0.882353 0.603922
0.886275 0.603922
0.890196 0.603922
0.894118 0.603922
0.898039 0.603922
0.901961 0.603922
0.905882 0.603922
0.909804 0.603922
0.913725 0.603922
0.917647 0.603922
0.921569 0.603922
0.925490 0.603922
0.929412 0.603922
0.933333 0.603922
0.937255 0.603922
0.941176 0.603922
0.945098 0.603922
0.949020 0.603922
0.952941 0.603922
0.956863 0.603922
0.960784 0.603922
0.964706 0.603922
0.968627 0.603922
0.972549 0.603922
0.976471 0.603922
0.980392 0.603922
0.984314 0.603922
0.988235 0.603922
0.992157 0.603922
0.996078 0.603922
1.000000 0.603922

i = 1550.000000 0.607843
0.003922 0.607843
0.007843 0.607843
0.011765 0.607843
0.015686 0.607843
0.019608 0.607843
0.023529 0.607843
0.027451 0.607843
0.031373 0.607843
0.035294 0.607843
0.039216 0.607843
0.043137 0.607843
0.047059 0.607843
0.050980 0.607843
0.054902 0.607843
0.058824 0.607843
0.062745 0.607843
0.066667 0.607843
0.070588 0.607843
0.074510 0.607843
0.078431 0.607843
0.082353 0.607843
0.086275 0.607843
0.090196 0.607843
0.094118 0.607843
0.098039 0.607843
0.101961 0.607843
0.105882 0.607843
0.109804 0.607843
0.113725 0.607843
0.117647 0.607843
0.121569 0.607843
0.125490 0.607843
0.129412 0.607843
0.133333 0.607843
0.137255 0.607843
0.141176 0.607843
0.145098 0.607843
0.149020 0.607843
0.152941 0.607843
0.156863 0.607843
0.160784 0.607843
0.164706 0.607843
0.168627 0.607843
0.172549 0.607843
0.176471 0.607843
0.180392 0.607843
0.184314 0.607843
0.188235 0.607843
0.192157 0.607843
0.196078 0.607843
0.200000 0.607843
0.203922 0.607843
0.207843 0.607843
0.211765 0.607843
0.215686 0.607843
0.219608 0.607843
0.223529 0.607843
0.227451 0.607843
0.231373 0.607843
0.235294 0.607843
0.239216 0.607843
0.243137 0.607843
0.247059 0.607843
0.250980 0.607843
0.254902 0.607843
0.258824 0.607843
0.262745 0.607843
0.266667 0.607843
0.270588 0.607843
0.274510 0.607843
0.278431 0.607843
0.282353 0.607843
0.286275 0.607843
0.290196 0.607843
0.294118 0.607843
0.298039 0.607843
0.301961 0.607843
0.305882 0.607843
0.309804 0.607843
0.313726 0.607843
0.317647 0.607843
0.321569 0.607843
0.325490 0.607843
0.329412 0.607843
0.333333 0.607843
0.337255 0.607843
0.341176 0.607843
0.345098 0.607843
0.349020 0.607843
0.352941 0.607843
0.356863 0.607843
0.360784 0.607843
0.364706 0.607843
0.368627 0.607843
0.372549 0.607843
0.376471 0.607843
0.380392 0.607843
0.384314 0.607843
0.388235 0.607843
0.392157 0.607843
0.396078 0.607843
0.400000 0.607843
0.403922 0.607843
0.407843 0.607843
0.411765 0.607843
0.415686 0.607843
0.419608 0.607843
0.423529 0.607843
0.427451 0.607843
0.431373 0.607843
0.435294 0.607843
0.439216 0.607843
0.443137 0.607843
0.447059 0.607843
0.450980 0.607843
0.454902 0.607843
0.458824 0.607843
0.462745 0.607843
0.466667 0.607843
0.470588 0.607843
0.474510 0.607843
0.478431 0.607843
0.482353 0.607843
0.486275 0.607843
0.490196 0.607843
0.494118 0.607843
0.498039 0.607843
0.501961 0.607843
0.505882 0.607843
0.509804 0.607843
0.513726 0.607843
0.517647 0.607843
0.521569 0.607843
0.525490 0.607843
0.529412 0.607843
0.533333 0.607843
0.537255 0.607843
0.541176 0.607843
0.545098 0.607843
0.549020 0.607843
0.552941 0.607843
0.556863 0.607843
0.560784 0.607843
0.564706 0.607843
0.568627 0.607843
0.572549 0.607843
0.576471 0.607843
0.580392 0.607843
0.584314 0.607843
0.588235 0.607843
0.592157 0.607843
0.596078 0.607843
0.600000 0.607843
0.603922 0.607843
0.607843 0.607843
0.611765 0.607843
0.615686 0.607843
0.619608 0.607843
0.623529 0.607843
0.627451 0.607843
0.631373 0.607843
0.635294 0.607843
0.639216 0.607843
0.643137 0.607843
0.647059 0.607843
0.650980 0.607843
0.654902 0.607843
0.658824 0.607843
0.662745 0.607843
0.666667 0.607843
0.670588 0.607843
0.674510 0.607843
0.678431 0.607843
0.682353 0.607843
0.686275 0.607843
0.690196 0.607843
0.694118 0.607843
0.698039 0.607843
0.701961 0.607843
0.705882 0.607843
0.709804 0.607843
0.713726 0.607843
0.717647 0.607843
0.721569 0.607843
0.725490 0.607843
0.729412 0.607843
0.733333 0.607843
0.737255 0.607843
0.741176 0.607843
0.745098 0.607843
0.749020 0.607843
0.752941 0.607843
0.756863 0.607843
0.760784 0.607843
0.764706 0.607843
0.768627 0.607843
0.772549 0.607843
0.776471 0.607843
0.780392 0.607843
0.784314 0.607843
0.788235 0.607843
0.792157 0.607843
0.796078 0.607843
0.800000 0.607843
0.803922 0.607843
0.807843 0.607843
0.811765 0.607843
0.815686 0.607843
0.819608 0.607843
0.823529 0.607843
0.827451 0.607843
0.831373 0.607843
0.835294 0.607843
0.839216 0.607843
0.843137 0.607843
0.847059 0.607843
0.850980 0.607843
0.854902 0.607843
0.858824 0.607843
0.862745 0.607843
0.866667 0.607843
0.870588 0.607843
0.874510 0.607843
0.878431 0.607843
0.882353 0.607843
0.886275 0.607843
0.890196 0.607843
0.894118 0.607843
0.898039 0.607843
0.901961 0.607843
0.905882 0.607843
0.909804 0.607843
0.913725 0.607843
0.917647 0.607843
0.921569 0.607843
0.925490 0.607843
0.929412 0.607843
0.933333 0.607843
0.937255 0.607843
0.941176 0.607843
0.945098 0.607843
0.949020 0.607843
0.952941 0.607843
0.956863 0.607843
0.960784 0.607843
0.964706 0.607843
0.968627 0.607843
0.972549 0.607843
0.976471 0.607843
0.980392 0.607843
0.984314 0.607843
0.988235 0.607843
0.992157 0.607843
0.996078 0.607843
1.000000 0.607843

i = 1560.000000 0.611765
0.003922 0.611765
0.007843 0.611765
0.011765 0.611765
0.015686 0.611765
0.019608 0.611765
0.023529 0.611765
0.027451 0.611765
0.031373 0.611765
0.035294 0.611765
0.039216 0.611765
0.043137 0.611765
0.047059 0.611765
0.050980 0.611765
0.054902 0.611765
0.058824 0.611765
0.062745 0.611765
0.066667 0.611765
0.070588 0.611765
0.074510 0.611765
0.078431 0.611765
0.082353 0.611765
0.086275 0.611765
0.090196 0.611765
0.094118 0.611765
0.098039 0.611765
0.101961 0.611765
0.105882 0.611765
0.109804 0.611765
0.113725 0.611765
0.117647 0.611765
0.121569 0.611765
0.125490 0.611765
0.129412 0.611765
0.133333 0.611765
0.137255 0.611765
0.141176 0.611765
0.145098 0.611765
0.149020 0.611765
0.152941 0.611765
0.156863 0.611765
0.160784 0.611765
0.164706 0.611765
0.168627 0.611765
0.172549 0.611765
0.176471 0.611765
0.180392 0.611765
0.184314 0.611765
0.188235 0.611765
0.192157 0.611765
0.196078 0.611765
0.200000 0.611765
0.203922 0.611765
0.207843 0.611765
0.211765 0.611765
0.215686 0.611765
0.219608 0.611765
0.223529 0.611765
0.227451 0.611765
0.231373 0.611765
0.235294 0.611765
0.239216 0.611765
0.243137 0.611765
0.247059 0.611765
0.250980 0.611765
0.254902 0.611765
0.258824 0.611765
0.262745 0.611765
0.266667 0.611765
0.270588 0.611765
0.274510 0.611765
0.278431 0.611765
0.282353 0.611765
0.286275 0.611765
0.290196 0.611765
0.294118 0.611765
0.298039 0.611765
0.301961 0.611765
0.305882 0.611765
0.309804 0.611765
0.313726 0.611765
0.317647 0.611765
0.321569 0.611765
0.325490 0.611765
0.329412 0.611765
0.333333 0.611765
0.337255 0.611765
0.341176 0.611765
0.345098 0.611765
0.349020 0.611765
0.352941 0.611765
0.356863 0.611765
0.360784 0.611765
0.364706 0.611765
0.368627 0.611765
0.372549 0.611765
0.376471 0.611765
0.380392 0.611765
0.384314 0.611765
0.388235 0.611765
0.392157 0.611765
0.396078 0.611765
0.400000 0.611765
0.403922 0.611765
0.407843 0.611765
0.411765 0.611765
0.415686 0.611765
0.419608 0.611765
0.423529 0.611765
0.427451 0.611765
0.431373 0.611765
0.435294 0.611765
0.439216 0.611765
0.443137 0.611765
0.447059 0.611765
0.450980 0.611765
0.454902 0.611765
0.458824 0.611765
0.462745 0.611765
0.466667 0.611765
0.470588 0.611765
0.474510 0.611765
0.478431 0.611765
0.482353 0.611765
0.486275 0.611765
0.490196 0.611765
0.494118 0.611765
0.498039 0.611765
0.501961 0.611765
0.505882 0.611765
0.509804 0.611765
0.513726 0.611765
0.517647 0.611765
0.521569 0.611765
0.525490 0.611765
0.529412 0.611765
0.533333 0.611765
0.537255 0.611765
0.541176 0.611765
0.545098 0.611765
0.549020 0.611765
0.552941 0.611765
0.556863 0.611765
0.560784 0.611765
0.564706 0.611765
0.568627 0.611765
0.572549 0.611765
0.576471 0.611765
0.580392 0.611765
0.584314 0.611765
0.588235 0.611765
0.592157 0.611765
0.596078 0.611765
0.600000 0.611765
0.603922 0.611765
0.607843 0.611765
0.611765 0.611765
0.615686 0.611765
0.619608 0.611765
0.623529 0.611765
0.627451 0.611765
0.631373 0.611765
0.635294 0.611765
0.639216 0.611765
0.643137 0.611765
0.647059 0.611765
0.650980 0.611765
0.654902 0.611765
0.658824 0.611765
0.662745 0.611765
0.666667 0.611765
0.670588 0.611765
0.674510 0.611765
0.678431 0.611765
0.682353 0.611765
0.686275 0.611765
0.690196 0.611765
0.694118 0.611765
0.698039 0.611765
0.701961 0.611765
0.705882 0.611765
0.709804 0.611765
0.713726 0.611765
0.717647 0.611765
0.721569 0.611765
0.725490 0.611765
0.729412 0.611765
0.733333 0.611765
0.737255 0.611765
0.741176 0.611765
0.745098 0.611765
0.749020 0.611765
0.752941 0.611765
0.756863 0.611765
0.760784 0.611765
0.764706 0.611765
0.768627 0.611765
0.772549 0.611765
0.776471 0.611765
0.780392 0.611765
0.784314 0.611765
0.788235 0.611765
0.792157 0.611765
0.796078 0.611765
0.800000 0.611765
0.803922 0.611765
0.807843 0.611765
0.811765 0.611765
0.815686 0.611765
0.819608 0.611765
0.823529 0.611765
0.827451 0.611765
0.831373 0.611765
0.835294 0.611765
0.839216 0.611765
0.843137 0.611765
0.847059 0.611765
0.850980 0.611765
0.854902 0.611765
0.858824 0.611765
0.862745 0.611765
0.866667 0.611765
0.870588 0.611765
0.874510 0.611765
0.878431 0.611765
0.882353 0.611765
0.886275 0.611765
0.890196 0.611765
0.894118 0.611765
0.898039 0.611765
0.901961 0.611765
0.905882 0.611765
0.909804 0.611765
0.913725 0.611765
0.917647 0.611765
0.921569 0.611765
0.925490 0.611765
0.929412 0.611765
0.933333 0.611765
0.937255 0.611765
0.941176 0.611765
0.945098 0.611765
0.949020 0.611765
0.952941 0.611765
0.956863 0.611765
0.960784 0.611765
0.964706 0.611765
0.968627 0.611765
0.972549 0.611765
0.976471 0.611765
0.980392 0.611765
0.984314 0.611765
0.988235 0.611765
0.992157 0.611765
0.996078 0.611765
1.000000 0.611765

i = 1570.000000 0.615686
0.003922 0.615686
0.007843 0.615686
0.011765 0.615686
0.015686 0.615686
0.019608 0.615686
0.023529 0.615686
0.027451 0.615686
0.031373 0.615686
0.035294 0.615686
0.039216 0.615686
0.043137 0.615686
0.047059 0.615686
0.050980 0.615686
0.054902 0.615686
0.058824 0.615686
0.062745 0.615686
0.066667 0.615686
0.070588 0.615686
0.074510 0.615686
0.078431 0.615686
0.082353 0.615686
0.086275 0.615686
0.090196 0.615686
0.094118 0.615686
0.098039 0.615686
0.101961 0.615686
0.105882 0.615686
0.109804 0.615686
0.113725 0.615686
0.117647 0.615686
0.121569 0.615686
0.125490 0.615686
0.129412 0.615686
0.133333 0.615686
0.137255 0.615686
0.141176 0.615686
0.145098 0.615686
0.149020 0.615686
0.152941 0.615686
0.156863 0.615686
0.160784 0.615686
0.164706 0.615686
0.168627 0.615686
0.172549 0.615686
0.176471 0.615686
0.180392 0.615686
0.184314 0.615686
0.188235 0.615686
0.192157 0.615686
0.196078 0.615686
0.200000 0.615686
0.203922 0.615686
0.207843 0.615686
0.211765 0.615686
0.215686 0.615686
0.219608 0.615686
0.223529 0.615686
0.227451 0.615686
0.231373 0.615686
0.235294 0.615686
0.239216 0.615686
0.243137 0.615686
0.247059 0.615686
0.250980 0.615686
0.254902 0.615686
0.258824 0.615686
0.262745 0.615686
0.266667 0.615686
0.270588 0.615686
0.274510 0.615686
0.278431 0.615686
0.282353 0.615686
0.286275 0.615686
0.290196 0.615686
0.294118 0.615686
0.298039 0.615686
0.301961 0.615686
0.305882 0.615686
0.309804 0.615686
0.313726 0.615686
0.317647 0.615686
0.321569 0.615686
0.325490 0.615686
0.329412 0.615686
0.333333 0.615686
0.337255 0.615686
0.341176 0.615686
0.345098 0.615686
0.349020 0.615686
0.352941 0.615686
0.356863 0.615686
0.360784 0.615686
0.364706 0.615686
0.368627 0.615686
0.372549 0.615686
0.376471 0.615686
0.380392 0.615686
0.384314 0.615686
0.388235 0.615686
0.392157 0.615686
0.396078 0.615686
0.400000 0.615686
0.403922 0.615686
0.407843 0.615686
0.411765 0.615686
0.415686 0.615686
0.419608 0.615686
0.423529 0.615686
0.427451 0.615686
0.431373 0.615686
0.435294 0.615686
0.439216 0.615686
0.443137 0.615686
0.447059 0.615686
0.450980 0.615686
0.454902 0.615686
0.458824 0.615686
0.462745 0.615686
0.466667 0.615686
0.470588 0.615686
0.474510 0.615686
0.478431 0.615686
0.482353 0.615686
0.486275 0.615686
0.490196 0.615686
0.494118 0.615686
0.498039 0.615686
0.501961 0.615686
0.505882 0.615686
0.509804 0.615686
0.513726 0.615686
0.517647 0.615686
0.521569 0.615686
0.525490 0.615686
0.529412 0.615686
0.533333 0.615686
0.537255 0.615686
0.541176 0.615686
0.545098 0.615686
0.549020 0.615686
0.552941 0.615686
0.556863 0.615686
0.560784 0.615686
0.564706 0.615686
0.568627 0.615686
0.572549 0.615686
0.576471 0.615686
0.580392 0.615686
0.584314 0.615686
0.588235 0.615686
0.592157 0.615686
0.596078 0.615686
0.600000 0.615686
0.603922 0.615686
0.607843 0.615686
0.611765 0.615686
0.615686 0.615686
0.619608 0.615686
0.623529 0.615686
0.627451 0.615686
0.631373 0.615686
0.635294 0.615686
0.639216 0.615686
0.643137 0.615686
0.647059 0.615686
0.650980 0.615686
0.654902 0.615686
0.658824 0.615686
0.662745 0.615686
0.666667 0.615686
0.670588 0.615686
0.674510 0.615686
0.678431 0.615686
0.682353 0.615686
0.686275 0.615686
0.690196 0.615686
0.694118 0.615686
0.698039 0.615686
0.701961 0.615686
0.705882 0.615686
0.709804 0.615686
0.713726 0.615686
0.717647 0.615686
0.721569 0.615686
0.725490 0.615686
0.729412 0.615686
0.733333 0.615686
0.737255 0.615686
0.741176 0.615686
0.745098 0.615686
0.749020 0.615686
0.752941 0.615686
0.756863 0.615686
0.760784 0.615686
0.764706 0.615686
0.768627 0.615686
0.772549 0.615686
0.776471 0.615686
0.780392 0.615686
0.784314 0.615686
0.788235 0.615686
0.792157 0.615686
0.796078 0.615686
0.800000 0.615686
0.803922 0.615686
0.807843 0.615686
0.811765 0.615686
0.815686 0.615686
0.819608 0.615686
0.823529 0.615686
0.827451 0.615686
0.831373 0.615686
0.835294 0.615686
0.839216 0.615686
0.843137 0.615686
0.847059 0.615686
0.850980 0.615686
0.854902 0.615686
0.858824 0.615686
0.862745 0.615686
0.866667 0.615686
0.870588 0.615686
0.874510 0.615686
0.878431 0.615686
0.882353 0.615686
0.886275 0.615686
0.890196 0.615686
0.894118 0.615686
0.898039 0.615686
0.901961 0.615686
0.905882 0.615686
0.909804 0.615686
0.913725 0.615686
0.917647 0.615686
0.921569 0.615686
0.925490 0.615686
0.929412 0.615686
0.933333 0.615686
0.937255 0.615686
0.941176 0.615686
0.945098 0.615686
0.949020 0.615686
0.952941 0.615686
0.956863 0.615686
0.960784 0.615686
0.964706 0.615686
0.968627 0.615686
0.972549 0.615686
0.976471 0.615686
0.980392 0.615686
0.984314 0.615686
0.988235 0.615686
0.992157 0.615686
0.996078 0.615686
1.000000 0.615686

i = 1580.000000 0.619608
0.003922 0.619608
0.007843 0.619608
0.011765 0.619608
0.015686 0.619608
0.019608 0.619608
0.023529 0.619608
0.027451 0.619608
0.031373 0.619608
0.035294 0.619608
0.039216 0.619608
0.043137 0.619608
0.047059 0.619608
0.050980 0.619608
0.054902 0.619608
0.058824 0.619608
0.062745 0.619608
0.066667 0.619608
0.070588 0.619608
0.074510 0.619608
0.078431 0.619608
0.082353 0.619608
0.086275 0.619608
0.090196 0.619608
0.094118 0.619608
0.098039 0.619608
0.101961 0.619608
0.105882 0.619608
0.109804 0.619608
0.113725 0.619608
0.117647 0.619608
0.121569 0.619608
0.125490 0.619608
0.129412 0.619608
0.133333 0.619608
0.137255 0.619608
0.141176 0.619608
0.145098 0.619608
0.149020 0.619608
0.152941 0.619608
0.156863 0.619608
0.160784 0.619608
0.164706 0.619608
0.168627 0.619608
0.172549 0.619608
0.176471 0.619608
0.180392 0.619608
0.184314 0.619608
0.188235 0.619608
0.192157 0.619608
0.196078 0.619608
0.200000 0.619608
0.203922 0.619608
0.207843 0.619608
0.211765 0.619608
0.215686 0.619608
0.219608 0.619608
0.223529 0.619608
0.227451 0.619608
0.231373 0.619608
0.235294 0.619608
0.239216 0.619608
0.243137 0.619608
0.247059 0.619608
0.250980 0.619608
0.254902 0.619608
0.258824 0.619608
0.262745 0.619608
0.266667 0.619608
0.270588 0.619608
0.274510 0.619608
0.278431 0.619608
0.282353 0.619608
0.286275 0.619608
0.290196 0.619608
0.294118 0.619608
0.298039 0.619608
0.301961 0.619608
0.305882 0.619608
0.309804 0.619608
0.313726 0.619608
0.317647 0.619608
0.321569 0.619608
0.325490 0.619608
0.329412 0.619608
0.333333 0.619608
0.337255 0.619608
0.341176 0.619608
0.345098 0.619608
0.349020 0.619608
0.352941 0.619608
0.356863 0.619608
0.360784 0.619608
0.364706 0.619608
0.368627 0.619608
0.372549 0.619608
0.376471 0.619608
0.380392 0.619608
0.384314 0.619608
0.388235 0.619608
0.392157 0.619608
0.396078 0.619608
0.400000 0.619608
0.403922 0.619608
0.407843 0.619608
0.411765 0.619608
0.415686 0.619608
0.419608 0.619608
0.423529 0.619608
0.427451 0.619608
0.431373 0.619608
0.435294 0.619608
0.439216 0.619608
0.443137 0.619608
0.447059 0.619608
0.450980 0.619608
0.454902 0.619608
0.458824 0.619608
0.462745 0.619608
0.466667 0.619608
0.470588 0.619608
0.474510 0.619608
0.478431 0.619608
0.482353 0.619608
0.486275 0.619608
0.490196 0.619608
0.494118 0.619608
0.498039 0.619608
0.501961 0.619608
0.505882 0.619608
0.509804 0.619608
0.513726 0.619608
0.517647 0.619608
0.521569 0.619608
0.525490 0.619608
0.529412 0.619608
0.533333 0.619608
0.537255 0.619608
0.541176 0.619608
0.545098 0.619608
0.549020 0.619608
0.552941 0.619608
0.556863 0.619608
0.560784 0.619608
0.564706 0.619608
0.568627 0.619608
0.572549 0.619608
0.576471 0.619608
0.580392 0.619608
0.584314 0.619608
0.588235 0.619608
0.592157 0.619608
0.596078 0.619608
0.600000 0.619608
0.603922 0.619608
0.607843 0.619608
0.611765 0.619608
0.615686 0.619608
0.619608 0.619608
0.623529 0.619608
0.627451 0.619608
0.631373 0.619608
0.635294 0.619608
0.639216 0.619608
0.643137 0.619608
0.647059 0.619608
0.650980 0.619608
0.654902 0.619608
0.658824 0.619608
0.662745 0.619608
0.666667 0.619608
0.670588 0.619608
0.674510 0.619608
0.678431 0.619608
0.682353 0.619608
0.686275 0.619608
0.690196 0.619608
0.694118 0.619608
0.698039 0.619608
0.701961 0.619608
0.705882 0.619608
0.709804 0.619608
0.713726 0.619608
0.717647 0.619608
0.721569 0.619608
0.725490 0.619608
0.729412 0.619608
0.733333 0.619608
0.737255 0.619608
0.741176 0.619608
0.745098 0.619608
0.749020 0.619608
0.752941 0.619608
0.756863 0.619608
0.760784 0.619608
0.764706 0.619608
0.768627 0.619608
0.772549 0.619608
0.776471 0.619608
0.780392 0.619608
0.784314 0.619608
0.788235 0.619608
0.792157 0.619608
0.796078 0.619608
0.800000 0.619608
0.803922 0.619608
0.807843 0.619608
0.811765 0.619608
0.815686 0.619608
0.819608 0.619608
0.823529 0.619608
0.827451 0.619608
0.831373 0.619608
0.835294 0.619608
0.839216 0.619608
0.843137 0.619608
0.847059 0.619608
0.850980 0.619608
0.854902 0.619608
0.858824 0.619608
0.862745 0.619608
0.866667 0.619608
0.870588 0.619608
0.874510 0.619608
0.878431 0.619608
0.882353 0.619608
0.886275 0.619608
0.890196 0.619608
0.894118 0.619608
0.898039 0.619608
0.901961 0.619608
0.905882 0.619608
0.909804 0.619608
0.913725 0.619608
0.917647 0.619608
0.921569 0.619608
0.925490 0.619608
0.929412 0.619608
0.933333 0.619608
0.937255 0.619608
0.941176 0.619608
0.945098 0.619608
0.949020 0.619608
0.952941 0.619608
0.956863 0.619608
0.960784 0.619608
0.964706 0.619608
0.968627 0.619608
0.972549 0.619608
0.976471 0.619608
0.980392 0.619608
0.984314 0.619608
0.988235 0.619608
0.992157 0.619608
0.996078 0.619608
1.000000 0.619608

i = 1590.000000 0.623529
0.003922 0.623529
0.007843 0.623529
0.011765 0.623529
0.015686 0.623529
0.019608 0.623529
0.023529 0.623529
0.027451 0.623529
0.031373 0.623529
0.035294 0.623529
0.039216 0.623529
0.043137 0.623529
0.047059 0.623529
0.050980 0.623529
0.054902 0.623529
0.058824 0.623529
0.062745 0.623529
0.066667 0.623529
0.070588 0.623529
0.074510 0.623529
0.078431 0.623529
0.082353 0.623529
0.086275 0.623529
0.090196 0.623529
0.094118 0.623529
0.098039 0.623529
0.101961 0.623529
0.105882 0.623529
0.109804 0.623529
0.113725 0.623529
0.117647 0.623529
0.121569 0.623529
0.125490 0.623529
0.129412 0.623529
0.133333 0.623529
0.137255 0.623529
0.141176 0.623529
0.145098 0.623529
0.149020 0.623529
0.152941 0.623529
0.156863 0.623529
0.160784 0.623529
0.164706 0.623529
0.168627 0.623529
0.172549 0.623529
0.176471 0.623529
0.180392 0.623529
0.184314 0.623529
0.188235 0.623529
0.192157 0.623529
0.196078 0.623529
0.200000 0.623529
0.203922 0.623529
0.207843 0.623529
0.211765 0.623529
0.215686 0.623529
0.219608 0.623529
0.223529 0.623529
0.227451 0.623529
0.231373 0.623529
0.235294 0.623529
0.239216 0.623529
0.243137 0.623529
0.247059 0.623529
0.250980 0.623529
0.254902 0.623529
0.258824 0.623529
0.262745 0.623529
0.266667 0.623529
0.270588 0.623529
0.274510 0.623529
0.278431 0.623529
0.282353 0.623529
0.286275 0.623529
0.290196 0.623529
0.294118 0.623529
0.298039 0.623529
0.301961 0.623529
0.305882 0.623529
0.309804 0.623529
0.313726 0.623529
0.317647 0.623529
0.321569 0.623529
0.325490 0.623529
0.329412 0.623529
0.333333 0.623529
0.337255 0.623529
0.341176 0.623529
0.345098 0.623529
0.349020 0.623529
0.352941 0.623529
0.356863 0.623529
0.360784 0.623529
0.364706 0.623529
0.368627 0.623529
0.372549 0.623529
0.376471 0.623529
0.380392 0.623529
0.384314 0.623529
0.388235 0.623529
0.392157 0.623529
0.396078 0.623529
0.400000 0.623529
0.403922 0.623529
0.407843 0.623529
0.411765 0.623529
0.415686 0.623529
0.419608 0.623529
0.423529 0.623529
0.427451 0.623529
0.431373 0.623529
0.435294 0.623529
0.439216 0.623529
0.443137 0.623529
0.447059 0.623529
0.450980 0.623529
0.454902 0.623529
0.458824 0.623529
0.462745 0.623529
0.466667 0.623529
0.470588 0.623529
0.474510 0.623529
0.478431 0.623529
0.482353 0.623529
0.486275 0.623529
0.490196 0.623529
0.494118 0.623529
0.498039 0.623529
0.501961 0.623529
0.505882 0.623529
0.509804 0.623529
0.513726 0.623529
0.517647 0.623529
0.521569 0.623529
0.525490 0.623529
0.529412 0.623529
0.533333 0.623529
0.537255 0.623529
0.541176 0.623529
0.545098 0.623529
0.549020 0.623529
0.552941 0.623529
0.556863 0.623529
0.560784 0.623529
0.564706 0.623529
0.568627 0.623529
0.572549 0.623529
0.576471 0.623529
0.580392 0.623529
0.584314 0.623529
0.588235 0.623529
0.592157 0.623529
0.596078 0.623529
0.600000 0.623529
0.603922 0.623529
0.607843 0.623529
0.611765 0.623529
0.615686 0.623529
0.619608 0.623529
0.623529 0.623529
0.627451 0.623529
0.631373 0.623529
0.635294 0.623529
0.639216 0.623529
0.643137 0.623529
0.647059 0.623529
0.650980 0.623529
0.654902 0.623529
0.658824 0.623529
0.662745 0.623529
0.666667 0.623529
0.670588 0.623529
0.674510 0.623529
0.678431 0.623529
0.682353 0.623529
0.686275 0.623529
0.690196 0.623529
0.694118 0.623529
0.698039 0.623529
0.701961 0.623529
0.705882 0.623529
0.709804 0.623529
0.713726 0.623529
0.717647 0.623529
0.721569 0.623529
0.725490 0.623529
0.729412 0.623529
0.733333 0.623529
0.737255 0.623529
0.741176 0.623529
0.745098 0.623529
0.749020 0.623529
0.752941 0.623529
0.756863 0.623529
0.760784 0.623529
0.764706 0.623529
0.768627 0.623529
0.772549 0.623529
0.776471 0.623529
0.780392 0.623529
0.784314 0.623529
0.788235 0.623529
0.792157 0.623529
0.796078 0.623529
0.800000 0.623529
0.803922 0.623529
0.807843 0.623529
0.811765 0.623529
0.815686 0.623529
0.819608 0.623529
0.823529 0.623529
0.827451 0.623529
0.831373 0.623529
0.835294 0.623529
0.839216 0.623529
0.843137 0.623529
0.847059 0.623529
0.850980 0.623529
0.854902 0.623529
0.858824 0.623529
0.862745 0.623529
0.866667 0.623529
0.870588 0.623529
0.874510 0.623529
0.878431 0.623529
0.882353 0.623529
0.886275 0.623529
0.890196 0.623529
0.894118 0.623529
0.898039 0.623529
0.901961 0.623529
0.905882 0.623529
0.909804 0.623529
0.913725 0.623529
0.917647 0.623529
0.921569 0.623529
0.925490 0.623529
0.929412 0.623529
0.933333 0.623529
0.937255 0.623529
0.941176 0.623529
0.945098 0.623529
0.949020 0.623529
0.952941 0.623529
0.956863 0.623529
0.960784 0.623529
0.964706 0.623529
0.968627 0.623529
0.972549 0.623529
0.976471 0.623529
0.980392 0.623529
0.984314 0.623529
0.988235 0.623529
0.992157 0.623529
0.996078 0.623529
1.000000 0.623529

i = 1600.000000 0.627451
0.003922 0.627451
0.007843 0.627451
0.011765 0.627451
0.015686 0.627451
0.019608 0.627451
0.023529 0.627451
0.027451 0.627451
0.031373 0.627451
0.035294 0.627451
0.039216 0.627451
0.043137 0.627451
0.047059 0.627451
0.050980 0.627451
0.054902 0.627451
0.058824 0.627451
0.062745 0.627451
0.066667 0.627451
0.070588 0.627451
0.074510 0.627451
0.078431 0.627451
0.082353 0.627451
0.086275 0.627451
0.090196 0.627451
0.094118 0.627451
0.098039 0.627451
0.101961 0.627451
0.105882 0.627451
0.109804 0.627451
0.113725 0.627451
0.117647 0.627451
0.121569 0.627451
0.125490 0.627451
0.129412 0.627451
0.133333 0.627451
0.137255 0.627451
0.141176 0.627451
0.145098 0.627451
0.149020 0.627451
0.152941 0.627451
0.156863 0.627451
0.160784 0.627451
0.164706 0.627451
0.168627 0.627451
0.172549 0.627451
0.176471 0.627451
0.180392 0.627451
0.184314 0.627451
0.188235 0.627451
0.192157 0.627451
0.196078 0.627451
0.200000 0.627451
0.203922 0.627451
0.207843 0.627451
0.211765 0.627451
0.215686 0.627451
0.219608 0.627451
0.223529 0.627451
0.227451 0.627451
0.231373 0.627451
0.235294 0.627451
0.239216 0.627451
0.243137 0.627451
0.247059 0.627451
0.250980 0.627451
0.254902 0.627451
0.258824 0.627451
0.262745 0.627451
0.266667 0.627451
0.270588 0.627451
0.274510 0.627451
0.278431 0.627451
0.282353 0.627451
0.286275 0.627451
0.290196 0.627451
0.294118 0.627451
0.298039 0.627451
0.301961 0.627451
0.305882 0.627451
0.309804 0.627451
0.313726 0.627451
0.317647 0.627451
0.321569 0.627451
0.325490 0.627451
0.329412 0.627451
0.333333 0.627451
0.337255 0.627451
0.341176 0.627451
0.345098 0.627451
0.349020 0.627451
0.352941 0.627451
0.356863 0.627451
0.360784 0.627451
0.364706 0.627451
0.368627 0.627451
0.372549 0.627451
0.376471 0.627451
0.380392 0.627451
0.384314 0.627451
0.388235 0.627451
0.392157 0.627451
0.396078 0.627451
0.400000 0.627451
0.403922 0.627451
0.407843 0.627451
0.411765 0.627451
0.415686 0.627451
0.419608 0.627451
0.423529 0.627451
0.427451 0.627451
0.431373 0.627451
0.435294 0.627451
0.439216 0.627451
0.443137 0.627451
0.447059 0.627451
0.450980 0.627451
0.454902 0.627451
0.458824 0.627451
0.462745 0.627451
0.466667 0.627451
0.470588 0.627451
0.474510 0.627451
0.478431 0.627451
0.482353 0.627451
0.486275 0.627451
0.490196 0.627451
0.494118 0.627451
0.498039 0.627451
0.501961 0.627451
0.505882 0.627451
0.509804 0.627451
0.513726 0.627451
0.517647 0.627451
0.521569 0.627451
0.525490 0.627451
0.529412 0.627451
0.533333 0.627451
0.537255 0.627451
0.541176 0.627451
0.545098 0.627451
0.549020 0.627451
0.552941 0.627451
0.556863 0.627451
0.560784 0.627451
0.564706 0.627451
0.568627 0.627451
0.572549 0.627451
0.576471 0.627451
0.580392 0.627451
0.584314 0.627451
0.588235 0.627451
0.592157 0.627451
0.596078 0.627451
0.600000 0.627451
0.603922 0.627451
0.607843 0.627451
0.611765 0.627451
0.615686 0.627451
0.619608 0.627451
0.623529 0.627451
0.627451 0.627451
0.631373 0.627451
0.635294 0.627451
0.639216 0.627451
0.643137 0.627451
0.647059 0.627451
0.650980 0.627451
0.654902 0.627451
0.658824 0.627451
0.662745 0.627451
0.666667 0.627451
0.670588 0.627451
0.674510 0.627451
0.678431 0.627451
0.682353 0.627451
0.686275 0.627451
0.690196 0.627451
0.694118 0.627451
0.698039 0.627451
0.701961 0.627451
0.705882 0.627451
0.709804 0.627451
0.713726 0.627451
0.717647 0.627451
0.721569 0.627451
0.725490 0.627451
0.729412 0.627451
0.733333 0.627451
0.737255 0.627451
0.741176 0.627451
0.745098 0.627451
0.749020 0.627451
0.752941 0.627451
0.756863 0.627451
0.760784 0.627451
0.764706 0.627451
0.768627 0.627451
0.772549 0.627451
0.776471 0.627451
0.780392 0.627451
0.784314 0.627451
0.788235 0.627451
0.792157 0.627451
0.796078 0.627451
0.800000 0.627451
0.803922 0.627451
0.807843 0.627451
0.811765 0.627451
0.815686 0.627451
0.819608 0.627451
0.823529 0.627451
0.827451 0.627451
0.831373 0.627451
0.835294 0.627451
0.839216 0.627451
0.843137 0.627451
0.847059 0.627451
0.850980 0.627451
0.854902 0.627451
0.858824 0.627451
0.862745 0.627451
0.866667 0.627451
0.870588 0.627451
0.874510 0.627451
0.878431 0.627451
0.882353 0.627451
0.886275 0.627451
0.890196 0.627451
0.894118 0.627451
0.898039 0.627451
0.901961 0.627451
0.905882 0.627451
0.909804 0.627451
0.913725 0.627451
0.917647 0.627451
0.921569 0.627451
0.925490 0.627451
0.929412 0.627451
0.933333 0.627451
0.937255 0.627451
0.941176 0.627451
0.945098 0.627451
0.949020 0.627451
0.952941 0.627451
0.956863 0.627451
0.960784 0.627451
0.964706 0.627451
0.968627 0.627451
0.972549 0.627451
0.976471 0.627451
0.980392 0.627451
0.984314 0.627451
0.988235 0.627451
0.992157 0.627451
0.996078 0.627451
1.000000 0.627451

i = 1610.000000 0.631373
0.003922 0.631373
0.007843 0.631373
0.011765 0.631373
0.015686 0.631373
0.019608 0.631373
0.023529 0.631373
0.027451 0.631373
0.031373 0.631373
0.035294 0.631373
0.039216 0.631373
0.043137 0.631373
0.047059 0.631373
0.050980 0.631373
0.054902 0.631373
0.058824 0.631373
0.062745 0.631373
0.066667 0.631373
0.070588 0.631373
0.074510 0.631373
0.078431 0.631373
0.082353 0.631373
0.086275 0.631373
0.090196 0.631373
0.094118 0.631373
0.098039 0.631373
0.101961 0.631373
0.105882 0.631373
0.109804 0.631373
0.113725 0.631373
0.117647 0.631373
0.121569 0.631373
0.125490 0.631373
0.129412 0.631373
0.133333 0.631373
0.137255 0.631373
0.141176 0.631373
0.145098 0.631373
0.149020 0.631373
0.152941 0.631373
0.156863 0.631373
0.160784 0.631373
0.164706 0.631373
0.168627 0.631373
0.172549 0.631373
0.176471 0.631373
0.180392 0.631373
0.184314 0.631373
0.188235 0.631373
0.192157 0.631373
0.196078 0.631373
0.200000 0.631373
0.203922 0.631373
0.207843 0.631373
0.211765 0.631373
0.215686 0.631373
0.219608 0.631373
0.223529 0.631373
0.227451 0.631373
0.231373 0.631373
0.235294 0.631373
0.239216 0.631373
0.243137 0.631373
0.247059 0.631373
0.250980 0.631373
0.254902 0.631373
0.258824 0.631373
0.262745 0.631373
0.266667 0.631373
0.270588 0.631373
0.274510 0.631373
0.278431 0.631373
0.282353 0.631373
0.286275 0.631373
0.290196 0.631373
0.294118 0.631373
0.298039 0.631373
0.301961 0.631373
0.305882 0.631373
0.309804 0.631373
0.313726 0.631373
0.317647 0.631373
0.321569 0.631373
0.325490 0.631373
0.329412 0.631373
0.333333 0.631373
0.337255 0.631373
0.341176 0.631373
0.345098 0.631373
0.349020 0.631373
0.352941 0.631373
0.356863 0.631373
0.360784 0.631373
0.364706 0.631373
0.368627 0.631373
0.372549 0.631373
0.376471 0.631373
0.380392 0.631373
0.384314 0.631373
0.388235 0.631373
0.392157 0.631373
0.396078 0.631373
0.400000 0.631373
0.403922 0.631373
0.407843 0.631373
0.411765 0.631373
0.415686 0.631373
0.419608 0.631373
0.423529 0.631373
0.427451 0.631373
0.431373 0.631373
0.435294 0.631373
0.439216 0.631373
0.443137 0.631373
0.447059 0.631373
0.450980 0.631373
0.454902 0.631373
0.458824 0.631373
0.462745 0.631373
0.466667 0.631373
0.470588 0.631373
0.474510 0.631373
0.478431 0.631373
0.482353 0.631373
0.486275 0.631373
0.490196 0.631373
0.494118 0.631373
0.498039 0.631373
0.501961 0.631373
0.505882 0.631373
0.509804 0.631373
0.513726 0.631373
0.517647 0.631373
0.521569 0.631373
0.525490 0.631373
0.529412 0.631373
0.533333 0.631373
0.537255 0.631373
0.541176 0.631373
0.545098 0.631373
0.549020 0.631373
0.552941 0.631373
0.556863 0.631373
0.560784 0.631373
0.564706 0.631373
0.568627 0.631373
0.572549 0.631373
0.576471 0.631373
0.580392 0.631373
0.584314 0.631373
0.588235 0.631373
0.592157 0.631373
0.596078 0.631373
0.600000 0.631373
0.603922 0.631373
0.607843 0.631373
0.611765 0.631373
0.615686 0.631373
0.619608 0.631373
0.623529 0.631373
0.627451 0.631373
0.631373 0.631373
0.635294 0.631373
0.639216 0.631373
0.643137 0.631373
0.647059 0.631373
0.650980 0.631373
0.654902 0.631373
0.658824 0.631373
0.662745 0.631373
0.666667 0.631373
0.670588 0.631373
0.674510 0.631373
0.678431 0.631373
0.682353 0.631373
0.686275 0.631373
0.690196 0.631373
0.694118 0.631373
0.698039 0.631373
0.701961 0.631373
0.705882 0.631373
0.709804 0.631373
0.713726 0.631373
0.717647 0.631373
0.721569 0.631373
0.725490 0.631373
0.729412 0.631373
0.733333 0.631373
0.737255 0.631373
0.741176 0.631373
0.745098 0.631373
0.749020 0.631373
0.752941 0.631373
0.756863 0.631373
0.760784 0.631373
0.764706 0.631373
0.768627 0.631373
0.772549 0.631373
0.776471 0.631373
0.780392 0.631373
0.784314 0.631373
0.788235 0.631373
0.792157 0.631373
0.796078 0.631373
0.800000 0.631373
0.803922 0.631373
0.807843 0.631373
0.811765 0.631373
0.815686 0.631373
0.819608 0.631373
0.823529 0.631373
0.827451 0.631373
0.831373 0.631373
0.835294 0.631373
0.839216 0.631373
0.843137 0.631373
0.847059 0.631373
0.850980 0.631373
0.854902 0.631373
0.858824 0.631373
0.862745 0.631373
0.866667 0.631373
0.870588 0.631373
0.874510 0.631373
0.878431 0.631373
0.882353 0.631373
0.886275 0.631373
0.890196 0.631373
0.894118 0.631373
0.898039 0.631373
0.901961 0.631373
0.905882 0.631373
0.909804 0.631373
0.913725 0.631373
0.917647 0.631373
0.921569 0.631373
0.925490 0.631373
0.929412 0.631373
0.933333 0.631373
0.937255 0.631373
0.941176 0.631373
0.945098 0.631373
0.949020 0.631373
0.952941 0.631373
0.956863 0.631373
0.960784 0.631373
0.964706 0.631373
0.968627 0.631373
0.972549 0.631373
0.976471 0.631373
0.980392 0.631373
0.984314 0.631373
0.988235 0.631373
0.992157 0.631373
0.996078 0.631373
1.000000 0.631373

i = 1620.000000 0.635294
0.003922 0.635294
0.007843 0.635294
0.011765 0.635294
0.015686 0.635294
0.019608 0.635294
0.023529 0.635294
0.027451 0.635294
0.031373 0.635294
0.035294 0.635294
0.039216 0.635294
0.043137 0.635294
0.047059 0.635294
0.050980 0.635294
0.054902 0.635294
0.058824 0.635294
0.062745 0.635294
0.066667 0.635294
0.070588 0.635294
0.074510 0.635294
0.078431 0.635294
0.082353 0.635294
0.086275 0.635294
0.090196 0.635294
0.094118 0.635294
0.098039 0.635294
0.101961 0.635294
0.105882 0.635294
0.109804 0.635294
0.113725 0.635294
0.117647 0.635294
0.121569 0.635294
0.125490 0.635294
0.129412 0.635294
0.133333 0.635294
0.137255 0.635294
0.141176 0.635294
0.145098 0.635294
0.149020 0.635294
0.152941 0.635294
0.156863 0.635294
0.160784 0.635294
0.164706 0.635294
0.168627 0.635294
0.172549 0.635294
0.176471 0.635294
0.180392 0.635294
0.184314 0.635294
0.188235 0.635294
0.192157 0.635294
0.196078 0.635294
0.200000 0.635294
0.203922 0.635294
0.207843 0.635294
0.211765 0.635294
0.215686 0.635294
0.219608 0.635294
0.223529 0.635294
0.227451 0.635294
0.231373 0.635294
0.235294 0.635294
0.239216 0.635294
0.243137 0.635294
0.247059 0.635294
0.250980 0.635294
0.254902 0.635294
0.258824 0.635294
0.262745 0.635294
0.266667 0.635294
0.270588 0.635294
0.274510 0.635294
0.278431 0.635294
0.282353 0.635294
0.286275 0.635294
0.290196 0.635294
0.294118 0.635294
0.298039 0.635294
0.301961 0.635294
0.305882 0.635294
0.309804 0.635294
0.313726 0.635294
0.317647 0.635294
0.321569 0.635294
0.325490 0.635294
0.329412 0.635294
0.333333 0.635294
0.337255 0.635294
0.341176 0.635294
0.345098 0.635294
0.349020 0.635294
0.352941 0.635294
0.356863 0.635294
0.360784 0.635294
0.364706 0.635294
0.368627 0.635294
0.372549 0.635294
0.376471 0.635294
0.380392 0.635294
0.384314 0.635294
0.388235 0.635294
0.392157 0.635294
0.396078 0.635294
0.400000 0.635294
0.403922 0.635294
0.407843 0.635294
0.411765 0.635294
0.415686 0.635294
0.419608 0.635294
0.423529 0.635294
0.427451 0.635294
0.431373 0.635294
0.435294 0.635294
0.439216 0.635294
0.443137 0.635294
0.447059 0.635294
0.450980 0.635294
0.454902 0.635294
0.458824 0.635294
0.462745 0.635294
0.466667 0.635294
0.470588 0.635294
0.474510 0.635294
0.478431 0.635294
0.482353 0.635294
0.486275 0.635294
0.490196 0.635294
0.494118 0.635294
0.498039 0.635294
0.501961 0.635294
0.505882 0.635294
0.509804 0.635294
0.513726 0.635294
0.517647 0.635294
0.521569 0.635294
0.525490 0.635294
0.529412 0.635294
0.533333 0.635294
0.537255 0.635294
0.541176 0.635294
0.545098 0.635294
0.549020 0.635294
0.552941 0.635294
0.556863 0.635294
0.560784 0.635294
0.564706 0.635294
0.568627 0.635294
0.572549 0.635294
0.576471 0.635294
0.580392 0.635294
0.584314 0.635294
0.588235 0.635294
0.592157 0.635294
0.596078 0.635294
0.600000 0.635294
0.603922 0.635294
0.607843 0.635294
0.611765 0.635294
0.615686 0.635294
0.619608 0.635294
0.623529 0.635294
0.627451 0.635294
0.631373 0.635294
0.635294 0.635294
0.639216 0.635294
0.643137 0.635294
0.647059 0.635294
0.650980 0.635294
0.654902 0.635294
0.658824 0.635294
0.662745 0.635294
0.666667 0.635294
0.670588 0.635294
0.674510 0.635294
0.678431 0.635294
0.682353 0.635294
0.686275 0.635294
0.690196 0.635294
0.694118 0.635294
0.698039 0.635294
0.701961 0.635294
0.705882 0.635294
0.709804 0.635294
0.713726 0.635294
0.717647 0.635294
0.721569 0.635294
0.725490 0.635294
0.729412 0.635294
0.733333 0.635294
0.737255 0.635294
0.741176 0.635294
0.745098 0.635294
0.749020 0.635294
0.752941 0.635294
0.756863 0.635294
0.760784 0.635294
0.764706 0.635294
0.768627 0.635294
0.772549 0.635294
0.776471 0.635294
0.780392 0.635294
0.784314 0.635294
0.788235 0.635294
0.792157 0.635294
0.796078 0.635294
0.800000 0.635294
0.803922 0.635294
0.807843 0.635294
0.811765 0.635294
0.815686 0.635294
0.819608 0.635294
0.823529 0.635294
0.827451 0.635294
0.831373 0.635294
0.835294 0.635294
0.839216 0.635294
0.843137 0.635294
0.847059 0.635294
0.850980 0.635294
0.854902 0.635294
0.858824 0.635294
0.862745 0.635294
0.866667 0.635294
0.870588 0.635294
0.874510 0.635294
0.878431 0.635294
0.882353 0.635294
0.886275 0.635294
0.890196 0.635294
0.894118 0.635294
0.898039 0.635294
0.901961 0.635294
0.905882 0.635294
0.909804 0.635294
0.913725 0.635294
0.917647 0.635294
0.921569 0.635294
0.925490 0.635294
0.929412 0.635294
0.933333 0.635294
0.937255 0.635294
0.941176 0.635294
0.945098 0.635294
0.949020 0.635294
0.952941 0.635294
0.956863 0.635294
0.960784 0.635294
0.964706 0.635294
0.968627 0.635294
0.972549 0.635294
0.976471 0.635294
0.980392 0.635294
0.984314 0.635294
0.988235 0.635294
0.992157 0.635294
0.996078 0.635294
1.000000 0.635294

i = 1630.000000 0.639216
0.003922 0.639216
0.007843 0.639216
0.011765 0.639216
0.015686 0.639216
0.019608 0.639216
0.023529 0.639216
0.027451 0.639216
0.031373 0.639216
0.035294 0.639216
0.039216 0.639216
0.043137 0.639216
0.047059 0.639216
0.050980 0.639216
0.054902 0.639216
0.058824 0.639216
0.062745 0.639216
0.066667 0.639216
0.070588 0.639216
0.074510 0.639216
0.078431 0.639216
0.082353 0.639216
0.086275 0.639216
0.090196 0.639216
0.094118 0.639216
0.098039 0.639216
0.101961 0.639216
0.105882 0.639216
0.109804 0.639216
0.113725 0.639216
0.117647 0.639216
0.121569 0.639216
0.125490 0.639216
0.129412 0.639216
0.133333 0.639216
0.137255 0.639216
0.141176 0.639216
0.145098 0.639216
0.149020 0.639216
0.152941 0.639216
0.156863 0.639216
0.160784 0.639216
0.164706 0.639216
0.168627 0.639216
0.172549 0.639216
0.176471 0.639216
0.180392 0.639216
0.184314 0.639216
0.188235 0.639216
0.192157 0.639216
0.196078 0.639216
0.200000 0.639216
0.203922 0.639216
0.207843 0.639216
0.211765 0.639216
0.215686 0.639216
0.219608 0.639216
0.223529 0.639216
0.227451 0.639216
0.231373 0.639216
0.235294 0.639216
0.239216 0.639216
0.243137 0.639216
0.247059 0.639216
0.250980 0.639216
0.254902 0.639216
0.258824 0.639216
0.262745 0.639216
0.266667 0.639216
0.270588 0.639216
0.274510 0.639216
0.278431 0.639216
0.282353 0.639216
0.286275 0.639216
0.290196 0.639216
0.294118 0.639216
0.298039 0.639216
0.301961 0.639216
0.305882 0.639216
0.309804 0.639216
0.313726 0.639216
0.317647 0.639216
0.321569 0.639216
0.325490 0.639216
0.329412 0.639216
0.333333 0.639216
0.337255 0.639216
0.341176 0.639216
0.345098 0.639216
0.349020 0.639216
0.352941 0.639216
0.356863 0.639216
0.360784 0.639216
0.364706 0.639216
0.368627 0.639216
0.372549 0.639216
0.376471 0.639216
0.380392 0.639216
0.384314 0.639216
0.388235 0.639216
0.392157 0.639216
0.396078 0.639216
0.400000 0.639216
0.403922 0.639216
0.407843 0.639216
0.411765 0.639216
0.415686 0.639216
0.419608 0.639216
0.423529 0.639216
0.427451 0.639216
0.431373 0.639216
0.435294 0.639216
0.439216 0.639216
0.443137 0.639216
0.447059 0.639216
0.450980 0.639216
0.454902 0.639216
0.458824 0.639216
0.462745 0.639216
0.466667 0.639216
0.470588 0.639216
0.474510 0.639216
0.478431 0.639216
0.482353 0.639216
0.486275 0.639216
0.490196 0.639216
0.494118 0.639216
0.498039 0.639216
0.501961 0.639216
0.505882 0.639216
0.509804 0.639216
0.513726 0.639216
0.517647 0.639216
0.521569 0.639216
0.525490 0.639216
0.529412 0.639216
0.533333 0.639216
0.537255 0.639216
0.541176 0.639216
0.545098 0.639216
0.549020 0.639216
0.552941 0.639216
0.556863 0.639216
0.560784 0.639216
0.564706 0.639216
0.568627 0.639216
0.572549 0.639216
0.576471 0.639216
0.580392 0.639216
0.584314 0.639216
0.588235 0.639216
0.592157 0.639216
0.596078 0.639216
0.600000 0.639216
0.603922 0.639216
0.607843 0.639216
0.611765 0.639216
0.615686 0.639216
0.619608 0.639216
0.623529 0.639216
0.627451 0.639216
0.631373 0.639216
0.635294 0.639216
0.639216 0.639216
0.643137 0.639216
0.647059 0.639216
0.650980 0.639216
0.654902 0.639216
0.658824 0.639216
0.662745 0.639216
0.666667 0.639216
0.670588 0.639216
0.674510 0.639216
0.678431 0.639216
0.682353 0.639216
0.686275 0.639216
0.690196 0.639216
0.694118 0.639216
0.698039 0.639216
0.701961 0.639216
0.705882 0.639216
0.709804 0.639216
0.713726 0.639216
0.717647 0.639216
0.721569 0.639216
0.725490 0.639216
0.729412 0.639216
0.733333 0.639216
0.737255 0.639216
0.741176 0.639216
0.745098 0.639216
0.749020 0.639216
0.752941 0.639216
0.756863 0.639216
0.760784 0.639216
0.764706 0.639216
0.768627 0.639216
0.772549 0.639216
0.776471 0.639216
0.780392 0.639216
0.784314 0.639216
0.788235 0.639216
0.792157 0.639216
0.796078 0.639216
0.800000 0.639216
0.803922 0.639216
0.807843 0.639216
0.811765 0.639216
0.815686 0.639216
0.819608 0.639216
0.823529 0.639216
0.827451 0.639216
0.831373 0.639216
0.835294 0.639216
0.839216 0.639216
0.843137 0.639216
0.847059 0.639216
0.850980 0.639216
0.854902 0.639216
0.858824 0.639216
0.862745 0.639216
0.866667 0.639216
0.870588 0.639216
0.874510 0.639216
0.878431 0.639216
0.882353 0.639216
0.886275 0.639216
0.890196 0.639216
0.894118 0.639216
0.898039 0.639216
0.901961 0.639216
0.905882 0.639216
0.909804 0.639216
0.913725 0.639216
0.917647 0.639216
0.921569 0.639216
0.925490 0.639216
0.929412 0.639216
0.933333 0.639216
0.937255 0.639216
0.941176 0.639216
0.945098 0.639216
0.949020 0.639216
0.952941 0.639216
0.956863 0.639216
0.960784 0.639216
0.964706 0.639216
0.968627 0.639216
0.972549 0.639216
0.976471 0.639216
0.980392 0.639216
0.984314 0.639216
0.988235 0.639216
0.992157 0.639216
0.996078 0.639216
1.000000 0.639216

i = 1640.000000 0.643137
0.003922 0.643137
0.007843 0.643137
0.011765 0.643137
0.015686 0.643137
0.019608 0.643137
0.023529 0.643137
0.027451 0.643137
0.031373 0.643137
0.035294 0.643137
0.039216 0.643137
0.043137 0.643137
0.047059 0.643137
0.050980 0.643137
0.054902 0.643137
0.058824 0.643137
0.062745 0.643137
0.066667 0.643137
0.070588 0.643137
0.074510 0.643137
0.078431 0.643137
0.082353 0.643137
0.086275 0.643137
0.090196 0.643137
0.094118 0.643137
0.098039 0.643137
0.101961 0.643137
0.105882 0.643137
0.109804 0.643137
0.113725 0.643137
0.117647 0.643137
0.121569 0.643137
0.125490 0.643137
0.129412 0.643137
0.133333 0.643137
0.137255 0.643137
0.141176 0.643137
0.145098 0.643137
0.149020 0.643137
0.152941 0.643137
0.156863 0.643137
0.160784 0.643137
0.164706 0.643137
0.168627 0.643137
0.172549 0.643137
0.176471 0.643137
0.180392 0.643137
0.184314 0.643137
0.188235 0.643137
0.192157 0.643137
0.196078 0.643137
0.200000 0.643137
0.203922 0.643137
0.207843 0.643137
0.211765 0.643137
0.215686 0.643137
0.219608 0.643137
0.223529 0.643137
0.227451 0.643137
0.231373 0.643137
0.235294 0.643137
0.239216 0.643137
0.243137 0.643137
0.247059 0.643137
0.250980 0.643137
0.254902 0.643137
0.258824 0.643137
0.262745 0.643137
0.266667 0.643137
0.270588 0.643137
0.274510 0.643137
0.278431 0.643137
0.282353 0.643137
0.286275 0.643137
0.290196 0.643137
0.294118 0.643137
0.298039 0.643137
0.301961 0.643137
0.305882 0.643137
0.309804 0.643137
0.313726 0.643137
0.317647 0.643137
0.321569 0.643137
0.325490 0.643137
0.329412 0.643137
0.333333 0.643137
0.337255 0.643137
0.341176 0.643137
0.345098 0.643137
0.349020 0.643137
0.352941 0.643137
0.356863 0.643137
0.360784 0.643137
0.364706 0.643137
0.368627 0.643137
0.372549 0.643137
0.376471 0.643137
0.380392 0.643137
0.384314 0.643137
0.388235 0.643137
0.392157 0.643137
0.396078 0.643137
0.400000 0.643137
0.403922 0.643137
0.407843 0.643137
0.411765 0.643137
0.415686 0.643137
0.419608 0.643137
0.423529 0.643137
0.427451 0.643137
0.431373 0.643137
0.435294 0.643137
0.439216 0.643137
0.443137 0.643137
0.447059 0.643137
0.450980 0.643137
0.454902 0.643137
0.458824 0.643137
0.462745 0.643137
0.466667 0.643137
0.470588 0.643137
0.474510 0.643137
0.478431 0.643137
0.482353 0.643137
0.486275 0.643137
0.490196 0.643137
0.494118 0.643137
0.498039 0.643137
0.501961 0.643137
0.505882 0.643137
0.509804 0.643137
0.513726 0.643137
0.517647 0.643137
0.521569 0.643137
0.525490 0.643137
0.529412 0.643137
0.533333 0.643137
0.537255 0.643137
0.541176 0.643137
0.545098 0.643137
0.549020 0.643137
0.552941 0.643137
0.556863 0.643137
0.560784 0.643137
0.564706 0.643137
0.568627 0.643137
0.572549 0.643137
0.576471 0.643137
0.580392 0.643137
0.584314 0.643137
0.588235 0.643137
0.592157 0.643137
0.596078 0.643137
0.600000 0.643137
0.603922 0.643137
0.607843 0.643137
0.611765 0.643137
0.615686 0.643137
0.619608 0.643137
0.623529 0.643137
0.627451 0.643137
0.631373 0.643137
0.635294 0.643137
0.639216 0.643137
0.643137 0.643137
0.647059 0.643137
0.650980 0.643137
0.654902 0.643137
0.658824 0.643137
0.662745 0.643137
0.666667 0.643137
0.670588 0.643137
0.674510 0.643137
0.678431 0.643137
0.682353 0.643137
0.686275 0.643137
0.690196 0.643137
0.694118 0.643137
0.698039 0.643137
0.701961 0.643137
0.705882 0.643137
0.709804 0.643137
0.713726 0.643137
0.717647 0.643137
0.721569 0.643137
0.725490 0.643137
0.729412 0.643137
0.733333 0.643137
0.737255 0.643137
0.741176 0.643137
0.745098 0.643137
0.749020 0.643137
0.752941 0.643137
0.756863 0.643137
0.760784 0.643137
0.764706 0.643137
0.768627 0.643137
0.772549 0.643137
0.776471 0.643137
0.780392 0.643137
0.784314 0.643137
0.788235 0.643137
0.792157 0.643137
0.796078 0.643137
0.800000 0.643137
0.803922 0.643137
0.807843 0.643137
0.811765 0.643137
0.815686 0.643137
0.819608 0.643137
0.823529 0.643137
0.827451 0.643137
0.831373 0.643137
0.835294 0.643137
0.839216 0.643137
0.843137 0.643137
0.847059 0.643137
0.850980 0.643137
0.854902 0.643137
0.858824 0.643137
0.862745 0.643137
0.866667 0.643137
0.870588 0.643137
0.874510 0.643137
0.878431 0.643137
0.882353 0.643137
0.886275 0.643137
0.890196 0.643137
0.894118 0.643137
0.898039 0.643137
0.901961 0.643137
0.905882 0.643137
0.909804 0.643137
0.913725 0.643137
0.917647 0.643137
0.921569 0.643137
0.925490 0.643137
0.929412 0.643137
0.933333 0.643137
0.937255 0.643137
0.941176 0.643137
0.945098 0.643137
0.949020 0.643137
0.952941 0.643137
0.956863 0.643137
0.960784 0.643137
0.964706 0.643137
0.968627 0.643137
0.972549 0.643137
0.976471 0.643137
0.980392 0.643137
0.984314 0.643137
0.988235 0.643137
0.992157 0.643137
0.996078 0.643137
1.000000 0.643137

i = 1650.000000 0.647059
0.003922 0.647059
0.007843 0.647059
0.011765 0.647059
0.015686 0.647059
0.019608 0.647059
0.023529 0.647059
0.027451 0.647059
0.031373 0.647059
0.035294 0.647059
0.039216 0.647059
0.043137 0.647059
0.047059 0.647059
0.050980 0.647059
0.054902 0.647059
0.058824 0.647059
0.062745 0.647059
0.066667 0.647059
0.070588 0.647059
0.074510 0.647059
0.078431 0.647059
0.082353 0.647059
0.086275 0.647059
0.090196 0.647059
0.094118 0.647059
0.098039 0.647059
0.101961 0.647059
0.105882 0.647059
0.109804 0.647059
0.113725 0.647059
0.117647 0.647059
0.121569 0.647059
0.125490 0.647059
0.129412 0.647059
0.133333 0.647059
0.137255 0.647059
0.141176 0.647059
0.145098 0.647059
0.149020 0.647059
0.152941 0.647059
0.156863 0.647059
0.160784 0.647059
0.164706 0.647059
0.168627 0.647059
0.172549 0.647059
0.176471 0.647059
0.180392 0.647059
0.184314 0.647059
0.188235 0.647059
0.192157 0.647059
0.196078 0.647059
0.200000 0.647059
0.203922 0.647059
0.207843 0.647059
0.211765 0.647059
0.215686 0.647059
0.219608 0.647059
0.223529 0.647059
0.227451 0.647059
0.231373 0.647059
0.235294 0.647059
0.239216 0.647059
0.243137 0.647059
0.247059 0.647059
0.250980 0.647059
0.254902 0.647059
0.258824 0.647059
0.262745 0.647059
0.266667 0.647059
0.270588 0.647059
0.274510 0.647059
0.278431 0.647059
0.282353 0.647059
0.286275 0.647059
0.290196 0.647059
0.294118 0.647059
0.298039 0.647059
0.301961 0.647059
0.305882 0.647059
0.309804 0.647059
0.313726 0.647059
0.317647 0.647059
0.321569 0.647059
0.325490 0.647059
0.329412 0.647059
0.333333 0.647059
0.337255 0.647059
0.341176 0.647059
0.345098 0.647059
0.349020 0.647059
0.352941 0.647059
0.356863 0.647059
0.360784 0.647059
0.364706 0.647059
0.368627 0.647059
0.372549 0.647059
0.376471 0.647059
0.380392 0.647059
0.384314 0.647059
0.388235 0.647059
0.392157 0.647059
0.396078 0.647059
0.400000 0.647059
0.403922 0.647059
0.407843 0.647059
0.411765 0.647059
0.415686 0.647059
0.419608 0.647059
0.423529 0.647059
0.427451 0.647059
0.431373 0.647059
0.435294 0.647059
0.439216 0.647059
0.443137 0.647059
0.447059 0.647059
0.450980 0.647059
0.454902 0.647059
0.458824 0.647059
0.462745 0.647059
0.466667 0.647059
0.470588 0.647059
0.474510 0.647059
0.478431 0.647059
0.482353 0.647059
0.486275 0.647059
0.490196 0.647059
0.494118 0.647059
0.498039 0.647059
0.501961 0.647059
0.505882 0.647059
0.509804 0.647059
0.513726 0.647059
0.517647 0.647059
0.521569 0.647059
0.525490 0.647059
0.529412 0.647059
0.533333 0.647059
0.537255 0.647059
0.541176 0.647059
0.545098 0.647059
0.549020 0.647059
0.552941 0.647059
0.556863 0.647059
0.560784 0.647059
0.564706 0.647059
0.568627 0.647059
0.572549 0.647059
0.576471 0.647059
0.580392 0.647059
0.584314 0.647059
0.588235 0.647059
0.592157 0.647059
0.596078 0.647059
0.600000 0.647059
0.603922 0.647059
0.607843 0.647059
0.611765 0.647059
0.615686 0.647059
0.619608 0.647059
0.623529 0.647059
0.627451 0.647059
0.631373 0.647059
0.635294 0.647059
0.639216 0.647059
0.643137 0.647059
0.647059 0.647059
0.650980 0.647059
0.654902 0.647059
0.658824 0.647059
0.662745 0.647059
0.666667 0.647059
0.670588 0.647059
0.674510 0.647059
0.678431 0.647059
0.682353 0.647059
0.686275 0.647059
0.690196 0.647059
0.694118 0.647059
0.698039 0.647059
0.701961 0.647059
0.705882 0.647059
0.709804 0.647059
0.713726 0.647059
0.717647 0.647059
0.721569 0.647059
0.725490 0.647059
0.729412 0.647059
0.733333 0.647059
0.737255 0.647059
0.741176 0.647059
0.745098 0.647059
0.749020 0.647059
0.752941 0.647059
0.756863 0.647059
0.760784 0.647059
0.764706 0.647059
0.768627 0.647059
0.772549 0.647059
0.776471 0.647059
0.780392 0.647059
0.784314 0.647059
0.788235 0.647059
0.792157 0.647059
0.796078 0.647059
0.800000 0.647059
0.803922 0.647059
0.807843 0.647059
0.811765 0.647059
0.815686 0.647059
0.819608 0.647059
0.823529 0.647059
0.827451 0.647059
0.831373 0.647059
0.835294 0.647059
0.839216 0.647059
0.843137 0.647059
0.847059 0.647059
0.850980 0.647059
0.854902 0.647059
0.858824 0.647059
0.862745 0.647059
0.866667 0.647059
0.870588 0.647059
0.874510 0.647059
0.878431 0.647059
0.882353 0.647059
0.886275 0.647059
0.890196 0.647059
0.894118 0.647059
0.898039 0.647059
0.901961 0.647059
0.905882 0.647059
0.909804 0.647059
0.913725 0.647059
0.917647 0.647059
0.921569 0.647059
0.925490 0.647059
0.929412 0.647059
0.933333 0.647059
0.937255 0.647059
0.941176 0.647059
0.945098 0.647059
0.949020 0.647059
0.952941 0.647059
0.956863 0.647059
0.960784 0.647059
0.964706 0.647059
0.968627 0.647059
0.972549 0.647059
0.976471 0.647059
0.980392 0.647059
0.984314 0.647059
0.988235 0.647059
0.992157 0.647059
0.996078 0.647059
1.000000 0.647059

i = 1660.000000 0.650980
0.003922 0.650980
0.007843 0.650980
0.011765 0.650980
0.015686 0.650980
0.019608 0.650980
0.023529 0.650980
0.027451 0.650980
0.031373 0.650980
0.035294 0.650980
0.039216 0.650980
0.043137 0.650980
0.047059 0.650980
0.050980 0.650980
0.054902 0.650980
0.058824 0.650980
0.062745 0.650980
0.066667 0.650980
0.070588 0.650980
0.074510 0.650980
0.078431 0.650980
0.082353 0.650980
0.086275 0.650980
0.090196 0.650980
0.094118 0.650980
0.098039 0.650980
0.101961 0.650980
0.105882 0.650980
0.109804 0.650980
0.113725 0.650980
0.117647 0.650980
0.121569 0.650980
0.125490 0.650980
0.129412 0.650980
0.133333 0.650980
0.137255 0.650980
0.141176 0.650980
0.145098 0.650980
0.149020 0.650980
0.152941 0.650980
0.156863 0.650980
0.160784 0.650980
0.164706 0.650980
0.168627 0.650980
0.172549 0.650980
0.176471 0.650980
0.180392 0.650980
0.184314 0.650980
0.188235 0.650980
0.192157 0.650980
0.196078 0.650980
0.200000 0.650980
0.203922 0.650980
0.207843 0.650980
0.211765 0.650980
0.215686 0.650980
0.219608 0.650980
0.223529 0.650980
0.227451 0.650980
0.231373 0.650980
0.235294 0.650980
0.239216 0.650980
0.243137 0.650980
0.247059 0.650980
0.250980 0.650980
0.254902 0.650980
0.258824 0.650980
0.262745 0.650980
0.266667 0.650980
0.270588 0.650980
0.274510 0.650980
0.278431 0.650980
0.282353 0.650980
0.286275 0.650980
0.290196 0.650980
0.294118 0.650980
0.298039 0.650980
0.301961 0.650980
0.305882 0.650980
0.309804 0.650980
0.313726 0.650980
0.317647 0.650980
0.321569 0.650980
0.325490 0.650980
0.329412 0.650980
0.333333 0.650980
0.337255 0.650980
0.341176 0.650980
0.345098 0.650980
0.349020 0.650980
0.352941 0.650980
0.356863 0.650980
0.360784 0.650980
0.364706 0.650980
0.368627 0.650980
0.372549 0.650980
0.376471 0.650980
0.380392 0.650980
0.384314 0.650980
0.388235 0.650980
0.392157 0.650980
0.396078 0.650980
0.400000 0.650980
0.403922 0.650980
0.407843 0.650980
0.411765 0.650980
0.415686 0.650980
0.419608 0.650980
0.423529 0.650980
0.427451 0.650980
0.431373 0.650980
0.435294 0.650980
0.439216 0.650980
0.443137 0.650980
0.447059 0.650980
0.450980 0.650980
0.454902 0.650980
0.458824 0.650980
0.462745 0.650980
0.466667 0.650980
0.470588 0.650980
0.474510 0.650980
0.478431 0.650980
0.482353 0.650980
0.486275 0.650980
0.490196 0.650980
0.494118 0.650980
0.498039 0.650980
0.501961 0.650980
0.505882 0.650980
0.509804 0.650980
0.513726 0.650980
0.517647 0.650980
0.521569 0.650980
0.525490 0.650980
0.529412 0.650980
0.533333 0.650980
0.537255 0.650980
0.541176 0.650980
0.545098 0.650980
0.549020 0.650980
0.552941 0.650980
0.556863 0.650980
0.560784 0.650980
0.564706 0.650980
0.568627 0.650980
0.572549 0.650980
0.576471 0.650980
0.580392 0.650980
0.584314 0.650980
0.588235 0.650980
0.592157 0.650980
0.596078 0.650980
0.600000 0.650980
0.603922 0.650980
0.607843 0.650980
0.611765 0.650980
0.615686 0.650980
0.619608 0.650980
0.623529 0.650980
0.627451 0.650980
0.631373 0.650980
0.635294 0.650980
0.639216 0.650980
0.643137 0.650980
0.647059 0.650980
0.650980 0.650980
0.654902 0.650980
0.658824 0.650980
0.662745 0.650980
0.666667 0.650980
0.670588 0.650980
0.674510 0.650980
0.678431 0.650980
0.682353 0.650980
0.686275 0.650980
0.690196 0.650980
0.694118 0.650980
0.698039 0.650980
0.701961 0.650980
0.705882 0.650980
0.709804 0.650980
0.713726 0.650980
0.717647 0.650980
0.721569 0.650980
0.725490 0.650980
0.729412 0.650980
0.733333 0.650980
0.737255 0.650980
0.741176 0.650980
0.745098 0.650980
0.749020 0.650980
0.752941 0.650980
0.756863 0.650980
0.760784 0.650980
0.764706 0.650980
0.768627 0.650980
0.772549 0.650980
0.776471 0.650980
0.780392 0.650980
0.784314 0.650980
0.788235 0.650980
0.792157 0.650980
0.796078 0.650980
0.800000 0.650980
0.803922 0.650980
0.807843 0.650980
0.811765 0.650980
0.815686 0.650980
0.819608 0.650980
0.823529 0.650980
0.827451 0.650980
0.831373 0.650980
0.835294 0.650980
0.839216 0.650980
0.843137 0.650980
0.847059 0.650980
0.850980 0.650980
0.854902 0.650980
0.858824 0.650980
0.862745 0.650980
0.866667 0.650980
0.870588 0.650980
0.874510 0.650980
0.878431 0.650980
0.882353 0.650980
0.886275 0.650980
0.890196 0.650980
0.894118 0.650980
0.898039 0.650980
0.901961 0.650980
0.905882 0.650980
0.909804 0.650980
0.913725 0.650980
0.917647 0.650980
0.921569 0.650980
0.925490 0.650980
0.929412 0.650980
0.933333 0.650980
0.937255 0.650980
0.941176 0.650980
0.945098 0.650980
0.949020 0.650980
0.952941 0.650980
0.956863 0.650980
0.960784 0.650980
0.964706 0.650980
0.968627 0.650980
0.972549 0.650980
0.976471 0.650980
0.980392 0.650980
0.984314 0.650980
0.988235 0.650980
0.992157 0.650980
0.996078 0.650980
1.000000 0.650980

i = 1670.000000 0.654902
0.003922 0.654902
0.007843 0.654902
0.011765 0.654902
0.015686 0.654902
0.019608 0.654902
0.023529 0.654902
0.027451 0.654902
0.031373 0.654902
0.035294 0.654902
0.039216 0.654902
0.043137 0.654902
0.047059 0.654902
0.050980 0.654902
0.054902 0.654902
0.058824 0.654902
0.062745 0.654902
0.066667 0.654902
0.070588 0.654902
0.074510 0.654902
0.078431 0.654902
0.082353 0.654902
0.086275 0.654902
0.090196 0.654902
0.094118 0.654902
0.098039 0.654902
0.101961 0.654902
0.105882 0.654902
0.109804 0.654902
0.113725 0.654902
0.117647 0.654902
0.121569 0.654902
0.125490 0.654902
0.129412 0.654902
0.133333 0.654902
0.137255 0.654902
0.141176 0.654902
0.145098 0.654902
0.149020 0.654902
0.152941 0.654902
0.156863 0.654902
0.160784 0.654902
0.164706 0.654902
0.168627 0.654902
0.172549 0.654902
0.176471 0.654902
0.180392 0.654902
0.184314 0.654902
0.188235 0.654902
0.192157 0.654902
0.196078 0.654902
0.200000 0.654902
0.203922 0.654902
0.207843 0.654902
0.211765 0.654902
0.215686 0.654902
0.219608 0.654902
0.223529 0.654902
0.227451 0.654902
0.231373 0.654902
0.235294 0.654902
0.239216 0.654902
0.243137 0.654902
0.247059 0.654902
0.250980 0.654902
0.254902 0.654902
0.258824 0.654902
0.262745 0.654902
0.266667 0.654902
0.270588 0.654902
0.274510 0.654902
0.278431 0.654902
0.282353 0.654902
0.286275 0.654902
0.290196 0.654902
0.294118 0.654902
0.298039 0.654902
0.301961 0.654902
0.305882 0.654902
0.309804 0.654902
0.313726 0.654902
0.317647 0.654902
0.321569 0.654902
0.325490 0.654902
0.329412 0.654902
0.333333 0.654902
0.337255 0.654902
0.341176 0.654902
0.345098 0.654902
0.349020 0.654902
0.352941 0.654902
0.356863 0.654902
0.360784 0.654902
0.364706 0.654902
0.368627 0.654902
0.372549 0.654902
0.376471 0.654902
0.380392 0.654902
0.384314 0.654902
0.388235 0.654902
0.392157 0.654902
0.396078 0.654902
0.400000 0.654902
0.403922 0.654902
0.407843 0.654902
0.411765 0.654902
0.415686 0.654902
0.419608 0.654902
0.423529 0.654902
0.427451 0.654902
0.431373 0.654902
0.435294 0.654902
0.439216 0.654902
0.443137 0.654902
0.447059 0.654902
0.450980 0.654902
0.454902 0.654902
0.458824 0.654902
0.462745 0.654902
0.466667 0.654902
0.470588 0.654902
0.474510 0.654902
0.478431 0.654902
0.482353 0.654902
0.486275 0.654902
0.490196 0.654902
0.494118 0.654902
0.498039 0.654902
0.501961 0.654902
0.505882 0.654902
0.509804 0.654902
0.513726 0.654902
0.517647 0.654902
0.521569 0.654902
0.525490 0.654902
0.529412 0.654902
0.533333 0.654902
0.537255 0.654902
0.541176 0.654902
0.545098 0.654902
0.549020 0.654902
0.552941 0.654902
0.556863 0.654902
0.560784 0.654902
0.564706 0.654902
0.568627 0.654902
0.572549 0.654902
0.576471 0.654902
0.580392 0.654902
0.584314 0.654902
0.588235 0.654902
0.592157 0.654902
0.596078 0.654902
0.600000 0.654902
0.603922 0.654902
0.607843 0.654902
0.611765 0.654902
0.615686 0.654902
0.619608 0.654902
0.623529 0.654902
0.627451 0.654902
0.631373 0.654902
0.635294 0.654902
0.639216 0.654902
0.643137 0.654902
0.647059 0.654902
0.650980 0.654902
0.654902 0.654902
0.658824 0.654902
0.662745 0.654902
0.666667 0.654902
0.670588 0.654902
0.674510 0.654902
0.678431 0.654902
0.682353 0.654902
0.686275 0.654902
0.690196 0.654902
0.694118 0.654902
0.698039 0.654902
0.701961 0.654902
0.705882 0.654902
0.709804 0.654902
0.713726 0.654902
0.717647 0.654902
0.721569 0.654902
0.725490 0.654902
0.729412 0.654902
0.733333 0.654902
0.737255 0.654902
0.741176 0.654902
0.745098 0.654902
0.749020 0.654902
0.752941 0.654902
0.756863 0.654902
0.760784 0.654902
0.764706 0.654902
0.768627 0.654902
0.772549 0.654902
0.776471 0.654902
0.780392 0.654902
0.784314 0.654902
0.788235 0.654902
0.792157 0.654902
0.796078 0.654902
0.800000 0.654902
0.803922 0.654902
0.807843 0.654902
0.811765 0.654902
0.815686 0.654902
0.819608 0.654902
0.823529 0.654902
0.827451 0.654902
0.831373 0.654902
0.835294 0.654902
0.839216 0.654902
0.843137 0.654902
0.847059 0.654902
0.850980 0.654902
0.854902 0.654902
0.858824 0.654902
0.862745 0.654902
0.866667 0.654902
0.870588 0.654902
0.874510 0.654902
0.878431 0.654902
0.882353 0.654902
0.886275 0.654902
0.890196 0.654902
0.894118 0.654902
0.898039 0.654902
0.901961 0.654902
0.905882 0.654902
0.909804 0.654902
0.913725 0.654902
0.917647 0.654902
0.921569 0.654902
0.925490 0.654902
0.929412 0.654902
0.933333 0.654902
0.937255 0.654902
0.941176 0.654902
0.945098 0.654902
0.949020 0.654902
0.952941 0.654902
0.956863 0.654902
0.960784 0.654902
0.964706 0.654902
0.968627 0.654902
0.972549 0.654902
0.976471 0.654902
0.980392 0.654902
0.984314 0.654902
0.988235 0.654902
0.992157 0.654902
0.996078 0.654902
1.000000 0.654902

i = 1680.000000 0.658824
0.003922 0.658824
0.007843 0.658824
0.011765 0.658824
0.015686 0.658824
0.019608 0.658824
0.023529 0.658824
0.027451 0.658824
0.031373 0.658824
0.035294 0.658824
0.039216 0.658824
0.043137 0.658824
0.047059 0.658824
0.050980 0.658824
0.054902 0.658824
0.058824 0.658824
0.062745 0.658824
0.066667 0.658824
0.070588 0.658824
0.074510 0.658824
0.078431 0.658824
0.082353 0.658824
0.086275 0.658824
0.090196 0.658824
0.094118 0.658824
0.098039 0.658824
0.101961 0.658824
0.105882 0.658824
0.109804 0.658824
0.113725 0.658824
0.117647 0.658824
0.121569 0.658824
0.125490 0.658824
0.129412 0.658824
0.133333 0.658824
0.137255 0.658824
0.141176 0.658824
0.145098 0.658824
0.149020 0.658824
0.152941 0.658824
0.156863 0.658824
0.160784 0.658824
0.164706 0.658824
0.168627 0.658824
0.172549 0.658824
0.176471 0.658824
0.180392 0.658824
0.184314 0.658824
0.188235 0.658824
0.192157 0.658824
0.196078 0.658824
0.200000 0.658824
0.203922 0.658824
0.207843 0.658824
0.211765 0.658824
0.215686 0.658824
0.219608 0.658824
0.223529 0.658824
0.227451 0.658824
0.231373 0.658824
0.235294 0.658824
0.239216 0.658824
0.243137 0.658824
0.247059 0.658824
0.250980 0.658824
0.254902 0.658824
0.258824 0.658824
0.262745 0.658824
0.266667 0.658824
0.270588 0.658824
0.274510 0.658824
0.278431 0.658824
0.282353 0.658824
0.286275 0.658824
0.290196 0.658824
0.294118 0.658824
0.298039 0.658824
0.301961 0.658824
0.305882 0.658824
0.309804 0.658824
0.313726 0.658824
0.317647 0.658824
0.321569 0.658824
0.325490 0.658824
0.329412 0.658824
0.333333 0.658824
0.337255 0.658824
0.341176 0.658824
0.345098 0.658824
0.349020 0.658824
0.352941 0.658824
0.356863 0.658824
0.360784 0.658824
0.364706 0.658824
0.368627 0.658824
0.372549 0.658824
0.376471 0.658824
0.380392 0.658824
0.384314 0.658824
0.388235 0.658824
0.392157 0.658824
0.396078 0.658824
0.400000 0.658824
0.403922 0.658824
0.407843 0.658824
0.411765 0.658824
0.415686 0.658824
0.419608 0.658824
0.423529 0.658824
0.427451 0.658824
0.431373 0.658824
0.435294 0.658824
0.439216 0.658824
0.443137 0.658824
0.447059 0.658824
0.450980 0.658824
0.454902 0.658824
0.458824 0.658824
0.462745 0.658824
0.466667 0.658824
0.470588 0.658824
0.474510 0.658824
0.478431 0.658824
0.482353 0.658824
0.486275 0.658824
0.490196 0.658824
0.494118 0.658824
0.498039 0.658824
0.501961 0.658824
0.505882 0.658824
0.509804 0.658824
0.513726 0.658824
0.517647 0.658824
0.521569 0.658824
0.525490 0.658824
0.529412 0.658824
0.533333 0.658824
0.537255 0.658824
0.541176 0.658824
0.545098 0.658824
0.549020 0.658824
0.552941 0.658824
0.556863 0.658824
0.560784 0.658824
0.564706 0.658824
0.568627 0.658824
0.572549 0.658824
0.576471 0.658824
0.580392 0.658824
0.584314 0.658824
0.588235 0.658824
0.592157 0.658824
0.596078 0.658824
0.600000 0.658824
0.603922 0.658824
0.607843 0.658824
0.611765 0.658824
0.615686 0.658824
0.619608 0.658824
0.623529 0.658824
0.627451 0.658824
0.631373 0.658824
0.635294 0.658824
0.639216 0.658824
0.643137 0.658824
0.647059 0.658824
0.650980 0.658824
0.654902 0.658824
0.658824 0.658824
0.662745 0.658824
0.666667 0.658824
0.670588 0.658824
0.674510 0.658824
0.678431 0.658824
0.682353 0.658824
0.686275 0.658824
0.690196 0.658824
0.694118 0.658824
0.698039 0.658824
0.701961 0.658824
0.705882 0.658824
0.709804 0.658824
0.713726 0.658824
0.717647 0.658824
0.721569 0.658824
0.725490 0.658824
0.729412 0.658824
0.733333 0.658824
0.737255 0.658824
0.741176 0.658824
0.745098 0.658824
0.749020 0.658824
0.752941 0.658824
0.756863 0.658824
0.760784 0.658824
0.764706 0.658824
0.768627 0.658824
0.772549 0.658824
0.776471 0.658824
0.780392 0.658824
0.784314 0.658824
0.788235 0.658824
0.792157 0.658824
0.796078 0.658824
0.800000 0.658824
0.803922 0.658824
0.807843 0.658824
0.811765 0.658824
0.815686 0.658824
0.819608 0.658824
0.823529 0.658824
0.827451 0.658824
0.831373 0.658824
0.835294 0.658824
0.839216 0.658824
0.843137 0.658824
0.847059 0.658824
0.850980 0.658824
0.854902 0.658824
0.858824 0.658824
0.862745 0.658824
0.866667 0.658824
0.870588 0.658824
0.874510 0.658824
0.878431 0.658824
0.882353 0.658824
0.886275 0.658824
0.890196 0.658824
0.894118 0.658824
0.898039 0.658824
0.901961 0.658824
0.905882 0.658824
0.909804 0.658824
0.913725 0.658824
0.917647 0.658824
0.921569 0.658824
0.925490 0.658824
0.929412 0.658824
0.933333 0.658824
0.937255 0.658824
0.941176 0.658824
0.945098 0.658824
0.949020 0.658824
0.952941 0.658824
0.956863 0.658824
0.960784 0.658824
0.964706 0.658824
0.968627 0.658824
0.972549 0.658824
0.976471 0.658824
0.980392 0.658824
0.984314 0.658824
0.988235 0.658824
0.992157 0.658824
0.996078 0.658824
1.000000 0.658824

i = 1690.000000 0.662745
0.003922 0.662745
0.007843 0.662745
0.011765 0.662745
0.015686 0.662745
0.019608 0.662745
0.023529 0.662745
0.027451 0.662745
0.031373 0.662745
0.035294 0.662745
0.039216 0.662745
0.043137 0.662745
0.047059 0.662745
0.050980 0.662745
0.054902 0.662745
0.058824 0.662745
0.062745 0.662745
0.066667 0.662745
0.070588 0.662745
0.074510 0.662745
0.078431 0.662745
0.082353 0.662745
0.086275 0.662745
0.090196 0.662745
0.094118 0.662745
0.098039 0.662745
0.101961 0.662745
0.105882 0.662745
0.109804 0.662745
0.113725 0.662745
0.117647 0.662745
0.121569 0.662745
0.125490 0.662745
0.129412 0.662745
0.133333 0.662745
0.137255 0.662745
0.141176 0.662745
0.145098 0.662745
0.149020 0.662745
0.152941 0.662745
0.156863 0.662745
0.160784 0.662745
0.164706 0.662745
0.168627 0.662745
0.172549 0.662745
0.176471 0.662745
0.180392 0.662745
0.184314 0.662745
0.188235 0.662745
0.192157 0.662745
0.196078 0.662745
0.200000 0.662745
0.203922 0.662745
0.207843 0.662745
0.211765 0.662745
0.215686 0.662745
0.219608 0.662745
0.223529 0.662745
0.227451 0.662745
0.231373 0.662745
0.235294 0.662745
0.239216 0.662745
0.243137 0.662745
0.247059 0.662745
0.250980 0.662745
0.254902 0.662745
0.258824 0.662745
0.262745 0.662745
0.266667 0.662745
0.270588 0.662745
0.274510 0.662745
0.278431 0.662745
0.282353 0.662745
0.286275 0.662745
0.290196 0.662745
0.294118 0.662745
0.298039 0.662745
0.301961 0.662745
0.305882 0.662745
0.309804 0.662745
0.313726 0.662745
0.317647 0.662745
0.321569 0.662745
0.325490 0.662745
0.329412 0.662745
0.333333 0.662745
0.337255 0.662745
0.341176 0.662745
0.345098 0.662745
0.349020 0.662745
0.352941 0.662745
0.356863 0.662745
0.360784 0.662745
0.364706 0.662745
0.368627 0.662745
0.372549 0.662745
0.376471 0.662745
0.380392 0.662745
0.384314 0.662745
0.388235 0.662745
0.392157 0.662745
0.396078 0.662745
0.400000 0.662745
0.403922 0.662745
0.407843 0.662745
0.411765 0.662745
0.415686 0.662745
0.419608 0.662745
0.423529 0.662745
0.427451 0.662745
0.431373 0.662745
0.435294 0.662745
0.439216 0.662745
0.443137 0.662745
0.447059 0.662745
0.450980 0.662745
0.454902 0.662745
0.458824 0.662745
0.462745 0.662745
0.466667 0.662745
0.470588 0.662745
0.474510 0.662745
0.478431 0.662745
0.482353 0.662745
0.486275 0.662745
0.490196 0.662745
0.494118 0.662745
0.498039 0.662745
0.501961 0.662745
0.505882 0.662745
0.509804 0.662745
0.513726 0.662745
0.517647 0.662745
0.521569 0.662745
0.525490 0.662745
0.529412 0.662745
0.533333 0.662745
0.537255 0.662745
0.541176 0.662745
0.545098 0.662745
0.549020 0.662745
0.552941 0.662745
0.556863 0.662745
0.560784 0.662745
0.564706 0.662745
0.568627 0.662745
0.572549 0.662745
0.576471 0.662745
0.580392 0.662745
0.584314 0.662745
0.588235 0.662745
0.592157 0.662745
0.596078 0.662745
0.600000 0.662745
0.603922 0.662745
0.607843 0.662745
0.611765 0.662745
0.615686 0.662745
0.619608 0.662745
0.623529 0.662745
0.627451 0.662745
0.631373 0.662745
0.635294 0.662745
0.639216 0.662745
0.643137 0.662745
0.647059 0.662745
0.650980 0.662745
0.654902 0.662745
0.658824 0.662745
0.662745 0.662745
0.666667 0.662745
0.670588 0.662745
0.674510 0.662745
0.678431 0.662745
0.682353 0.662745
0.686275 0.662745
0.690196 0.662745
0.694118 0.662745
0.698039 0.662745
0.701961 0.662745
0.705882 0.662745
0.709804 0.662745
0.713726 0.662745
0.717647 0.662745
0.721569 0.662745
0.725490 0.662745
0.729412 0.662745
0.733333 0.662745
0.737255 0.662745
0.741176 0.662745
0.745098 0.662745
0.749020 0.662745
0.752941 0.662745
0.756863 0.662745
0.760784 0.662745
0.764706 0.662745
0.768627 0.662745
0.772549 0.662745
0.776471 0.662745
0.780392 0.662745
0.784314 0.662745
0.788235 0.662745
0.792157 0.662745
0.796078 0.662745
0.800000 0.662745
0.803922 0.662745
0.807843 0.662745
0.811765 0.662745
0.815686 0.662745
0.819608 0.662745
0.823529 0.662745
0.827451 0.662745
0.831373 0.662745
0.835294 0.662745
0.839216 0.662745
0.843137 0.662745
0.847059 0.662745
0.850980 0.662745
0.854902 0.662745
0.858824 0.662745
0.862745 0.662745
0.866667 0.662745
0.870588 0.662745
0.874510 0.662745
0.878431 0.662745
0.882353 0.662745
0.886275 0.662745
0.890196 0.662745
0.894118 0.662745
0.898039 0.662745
0.901961 0.662745
0.905882 0.662745
0.909804 0.662745
0.913725 0.662745
0.917647 0.662745
0.921569 0.662745
0.925490 0.662745
0.929412 0.662745
0.933333 0.662745
0.937255 0.662745
0.941176 0.662745
0.945098 0.662745
0.949020 0.662745
0.952941 0.662745
0.956863 0.662745
0.960784 0.662745
0.964706 0.662745
0.968627 0.662745
0.972549 0.662745
0.976471 0.662745
0.980392 0.662745
0.984314 0.662745
0.988235 0.662745
0.992157 0.662745
0.996078 0.662745
1.000000 0.662745

i = 1700.000000 0.666667
0.003922 0.666667
0.007843 0.666667
0.011765 0.666667
0.015686 0.666667
0.019608 0.666667
0.023529 0.666667
0.027451 0.666667
0.031373 0.666667
0.035294 0.666667
0.039216 0.666667
0.043137 0.666667
0.047059 0.666667
0.050980 0.666667
0.054902 0.666667
0.058824 0.666667
0.062745 0.666667
0.066667 0.666667
0.070588 0.666667
0.074510 0.666667
0.078431 0.666667
0.082353 0.666667
0.086275 0.666667
0.090196 0.666667
0.094118 0.666667
0.098039 0.666667
0.101961 0.666667
0.105882 0.666667
0.109804 0.666667
0.113725 0.666667
0.117647 0.666667
0.121569 0.666667
0.125490 0.666667
0.129412 0.666667
0.133333 0.666667
0.137255 0.666667
0.141176 0.666667
0.145098 0.666667
0.149020 0.666667
0.152941 0.666667
0.156863 0.666667
0.160784 0.666667
0.164706 0.666667
0.168627 0.666667
0.172549 0.666667
0.176471 0.666667
0.180392 0.666667
0.184314 0.666667
0.188235 0.666667
0.192157 0.666667
0.196078 0.666667
0.200000 0.666667
0.203922 0.666667
0.207843 0.666667
0.211765 0.666667
0.215686 0.666667
0.219608 0.666667
0.223529 0.666667
0.227451 0.666667
0.231373 0.666667
0.235294 0.666667
0.239216 0.666667
0.243137 0.666667
0.247059 0.666667
0.250980 0.666667
0.254902 0.666667
0.258824 0.666667
0.262745 0.666667
0.266667 0.666667
0.270588 0.666667
0.274510 0.666667
0.278431 0.666667
0.282353 0.666667
0.286275 0.666667
0.290196 0.666667
0.294118 0.666667
0.298039 0.666667
0.301961 0.666667
0.305882 0.666667
0.309804 0.666667
0.313726 0.666667
0.317647 0.666667
0.321569 0.666667
0.325490 0.666667
0.329412 0.666667
0.333333 0.666667
0.337255 0.666667
0.341176 0.666667
0.345098 0.666667
0.349020 0.666667
0.352941 0.666667
0.356863 0.666667
0.360784 0.666667
0.364706 0.666667
0.368627 0.666667
0.372549 0.666667
0.376471 0.666667
0.380392 0.666667
0.384314 0.666667
0.388235 0.666667
0.392157 0.666667
0.396078 0.666667
0.400000 0.666667
0.403922 0.666667
0.407843 0.666667
0.411765 0.666667
0.415686 0.666667
0.419608 0.666667
0.423529 0.666667
0.427451 0.666667
0.431373 0.666667
0.435294 0.666667
0.439216 0.666667
0.443137 0.666667
0.447059 0.666667
0.450980 0.666667
0.454902 0.666667
0.458824 0.666667
0.462745 0.666667
0.466667 0.666667
0.470588 0.666667
0.474510 0.666667
0.478431 0.666667
0.482353 0.666667
0.486275 0.666667
0.490196 0.666667
0.494118 0.666667
0.498039 0.666667
0.501961 0.666667
0.505882 0.666667
0.509804 0.666667
0.513726 0.666667
0.517647 0.666667
0.521569 0.666667
0.525490 0.666667
0.529412 0.666667
0.533333 0.666667
0.537255 0.666667
0.541176 0.666667
0.545098 0.666667
0.549020 0.666667
0.552941 0.666667
0.556863 0.666667
0.560784 0.666667
0.564706 0.666667
0.568627 0.666667
0.572549 0.666667
0.576471 0.666667
0.580392 0.666667
0.584314 0.666667
0.588235 0.666667
0.592157 0.666667
0.596078 0.666667
0.600000 0.666667
0.603922 0.666667
0.607843 0.666667
0.611765 0.666667
0.615686 0.666667
0.619608 0.666667
0.623529 0.666667
0.627451 0.666667
0.631373 0.666667
0.635294 0.666667
0.639216 0.666667
0.643137 0.666667
0.647059 0.666667
0.650980 0.666667
0.654902 0.666667
0.658824 0.666667
0.662745 0.666667
0.666667 0.666667
0.670588 0.666667
0.674510 0.666667
0.678431 0.666667
0.682353 0.666667
0.686275 0.666667
0.690196 0.666667
0.694118 0.666667
0.698039 0.666667
0.701961 0.666667
0.705882 0.666667
0.709804 0.666667
0.713726 0.666667
0.717647 0.666667
0.721569 0.666667
0.725490 0.666667
0.729412 0.666667
0.733333 0.666667
0.737255 0.666667
0.741176 0.666667
0.745098 0.666667
0.749020 0.666667
0.752941 0.666667
0.756863 0.666667
0.760784 0.666667
0.764706 0.666667
0.768627 0.666667
0.772549 0.666667
0.776471 0.666667
0.780392 0.666667
0.784314 0.666667
0.788235 0.666667
0.792157 0.666667
0.796078 0.666667
0.800000 0.666667
0.803922 0.666667
0.807843 0.666667
0.811765 0.666667
0.815686 0.666667
0.819608 0.666667
0.823529 0.666667
0.827451 0.666667
0.831373 0.666667
0.835294 0.666667
0.839216 0.666667
0.843137 0.666667
0.847059 0.666667
0.850980 0.666667
0.854902 0.666667
0.858824 0.666667
0.862745 0.666667
0.866667 0.666667
0.870588 0.666667
0.874510 0.666667
0.878431 0.666667
0.882353 0.666667
0.886275 0.666667
0.890196 0.666667
0.894118 0.666667
0.898039 0.666667
0.901961 0.666667
0.905882 0.666667
0.909804 0.666667
0.913725 0.666667
0.917647 0.666667
0.921569 0.666667
0.925490 0.666667
0.929412 0.666667
0.933333 0.666667
0.937255 0.666667
0.941176 0.666667
0.945098 0.666667
0.949020 0.666667
0.952941 0.666667
0.956863 0.666667
0.960784 0.666667
0.964706 0.666667
0.968627 0.666667
0.972549 0.666667
0.976471 0.666667
0.980392 0.666667
0.984314 0.666667
0.988235 0.666667
0.992157 0.666667
0.996078 0.666667
1.000000 0.666667

i = 1710.000000 0.670588
0.003922 0.670588
0.007843 0.670588
0.011765 0.670588
0.015686 0.670588
0.019608 0.670588
0.023529 0.670588
0.027451 0.670588
0.031373 0.670588
0.035294 0.670588
0.039216 0.670588
0.043137 0.670588
0.047059 0.670588
0.050980 0.670588
0.054902 0.670588
0.058824 0.670588
0.062745 0.670588
0.066667 0.670588
0.070588 0.670588
0.074510 0.670588
0.078431 0.670588
0.082353 0.670588
0.086275 0.670588
0.090196 0.670588
0.094118 0.670588
0.098039 0.670588
0.101961 0.670588
0.105882 0.670588
0.109804 0.670588
0.113725 0.670588
0.117647 0.670588
0.121569 0.670588
0.125490 0.670588
0.129412 0.670588
0.133333 0.670588
0.137255 0.670588
0.141176 0.670588
0.145098 0.670588
0.149020 0.670588
0.152941 0.670588
0.156863 0.670588
0.160784 0.670588
0.164706 0.670588
0.168627 0.670588
0.172549 0.670588
0.176471 0.670588
0.180392 0.670588
0.184314 0.670588
0.188235 0.670588
0.192157 0.670588
0.196078 0.670588
0.200000 0.670588
0.203922 0.670588
0.207843 0.670588
0.211765 0.670588
0.215686 0.670588
0.219608 0.670588
0.223529 0.670588
0.227451 0.670588
0.231373 0.670588
0.235294 0.670588
0.239216 0.670588
0.243137 0.670588
0.247059 0.670588
0.250980 0.670588
0.254902 0.670588
0.258824 0.670588
0.262745 0.670588
0.266667 0.670588
0.270588 0.670588
0.274510 0.670588
0.278431 0.670588
0.282353 0.670588
0.286275 0.670588
0.290196 0.670588
0.294118 0.670588
0.298039 0.670588
0.301961 0.670588
0.305882 0.670588
0.309804 0.670588
0.313726 0.670588
0.317647 0.670588
0.321569 0.670588
0.325490 0.670588
0.329412 0.670588
0.333333 0.670588
0.337255 0.670588
0.341176 0.670588
0.345098 0.670588
0.349020 0.670588
0.352941 0.670588
0.356863 0.670588
0.360784 0.670588
0.364706 0.670588
0.368627 0.670588
0.372549 0.670588
0.376471 0.670588
0.380392 0.670588
0.384314 0.670588
0.388235 0.670588
0.392157 0.670588
0.396078 0.670588
0.400000 0.670588
0.403922 0.670588
0.407843 0.670588
0.411765 0.670588
0.415686 0.670588
0.419608 0.670588
0.423529 0.670588
0.427451 0.670588
0.431373 0.670588
0.435294 0.670588
0.439216 0.670588
0.443137 0.670588
0.447059 0.670588
0.450980 0.670588
0.454902 0.670588
0.458824 0.670588
0.462745 0.670588
0.466667 0.670588
0.470588 0.670588
0.474510 0.670588
0.478431 0.670588
0.482353 0.670588
0.486275 0.670588
0.490196 0.670588
0.494118 0.670588
0.498039 0.670588
0.501961 0.670588
0.505882 0.670588
0.509804 0.670588
0.513726 0.670588
0.517647 0.670588
0.521569 0.670588
0.525490 0.670588
0.529412 0.670588
0.533333 0.670588
0.537255 0.670588
0.541176 0.670588
0.545098 0.670588
0.549020 0.670588
0.552941 0.670588
0.556863 0.670588
0.560784 0.670588
0.564706 0.670588
0.568627 0.670588
0.572549 0.670588
0.576471 0.670588
0.580392 0.670588
0.584314 0.670588
0.588235 0.670588
0.592157 0.670588
0.596078 0.670588
0.600000 0.670588
0.603922 0.670588
0.607843 0.670588
0.611765 0.670588
0.615686 0.670588
0.619608 0.670588
0.623529 0.670588
0.627451 0.670588
0.631373 0.670588
0.635294 0.670588
0.639216 0.670588
0.643137 0.670588
0.647059 0.670588
0.650980 0.670588
0.654902 0.670588
0.658824 0.670588
0.662745 0.670588
0.666667 0.670588
0.670588 0.670588
0.674510 0.670588
0.678431 0.670588
0.682353 0.670588
0.686275 0.670588
0.690196 0.670588
0.694118 0.670588
0.698039 0.670588
0.701961 0.670588
0.705882 0.670588
0.709804 0.670588
0.713726 0.670588
0.717647 0.670588
0.721569 0.670588
0.725490 0.670588
0.729412 0.670588
0.733333 0.670588
0.737255 0.670588
0.741176 0.670588
0.745098 0.670588
0.749020 0.670588
0.752941 0.670588
0.756863 0.670588
0.760784 0.670588
0.764706 0.670588
0.768627 0.670588
0.772549 0.670588
0.776471 0.670588
0.780392 0.670588
0.784314 0.670588
0.788235 0.670588
0.792157 0.670588
0.796078 0.670588
0.800000 0.670588
0.803922 0.670588
0.807843 0.670588
0.811765 0.670588
0.815686 0.670588
0.819608 0.670588
0.823529 0.670588
0.827451 0.670588
0.831373 0.670588
0.835294 0.670588
0.839216 0.670588
0.843137 0.670588
0.847059 0.670588
0.850980 0.670588
0.854902 0.670588
0.858824 0.670588
0.862745 0.670588
0.866667 0.670588
0.870588 0.670588
0.874510 0.670588
0.878431 0.670588
0.882353 0.670588
0.886275 0.670588
0.890196 0.670588
0.894118 0.670588
0.898039 0.670588
0.901961 0.670588
0.905882 0.670588
0.909804 0.670588
0.913725 0.670588
0.917647 0.670588
0.921569 0.670588
0.925490 0.670588
0.929412 0.670588
0.933333 0.670588
0.937255 0.670588
0.941176 0.670588
0.945098 0.670588
0.949020 0.670588
0.952941 0.670588
0.956863 0.670588
0.960784 0.670588
0.964706 0.670588
0.968627 0.670588
0.972549 0.670588
0.976471 0.670588
0.980392 0.670588
0.984314 0.670588
0.988235 0.670588
0.992157 0.670588
0.996078 0.670588
1.000000 0.670588

i = 1720.000000 0.674510
0.003922 0.674510
0.007843 0.674510
0.011765 0.674510
0.015686 0.674510
0.019608 0.674510
0.023529 0.674510
0.027451 0.674510
0.031373 0.674510
0.035294 0.674510
0.039216 0.674510
0.043137 0.674510
0.047059 0.674510
0.050980 0.674510
0.054902 0.674510
0.058824 0.674510
0.062745 0.674510
0.066667 0.674510
0.070588 0.674510
0.074510 0.674510
0.078431 0.674510
0.082353 0.674510
0.086275 0.674510
0.090196 0.674510
0.094118 0.674510
0.098039 0.674510
0.101961 0.674510
0.105882 0.674510
0.109804 0.674510
0.113725 0.674510
0.117647 0.674510
0.121569 0.674510
0.125490 0.674510
0.129412 0.674510
0.133333 0.674510
0.137255 0.674510
0.141176 0.674510
0.145098 0.674510
0.149020 0.674510
0.152941 0.674510
0.156863 0.674510
0.160784 0.674510
0.164706 0.674510
0.168627 0.674510
0.172549 0.674510
0.176471 0.674510
0.180392 0.674510
0.184314 0.674510
0.188235 0.674510
0.192157 0.674510
0.196078 0.674510
0.200000 0.674510
0.203922 0.674510
0.207843 0.674510
0.211765 0.674510
0.215686 0.674510
0.219608 0.674510
0.223529 0.674510
0.227451 0.674510
0.231373 0.674510
0.235294 0.674510
0.239216 0.674510
0.243137 0.674510
0.247059 0.674510
0.250980 0.674510
0.254902 0.674510
0.258824 0.674510
0.262745 0.674510
0.266667 0.674510
0.270588 0.674510
0.274510 0.674510
0.278431 0.674510
0.282353 0.674510
0.286275 0.674510
0.290196 0.674510
0.294118 0.674510
0.298039 0.674510
0.301961 0.674510
0.305882 0.674510
0.309804 0.674510
0.313726 0.674510
0.317647 0.674510
0.321569 0.674510
0.325490 0.674510
0.329412 0.674510
0.333333 0.674510
0.337255 0.674510
0.341176 0.674510
0.345098 0.674510
0.349020 0.674510
0.352941 0.674510
0.356863 0.674510
0.360784 0.674510
0.364706 0.674510
0.368627 0.674510
0.372549 0.674510
0.376471 0.674510
0.380392 0.674510
0.384314 0.674510
0.388235 0.674510
0.392157 0.674510
0.396078 0.674510
0.400000 0.674510
0.403922 0.674510
0.407843 0.674510
0.411765 0.674510
0.415686 0.674510
0.419608 0.674510
0.423529 0.674510
0.427451 0.674510
0.431373 0.674510
0.435294 0.674510
0.439216 0.674510
0.443137 0.674510
0.447059 0.674510
0.450980 0.674510
0.454902 0.674510
0.458824 0.674510
0.462745 0.674510
0.466667 0.674510
0.470588 0.674510
0.474510 0.674510
0.478431 0.674510
0.482353 0.674510
0.486275 0.674510
0.490196 0.674510
0.494118 0.674510
0.498039 0.674510
0.501961 0.674510
0.505882 0.674510
0.509804 0.674510
0.513726 0.674510
0.517647 0.674510
0.521569 0.674510
0.525490 0.674510
0.529412 0.674510
0.533333 0.674510
0.537255 0.674510
0.541176 0.674510
0.545098 0.674510
0.549020 0.674510
0.552941 0.674510
0.556863 0.674510
0.560784 0.674510
0.564706 0.674510
0.568627 0.674510
0.572549 0.674510
0.576471 0.674510
0.580392 0.674510
0.584314 0.674510
0.588235 0.674510
0.592157 0.674510
0.596078 0.674510
0.600000 0.674510
0.603922 0.674510
0.607843 0.674510
0.611765 0.674510
0.615686 0.674510
0.619608 0.674510
0.623529 0.674510
0.627451 0.674510
0.631373 0.674510
0.635294 0.674510
0.639216 0.674510
0.643137 0.674510
0.647059 0.674510
0.650980 0.674510
0.654902 0.674510
0.658824 0.674510
0.662745 0.674510
0.666667 0.674510
0.670588 0.674510
0.674510 0.674510
0.678431 0.674510
0.682353 0.674510
0.686275 0.674510
0.690196 0.674510
0.694118 0.674510
0.698039 0.674510
0.701961 0.674510
0.705882 0.674510
0.709804 0.674510
0.713726 0.674510
0.717647 0.674510
0.721569 0.674510
0.725490 0.674510
0.729412 0.674510
0.733333 0.674510
0.737255 0.674510
0.741176 0.674510
0.745098 0.674510
0.749020 0.674510
0.752941 0.674510
0.756863 0.674510
0.760784 0.674510
0.764706 0.674510
0.768627 0.674510
0.772549 0.674510
0.776471 0.674510
0.780392 0.674510
0.784314 0.674510
0.788235 0.674510
0.792157 0.674510
0.796078 0.674510
0.800000 0.674510
0.803922 0.674510
0.807843 0.674510
0.811765 0.674510
0.815686 0.674510
0.819608 0.674510
0.823529 0.674510
0.827451 0.674510
0.831373 0.674510
0.835294 0.674510
0.839216 0.674510
0.843137 0.674510
0.847059 0.674510
0.850980 0.674510
0.854902 0.674510
0.858824 0.674510
0.862745 0.674510
0.866667 0.674510
0.870588 0.674510
0.874510 0.674510
0.878431 0.674510
0.882353 0.674510
0.886275 0.674510
0.890196 0.674510
0.894118 0.674510
0.898039 0.674510
0.901961 0.674510
0.905882 0.674510
0.909804 0.674510
0.913725 0.674510
0.917647 0.674510
0.921569 0.674510
0.925490 0.674510
0.929412 0.674510
0.933333 0.674510
0.937255 0.674510
0.941176 0.674510
0.945098 0.674510
0.949020 0.674510
0.952941 0.674510
0.956863 0.674510
0.960784 0.674510
0.964706 0.674510
0.968627 0.674510
0.972549 0.674510
0.976471 0.674510
0.980392 0.674510
0.984314 0.674510
0.988235 0.674510
0.992157 0.674510
0.996078 0.674510
1.000000 0.674510

i = 1730.000000 0.678431
0.003922 0.678431
0.007843 0.678431
0.011765 0.678431
0.015686 0.678431
0.019608 0.678431
0.023529 0.678431
0.027451 0.678431
0.031373 0.678431
0.035294 0.678431
0.039216 0.678431
0.043137 0.678431
0.047059 0.678431
0.050980 0.678431
0.054902 0.678431
0.058824 0.678431
0.062745 0.678431
0.066667 0.678431
0.070588 0.678431
0.074510 0.678431
0.078431 0.678431
0.082353 0.678431
0.086275 0.678431
0.090196 0.678431
0.094118 0.678431
0.098039 0.678431
0.101961 0.678431
0.105882 0.678431
0.109804 0.678431
0.113725 0.678431
0.117647 0.678431
0.121569 0.678431
0.125490 0.678431
0.129412 0.678431
0.133333 0.678431
0.137255 0.678431
0.141176 0.678431
0.145098 0.678431
0.149020 0.678431
0.152941 0.678431
0.156863 0.678431
0.160784 0.678431
0.164706 0.678431
0.168627 0.678431
0.172549 0.678431
0.176471 0.678431
0.180392 0.678431
0.184314 0.678431
0.188235 0.678431
0.192157 0.678431
0.196078 0.678431
0.200000 0.678431
0.203922 0.678431
0.207843 0.678431
0.211765 0.678431
0.215686 0.678431
0.219608 0.678431
0.223529 0.678431
0.227451 0.678431
0.231373 0.678431
0.235294 0.678431
0.239216 0.678431
0.243137 0.678431
0.247059 0.678431
0.250980 0.678431
0.254902 0.678431
0.258824 0.678431
0.262745 0.678431
0.266667 0.678431
0.270588 0.678431
0.274510 0.678431
0.278431 0.678431
0.282353 0.678431
0.286275 0.678431
0.290196 0.678431
0.294118 0.678431
0.298039 0.678431
0.301961 0.678431
0.305882 0.678431
0.309804 0.678431
0.313726 0.678431
0.317647 0.678431
0.321569 0.678431
0.325490 0.678431
0.329412 0.678431
0.333333 0.678431
0.337255 0.678431
0.341176 0.678431
0.345098 0.678431
0.349020 0.678431
0.352941 0.678431
0.356863 0.678431
0.360784 0.678431
0.364706 0.678431
0.368627 0.678431
0.372549 0.678431
0.376471 0.678431
0.380392 0.678431
0.384314 0.678431
0.388235 0.678431
0.392157 0.678431
0.396078 0.678431
0.400000 0.678431
0.403922 0.678431
0.407843 0.678431
0.411765 0.678431
0.415686 0.678431
0.419608 0.678431
0.423529 0.678431
0.427451 0.678431
0.431373 0.678431
0.435294 0.678431
0.439216 0.678431
0.443137 0.678431
0.447059 0.678431
0.450980 0.678431
0.454902 0.678431
0.458824 0.678431
0.462745 0.678431
0.466667 0.678431
0.470588 0.678431
0.474510 0.678431
0.478431 0.678431
0.482353 0.678431
0.486275 0.678431
0.490196 0.678431
0.494118 0.678431
0.498039 0.678431
0.501961 0.678431
0.505882 0.678431
0.509804 0.678431
0.513726 0.678431
0.517647 0.678431
0.521569 0.678431
0.525490 0.678431
0.529412 0.678431
0.533333 0.678431
0.537255 0.678431
0.541176 0.678431
0.545098 0.678431
0.549020 0.678431
0.552941 0.678431
0.556863 0.678431
0.560784 0.678431
0.564706 0.678431
0.568627 0.678431
0.572549 0.678431
0.576471 0.678431
0.580392 0.678431
0.584314 0.678431
0.588235 0.678431
0.592157 0.678431
0.596078 0.678431
0.600000 0.678431
0.603922 0.678431
0.607843 0.678431
0.611765 0.678431
0.615686 0.678431
0.619608 0.678431
0.623529 0.678431
0.627451 0.678431
0.631373 0.678431
0.635294 0.678431
0.639216 0.678431
0.643137 0.678431
0.647059 0.678431
0.650980 0.678431
0.654902 0.678431
0.658824 0.678431
0.662745 0.678431
0.666667 0.678431
0.670588 0.678431
0.674510 0.678431
0.678431 0.678431
0.682353 0.678431
0.686275 0.678431
0.690196 0.678431
0.694118 0.678431
0.698039 0.678431
0.701961 0.678431
0.705882 0.678431
0.709804 0.678431
0.713726 0.678431
0.717647 0.678431
0.721569 0.678431
0.725490 0.678431
0.729412 0.678431
0.733333 0.678431
0.737255 0.678431
0.741176 0.678431
0.745098 0.678431
0.749020 0.678431
0.752941 0.678431
0.756863 0.678431
0.760784 0.678431
0.764706 0.678431
0.768627 0.678431
0.772549 0.678431
0.776471 0.678431
0.780392 0.678431
0.784314 0.678431
0.788235 0.678431
0.792157 0.678431
0.796078 0.678431
0.800000 0.678431
0.803922 0.678431
0.807843 0.678431
0.811765 0.678431
0.815686 0.678431
0.819608 0.678431
0.823529 0.678431
0.827451 0.678431
0.831373 0.678431
0.835294 0.678431
0.839216 0.678431
0.843137 0.678431
0.847059 0.678431
0.850980 0.678431
0.854902 0.678431
0.858824 0.678431
0.862745 0.678431
0.866667 0.678431
0.870588 0.678431
0.874510 0.678431
0.878431 0.678431
0.882353 0.678431
0.886275 0.678431
0.890196 0.678431
0.894118 0.678431
0.898039 0.678431
0.901961 0.678431
0.905882 0.678431
0.909804 0.678431
0.913725 0.678431
0.917647 0.678431
0.921569 0.678431
0.925490 0.678431
0.929412 0.678431
0.933333 0.678431
0.937255 0.678431
0.941176 0.678431
0.945098 0.678431
0.949020 0.678431
0.952941 0.678431
0.956863 0.678431
0.960784 0.678431
0.964706 0.678431
0.968627 0.678431
0.972549 0.678431
0.976471 0.678431
0.980392 0.678431
0.984314 0.678431
0.988235 0.678431
0.992157 0.678431
0.996078 0.678431
1.000000 0.678431

i = 1740.000000 0.682353
0.003922 0.682353
0.007843 0.682353
0.011765 0.682353
0.015686 0.682353
0.019608 0.682353
0.023529 0.682353
0.027451 0.682353
0.031373 0.682353
0.035294 0.682353
0.039216 0.682353
0.043137 0.682353
0.047059 0.682353
0.050980 0.682353
0.054902 0.682353
0.058824 0.682353
0.062745 0.682353
0.066667 0.682353
0.070588 0.682353
0.074510 0.682353
0.078431 0.682353
0.082353 0.682353
0.086275 0.682353
0.090196 0.682353
0.094118 0.682353
0.098039 0.682353
0.101961 0.682353
0.105882 0.682353
0.109804 0.682353
0.113725 0.682353
0.117647 0.682353
0.121569 0.682353
0.125490 0.682353
0.129412 0.682353
0.133333 0.682353
0.137255 0.682353
0.141176 0.682353
0.145098 0.682353
0.149020 0.682353
0.152941 0.682353
0.156863 0.682353
0.160784 0.682353
0.164706 0.682353
0.168627 0.682353
0.172549 0.682353
0.176471 0.682353
0.180392 0.682353
0.184314 0.682353
0.188235 0.682353
0.192157 0.682353
0.196078 0.682353
0.200000 0.682353
0.203922 0.682353
0.207843 0.682353
0.211765 0.682353
0.215686 0.682353
0.219608 0.682353
0.223529 0.682353
0.227451 0.682353
0.231373 0.682353
0.235294 0.682353
0.239216 0.682353
0.243137 0.682353
0.247059 0.682353
0.250980 0.682353
0.254902 0.682353
0.258824 0.682353
0.262745 0.682353
0.266667 0.682353
0.270588 0.682353
0.274510 0.682353
0.278431 0.682353
0.282353 0.682353
0.286275 0.682353
0.290196 0.682353
0.294118 0.682353
0.298039 0.682353
0.301961 0.682353
0.305882 0.682353
0.309804 0.682353
0.313726 0.682353
0.317647 0.682353
0.321569 0.682353
0.325490 0.682353
0.329412 0.682353
0.333333 0.682353
0.337255 0.682353
0.341176 0.682353
0.345098 0.682353
0.349020 0.682353
0.352941 0.682353
0.356863 0.682353
0.360784 0.682353
0.364706 0.682353
0.368627 0.682353
0.372549 0.682353
0.376471 0.682353
0.380392 0.682353
0.384314 0.682353
0.388235 0.682353
0.392157 0.682353
0.396078 0.682353
0.400000 0.682353
0.403922 0.682353
0.407843 0.682353
0.411765 0.682353
0.415686 0.682353
0.419608 0.682353
0.423529 0.682353
0.427451 0.682353
0.431373 0.682353
0.435294 0.682353
0.439216 0.682353
0.443137 0.682353
0.447059 0.682353
0.450980 0.682353
0.454902 0.682353
0.458824 0.682353
0.462745 0.682353
0.466667 0.682353
0.470588 0.682353
0.474510 0.682353
0.478431 0.682353
0.482353 0.682353
0.486275 0.682353
0.490196 0.682353
0.494118 0.682353
0.498039 0.682353
0.501961 0.682353
0.505882 0.682353
0.509804 0.682353
0.513726 0.682353
0.517647 0.682353
0.521569 0.682353
0.525490 0.682353
0.529412 0.682353
0.533333 0.682353
0.537255 0.682353
0.541176 0.682353
0.545098 0.682353
0.549020 0.682353
0.552941 0.682353
0.556863 0.682353
0.560784 0.682353
0.564706 0.682353
0.568627 0.682353
0.572549 0.682353
0.576471 0.682353
0.580392 0.682353
0.584314 0.682353
0.588235 0.682353
0.592157 0.682353
0.596078 0.682353
0.600000 0.682353
0.603922 0.682353
0.607843 0.682353
0.611765 0.682353
0.615686 0.682353
0.619608 0.682353
0.623529 0.682353
0.627451 0.682353
0.631373 0.682353
0.635294 0.682353
0.639216 0.682353
0.643137 0.682353
0.647059 0.682353
0.650980 0.682353
0.654902 0.682353
0.658824 0.682353
0.662745 0.682353
0.666667 0.682353
0.670588 0.682353
0.674510 0.682353
0.678431 0.682353
0.682353 0.682353
0.686275 0.682353
0.690196 0.682353
0.694118 0.682353
0.698039 0.682353
0.701961 0.682353
0.705882 0.682353
0.709804 0.682353
0.713726 0.682353
0.717647 0.682353
0.721569 0.682353
0.725490 0.682353
0.729412 0.682353
0.733333 0.682353
0.737255 0.682353
0.741176 0.682353
0.745098 0.682353
0.749020 0.682353
0.752941 0.682353
0.756863 0.682353
0.760784 0.682353
0.764706 0.682353
0.768627 0.682353
0.772549 0.682353
0.776471 0.682353
0.780392 0.682353
0.784314 0.682353
0.788235 0.682353
0.792157 0.682353
0.796078 0.682353
0.800000 0.682353
0.803922 0.682353
0.807843 0.682353
0.811765 0.682353
0.815686 0.682353
0.819608 0.682353
0.823529 0.682353
0.827451 0.682353
0.831373 0.682353
0.835294 0.682353
0.839216 0.682353
0.843137 0.682353
0.847059 0.682353
0.850980 0.682353
0.854902 0.682353
0.858824 0.682353
0.862745 0.682353
0.866667 0.682353
0.870588 0.682353
0.874510 0.682353
0.878431 0.682353
0.882353 0.682353
0.886275 0.682353
0.890196 0.682353
0.894118 0.682353
0.898039 0.682353
0.901961 0.682353
0.905882 0.682353
0.909804 0.682353
0.913725 0.682353
0.917647 0.682353
0.921569 0.682353
0.925490 0.682353
0.929412 0.682353
0.933333 0.682353
0.937255 0.682353
0.941176 0.682353
0.945098 0.682353
0.949020 0.682353
0.952941 0.682353
0.956863 0.682353
0.960784 0.682353
0.964706 0.682353
0.968627 0.682353
0.972549 0.682353
0.976471 0.682353
0.980392 0.682353
0.984314 0.682353
0.988235 0.682353
0.992157 0.682353
0.996078 0.682353
1.000000 0.682353

i = 1750.000000 0.686275
0.003922 0.686275
0.007843 0.686275
0.011765 0.686275
0.015686 0.686275
0.019608 0.686275
0.023529 0.686275
0.027451 0.686275
0.031373 0.686275
0.035294 0.686275
0.039216 0.686275
0.043137 0.686275
0.047059 0.686275
0.050980 0.686275
0.054902 0.686275
0.058824 0.686275
0.062745 0.686275
0.066667 0.686275
0.070588 0.686275
0.074510 0.686275
0.078431 0.686275
0.082353 0.686275
0.086275 0.686275
0.090196 0.686275
0.094118 0.686275
0.098039 0.686275
0.101961 0.686275
0.105882 0.686275
0.109804 0.686275
0.113725 0.686275
0.117647 0.686275
0.121569 0.686275
0.125490 0.686275
0.129412 0.686275
0.133333 0.686275
0.137255 0.686275
0.141176 0.686275
0.145098 0.686275
0.149020 0.686275
0.152941 0.686275
0.156863 0.686275
0.160784 0.686275
0.164706 0.686275
0.168627 0.686275
0.172549 0.686275
0.176471 0.686275
0.180392 0.686275
0.184314 0.686275
0.188235 0.686275
0.192157 0.686275
0.196078 0.686275
0.200000 0.686275
0.203922 0.686275
0.207843 0.686275
0.211765 0.686275
0.215686 0.686275
0.219608 0.686275
0.223529 0.686275
0.227451 0.686275
0.231373 0.686275
0.235294 0.686275
0.239216 0.686275
0.243137 0.686275
0.247059 0.686275
0.250980 0.686275
0.254902 0.686275
0.258824 0.686275
0.262745 0.686275
0.266667 0.686275
0.270588 0.686275
0.274510 0.686275
0.278431 0.686275
0.282353 0.686275
0.286275 0.686275
0.290196 0.686275
0.294118 0.686275
0.298039 0.686275
0.301961 0.686275
0.305882 0.686275
0.309804 0.686275
0.313726 0.686275
0.317647 0.686275
0.321569 0.686275
0.325490 0.686275
0.329412 0.686275
0.333333 0.686275
0.337255 0.686275
0.341176 0.686275
0.345098 0.686275
0.349020 0.686275
0.352941 0.686275
0.356863 0.686275
0.360784 0.686275
0.364706 0.686275
0.368627 0.686275
0.372549 0.686275
0.376471 0.686275
0.380392 0.686275
0.384314 0.686275
0.388235 0.686275
0.392157 0.686275
0.396078 0.686275
0.400000 0.686275
0.403922 0.686275
0.407843 0.686275
0.411765 0.686275
0.415686 0.686275
0.419608 0.686275
0.423529 0.686275
0.427451 0.686275
0.431373 0.686275
0.435294 0.686275
0.439216 0.686275
0.443137 0.686275
0.447059 0.686275
0.450980 0.686275
0.454902 0.686275
0.458824 0.686275
0.462745 0.686275
0.466667 0.686275
0.470588 0.686275
0.474510 0.686275
0.478431 0.686275
0.482353 0.686275
0.486275 0.686275
0.490196 0.686275
0.494118 0.686275
0.498039 0.686275
0.501961 0.686275
0.505882 0.686275
0.509804 0.686275
0.513726 0.686275
0.517647 0.686275
0.521569 0.686275
0.525490 0.686275
0.529412 0.686275
0.533333 0.686275
0.537255 0.686275
0.541176 0.686275
0.545098 0.686275
0.549020 0.686275
0.552941 0.686275
0.556863 0.686275
0.560784 0.686275
0.564706 0.686275
0.568627 0.686275
0.572549 0.686275
0.576471 0.686275
0.580392 0.686275
0.584314 0.686275
0.588235 0.686275
0.592157 0.686275
0.596078 0.686275
0.600000 0.686275
0.603922 0.686275
0.607843 0.686275
0.611765 0.686275
0.615686 0.686275
0.619608 0.686275
0.623529 0.686275
0.627451 0.686275
0.631373 0.686275
0.635294 0.686275
0.639216 0.686275
0.643137 0.686275
0.647059 0.686275
0.650980 0.686275
0.654902 0.686275
0.658824 0.686275
0.662745 0.686275
0.666667 0.686275
0.670588 0.686275
0.674510 0.686275
0.678431 0.686275
0.682353 0.686275
0.686275 0.686275
0.690196 0.686275
0.694118 0.686275
0.698039 0.686275
0.701961 0.686275
0.705882 0.686275
0.709804 0.686275
0.713726 0.686275
0.717647 0.686275
0.721569 0.686275
0.725490 0.686275
0.729412 0.686275
0.733333 0.686275
0.737255 0.686275
0.741176 0.686275
0.745098 0.686275
0.749020 0.686275
0.752941 0.686275
0.756863 0.686275
0.760784 0.686275
0.764706 0.686275
0.768627 0.686275
0.772549 0.686275
0.776471 0.686275
0.780392 0.686275
0.784314 0.686275
0.788235 0.686275
0.792157 0.686275
0.796078 0.686275
0.800000 0.686275
0.803922 0.686275
0.807843 0.686275
0.811765 0.686275
0.815686 0.686275
0.819608 0.686275
0.823529 0.686275
0.827451 0.686275
0.831373 0.686275
0.835294 0.686275
0.839216 0.686275
0.843137 0.686275
0.847059 0.686275
0.850980 0.686275
0.854902 0.686275
0.858824 0.686275
0.862745 0.686275
0.866667 0.686275
0.870588 0.686275
0.874510 0.686275
0.878431 0.686275
0.882353 0.686275
0.886275 0.686275
0.890196 0.686275
0.894118 0.686275
0.898039 0.686275
0.901961 0.686275
0.905882 0.686275
0.909804 0.686275
0.913725 0.686275
0.917647 0.686275
0.921569 0.686275
0.925490 0.686275
0.929412 0.686275
0.933333 0.686275
0.937255 0.686275
0.941176 0.686275
0.945098 0.686275
0.949020 0.686275
0.952941 0.686275
0.956863 0.686275
0.960784 0.686275
0.964706 0.686275
0.968627 0.686275
0.972549 0.686275
0.976471 0.686275
0.980392 0.686275
0.984314 0.686275
0.988235 0.686275
0.992157 0.686275
0.996078 0.686275
1.000000 0.686275

i = 1760.000000 0.690196
0.003922 0.690196
0.007843 0.690196
0.011765 0.690196
0.015686 0.690196
0.019608 0.690196
0.023529 0.690196
0.027451 0.690196
0.031373 0.690196
0.035294 0.690196
0.039216 0.690196
0.043137 0.690196
0.047059 0.690196
0.050980 0.690196
0.054902 0.690196
0.058824 0.690196
0.062745 0.690196
0.066667 0.690196
0.070588 0.690196
0.074510 0.690196
0.078431 0.690196
0.082353 0.690196
0.086275 0.690196
0.090196 0.690196
0.094118 0.690196
0.098039 0.690196
0.101961 0.690196
0.105882 0.690196
0.109804 0.690196
0.113725 0.690196
0.117647 0.690196
0.121569 0.690196
0.125490 0.690196
0.129412 0.690196
0.133333 0.690196
0.137255 0.690196
0.141176 0.690196
0.145098 0.690196
0.149020 0.690196
0.152941 0.690196
0.156863 0.690196
0.160784 0.690196
0.164706 0.690196
0.168627 0.690196
0.172549 0.690196
0.176471 0.690196
0.180392 0.690196
0.184314 0.690196
0.188235 0.690196
0.192157 0.690196
0.196078 0.690196
0.200000 0.690196
0.203922 0.690196
0.207843 0.690196
0.211765 0.690196
0.215686 0.690196
0.219608 0.690196
0.223529 0.690196
0.227451 0.690196
0.231373 0.690196
0.235294 0.690196
0.239216 0.690196
0.243137 0.690196
0.247059 0.690196
0.250980 0.690196
0.254902 0.690196
0.258824 0.690196
0.262745 0.690196
0.266667 0.690196
0.270588 0.690196
0.274510 0.690196
0.278431 0.690196
0.282353 0.690196
0.286275 0.690196
0.290196 0.690196
0.294118 0.690196
0.298039 0.690196
0.301961 0.690196
0.305882 0.690196
0.309804 0.690196
0.313726 0.690196
0.317647 0.690196
0.321569 0.690196
0.325490 0.690196
0.329412 0.690196
0.333333 0.690196
0.337255 0.690196
0.341176 0.690196
0.345098 0.690196
0.349020 0.690196
0.352941 0.690196
0.356863 0.690196
0.360784 0.690196
0.364706 0.690196
0.368627 0.690196
0.372549 0.690196
0.376471 0.690196
0.380392 0.690196
0.384314 0.690196
0.388235 0.690196
0.392157 0.690196
0.396078 0.690196
0.400000 0.690196
0.403922 0.690196
0.407843 0.690196
0.411765 0.690196
0.415686 0.690196
0.419608 0.690196
0.423529 0.690196
0.427451 0.690196
0.431373 0.690196
0.435294 0.690196
0.439216 0.690196
0.443137 0.690196
0.447059 0.690196
0.450980 0.690196
0.454902 0.690196
0.458824 0.690196
0.462745 0.690196
0.466667 0.690196
0.470588 0.690196
0.474510 0.690196
0.478431 0.690196
0.482353 0.690196
0.486275 0.690196
0.490196 0.690196
0.494118 0.690196
0.498039 0.690196
0.501961 0.690196
0.505882 0.690196
0.509804 0.690196
0.513726 0.690196
0.517647 0.690196
0.521569 0.690196
0.525490 0.690196
0.529412 0.690196
0.533333 0.690196
0.537255 0.690196
0.541176 0.690196
0.545098 0.690196
0.549020 0.690196
0.552941 0.690196
0.556863 0.690196
0.560784 0.690196
0.564706 0.690196
0.568627 0.690196
0.572549 0.690196
0.576471 0.690196
0.580392 0.690196
0.584314 0.690196
0.588235 0.690196
0.592157 0.690196
0.596078 0.690196
0.600000 0.690196
0.603922 0.690196
0.607843 0.690196
0.611765 0.690196
0.615686 0.690196
0.619608 0.690196
0.623529 0.690196
0.627451 0.690196
0.631373 0.690196
0.635294 0.690196
0.639216 0.690196
0.643137 0.690196
0.647059 0.690196
0.650980 0.690196
0.654902 0.690196
0.658824 0.690196
0.662745 0.690196
0.666667 0.690196
0.670588 0.690196
0.674510 0.690196
0.678431 0.690196
0.682353 0.690196
0.686275 0.690196
0.690196 0.690196
0.694118 0.690196
0.698039 0.690196
0.701961 0.690196
0.705882 0.690196
0.709804 0.690196
0.713726 0.690196
0.717647 0.690196
0.721569 0.690196
0.725490 0.690196
0.729412 0.690196
0.733333 0.690196
0.737255 0.690196
0.741176 0.690196
0.745098 0.690196
0.749020 0.690196
0.752941 0.690196
0.756863 0.690196
0.760784 0.690196
0.764706 0.690196
0.768627 0.690196
0.772549 0.690196
0.776471 0.690196
0.780392 0.690196
0.784314 0.690196
0.788235 0.690196
0.792157 0.690196
0.796078 0.690196
0.800000 0.690196
0.803922 0.690196
0.807843 0.690196
0.811765 0.690196
0.815686 0.690196
0.819608 0.690196
0.823529 0.690196
0.827451 0.690196
0.831373 0.690196
0.835294 0.690196
0.839216 0.690196
0.843137 0.690196
0.847059 0.690196
0.850980 0.690196
0.854902 0.690196
0.858824 0.690196
0.862745 0.690196
0.866667 0.690196
0.870588 0.690196
0.874510 0.690196
0.878431 0.690196
0.882353 0.690196
0.886275 0.690196
0.890196 0.690196
0.894118 0.690196
0.898039 0.690196
0.901961 0.690196
0.905882 0.690196
0.909804 0.690196
0.913725 0.690196
0.917647 0.690196
0.921569 0.690196
0.925490 0.690196
0.929412 0.690196
0.933333 0.690196
0.937255 0.690196
0.941176 0.690196
0.945098 0.690196
0.949020 0.690196
0.952941 0.690196
0.956863 0.690196
0.960784 0.690196
0.964706 0.690196
0.968627 0.690196
0.972549 0.690196
0.976471 0.690196
0.980392 0.690196
0.984314 0.690196
0.988235 0.690196
0.992157 0.690196
0.996078 0.690196
1.000000 0.690196

i = 1770.000000 0.694118
0.003922 0.694118
0.007843 0.694118
0.011765 0.694118
0.015686 0.694118
0.019608 0.694118
0.023529 0.694118
0.027451 0.694118
0.031373 0.694118
0.035294 0.694118
0.039216 0.694118
0.043137 0.694118
0.047059 0.694118
0.050980 0.694118
0.054902 0.694118
0.058824 0.694118
0.062745 0.694118
0.066667 0.694118
0.070588 0.694118
0.074510 0.694118
0.078431 0.694118
0.082353 0.694118
0.086275 0.694118
0.090196 0.694118
0.094118 0.694118
0.098039 0.694118
0.101961 0.694118
0.105882 0.694118
0.109804 0.694118
0.113725 0.694118
0.117647 0.694118
0.121569 0.694118
0.125490 0.694118
0.129412 0.694118
0.133333 0.694118
0.137255 0.694118
0.141176 0.694118
0.145098 0.694118
0.149020 0.694118
0.152941 0.694118
0.156863 0.694118
0.160784 0.694118
0.164706 0.694118
0.168627 0.694118
0.172549 0.694118
0.176471 0.694118
0.180392 0.694118
0.184314 0.694118
0.188235 0.694118
0.192157 0.694118
0.196078 0.694118
0.200000 0.694118
0.203922 0.694118
0.207843 0.694118
0.211765 0.694118
0.215686 0.694118
0.219608 0.694118
0.223529 0.694118
0.227451 0.694118
0.231373 0.694118
0.235294 0.694118
0.239216 0.694118
0.243137 0.694118
0.247059 0.694118
0.250980 0.694118
0.254902 0.694118
0.258824 0.694118
0.262745 0.694118
0.266667 0.694118
0.270588 0.694118
0.274510 0.694118
0.278431 0.694118
0.282353 0.694118
0.286275 0.694118
0.290196 0.694118
0.294118 0.694118
0.298039 0.694118
0.301961 0.694118
0.305882 0.694118
0.309804 0.694118
0.313726 0.694118
0.317647 0.694118
0.321569 0.694118
0.325490 0.694118
0.329412 0.694118
0.333333 0.694118
0.337255 0.694118
0.341176 0.694118
0.345098 0.694118
0.349020 0.694118
0.352941 0.694118
0.356863 0.694118
0.360784 0.694118
0.364706 0.694118
0.368627 0.694118
0.372549 0.694118
0.376471 0.694118
0.380392 0.694118
0.384314 0.694118
0.388235 0.694118
0.392157 0.694118
0.396078 0.694118
0.400000 0.694118
0.403922 0.694118
0.407843 0.694118
0.411765 0.694118
0.415686 0.694118
0.419608 0.694118
0.423529 0.694118
0.427451 0.694118
0.431373 0.694118
0.435294 0.694118
0.439216 0.694118
0.443137 0.694118
0.447059 0.694118
0.450980 0.694118
0.454902 0.694118
0.458824 0.694118
0.462745 0.694118
0.466667 0.694118
0.470588 0.694118
0.474510 0.694118
0.478431 0.694118
0.482353 0.694118
0.486275 0.694118
0.490196 0.694118
0.494118 0.694118
0.498039 0.694118
0.501961 0.694118
0.505882 0.694118
0.509804 0.694118
0.513726 0.694118
0.517647 0.694118
0.521569 0.694118
0.525490 0.694118
0.529412 0.694118
0.533333 0.694118
0.537255 0.694118
0.541176 0.694118
0.545098 0.694118
0.549020 0.694118
0.552941 0.694118
0.556863 0.694118
0.560784 0.694118
0.564706 0.694118
0.568627 0.694118
0.572549 0.694118
0.576471 0.694118
0.580392 0.694118
0.584314 0.694118
0.588235 0.694118
0.592157 0.694118
0.596078 0.694118
0.600000 0.694118
0.603922 0.694118
0.607843 0.694118
0.611765 0.694118
0.615686 0.694118
0.619608 0.694118
0.623529 0.694118
0.627451 0.694118
0.631373 0.694118
0.635294 0.694118
0.639216 0.694118
0.643137 0.694118
0.647059 0.694118
0.650980 0.694118
0.654902 0.694118
0.658824 0.694118
0.662745 0.694118
0.666667 0.694118
0.670588 0.694118
0.674510 0.694118
0.678431 0.694118
0.682353 0.694118
0.686275 0.694118
0.690196 0.694118
0.694118 0.694118
0.698039 0.694118
0.701961 0.694118
0.705882 0.694118
0.709804 0.694118
0.713726 0.694118
0.717647 0.694118
0.721569 0.694118
0.725490 0.694118
0.729412 0.694118
0.733333 0.694118
0.737255 0.694118
0.741176 0.694118
0.745098 0.694118
0.749020 0.694118
0.752941 0.694118
0.756863 0.694118
0.760784 0.694118
0.764706 0.694118
0.768627 0.694118
0.772549 0.694118
0.776471 0.694118
0.780392 0.694118
0.784314 0.694118
0.788235 0.694118
0.792157 0.694118
0.796078 0.694118
0.800000 0.694118
0.803922 0.694118
0.807843 0.694118
0.811765 0.694118
0.815686 0.694118
0.819608 0.694118
0.823529 0.694118
0.827451 0.694118
0.831373 0.694118
0.835294 0.694118
0.839216 0.694118
0.843137 0.694118
0.847059 0.694118
0.850980 0.694118
0.854902 0.694118
0.858824 0.694118
0.862745 0.694118
0.866667 0.694118
0.870588 0.694118
0.874510 0.694118
0.878431 0.694118
0.882353 0.694118
0.886275 0.694118
0.890196 0.694118
0.894118 0.694118
0.898039 0.694118
0.901961 0.694118
0.905882 0.694118
0.909804 0.694118
0.913725 0.694118
0.917647 0.694118
0.921569 0.694118
0.925490 0.694118
0.929412 0.694118
0.933333 0.694118
0.937255 0.694118
0.941176 0.694118
0.945098 0.694118
0.949020 0.694118
0.952941 0.694118
0.956863 0.694118
0.960784 0.694118
0.964706 0.694118
0.968627 0.694118
0.972549 0.694118
0.976471 0.694118
0.980392 0.694118
0.984314 0.694118
0.988235 0.694118
0.992157 0.694118
0.996078 0.694118
1.000000 0.694118

i = 1780.000000 0.698039
0.003922 0.698039
0.007843 0.698039
0.011765 0.698039
0.015686 0.698039
0.019608 0.698039
0.023529 0.698039
0.027451 0.698039
0.031373 0.698039
0.035294 0.698039
0.039216 0.698039
0.043137 0.698039
0.047059 0.698039
0.050980 0.698039
0.054902 0.698039
0.058824 0.698039
0.062745 0.698039
0.066667 0.698039
0.070588 0.698039
0.074510 0.698039
0.078431 0.698039
0.082353 0.698039
0.086275 0.698039
0.090196 0.698039
0.094118 0.698039
0.098039 0.698039
0.101961 0.698039
0.105882 0.698039
0.109804 0.698039
0.113725 0.698039
0.117647 0.698039
0.121569 0.698039
0.125490 0.698039
0.129412 0.698039
0.133333 0.698039
0.137255 0.698039
0.141176 0.698039
0.145098 0.698039
0.149020 0.698039
0.152941 0.698039
0.156863 0.698039
0.160784 0.698039
0.164706 0.698039
0.168627 0.698039
0.172549 0.698039
0.176471 0.698039
0.180392 0.698039
0.184314 0.698039
0.188235 0.698039
0.192157 0.698039
0.196078 0.698039
0.200000 0.698039
0.203922 0.698039
0.207843 0.698039
0.211765 0.698039
0.215686 0.698039
0.219608 0.698039
0.223529 0.698039
0.227451 0.698039
0.231373 0.698039
0.235294 0.698039
0.239216 0.698039
0.243137 0.698039
0.247059 0.698039
0.250980 0.698039
0.254902 0.698039
0.258824 0.698039
0.262745 0.698039
0.266667 0.698039
0.270588 0.698039
0.274510 0.698039
0.278431 0.698039
0.282353 0.698039
0.286275 0.698039
0.290196 0.698039
0.294118 0.698039
0.298039 0.698039
0.301961 0.698039
0.305882 0.698039
0.309804 0.698039
0.313726 0.698039
0.317647 0.698039
0.321569 0.698039
0.325490 0.698039
0.329412 0.698039
0.333333 0.698039
0.337255 0.698039
0.341176 0.698039
0.345098 0.698039
0.349020 0.698039
0.352941 0.698039
0.356863 0.698039
0.360784 0.698039
0.364706 0.698039
0.368627 0.698039
0.372549 0.698039
0.376471 0.698039
0.380392 0.698039
0.384314 0.698039
0.388235 0.698039
0.392157 0.698039
0.396078 0.698039
0.400000 0.698039
0.403922 0.698039
0.407843 0.698039
0.411765 0.698039
0.415686 0.698039
0.419608 0.698039
0.423529 0.698039
0.427451 0.698039
0.431373 0.698039
0.435294 0.698039
0.439216 0.698039
0.443137 0.698039
0.447059 0.698039
0.450980 0.698039
0.454902 0.698039
0.458824 0.698039
0.462745 0.698039
0.466667 0.698039
0.470588 0.698039
0.474510 0.698039
0.478431 0.698039
0.482353 0.698039
0.486275 0.698039
0.490196 0.698039
0.494118 0.698039
0.498039 0.698039
0.501961 0.698039
0.505882 0.698039
0.509804 0.698039
0.513726 0.698039
0.517647 0.698039
0.521569 0.698039
0.525490 0.698039
0.529412 0.698039
0.533333 0.698039
0.537255 0.698039
0.541176 0.698039
0.545098 0.698039
0.549020 0.698039
0.552941 0.698039
0.556863 0.698039
0.560784 0.698039
0.564706 0.698039
0.568627 0.698039
0.572549 0.698039
0.576471 0.698039
0.580392 0.698039
0.584314 0.698039
0.588235 0.698039
0.592157 0.698039
0.596078 0.698039
0.600000 0.698039
0.603922 0.698039
0.607843 0.698039
0.611765 0.698039
0.615686 0.698039
0.619608 0.698039
0.623529 0.698039
0.627451 0.698039
0.631373 0.698039
0.635294 0.698039
0.639216 0.698039
0.643137 0.698039
0.647059 0.698039
0.650980 0.698039
0.654902 0.698039
0.658824 0.698039
0.662745 0.698039
0.666667 0.698039
0.670588 0.698039
0.674510 0.698039
0.678431 0.698039
0.682353 0.698039
0.686275 0.698039
0.690196 0.698039
0.694118 0.698039
0.698039 0.698039
0.701961 0.698039
0.705882 0.698039
0.709804 0.698039
0.713726 0.698039
0.717647 0.698039
0.721569 0.698039
0.725490 0.698039
0.729412 0.698039
0.733333 0.698039
0.737255 0.698039
0.741176 0.698039
0.745098 0.698039
0.749020 0.698039
0.752941 0.698039
0.756863 0.698039
0.760784 0.698039
0.764706 0.698039
0.768627 0.698039
0.772549 0.698039
0.776471 0.698039
0.780392 0.698039
0.784314 0.698039
0.788235 0.698039
0.792157 0.698039
0.796078 0.698039
0.800000 0.698039
0.803922 0.698039
0.807843 0.698039
0.811765 0.698039
0.815686 0.698039
0.819608 0.698039
0.823529 0.698039
0.827451 0.698039
0.831373 0.698039
0.835294 0.698039
0.839216 0.698039
0.843137 0.698039
0.847059 0.698039
0.850980 0.698039
0.854902 0.698039
0.858824 0.698039
0.862745 0.698039
0.866667 0.698039
0.870588 0.698039
0.874510 0.698039
0.878431 0.698039
0.882353 0.698039
0.886275 0.698039
0.890196 0.698039
0.894118 0.698039
0.898039 0.698039
0.901961 0.698039
0.905882 0.698039
0.909804 0.698039
0.913725 0.698039
0.917647 0.698039
0.921569 0.698039
0.925490 0.698039
0.929412 0.698039
0.933333 0.698039
0.937255 0.698039
0.941176 0.698039
0.945098 0.698039
0.949020 0.698039
0.952941 0.698039
0.956863 0.698039
0.960784 0.698039
0.964706 0.698039
0.968627 0.698039
0.972549 0.698039
0.976471 0.698039
0.980392 0.698039
0.984314 0.698039
0.988235 0.698039
0.992157 0.698039
0.996078 0.698039
1.000000 0.698039

i = 1790.000000 0.701961
0.003922 0.701961
0.007843 0.701961
0.011765 0.701961
0.015686 0.701961
0.019608 0.701961
0.023529 0.701961
0.027451 0.701961
0.031373 0.701961
0.035294 0.701961
0.039216 0.701961
0.043137 0.701961
0.047059 0.701961
0.050980 0.701961
0.054902 0.701961
0.058824 0.701961
0.062745 0.701961
0.066667 0.701961
0.070588 0.701961
0.074510 0.701961
0.078431 0.701961
0.082353 0.701961
0.086275 0.701961
0.090196 0.701961
0.094118 0.701961
0.098039 0.701961
0.101961 0.701961
0.105882 0.701961
0.109804 0.701961
0.113725 0.701961
0.117647 0.701961
0.121569 0.701961
0.125490 0.701961
0.129412 0.701961
0.133333 0.701961
0.137255 0.701961
0.141176 0.701961
0.145098 0.701961
0.149020 0.701961
0.152941 0.701961
0.156863 0.701961
0.160784 0.701961
0.164706 0.701961
0.168627 0.701961
0.172549 0.701961
0.176471 0.701961
0.180392 0.701961
0.184314 0.701961
0.188235 0.701961
0.192157 0.701961
0.196078 0.701961
0.200000 0.701961
0.203922 0.701961
0.207843 0.701961
0.211765 0.701961
0.215686 0.701961
0.219608 0.701961
0.223529 0.701961
0.227451 0.701961
0.231373 0.701961
0.235294 0.701961
0.239216 0.701961
0.243137 0.701961
0.247059 0.701961
0.250980 0.701961
0.254902 0.701961
0.258824 0.701961
0.262745 0.701961
0.266667 0.701961
0.270588 0.701961
0.274510 0.701961
0.278431 0.701961
0.282353 0.701961
0.286275 0.701961
0.290196 0.701961
0.294118 0.701961
0.298039 0.701961
0.301961 0.701961
0.305882 0.701961
0.309804 0.701961
0.313726 0.701961
0.317647 0.701961
0.321569 0.701961
0.325490 0.701961
0.329412 0.701961
0.333333 0.701961
0.337255 0.701961
0.341176 0.701961
0.345098 0.701961
0.349020 0.701961
0.352941 0.701961
0.356863 0.701961
0.360784 0.701961
0.364706 0.701961
0.368627 0.701961
0.372549 0.701961
0.376471 0.701961
0.380392 0.701961
0.384314 0.701961
0.388235 0.701961
0.392157 0.701961
0.396078 0.701961
0.400000 0.701961
0.403922 0.701961
0.407843 0.701961
0.411765 0.701961
0.415686 0.701961
0.419608 0.701961
0.423529 0.701961
0.427451 0.701961
0.431373 0.701961
0.435294 0.701961
0.439216 0.701961
0.443137 0.701961
0.447059 0.701961
0.450980 0.701961
0.454902 0.701961
0.458824 0.701961
0.462745 0.701961
0.466667 0.701961
0.470588 0.701961
0.474510 0.701961
0.478431 0.701961
0.482353 0.701961
0.486275 0.701961
0.490196 0.701961
0.494118 0.701961
0.498039 0.701961
0.501961 0.701961
0.505882 0.701961
0.509804 0.701961
0.513726 0.701961
0.517647 0.701961
0.521569 0.701961
0.525490 0.701961
0.529412 0.701961
0.533333 0.701961
0.537255 0.701961
0.541176 0.701961
0.545098 0.701961
0.549020 0.701961
0.552941 0.701961
0.556863 0.701961
0.560784 0.701961
0.564706 0.701961
0.568627 0.701961
0.572549 0.701961
0.576471 0.701961
0.580392 0.701961
0.584314 0.701961
0.588235 0.701961
0.592157 0.701961
0.596078 0.701961
0.600000 0.701961
0.603922 0.701961
0.607843 0.701961
0.611765 0.701961
0.615686 0.701961
0.619608 0.701961
0.623529 0.701961
0.627451 0.701961
0.631373 0.701961
0.635294 0.701961
0.639216 0.701961
0.643137 0.701961
0.647059 0.701961
0.650980 0.701961
0.654902 0.701961
0.658824 0.701961
0.662745 0.701961
0.666667 0.701961
0.670588 0.701961
0.674510 0.701961
0.678431 0.701961
0.682353 0.701961
0.686275 0.701961
0.690196 0.701961
0.694118 0.701961
0.698039 0.701961
0.701961 0.701961
0.705882 0.701961
0.709804 0.701961
0.713726 0.701961
0.717647 0.701961
0.721569 0.701961
0.725490 0.701961
0.729412 0.701961
0.733333 0.701961
0.737255 0.701961
0.741176 0.701961
0.745098 0.701961
0.749020 0.701961
0.752941 0.701961
0.756863 0.701961
0.760784 0.701961
0.764706 0.701961
0.768627 0.701961
0.772549 0.701961
0.776471 0.701961
0.780392 0.701961
0.784314 0.701961
0.788235 0.701961
0.792157 0.701961
0.796078 0.701961
0.800000 0.701961
0.803922 0.701961
0.807843 0.701961
0.811765 0.701961
0.815686 0.701961
0.819608 0.701961
0.823529 0.701961
0.827451 0.701961
0.831373 0.701961
0.835294 0.701961
0.839216 0.701961
0.843137 0.701961
0.847059 0.701961
0.850980 0.701961
0.854902 0.701961
0.858824 0.701961
0.862745 0.701961
0.866667 0.701961
0.870588 0.701961
0.874510 0.701961
0.878431 0.701961
0.882353 0.701961
0.886275 0.701961
0.890196 0.701961
0.894118 0.701961
0.898039 0.701961
0.901961 0.701961
0.905882 0.701961
0.909804 0.701961
0.913725 0.701961
0.917647 0.701961
0.921569 0.701961
0.925490 0.701961
0.929412 0.701961
0.933333 0.701961
0.937255 0.701961
0.941176 0.701961
0.945098 0.701961
0.949020 0.701961
0.952941 0.701961
0.956863 0.701961
0.960784 0.701961
0.964706 0.701961
0.968627 0.701961
0.972549 0.701961
0.976471 0.701961
0.980392 0.701961
0.984314 0.701961
0.988235 0.701961
0.992157 0.701961
0.996078 0.701961
1.000000 0.701961

i = 1800.000000 0.705882
0.003922 0.705882
0.007843 0.705882
0.011765 0.705882
0.015686 0.705882
0.019608 0.705882
0.023529 0.705882
0.027451 0.705882
0.031373 0.705882
0.035294 0.705882
0.039216 0.705882
0.043137 0.705882
0.047059 0.705882
0.050980 0.705882
0.054902 0.705882
0.058824 0.705882
0.062745 0.705882
0.066667 0.705882
0.070588 0.705882
0.074510 0.705882
0.078431 0.705882
0.082353 0.705882
0.086275 0.705882
0.090196 0.705882
0.094118 0.705882
0.098039 0.705882
0.101961 0.705882
0.105882 0.705882
0.109804 0.705882
0.113725 0.705882
0.117647 0.705882
0.121569 0.705882
0.125490 0.705882
0.129412 0.705882
0.133333 0.705882
0.137255 0.705882
0.141176 0.705882
0.145098 0.705882
0.149020 0.705882
0.152941 0.705882
0.156863 0.705882
0.160784 0.705882
0.164706 0.705882
0.168627 0.705882
0.172549 0.705882
0.176471 0.705882
0.180392 0.705882
0.184314 0.705882
0.188235 0.705882
0.192157 0.705882
0.196078 0.705882
0.200000 0.705882
0.203922 0.705882
0.207843 0.705882
0.211765 0.705882
0.215686 0.705882
0.219608 0.705882
0.223529 0.705882
0.227451 0.705882
0.231373 0.705882
0.235294 0.705882
0.239216 0.705882
0.243137 0.705882
0.247059 0.705882
0.250980 0.705882
0.254902 0.705882
0.258824 0.705882
0.262745 0.705882
0.266667 0.705882
0.270588 0.705882
0.274510 0.705882
0.278431 0.705882
0.282353 0.705882
0.286275 0.705882
0.290196 0.705882
0.294118 0.705882
0.298039 0.705882
0.301961 0.705882
0.305882 0.705882
0.309804 0.705882
0.313726 0.705882
0.317647 0.705882
0.321569 0.705882
0.325490 0.705882
0.329412 0.705882
0.333333 0.705882
0.337255 0.705882
0.341176 0.705882
0.345098 0.705882
0.349020 0.705882
0.352941 0.705882
0.356863 0.705882
0.360784 0.705882
0.364706 0.705882
0.368627 0.705882
0.372549 0.705882
0.376471 0.705882
0.380392 0.705882
0.384314 0.705882
0.388235 0.705882
0.392157 0.705882
0.396078 0.705882
0.400000 0.705882
0.403922 0.705882
0.407843 0.705882
0.411765 0.705882
0.415686 0.705882
0.419608 0.705882
0.423529 0.705882
0.427451 0.705882
0.431373 0.705882
0.435294 0.705882
0.439216 0.705882
0.443137 0.705882
0.447059 0.705882
0.450980 0.705882
0.454902 0.705882
0.458824 0.705882
0.462745 0.705882
0.466667 0.705882
0.470588 0.705882
0.474510 0.705882
0.478431 0.705882
0.482353 0.705882
0.486275 0.705882
0.490196 0.705882
0.494118 0.705882
0.498039 0.705882
0.501961 0.705882
0.505882 0.705882
0.509804 0.705882
0.513726 0.705882
0.517647 0.705882
0.521569 0.705882
0.525490 0.705882
0.529412 0.705882
0.533333 0.705882
0.537255 0.705882
0.541176 0.705882
0.545098 0.705882
0.549020 0.705882
0.552941 0.705882
0.556863 0.705882
0.560784 0.705882
0.564706 0.705882
0.568627 0.705882
0.572549 0.705882
0.576471 0.705882
0.580392 0.705882
0.584314 0.705882
0.588235 0.705882
0.592157 0.705882
0.596078 0.705882
0.600000 0.705882
0.603922 0.705882
0.607843 0.705882
0.611765 0.705882
0.615686 0.705882
0.619608 0.705882
0.623529 0.705882
0.627451 0.705882
0.631373 0.705882
0.635294 0.705882
0.639216 0.705882
0.643137 0.705882
0.647059 0.705882
0.650980 0.705882
0.654902 0.705882
0.658824 0.705882
0.662745 0.705882
0.666667 0.705882
0.670588 0.705882
0.674510 0.705882
0.678431 0.705882
0.682353 0.705882
0.686275 0.705882
0.690196 0.705882
0.694118 0.705882
0.698039 0.705882
0.701961 0.705882
0.705882 0.705882
0.709804 0.705882
0.713726 0.705882
0.717647 0.705882
0.721569 0.705882
0.725490 0.705882
0.729412 0.705882
0.733333 0.705882
0.737255 0.705882
0.741176 0.705882
0.745098 0.705882
0.749020 0.705882
0.752941 0.705882
0.756863 0.705882
0.760784 0.705882
0.764706 0.705882
0.768627 0.705882
0.772549 0.705882
0.776471 0.705882
0.780392 0.705882
0.784314 0.705882
0.788235 0.705882
0.792157 0.705882
0.796078 0.705882
0.800000 0.705882
0.803922 0.705882
0.807843 0.705882
0.811765 0.705882
0.815686 0.705882
0.819608 0.705882
0.823529 0.705882
0.827451 0.705882
0.831373 0.705882
0.835294 0.705882
0.839216 0.705882
0.843137 0.705882
0.847059 0.705882
0.850980 0.705882
0.854902 0.705882
0.858824 0.705882
0.862745 0.705882
0.866667 0.705882
0.870588 0.705882
0.874510 0.705882
0.878431 0.705882
0.882353 0.705882
0.886275 0.705882
0.890196 0.705882
0.894118 0.705882
0.898039 0.705882
0.901961 0.705882
0.905882 0.705882
0.909804 0.705882
0.913725 0.705882
0.917647 0.705882
0.921569 0.705882
0.925490 0.705882
0.929412 0.705882
0.933333 0.705882
0.937255 0.705882
0.941176 0.705882
0.945098 0.705882
0.949020 0.705882
0.952941 0.705882
0.956863 0.705882
0.960784 0.705882
0.964706 0.705882
0.968627 0.705882
0.972549 0.705882
0.976471 0.705882
0.980392 0.705882
0.984314 0.705882
0.988235 0.705882
0.992157 0.705882
0.996078 0.705882
1.000000 0.705882

i = 1810.000000 0.709804
0.003922 0.709804
0.007843 0.709804
0.011765 0.709804
0.015686 0.709804
0.019608 0.709804
0.023529 0.709804
0.027451 0.709804
0.031373 0.709804
0.035294 0.709804
0.039216 0.709804
0.043137 0.709804
0.047059 0.709804
0.050980 0.709804
0.054902 0.709804
0.058824 0.709804
0.062745 0.709804
0.066667 0.709804
0.070588 0.709804
0.074510 0.709804
0.078431 0.709804
0.082353 0.709804
0.086275 0.709804
0.090196 0.709804
0.094118 0.709804
0.098039 0.709804
0.101961 0.709804
0.105882 0.709804
0.109804 0.709804
0.113725 0.709804
0.117647 0.709804
0.121569 0.709804
0.125490 0.709804
0.129412 0.709804
0.133333 0.709804
0.137255 0.709804
0.141176 0.709804
0.145098 0.709804
0.149020 0.709804
0.152941 0.709804
0.156863 0.709804
0.160784 0.709804
0.164706 0.709804
0.168627 0.709804
0.172549 0.709804
0.176471 0.709804
0.180392 0.709804
0.184314 0.709804
0.188235 0.709804
0.192157 0.709804
0.196078 0.709804
0.200000 0.709804
0.203922 0.709804
0.207843 0.709804
0.211765 0.709804
0.215686 0.709804
0.219608 0.709804
0.223529 0.709804
0.227451 0.709804
0.231373 0.709804
0.235294 0.709804
0.239216 0.709804
0.243137 0.709804
0.247059 0.709804
0.250980 0.709804
0.254902 0.709804
0.258824 0.709804
0.262745 0.709804
0.266667 0.709804
0.270588 0.709804
0.274510 0.709804
0.278431 0.709804
0.282353 0.709804
0.286275 0.709804
0.290196 0.709804
0.294118 0.709804
0.298039 0.709804
0.301961 0.709804
0.305882 0.709804
0.309804 0.709804
0.313726 0.709804
0.317647 0.709804
0.321569 0.709804
0.325490 0.709804
0.329412 0.709804
0.333333 0.709804
0.337255 0.709804
0.341176 0.709804
0.345098 0.709804
0.349020 0.709804
0.352941 0.709804
0.356863 0.709804
0.360784 0.709804
0.364706 0.709804
0.368627 0.709804
0.372549 0.709804
0.376471 0.709804
0.380392 0.709804
0.384314 0.709804
0.388235 0.709804
0.392157 0.709804
0.396078 0.709804
0.400000 0.709804
0.403922 0.709804
0.407843 0.709804
0.411765 0.709804
0.415686 0.709804
0.419608 0.709804
0.423529 0.709804
0.427451 0.709804
0.431373 0.709804
0.435294 0.709804
0.439216 0.709804
0.443137 0.709804
0.447059 0.709804
0.450980 0.709804
0.454902 0.709804
0.458824 0.709804
0.462745 0.709804
0.466667 0.709804
0.470588 0.709804
0.474510 0.709804
0.478431 0.709804
0.482353 0.709804
0.486275 0.709804
0.490196 0.709804
0.494118 0.709804
0.498039 0.709804
0.501961 0.709804
0.505882 0.709804
0.509804 0.709804
0.513726 0.709804
0.517647 0.709804
0.521569 0.709804
0.525490 0.709804
0.529412 0.709804
0.533333 0.709804
0.537255 0.709804
0.541176 0.709804
0.545098 0.709804
0.549020 0.709804
0.552941 0.709804
0.556863 0.709804
0.560784 0.709804
0.564706 0.709804
0.568627 0.709804
0.572549 0.709804
0.576471 0.709804
0.580392 0.709804
0.584314 0.709804
0.588235 0.709804
0.592157 0.709804
0.596078 0.709804
0.600000 0.709804
0.603922 0.709804
0.607843 0.709804
0.611765 0.709804
0.615686 0.709804
0.619608 0.709804
0.623529 0.709804
0.627451 0.709804
0.631373 0.709804
0.635294 0.709804
0.639216 0.709804
0.643137 0.709804
0.647059 0.709804
0.650980 0.709804
0.654902 0.709804
0.658824 0.709804
0.662745 0.709804
0.666667 0.709804
0.670588 0.709804
0.674510 0.709804
0.678431 0.709804
0.682353 0.709804
0.686275 0.709804
0.690196 0.709804
0.694118 0.709804
0.698039 0.709804
0.701961 0.709804
0.705882 0.709804
0.709804 0.709804
0.713726 0.709804
0.717647 0.709804
0.721569 0.709804
0.725490 0.709804
0.729412 0.709804
0.733333 0.709804
0.737255 0.709804
0.741176 0.709804
0.745098 0.709804
0.749020 0.709804
0.752941 0.709804
0.756863 0.709804
0.760784 0.709804
0.764706 0.709804
0.768627 0.709804
0.772549 0.709804
0.776471 0.709804
0.780392 0.709804
0.784314 0.709804
0.788235 0.709804
0.792157 0.709804
0.796078 0.709804
0.800000 0.709804
0.803922 0.709804
0.807843 0.709804
0.811765 0.709804
0.815686 0.709804
0.819608 0.709804
0.823529 0.709804
0.827451 0.709804
0.831373 0.709804
0.835294 0.709804
0.839216 0.709804
0.843137 0.709804
0.847059 0.709804
0.850980 0.709804
0.854902 0.709804
0.858824 0.709804
0.862745 0.709804
0.866667 0.709804
0.870588 0.709804
0.874510 0.709804
0.878431 0.709804
0.882353 0.709804
0.886275 0.709804
0.890196 0.709804
0.894118 0.709804
0.898039 0.709804
0.901961 0.709804
0.905882 0.709804
0.909804 0.709804
0.913725 0.709804
0.917647 0.709804
0.921569 0.709804
0.925490 0.709804
0.929412 0.709804
0.933333 0.709804
0.937255 0.709804
0.941176 0.709804
0.945098 0.709804
0.949020 0.709804
0.952941 0.709804
0.956863 0.709804
0.960784 0.709804
0.964706 0.709804
0.968627 0.709804
0.972549 0.709804
0.976471 0.709804
0.980392 0.709804
0.984314 0.709804
0.988235 0.709804
0.992157 0.709804
0.996078 0.709804
1.000000 0.709804

i = 1820.000000 0.713726
0.003922 0.713726
0.007843 0.713726
0.011765 0.713726
0.015686 0.713726
0.019608 0.713726
0.023529 0.713726
0.027451 0.713726
0.031373 0.713726
0.035294 0.713726
0.039216 0.713726
0.043137 0.713726
0.047059 0.713726
0.050980 0.713726
0.054902 0.713726
0.058824 0.713726
0.062745 0.713726
0.066667 0.713726
0.070588 0.713726
0.074510 0.713726
0.078431 0.713726
0.082353 0.713726
0.086275 0.713726
0.090196 0.713726
0.094118 0.713726
0.098039 0.713726
0.101961 0.713726
0.105882 0.713726
0.109804 0.713726
0.113725 0.713726
0.117647 0.713726
0.121569 0.713726
0.125490 0.713726
0.129412 0.713726
0.133333 0.713726
0.137255 0.713726
0.141176 0.713726
0.145098 0.713726
0.149020 0.713726
0.152941 0.713726
0.156863 0.713726
0.160784 0.713726
0.164706 0.713726
0.168627 0.713726
0.172549 0.713726
0.176471 0.713726
0.180392 0.713726
0.184314 0.713726
0.188235 0.713726
0.192157 0.713726
0.196078 0.713726
0.200000 0.713726
0.203922 0.713726
0.207843 0.713726
0.211765 0.713726
0.215686 0.713726
0.219608 0.713726
0.223529 0.713726
0.227451 0.713726
0.231373 0.713726
0.235294 0.713726
0.239216 0.713726
0.243137 0.713726
0.247059 0.713726
0.250980 0.713726
0.254902 0.713726
0.258824 0.713726
0.262745 0.713726
0.266667 0.713726
0.270588 0.713726
0.274510 0.713726
0.278431 0.713726
0.282353 0.713726
0.286275 0.713726
0.290196 0.713726
0.294118 0.713726
0.298039 0.713726
0.301961 0.713726
0.305882 0.713726
0.309804 0.713726
0.313726 0.713726
0.317647 0.713726
0.321569 0.713726
0.325490 0.713726
0.329412 0.713726
0.333333 0.713726
0.337255 0.713726
0.341176 0.713726
0.345098 0.713726
0.349020 0.713726
0.352941 0.713726
0.356863 0.713726
0.360784 0.713726
0.364706 0.713726
0.368627 0.713726
0.372549 0.713726
0.376471 0.713726
0.380392 0.713726
0.384314 0.713726
0.388235 0.713726
0.392157 0.713726
0.396078 0.713726
0.400000 0.713726
0.403922 0.713726
0.407843 0.713726
0.411765 0.713726
0.415686 0.713726
0.419608 0.713726
0.423529 0.713726
0.427451 0.713726
0.431373 0.713726
0.435294 0.713726
0.439216 0.713726
0.443137 0.713726
0.447059 0.713726
0.450980 0.713726
0.454902 0.713726
0.458824 0.713726
0.462745 0.713726
0.466667 0.713726
0.470588 0.713726
0.474510 0.713726
0.478431 0.713726
0.482353 0.713726
0.486275 0.713726
0.490196 0.713726
0.494118 0.713726
0.498039 0.713726
0.501961 0.713726
0.505882 0.713726
0.509804 0.713726
0.513726 0.713726
0.517647 0.713726
0.521569 0.713726
0.525490 0.713726
0.529412 0.713726
0.533333 0.713726
0.537255 0.713726
0.541176 0.713726
0.545098 0.713726
0.549020 0.713726
0.552941 0.713726
0.556863 0.713726
0.560784 0.713726
0.564706 0.713726
0.568627 0.713726
0.572549 0.713726
0.576471 0.713726
0.580392 0.713726
0.584314 0.713726
0.588235 0.713726
0.592157 0.713726
0.596078 0.713726
0.600000 0.713726
0.603922 0.713726
0.607843 0.713726
0.611765 0.713726
0.615686 0.713726
0.619608 0.713726
0.623529 0.713726
0.627451 0.713726
0.631373 0.713726
0.635294 0.713726
0.639216 0.713726
0.643137 0.713726
0.647059 0.713726
0.650980 0.713726
0.654902 0.713726
0.658824 0.713726
0.662745 0.713726
0.666667 0.713726
0.670588 0.713726
0.674510 0.713726
0.678431 0.713726
0.682353 0.713726
0.686275 0.713726
0.690196 0.713726
0.694118 0.713726
0.698039 0.713726
0.701961 0.713726
0.705882 0.713726
0.709804 0.713726
0.713726 0.713726
0.717647 0.713726
0.721569 0.713726
0.725490 0.713726
0.729412 0.713726
0.733333 0.713726
0.737255 0.713726
0.741176 0.713726
0.745098 0.713726
0.749020 0.713726
0.752941 0.713726
0.756863 0.713726
0.760784 0.713726
0.764706 0.713726
0.768627 0.713726
0.772549 0.713726
0.776471 0.713726
0.780392 0.713726
0.784314 0.713726
0.788235 0.713726
0.792157 0.713726
0.796078 0.713726
0.800000 0.713726
0.803922 0.713726
0.807843 0.713726
0.811765 0.713726
0.815686 0.713726
0.819608 0.713726
0.823529 0.713726
0.827451 0.713726
0.831373 0.713726
0.835294 0.713726
0.839216 0.713726
0.843137 0.713726
0.847059 0.713726
0.850980 0.713726
0.854902 0.713726
0.858824 0.713726
0.862745 0.713726
0.866667 0.713726
0.870588 0.713726
0.874510 0.713726
0.878431 0.713726
0.882353 0.713726
0.886275 0.713726
0.890196 0.713726
0.894118 0.713726
0.898039 0.713726
0.901961 0.713726
0.905882 0.713726
0.909804 0.713726
0.913725 0.713726
0.917647 0.713726
0.921569 0.713726
0.925490 0.713726
0.929412 0.713726
0.933333 0.713726
0.937255 0.713726
0.941176 0.713726
0.945098 0.713726
0.949020 0.713726
0.952941 0.713726
0.956863 0.713726
0.960784 0.713726
0.964706 0.713726
0.968627 0.713726
0.972549 0.713726
0.976471 0.713726
0.980392 0.713726
0.984314 0.713726
0.988235 0.713726
0.992157 0.713726
0.996078 0.713726
1.000000 0.713726

i = 1830.000000 0.717647
0.003922 0.717647
0.007843 0.717647
0.011765 0.717647
0.015686 0.717647
0.019608 0.717647
0.023529 0.717647
0.027451 0.717647
0.031373 0.717647
0.035294 0.717647
0.039216 0.717647
0.043137 0.717647
0.047059 0.717647
0.050980 0.717647
0.054902 0.717647
0.058824 0.717647
0.062745 0.717647
0.066667 0.717647
0.070588 0.717647
0.074510 0.717647
0.078431 0.717647
0.082353 0.717647
0.086275 0.717647
0.090196 0.717647
0.094118 0.717647
0.098039 0.717647
0.101961 0.717647
0.105882 0.717647
0.109804 0.717647
0.113725 0.717647
0.117647 0.717647
0.121569 0.717647
0.125490 0.717647
0.129412 0.717647
0.133333 0.717647
0.137255 0.717647
0.141176 0.717647
0.145098 0.717647
0.149020 0.717647
0.152941 0.717647
0.156863 0.717647
0.160784 0.717647
0.164706 0.717647
0.168627 0.717647
0.172549 0.717647
0.176471 0.717647
0.180392 0.717647
0.184314 0.717647
0.188235 0.717647
0.192157 0.717647
0.196078 0.717647
0.200000 0.717647
0.203922 0.717647
0.207843 0.717647
0.211765 0.717647
0.215686 0.717647
0.219608 0.717647
0.223529 0.717647
0.227451 0.717647
0.231373 0.717647
0.235294 0.717647
0.239216 0.717647
0.243137 0.717647
0.247059 0.717647
0.250980 0.717647
0.254902 0.717647
0.258824 0.717647
0.262745 0.717647
0.266667 0.717647
0.270588 0.717647
0.274510 0.717647
0.278431 0.717647
0.282353 0.717647
0.286275 0.717647
0.290196 0.717647
0.294118 0.717647
0.298039 0.717647
0.301961 0.717647
0.305882 0.717647
0.309804 0.717647
0.313726 0.717647
0.317647 0.717647
0.321569 0.717647
0.325490 0.717647
0.329412 0.717647
0.333333 0.717647
0.337255 0.717647
0.341176 0.717647
0.345098 0.717647
0.349020 0.717647
0.352941 0.717647
0.356863 0.717647
0.360784 0.717647
0.364706 0.717647
0.368627 0.717647
0.372549 0.717647
0.376471 0.717647
0.380392 0.717647
0.384314 0.717647
0.388235 0.717647
0.392157 0.717647
0.396078 0.717647
0.400000 0.717647
0.403922 0.717647
0.407843 0.717647
0.411765 0.717647
0.415686 0.717647
0.419608 0.717647
0.423529 0.717647
0.427451 0.717647
0.431373 0.717647
0.435294 0.717647
0.439216 0.717647
0.443137 0.717647
0.447059 0.717647
0.450980 0.717647
0.454902 0.717647
0.458824 0.717647
0.462745 0.717647
0.466667 0.717647
0.470588 0.717647
0.474510 0.717647
0.478431 0.717647
0.482353 0.717647
0.486275 0.717647
0.490196 0.717647
0.494118 0.717647
0.498039 0.717647
0.501961 0.717647
0.505882 0.717647
0.509804 0.717647
0.513726 0.717647
0.517647 0.717647
0.521569 0.717647
0.525490 0.717647
0.529412 0.717647
0.533333 0.717647
0.537255 0.717647
0.541176 0.717647
0.545098 0.717647
0.549020 0.717647
0.552941 0.717647
0.556863 0.717647
0.560784 0.717647
0.564706 0.717647
0.568627 0.717647
0.572549 0.717647
0.576471 0.717647
0.580392 0.717647
0.584314 0.717647
0.588235 0.717647
0.592157 0.717647
0.596078 0.717647
0.600000 0.717647
0.603922 0.717647
0.607843 0.717647
0.611765 0.717647
0.615686 0.717647
0.619608 0.717647
0.623529 0.717647
0.627451 0.717647
0.631373 0.717647
0.635294 0.717647
0.639216 0.717647
0.643137 0.717647
0.647059 0.717647
0.650980 0.717647
0.654902 0.717647
0.658824 0.717647
0.662745 0.717647
0.666667 0.717647
0.670588 0.717647
0.674510 0.717647
0.678431 0.717647
0.682353 0.717647
0.686275 0.717647
0.690196 0.717647
0.694118 0.717647
0.698039 0.717647
0.701961 0.717647
0.705882 0.717647
0.709804 0.717647
0.713726 0.717647
0.717647 0.717647
0.721569 0.717647
0.725490 0.717647
0.729412 0.717647
0.733333 0.717647
0.737255 0.717647
0.741176 0.717647
0.745098 0.717647
0.749020 0.717647
0.752941 0.717647
0.756863 0.717647
0.760784 0.717647
0.764706 0.717647
0.768627 0.717647
0.772549 0.717647
0.776471 0.717647
0.780392 0.717647
0.784314 0.717647
0.788235 0.717647
0.792157 0.717647
0.796078 0.717647
0.800000 0.717647
0.803922 0.717647
0.807843 0.717647
0.811765 0.717647
0.815686 0.717647
0.819608 0.717647
0.823529 0.717647
0.827451 0.717647
0.831373 0.717647
0.835294 0.717647
0.839216 0.717647
0.843137 0.717647
0.847059 0.717647
0.850980 0.717647
0.854902 0.717647
0.858824 0.717647
0.862745 0.717647
0.866667 0.717647
0.870588 0.717647
0.874510 0.717647
0.878431 0.717647
0.882353 0.717647
0.886275 0.717647
0.890196 0.717647
0.894118 0.717647
0.898039 0.717647
0.901961 0.717647
0.905882 0.717647
0.909804 0.717647
0.913725 0.717647
0.917647 0.717647
0.921569 0.717647
0.925490 0.717647
0.929412 0.717647
0.933333 0.717647
0.937255 0.717647
0.941176 0.717647
0.945098 0.717647
0.949020 0.717647
0.952941 0.717647
0.956863 0.717647
0.960784 0.717647
0.964706 0.717647
0.968627 0.717647
0.972549 0.717647
0.976471 0.717647
0.980392 0.717647
0.984314 0.717647
0.988235 0.717647
0.992157 0.717647
0.996078 0.717647
1.000000 0.717647

i = 1840.000000 0.721569
0.003922 0.721569
0.007843 0.721569
0.011765 0.721569
0.015686 0.721569
0.019608 0.721569
0.023529 0.721569
0.027451 0.721569
0.031373 0.721569
0.035294 0.721569
0.039216 0.721569
0.043137 0.721569
0.047059 0.721569
0.050980 0.721569
0.054902 0.721569
0.058824 0.721569
0.062745 0.721569
0.066667 0.721569
0.070588 0.721569
0.074510 0.721569
0.078431 0.721569
0.082353 0.721569
0.086275 0.721569
0.090196 0.721569
0.094118 0.721569
0.098039 0.721569
0.101961 0.721569
0.105882 0.721569
0.109804 0.721569
0.113725 0.721569
0.117647 0.721569
0.121569 0.721569
0.125490 0.721569
0.129412 0.721569
0.133333 0.721569
0.137255 0.721569
0.141176 0.721569
0.145098 0.721569
0.149020 0.721569
0.152941 0.721569
0.156863 0.721569
0.160784 0.721569
0.164706 0.721569
0.168627 0.721569
0.172549 0.721569
0.176471 0.721569
0.180392 0.721569
0.184314 0.721569
0.188235 0.721569
0.192157 0.721569
0.196078 0.721569
0.200000 0.721569
0.203922 0.721569
0.207843 0.721569
0.211765 0.721569
0.215686 0.721569
0.219608 0.721569
0.223529 0.721569
0.227451 0.721569
0.231373 0.721569
0.235294 0.721569
0.239216 0.721569
0.243137 0.721569
0.247059 0.721569
0.250980 0.721569
0.254902 0.721569
0.258824 0.721569
0.262745 0.721569
0.266667 0.721569
0.270588 0.721569
0.274510 0.721569
0.278431 0.721569
0.282353 0.721569
0.286275 0.721569
0.290196 0.721569
0.294118 0.721569
0.298039 0.721569
0.301961 0.721569
0.305882 0.721569
0.309804 0.721569
0.313726 0.721569
0.317647 0.721569
0.321569 0.721569
0.325490 0.721569
0.329412 0.721569
0.333333 0.721569
0.337255 0.721569
0.341176 0.721569
0.345098 0.721569
0.349020 0.721569
0.352941 0.721569
0.356863 0.721569
0.360784 0.721569
0.364706 0.721569
0.368627 0.721569
0.372549 0.721569
0.376471 0.721569
0.380392 0.721569
0.384314 0.721569
0.388235 0.721569
0.392157 0.721569
0.396078 0.721569
0.400000 0.721569
0.403922 0.721569
0.407843 0.721569
0.411765 0.721569
0.415686 0.721569
0.419608 0.721569
0.423529 0.721569
0.427451 0.721569
0.431373 0.721569
0.435294 0.721569
0.439216 0.721569
0.443137 0.721569
0.447059 0.721569
0.450980 0.721569
0.454902 0.721569
0.458824 0.721569
0.462745 0.721569
0.466667 0.721569
0.470588 0.721569
0.474510 0.721569
0.478431 0.721569
0.482353 0.721569
0.486275 0.721569
0.490196 0.721569
0.494118 0.721569
0.498039 0.721569
0.501961 0.721569
0.505882 0.721569
0.509804 0.721569
0.513726 0.721569
0.517647 0.721569
0.521569 0.721569
0.525490 0.721569
0.529412 0.721569
0.533333 0.721569
0.537255 0.721569
0.541176 0.721569
0.545098 0.721569
0.549020 0.721569
0.552941 0.721569
0.556863 0.721569
0.560784 0.721569
0.564706 0.721569
0.568627 0.721569
0.572549 0.721569
0.576471 0.721569
0.580392 0.721569
0.584314 0.721569
0.588235 0.721569
0.592157 0.721569
0.596078 0.721569
0.600000 0.721569
0.603922 0.721569
0.607843 0.721569
0.611765 0.721569
0.615686 0.721569
0.619608 0.721569
0.623529 0.721569
0.627451 0.721569
0.631373 0.721569
0.635294 0.721569
0.639216 0.721569
0.643137 0.721569
0.647059 0.721569
0.650980 0.721569
0.654902 0.721569
0.658824 0.721569
0.662745 0.721569
0.666667 0.721569
0.670588 0.721569
0.674510 0.721569
0.678431 0.721569
0.682353 0.721569
0.686275 0.721569
0.690196 0.721569
0.694118 0.721569
0.698039 0.721569
0.701961 0.721569
0.705882 0.721569
0.709804 0.721569
0.713726 0.721569
0.717647 0.721569
0.721569 0.721569
0.725490 0.721569
0.729412 0.721569
0.733333 0.721569
0.737255 0.721569
0.741176 0.721569
0.745098 0.721569
0.749020 0.721569
0.752941 0.721569
0.756863 0.721569
0.760784 0.721569
0.764706 0.721569
0.768627 0.721569
0.772549 0.721569
0.776471 0.721569
0.780392 0.721569
0.784314 0.721569
0.788235 0.721569
0.792157 0.721569
0.796078 0.721569
0.800000 0.721569
0.803922 0.721569
0.807843 0.721569
0.811765 0.721569
0.815686 0.721569
0.819608 0.721569
0.823529 0.721569
0.827451 0.721569
0.831373 0.721569
0.835294 0.721569
0.839216 0.721569
0.843137 0.721569
0.847059 0.721569
0.850980 0.721569
0.854902 0.721569
0.858824 0.721569
0.862745 0.721569
0.866667 0.721569
0.870588 0.721569
0.874510 0.721569
0.878431 0.721569
0.882353 0.721569
0.886275 0.721569
0.890196 0.721569
0.894118 0.721569
0.898039 0.721569
0.901961 0.721569
0.905882 0.721569
0.909804 0.721569
0.913725 0.721569
0.917647 0.721569
0.921569 0.721569
0.925490 0.721569
0.929412 0.721569
0.933333 0.721569
0.937255 0.721569
0.941176 0.721569
0.945098 0.721569
0.949020 0.721569
0.952941 0.721569
0.956863 0.721569
0.960784 0.721569
0.964706 0.721569
0.968627 0.721569
0.972549 0.721569
0.976471 0.721569
0.980392 0.721569
0.984314 0.721569
0.988235 0.721569
0.992157 0.721569
0.996078 0.721569
1.000000 0.721569

i = 1850.000000 0.725490
0.003922 0.725490
0.007843 0.725490
0.011765 0.725490
0.015686 0.725490
0.019608 0.725490
0.023529 0.725490
0.027451 0.725490
0.031373 0.725490
0.035294 0.725490
0.039216 0.725490
0.043137 0.725490
0.047059 0.725490
0.050980 0.725490
0.054902 0.725490
0.058824 0.725490
0.062745 0.725490
0.066667 0.725490
0.070588 0.725490
0.074510 0.725490
0.078431 0.725490
0.082353 0.725490
0.086275 0.725490
0.090196 0.725490
0.094118 0.725490
0.098039 0.725490
0.101961 0.725490
0.105882 0.725490
0.109804 0.725490
0.113725 0.725490
0.117647 0.725490
0.121569 0.725490
0.125490 0.725490
0.129412 0.725490
0.133333 0.725490
0.137255 0.725490
0.141176 0.725490
0.145098 0.725490
0.149020 0.725490
0.152941 0.725490
0.156863 0.725490
0.160784 0.725490
0.164706 0.725490
0.168627 0.725490
0.172549 0.725490
0.176471 0.725490
0.180392 0.725490
0.184314 0.725490
0.188235 0.725490
0.192157 0.725490
0.196078 0.725490
0.200000 0.725490
0.203922 0.725490
0.207843 0.725490
0.211765 0.725490
0.215686 0.725490
0.219608 0.725490
0.223529 0.725490
0.227451 0.725490
0.231373 0.725490
0.235294 0.725490
0.239216 0.725490
0.243137 0.725490
0.247059 0.725490
0.250980 0.725490
0.254902 0.725490
0.258824 0.725490
0.262745 0.725490
0.266667 0.725490
0.270588 0.725490
0.274510 0.725490
0.278431 0.725490
0.282353 0.725490
0.286275 0.725490
0.290196 0.725490
0.294118 0.725490
0.298039 0.725490
0.301961 0.725490
0.305882 0.725490
0.309804 0.725490
0.313726 0.725490
0.317647 0.725490
0.321569 0.725490
0.325490 0.725490
0.329412 0.725490
0.333333 0.725490
0.337255 0.725490
0.341176 0.725490
0.345098 0.725490
0.349020 0.725490
0.352941 0.725490
0.356863 0.725490
0.360784 0.725490
0.364706 0.725490
0.368627 0.725490
0.372549 0.725490
0.376471 0.725490
0.380392 0.725490
0.384314 0.725490
0.388235 0.725490
0.392157 0.725490
0.396078 0.725490
0.400000 0.725490
0.403922 0.725490
0.407843 0.725490
0.411765 0.725490
0.415686 0.725490
0.419608 0.725490
0.423529 0.725490
0.427451 0.725490
0.431373 0.725490
0.435294 0.725490
0.439216 0.725490
0.443137 0.725490
0.447059 0.725490
0.450980 0.725490
0.454902 0.725490
0.458824 0.725490
0.462745 0.725490
0.466667 0.725490
0.470588 0.725490
0.474510 0.725490
0.478431 0.725490
0.482353 0.725490
0.486275 0.725490
0.490196 0.725490
0.494118 0.725490
0.498039 0.725490
0.501961 0.725490
0.505882 0.725490
0.509804 0.725490
0.513726 0.725490
0.517647 0.725490
0.521569 0.725490
0.525490 0.725490
0.529412 0.725490
0.533333 0.725490
0.537255 0.725490
0.541176 0.725490
0.545098 0.725490
0.549020 0.725490
0.552941 0.725490
0.556863 0.725490
0.560784 0.725490
0.564706 0.725490
0.568627 0.725490
0.572549 0.725490
0.576471 0.725490
0.580392 0.725490
0.584314 0.725490
0.588235 0.725490
0.592157 0.725490
0.596078 0.725490
0.600000 0.725490
0.603922 0.725490
0.607843 0.725490
0.611765 0.725490
0.615686 0.725490
0.619608 0.725490
0.623529 0.725490
0.627451 0.725490
0.631373 0.725490
0.635294 0.725490
0.639216 0.725490
0.643137 0.725490
0.647059 0.725490
0.650980 0.725490
0.654902 0.725490
0.658824 0.725490
0.662745 0.725490
0.666667 0.725490
0.670588 0.725490
0.674510 0.725490
0.678431 0.725490
0.682353 0.725490
0.686275 0.725490
0.690196 0.725490
0.694118 0.725490
0.698039 0.725490
0.701961 0.725490
0.705882 0.725490
0.709804 0.725490
0.713726 0.725490
0.717647 0.725490
0.721569 0.725490
0.725490 0.725490
0.729412 0.725490
0.733333 0.725490
0.737255 0.725490
0.741176 0.725490
0.745098 0.725490
0.749020 0.725490
0.752941 0.725490
0.756863 0.725490
0.760784 0.725490
0.764706 0.725490
0.768627 0.725490
0.772549 0.725490
0.776471 0.725490
0.780392 0.725490
0.784314 0.725490
0.788235 0.725490
0.792157 0.725490
0.796078 0.725490
0.800000 0.725490
0.803922 0.725490
0.807843 0.725490
0.811765 0.725490
0.815686 0.725490
0.819608 0.725490
0.823529 0.725490
0.827451 0.725490
0.831373 0.725490
0.835294 0.725490
0.839216 0.725490
0.843137 0.725490
0.847059 0.725490
0.850980 0.725490
0.854902 0.725490
0.858824 0.725490
0.862745 0.725490
0.866667 0.725490
0.870588 0.725490
0.874510 0.725490
0.878431 0.725490
0.882353 0.725490
0.886275 0.725490
0.890196 0.725490
0.894118 0.725490
0.898039 0.725490
0.901961 0.725490
0.905882 0.725490
0.909804 0.725490
0.913725 0.725490
0.917647 0.725490
0.921569 0.725490
0.925490 0.725490
0.929412 0.725490
0.933333 0.725490
0.937255 0.725490
0.941176 0.725490
0.945098 0.725490
0.949020 0.725490
0.952941 0.725490
0.956863 0.725490
0.960784 0.725490
0.964706 0.725490
0.968627 0.725490
0.972549 0.725490
0.976471 0.725490
0.980392 0.725490
0.984314 0.725490
0.988235 0.725490
0.992157 0.725490
0.996078 0.725490
1.000000 0.725490

i = 1860.000000 0.729412
0.003922 0.729412
0.007843 0.729412
0.011765 0.729412
0.015686 0.729412
0.019608 0.729412
0.023529 0.729412
0.027451 0.729412
0.031373 0.729412
0.035294 0.729412
0.039216 0.729412
0.043137 0.729412
0.047059 0.729412
0.050980 0.729412
0.054902 0.729412
0.058824 0.729412
0.062745 0.729412
0.066667 0.729412
0.070588 0.729412
0.074510 0.729412
0.078431 0.729412
0.082353 0.729412
0.086275 0.729412
0.090196 0.729412
0.094118 0.729412
0.098039 0.729412
0.101961 0.729412
0.105882 0.729412
0.109804 0.729412
0.113725 0.729412
0.117647 0.729412
0.121569 0.729412
0.125490 0.729412
0.129412 0.729412
0.133333 0.729412
0.137255 0.729412
0.141176 0.729412
0.145098 0.729412
0.149020 0.729412
0.152941 0.729412
0.156863 0.729412
0.160784 0.729412
0.164706 0.729412
0.168627 0.729412
0.172549 0.729412
0.176471 0.729412
0.180392 0.729412
0.184314 0.729412
0.188235 0.729412
0.192157 0.729412
0.196078 0.729412
0.200000 0.729412
0.203922 0.729412
0.207843 0.729412
0.211765 0.729412
0.215686 0.729412
0.219608 0.729412
0.223529 0.729412
0.227451 0.729412
0.231373 0.729412
0.235294 0.729412
0.239216 0.729412
0.243137 0.729412
0.247059 0.729412
0.250980 0.729412
0.254902 0.729412
0.258824 0.729412
0.262745 0.729412
0.266667 0.729412
0.270588 0.729412
0.274510 0.729412
0.278431 0.729412
0.282353 0.729412
0.286275 0.729412
0.290196 0.729412
0.294118 0.729412
0.298039 0.729412
0.301961 0.729412
0.305882 0.729412
0.309804 0.729412
0.313726 0.729412
0.317647 0.729412
0.321569 0.729412
0.325490 0.729412
0.329412 0.729412
0.333333 0.729412
0.337255 0.729412
0.341176 0.729412
0.345098 0.729412
0.349020 0.729412
0.352941 0.729412
0.356863 0.729412
0.360784 0.729412
0.364706 0.729412
0.368627 0.729412
0.372549 0.729412
0.376471 0.729412
0.380392 0.729412
0.384314 0.729412
0.388235 0.729412
0.392157 0.729412
0.396078 0.729412
0.400000 0.729412
0.403922 0.729412
0.407843 0.729412
0.411765 0.729412
0.415686 0.729412
0.419608 0.729412
0.423529 0.729412
0.427451 0.729412
0.431373 0.729412
0.435294 0.729412
0.439216 0.729412
0.443137 0.729412
0.447059 0.729412
0.450980 0.729412
0.454902 0.729412
0.458824 0.729412
0.462745 0.729412
0.466667 0.729412
0.470588 0.729412
0.474510 0.729412
0.478431 0.729412
0.482353 0.729412
0.486275 0.729412
0.490196 0.729412
0.494118 0.729412
0.498039 0.729412
0.501961 0.729412
0.505882 0.729412
0.509804 0.729412
0.513726 0.729412
0.517647 0.729412
0.521569 0.729412
0.525490 0.729412
0.529412 0.729412
0.533333 0.729412
0.537255 0.729412
0.541176 0.729412
0.545098 0.729412
0.549020 0.729412
0.552941 0.729412
0.556863 0.729412
0.560784 0.729412
0.564706 0.729412
0.568627 0.729412
0.572549 0.729412
0.576471 0.729412
0.580392 0.729412
0.584314 0.729412
0.588235 0.729412
0.592157 0.729412
0.596078 0.729412
0.600000 0.729412
0.603922 0.729412
0.607843 0.729412
0.611765 0.729412
0.615686 0.729412
0.619608 0.729412
0.623529 0.729412
0.627451 0.729412
0.631373 0.729412
0.635294 0.729412
0.639216 0.729412
0.643137 0.729412
0.647059 0.729412
0.650980 0.729412
0.654902 0.729412
0.658824 0.729412
0.662745 0.729412
0.666667 0.729412
0.670588 0.729412
0.674510 0.729412
0.678431 0.729412
0.682353 0.729412
0.686275 0.729412
0.690196 0.729412
0.694118 0.729412
0.698039 0.729412
0.701961 0.729412
0.705882 0.729412
0.709804 0.729412
0.713726 0.729412
0.717647 0.729412
0.721569 0.729412
0.725490 0.729412
0.729412 0.729412
0.733333 0.729412
0.737255 0.729412
0.741176 0.729412
0.745098 0.729412
0.749020 0.729412
0.752941 0.729412
0.756863 0.729412
0.760784 0.729412
0.764706 0.729412
0.768627 0.729412
0.772549 0.729412
0.776471 0.729412
0.780392 0.729412
0.784314 0.729412
0.788235 0.729412
0.792157 0.729412
0.796078 0.729412
0.800000 0.729412
0.803922 0.729412
0.807843 0.729412
0.811765 0.729412
0.815686 0.729412
0.819608 0.729412
0.823529 0.729412
0.827451 0.729412
0.831373 0.729412
0.835294 0.729412
0.839216 0.729412
0.843137 0.729412
0.847059 0.729412
0.850980 0.729412
0.854902 0.729412
0.858824 0.729412
0.862745 0.729412
0.866667 0.729412
0.870588 0.729412
0.874510 0.729412
0.878431 0.729412
0.882353 0.729412
0.886275 0.729412
0.890196 0.729412
0.894118 0.729412
0.898039 0.729412
0.901961 0.729412
0.905882 0.729412
0.909804 0.729412
0.913725 0.729412
0.917647 0.729412
0.921569 0.729412
0.925490 0.729412
0.929412 0.729412
0.933333 0.729412
0.937255 0.729412
0.941176 0.729412
0.945098 0.729412
0.949020 0.729412
0.952941 0.729412
0.956863 0.729412
0.960784 0.729412
0.964706 0.729412
0.968627 0.729412
0.972549 0.729412
0.976471 0.729412
0.980392 0.729412
0.984314 0.729412
0.988235 0.729412
0.992157 0.729412
0.996078 0.729412
1.000000 0.729412

i = 1870.000000 0.733333
0.003922 0.733333
0.007843 0.733333
0.011765 0.733333
0.015686 0.733333
0.019608 0.733333
0.023529 0.733333
0.027451 0.733333
0.031373 0.733333
0.035294 0.733333
0.039216 0.733333
0.043137 0.733333
0.047059 0.733333
0.050980 0.733333
0.054902 0.733333
0.058824 0.733333
0.062745 0.733333
0.066667 0.733333
0.070588 0.733333
0.074510 0.733333
0.078431 0.733333
0.082353 0.733333
0.086275 0.733333
0.090196 0.733333
0.094118 0.733333
0.098039 0.733333
0.101961 0.733333
0.105882 0.733333
0.109804 0.733333
0.113725 0.733333
0.117647 0.733333
0.121569 0.733333
0.125490 0.733333
0.129412 0.733333
0.133333 0.733333
0.137255 0.733333
0.141176 0.733333
0.145098 0.733333
0.149020 0.733333
0.152941 0.733333
0.156863 0.733333
0.160784 0.733333
0.164706 0.733333
0.168627 0.733333
0.172549 0.733333
0.176471 0.733333
0.180392 0.733333
0.184314 0.733333
0.188235 0.733333
0.192157 0.733333
0.196078 0.733333
0.200000 0.733333
0.203922 0.733333
0.207843 0.733333
0.211765 0.733333
0.215686 0.733333
0.219608 0.733333
0.223529 0.733333
0.227451 0.733333
0.231373 0.733333
0.235294 0.733333
0.239216 0.733333
0.243137 0.733333
0.247059 0.733333
0.250980 0.733333
0.254902 0.733333
0.258824 0.733333
0.262745 0.733333
0.266667 0.733333
0.270588 0.733333
0.274510 0.733333
0.278431 0.733333
0.282353 0.733333
0.286275 0.733333
0.290196 0.733333
0.294118 0.733333
0.298039 0.733333
0.301961 0.733333
0.305882 0.733333
0.309804 0.733333
0.313726 0.733333
0.317647 0.733333
0.321569 0.733333
0.325490 0.733333
0.329412 0.733333
0.333333 0.733333
0.337255 0.733333
0.341176 0.733333
0.345098 0.733333
0.349020 0.733333
0.352941 0.733333
0.356863 0.733333
0.360784 0.733333
0.364706 0.733333
0.368627 0.733333
0.372549 0.733333
0.376471 0.733333
0.380392 0.733333
0.384314 0.733333
0.388235 0.733333
0.392157 0.733333
0.396078 0.733333
0.400000 0.733333
0.403922 0.733333
0.407843 0.733333
0.411765 0.733333
0.415686 0.733333
0.419608 0.733333
0.423529 0.733333
0.427451 0.733333
0.431373 0.733333
0.435294 0.733333
0.439216 0.733333
0.443137 0.733333
0.447059 0.733333
0.450980 0.733333
0.454902 0.733333
0.458824 0.733333
0.462745 0.733333
0.466667 0.733333
0.470588 0.733333
0.474510 0.733333
0.478431 0.733333
0.482353 0.733333
0.486275 0.733333
0.490196 0.733333
0.494118 0.733333
0.498039 0.733333
0.501961 0.733333
0.505882 0.733333
0.509804 0.733333
0.513726 0.733333
0.517647 0.733333
0.521569 0.733333
0.525490 0.733333
0.529412 0.733333
0.533333 0.733333
0.537255 0.733333
0.541176 0.733333
0.545098 0.733333
0.549020 0.733333
0.552941 0.733333
0.556863 0.733333
0.560784 0.733333
0.564706 0.733333
0.568627 0.733333
0.572549 0.733333
0.576471 0.733333
0.580392 0.733333
0.584314 0.733333
0.588235 0.733333
0.592157 0.733333
0.596078 0.733333
0.600000 0.733333
0.603922 0.733333
0.607843 0.733333
0.611765 0.733333
0.615686 0.733333
0.619608 0.733333
0.623529 0.733333
0.627451 0.733333
0.631373 0.733333
0.635294 0.733333
0.639216 0.733333
0.643137 0.733333
0.647059 0.733333
0.650980 0.733333
0.654902 0.733333
0.658824 0.733333
0.662745 0.733333
0.666667 0.733333
0.670588 0.733333
0.674510 0.733333
0.678431 0.733333
0.682353 0.733333
0.686275 0.733333
0.690196 0.733333
0.694118 0.733333
0.698039 0.733333
0.701961 0.733333
0.705882 0.733333
0.709804 0.733333
0.713726 0.733333
0.717647 0.733333
0.721569 0.733333
0.725490 0.733333
0.729412 0.733333
0.733333 0.733333
0.737255 0.733333
0.741176 0.733333
0.745098 0.733333
0.749020 0.733333
0.752941 0.733333
0.756863 0.733333
0.760784 0.733333
0.764706 0.733333
0.768627 0.733333
0.772549 0.733333
0.776471 0.733333
0.780392 0.733333
0.784314 0.733333
0.788235 0.733333
0.792157 0.733333
0.796078 0.733333
0.800000 0.733333
0.803922 0.733333
0.807843 0.733333
0.811765 0.733333
0.815686 0.733333
0.819608 0.733333
0.823529 0.733333
0.827451 0.733333
0.831373 0.733333
0.835294 0.733333
0.839216 0.733333
0.843137 0.733333
0.847059 0.733333
0.850980 0.733333
0.854902 0.733333
0.858824 0.733333
0.862745 0.733333
0.866667 0.733333
0.870588 0.733333
0.874510 0.733333
0.878431 0.733333
0.882353 0.733333
0.886275 0.733333
0.890196 0.733333
0.894118 0.733333
0.898039 0.733333
0.901961 0.733333
0.905882 0.733333
0.909804 0.733333
0.913725 0.733333
0.917647 0.733333
0.921569 0.733333
0.925490 0.733333
0.929412 0.733333
0.933333 0.733333
0.937255 0.733333
0.941176 0.733333
0.945098 0.733333
0.949020 0.733333
0.952941 0.733333
0.956863 0.733333
0.960784 0.733333
0.964706 0.733333
0.968627 0.733333
0.972549 0.733333
0.976471 0.733333
0.980392 0.733333
0.984314 0.733333
0.988235 0.733333
0.992157 0.733333
0.996078 0.733333
1.000000 0.733333

i = 1880.000000 0.737255
0.003922 0.737255
0.007843 0.737255
0.011765 0.737255
0.015686 0.737255
0.019608 0.737255
0.023529 0.737255
0.027451 0.737255
0.031373 0.737255
0.035294 0.737255
0.039216 0.737255
0.043137 0.737255
0.047059 0.737255
0.050980 0.737255
0.054902 0.737255
0.058824 0.737255
0.062745 0.737255
0.066667 0.737255
0.070588 0.737255
0.074510 0.737255
0.078431 0.737255
0.082353 0.737255
0.086275 0.737255
0.090196 0.737255
0.094118 0.737255
0.098039 0.737255
0.101961 0.737255
0.105882 0.737255
0.109804 0.737255
0.113725 0.737255
0.117647 0.737255
0.121569 0.737255
0.125490 0.737255
0.129412 0.737255
0.133333 0.737255
0.137255 0.737255
0.141176 0.737255
0.145098 0.737255
0.149020 0.737255
0.152941 0.737255
0.156863 0.737255
0.160784 0.737255
0.164706 0.737255
0.168627 0.737255
0.172549 0.737255
0.176471 0.737255
0.180392 0.737255
0.184314 0.737255
0.188235 0.737255
0.192157 0.737255
0.196078 0.737255
0.200000 0.737255
0.203922 0.737255
0.207843 0.737255
0.211765 0.737255
0.215686 0.737255
0.219608 0.737255
0.223529 0.737255
0.227451 0.737255
0.231373 0.737255
0.235294 0.737255
0.239216 0.737255
0.243137 0.737255
0.247059 0.737255
0.250980 0.737255
0.254902 0.737255
0.258824 0.737255
0.262745 0.737255
0.266667 0.737255
0.270588 0.737255
0.274510 0.737255
0.278431 0.737255
0.282353 0.737255
0.286275 0.737255
0.290196 0.737255
0.294118 0.737255
0.298039 0.737255
0.301961 0.737255
0.305882 0.737255
0.309804 0.737255
0.313726 0.737255
0.317647 0.737255
0.321569 0.737255
0.325490 0.737255
0.329412 0.737255
0.333333 0.737255
0.337255 0.737255
0.341176 0.737255
0.345098 0.737255
0.349020 0.737255
0.352941 0.737255
0.356863 0.737255
0.360784 0.737255
0.364706 0.737255
0.368627 0.737255
0.372549 0.737255
0.376471 0.737255
0.380392 0.737255
0.384314 0.737255
0.388235 0.737255
0.392157 0.737255
0.396078 0.737255
0.400000 0.737255
0.403922 0.737255
0.407843 0.737255
0.411765 0.737255
0.415686 0.737255
0.419608 0.737255
0.423529 0.737255
0.427451 0.737255
0.431373 0.737255
0.435294 0.737255
0.439216 0.737255
0.443137 0.737255
0.447059 0.737255
0.450980 0.737255
0.454902 0.737255
0.458824 0.737255
0.462745 0.737255
0.466667 0.737255
0.470588 0.737255
0.474510 0.737255
0.478431 0.737255
0.482353 0.737255
0.486275 0.737255
0.490196 0.737255
0.494118 0.737255
0.498039 0.737255
0.501961 0.737255
0.505882 0.737255
0.509804 0.737255
0.513726 0.737255
0.517647 0.737255
0.521569 0.737255
0.525490 0.737255
0.529412 0.737255
0.533333 0.737255
0.537255 0.737255
0.541176 0.737255
0.545098 0.737255
0.549020 0.737255
0.552941 0.737255
0.556863 0.737255
0.560784 0.737255
0.564706 0.737255
0.568627 0.737255
0.572549 0.737255
0.576471 0.737255
0.580392 0.737255
0.584314 0.737255
0.588235 0.737255
0.592157 0.737255
0.596078 0.737255
0.600000 0.737255
0.603922 0.737255
0.607843 0.737255
0.611765 0.737255
0.615686 0.737255
0.619608 0.737255
0.623529 0.737255
0.627451 0.737255
0.631373 0.737255
0.635294 0.737255
0.639216 0.737255
0.643137 0.737255
0.647059 0.737255
0.650980 0.737255
0.654902 0.737255
0.658824 0.737255
0.662745 0.737255
0.666667 0.737255
0.670588 0.737255
0.674510 0.737255
0.678431 0.737255
0.682353 0.737255
0.686275 0.737255
0.690196 0.737255
0.694118 0.737255
0.698039 0.737255
0.701961 0.737255
0.705882 0.737255
0.709804 0.737255
0.713726 0.737255
0.717647 0.737255
0.721569 0.737255
0.725490 0.737255
0.729412 0.737255
0.733333 0.737255
0.737255 0.737255
0.741176 0.737255
0.745098 0.737255
0.749020 0.737255
0.752941 0.737255
0.756863 0.737255
0.760784 0.737255
0.764706 0.737255
0.768627 0.737255
0.772549 0.737255
0.776471 0.737255
0.780392 0.737255
0.784314 0.737255
0.788235 0.737255
0.792157 0.737255
0.796078 0.737255
0.800000 0.737255
0.803922 0.737255
0.807843 0.737255
0.811765 0.737255
0.815686 0.737255
0.819608 0.737255
0.823529 0.737255
0.827451 0.737255
0.831373 0.737255
0.835294 0.737255
0.839216 0.737255
0.843137 0.737255
0.847059 0.737255
0.850980 0.737255
0.854902 0.737255
0.858824 0.737255
0.862745 0.737255
0.866667 0.737255
0.870588 0.737255
0.874510 0.737255
0.878431 0.737255
0.882353 0.737255
0.886275 0.737255
0.890196 0.737255
0.894118 0.737255
0.898039 0.737255
0.901961 0.737255
0.905882 0.737255
0.909804 0.737255
0.913725 0.737255
0.917647 0.737255
0.921569 0.737255
0.925490 0.737255
0.929412 0.737255
0.933333 0.737255
0.937255 0.737255
0.941176 0.737255
0.945098 0.737255
0.949020 0.737255
0.952941 0.737255
0.956863 0.737255
0.960784 0.737255
0.964706 0.737255
0.968627 0.737255
0.972549 0.737255
0.976471 0.737255
0.980392 0.737255
0.984314 0.737255
0.988235 0.737255
0.992157 0.737255
0.996078 0.737255
1.000000 0.737255

i = 1890.000000 0.741176
0.003922 0.741176
0.007843 0.741176
0.011765 0.741176
0.015686 0.741176
0.019608 0.741176
0.023529 0.741176
0.027451 0.741176
0.031373 0.741176
0.035294 0.741176
0.039216 0.741176
0.043137 0.741176
0.047059 0.741176
0.050980 0.741176
0.054902 0.741176
0.058824 0.741176
0.062745 0.741176
0.066667 0.741176
0.070588 0.741176
0.074510 0.741176
0.078431 0.741176
0.082353 0.741176
0.086275 0.741176
0.090196 0.741176
0.094118 0.741176
0.098039 0.741176
0.101961 0.741176
0.105882 0.741176
0.109804 0.741176
0.113725 0.741176
0.117647 0.741176
0.121569 0.741176
0.125490 0.741176
0.129412 0.741176
0.133333 0.741176
0.137255 0.741176
0.141176 0.741176
0.145098 0.741176
0.149020 0.741176
0.152941 0.741176
0.156863 0.741176
0.160784 0.741176
0.164706 0.741176
0.168627 0.741176
0.172549 0.741176
0.176471 0.741176
0.180392 0.741176
0.184314 0.741176
0.188235 0.741176
0.192157 0.741176
0.196078 0.741176
0.200000 0.741176
0.203922 0.741176
0.207843 0.741176
0.211765 0.741176
0.215686 0.741176
0.219608 0.741176
0.223529 0.741176
0.227451 0.741176
0.231373 0.741176
0.235294 0.741176
0.239216 0.741176
0.243137 0.741176
0.247059 0.741176
0.250980 0.741176
0.254902 0.741176
0.258824 0.741176
0.262745 0.741176
0.266667 0.741176
0.270588 0.741176
0.274510 0.741176
0.278431 0.741176
0.282353 0.741176
0.286275 0.741176
0.290196 0.741176
0.294118 0.741176
0.298039 0.741176
0.301961 0.741176
0.305882 0.741176
0.309804 0.741176
0.313726 0.741176
0.317647 0.741176
0.321569 0.741176
0.325490 0.741176
0.329412 0.741176
0.333333 0.741176
0.337255 0.741176
0.341176 0.741176
0.345098 0.741176
0.349020 0.741176
0.352941 0.741176
0.356863 0.741176
0.360784 0.741176
0.364706 0.741176
0.368627 0.741176
0.372549 0.741176
0.376471 0.741176
0.380392 0.741176
0.384314 0.741176
0.388235 0.741176
0.392157 0.741176
0.396078 0.741176
0.400000 0.741176
0.403922 0.741176
0.407843 0.741176
0.411765 0.741176
0.415686 0.741176
0.419608 0.741176
0.423529 0.741176
0.427451 0.741176
0.431373 0.741176
0.435294 0.741176
0.439216 0.741176
0.443137 0.741176
0.447059 0.741176
0.450980 0.741176
0.454902 0.741176
0.458824 0.741176
0.462745 0.741176
0.466667 0.741176
0.470588 0.741176
0.474510 0.741176
0.478431 0.741176
0.482353 0.741176
0.486275 0.741176
0.490196 0.741176
0.494118 0.741176
0.498039 0.741176
0.501961 0.741176
0.505882 0.741176
0.509804 0.741176
0.513726 0.741176
0.517647 0.741176
0.521569 0.741176
0.525490 0.741176
0.529412 0.741176
0.533333 0.741176
0.537255 0.741176
0.541176 0.741176
0.545098 0.741176
0.549020 0.741176
0.552941 0.741176
0.556863 0.741176
0.560784 0.741176
0.564706 0.741176
0.568627 0.741176
0.572549 0.741176
0.576471 0.741176
0.580392 0.741176
0.584314 0.741176
0.588235 0.741176
0.592157 0.741176
0.596078 0.741176
0.600000 0.741176
0.603922 0.741176
0.607843 0.741176
0.611765 0.741176
0.615686 0.741176
0.619608 0.741176
0.623529 0.741176
0.627451 0.741176
0.631373 0.741176
0.635294 0.741176
0.639216 0.741176
0.643137 0.741176
0.647059 0.741176
0.650980 0.741176
0.654902 0.741176
0.658824 0.741176
0.662745 0.741176
0.666667 0.741176
0.670588 0.741176
0.674510 0.741176
0.678431 0.741176
0.682353 0.741176
0.686275 0.741176
0.690196 0.741176
0.694118 0.741176
0.698039 0.741176
0.701961 0.741176
0.705882 0.741176
0.709804 0.741176
0.713726 0.741176
0.717647 0.741176
0.721569 0.741176
0.725490 0.741176
0.729412 0.741176
0.733333 0.741176
0.737255 0.741176
0.741176 0.741176
0.745098 0.741176
0.749020 0.741176
0.752941 0.741176
0.756863 0.741176
0.760784 0.741176
0.764706 0.741176
0.768627 0.741176
0.772549 0.741176
0.776471 0.741176
0.780392 0.741176
0.784314 0.741176
0.788235 0.741176
0.792157 0.741176
0.796078 0.741176
0.800000 0.741176
0.803922 0.741176
0.807843 0.741176
0.811765 0.741176
0.815686 0.741176
0.819608 0.741176
0.823529 0.741176
0.827451 0.741176
0.831373 0.741176
0.835294 0.741176
0.839216 0.741176
0.843137 0.741176
0.847059 0.741176
0.850980 0.741176
0.854902 0.741176
0.858824 0.741176
0.862745 0.741176
0.866667 0.741176
0.870588 0.741176
0.874510 0.741176
0.878431 0.741176
0.882353 0.741176
0.886275 0.741176
0.890196 0.741176
0.894118 0.741176
0.898039 0.741176
0.901961 0.741176
0.905882 0.741176
0.909804 0.741176
0.913725 0.741176
0.917647 0.741176
0.921569 0.741176
0.925490 0.741176
0.929412 0.741176
0.933333 0.741176
0.937255 0.741176
0.941176 0.741176
0.945098 0.741176
0.949020 0.741176
0.952941 0.741176
0.956863 0.741176
0.960784 0.741176
0.964706 0.741176
0.968627 0.741176
0.972549 0.741176
0.976471 0.741176
0.980392 0.741176
0.984314 0.741176
0.988235 0.741176
0.992157 0.741176
0.996078 0.741176
1.000000 0.741176

i = 1900.000000 0.745098
0.003922 0.745098
0.007843 0.745098
0.011765 0.745098
0.015686 0.745098
0.019608 0.745098
0.023529 0.745098
0.027451 0.745098
0.031373 0.745098
0.035294 0.745098
0.039216 0.745098
0.043137 0.745098
0.047059 0.745098
0.050980 0.745098
0.054902 0.745098
0.058824 0.745098
0.062745 0.745098
0.066667 0.745098
0.070588 0.745098
0.074510 0.745098
0.078431 0.745098
0.082353 0.745098
0.086275 0.745098
0.090196 0.745098
0.094118 0.745098
0.098039 0.745098
0.101961 0.745098
0.105882 0.745098
0.109804 0.745098
0.113725 0.745098
0.117647 0.745098
0.121569 0.745098
0.125490 0.745098
0.129412 0.745098
0.133333 0.745098
0.137255 0.745098
0.141176 0.745098
0.145098 0.745098
0.149020 0.745098
0.152941 0.745098
0.156863 0.745098
0.160784 0.745098
0.164706 0.745098
0.168627 0.745098
0.172549 0.745098
0.176471 0.745098
0.180392 0.745098
0.184314 0.745098
0.188235 0.745098
0.192157 0.745098
0.196078 0.745098
0.200000 0.745098
0.203922 0.745098
0.207843 0.745098
0.211765 0.745098
0.215686 0.745098
0.219608 0.745098
0.223529 0.745098
0.227451 0.745098
0.231373 0.745098
0.235294 0.745098
0.239216 0.745098
0.243137 0.745098
0.247059 0.745098
0.250980 0.745098
0.254902 0.745098
0.258824 0.745098
0.262745 0.745098
0.266667 0.745098
0.270588 0.745098
0.274510 0.745098
0.278431 0.745098
0.282353 0.745098
0.286275 0.745098
0.290196 0.745098
0.294118 0.745098
0.298039 0.745098
0.301961 0.745098
0.305882 0.745098
0.309804 0.745098
0.313726 0.745098
0.317647 0.745098
0.321569 0.745098
0.325490 0.745098
0.329412 0.745098
0.333333 0.745098
0.337255 0.745098
0.341176 0.745098
0.345098 0.745098
0.349020 0.745098
0.352941 0.745098
0.356863 0.745098
0.360784 0.745098
0.364706 0.745098
0.368627 0.745098
0.372549 0.745098
0.376471 0.745098
0.380392 0.745098
0.384314 0.745098
0.388235 0.745098
0.392157 0.745098
0.396078 0.745098
0.400000 0.745098
0.403922 0.745098
0.407843 0.745098
0.411765 0.745098
0.415686 0.745098
0.419608 0.745098
0.423529 0.745098
0.427451 0.745098
0.431373 0.745098
0.435294 0.745098
0.439216 0.745098
0.443137 0.745098
0.447059 0.745098
0.450980 0.745098
0.454902 0.745098
0.458824 0.745098
0.462745 0.745098
0.466667 0.745098
0.470588 0.745098
0.474510 0.745098
0.478431 0.745098
0.482353 0.745098
0.486275 0.745098
0.490196 0.745098
0.494118 0.745098
0.498039 0.745098
0.501961 0.745098
0.505882 0.745098
0.509804 0.745098
0.513726 0.745098
0.517647 0.745098
0.521569 0.745098
0.525490 0.745098
0.529412 0.745098
0.533333 0.745098
0.537255 0.745098
0.541176 0.745098
0.545098 0.745098
0.549020 0.745098
0.552941 0.745098
0.556863 0.745098
0.560784 0.745098
0.564706 0.745098
0.568627 0.745098
0.572549 0.745098
0.576471 0.745098
0.580392 0.745098
0.584314 0.745098
0.588235 0.745098
0.592157 0.745098
0.596078 0.745098
0.600000 0.745098
0.603922 0.745098
0.607843 0.745098
0.611765 0.745098
0.615686 0.745098
0.619608 0.745098
0.623529 0.745098
0.627451 0.745098
0.631373 0.745098
0.635294 0.745098
0.639216 0.745098
0.643137 0.745098
0.647059 0.745098
0.650980 0.745098
0.654902 0.745098
0.658824 0.745098
0.662745 0.745098
0.666667 0.745098
0.670588 0.745098
0.674510 0.745098
0.678431 0.745098
0.682353 0.745098
0.686275 0.745098
0.690196 0.745098
0.694118 0.745098
0.698039 0.745098
0.701961 0.745098
0.705882 0.745098
0.709804 0.745098
0.713726 0.745098
0.717647 0.745098
0.721569 0.745098
0.725490 0.745098
0.729412 0.745098
0.733333 0.745098
0.737255 0.745098
0.741176 0.745098
0.745098 0.745098
0.749020 0.745098
0.752941 0.745098
0.756863 0.745098
0.760784 0.745098
0.764706 0.745098
0.768627 0.745098
0.772549 0.745098
0.776471 0.745098
0.780392 0.745098
0.784314 0.745098
0.788235 0.745098
0.792157 0.745098
0.796078 0.745098
0.800000 0.745098
0.803922 0.745098
0.807843 0.745098
0.811765 0.745098
0.815686 0.745098
0.819608 0.745098
0.823529 0.745098
0.827451 0.745098
0.831373 0.745098
0.835294 0.745098
0.839216 0.745098
0.843137 0.745098
0.847059 0.745098
0.850980 0.745098
0.854902 0.745098
0.858824 0.745098
0.862745 0.745098
0.866667 0.745098
0.870588 0.745098
0.874510 0.745098
0.878431 0.745098
0.882353 0.745098
0.886275 0.745098
0.890196 0.745098
0.894118 0.745098
0.898039 0.745098
0.901961 0.745098
0.905882 0.745098
0.909804 0.745098
0.913725 0.745098
0.917647 0.745098
0.921569 0.745098
0.925490 0.745098
0.929412 0.745098
0.933333 0.745098
0.937255 0.745098
0.941176 0.745098
0.945098 0.745098
0.949020 0.745098
0.952941 0.745098
0.956863 0.745098
0.960784 0.745098
0.964706 0.745098
0.968627 0.745098
0.972549 0.745098
0.976471 0.745098
0.980392 0.745098
0.984314 0.745098
0.988235 0.745098
0.992157 0.745098
0.996078 0.745098
1.000000 0.745098

i = 1910.000000 0.749020
0.003922 0.749020
0.007843 0.749020
0.011765 0.749020
0.015686 0.749020
0.019608 0.749020
0.023529 0.749020
0.027451 0.749020
0.031373 0.749020
0.035294 0.749020
0.039216 0.749020
0.043137 0.749020
0.047059 0.749020
0.050980 0.749020
0.054902 0.749020
0.058824 0.749020
0.062745 0.749020
0.066667 0.749020
0.070588 0.749020
0.074510 0.749020
0.078431 0.749020
0.082353 0.749020
0.086275 0.749020
0.090196 0.749020
0.094118 0.749020
0.098039 0.749020
0.101961 0.749020
0.105882 0.749020
0.109804 0.749020
0.113725 0.749020
0.117647 0.749020
0.121569 0.749020
0.125490 0.749020
0.129412 0.749020
0.133333 0.749020
0.137255 0.749020
0.141176 0.749020
0.145098 0.749020
0.149020 0.749020
0.152941 0.749020
0.156863 0.749020
0.160784 0.749020
0.164706 0.749020
0.168627 0.749020
0.172549 0.749020
0.176471 0.749020
0.180392 0.749020
0.184314 0.749020
0.188235 0.749020
0.192157 0.749020
0.196078 0.749020
0.200000 0.749020
0.203922 0.749020
0.207843 0.749020
0.211765 0.749020
0.215686 0.749020
0.219608 0.749020
0.223529 0.749020
0.227451 0.749020
0.231373 0.749020
0.235294 0.749020
0.239216 0.749020
0.243137 0.749020
0.247059 0.749020
0.250980 0.749020
0.254902 0.749020
0.258824 0.749020
0.262745 0.749020
0.266667 0.749020
0.270588 0.749020
0.274510 0.749020
0.278431 0.749020
0.282353 0.749020
0.286275 0.749020
0.290196 0.749020
0.294118 0.749020
0.298039 0.749020
0.301961 0.749020
0.305882 0.749020
0.309804 0.749020
0.313726 0.749020
0.317647 0.749020
0.321569 0.749020
0.325490 0.749020
0.329412 0.749020
0.333333 0.749020
0.337255 0.749020
0.341176 0.749020
0.345098 0.749020
0.349020 0.749020
0.352941 0.749020
0.356863 0.749020
0.360784 0.749020
0.364706 0.749020
0.368627 0.749020
0.372549 0.749020
0.376471 0.749020
0.380392 0.749020
0.384314 0.749020
0.388235 0.749020
0.392157 0.749020
0.396078 0.749020
0.400000 0.749020
0.403922 0.749020
0.407843 0.749020
0.411765 0.749020
0.415686 0.749020
0.419608 0.749020
0.423529 0.749020
0.427451 0.749020
0.431373 0.749020
0.435294 0.749020
0.439216 0.749020
0.443137 0.749020
0.447059 0.749020
0.450980 0.749020
0.454902 0.749020
0.458824 0.749020
0.462745 0.749020
0.466667 0.749020
0.470588 0.749020
0.474510 0.749020
0.478431 0.749020
0.482353 0.749020
0.486275 0.749020
0.490196 0.749020
0.494118 0.749020
0.498039 0.749020
0.501961 0.749020
0.505882 0.749020
0.509804 0.749020
0.513726 0.749020
0.517647 0.749020
0.521569 0.749020
0.525490 0.749020
0.529412 0.749020
0.533333 0.749020
0.537255 0.749020
0.541176 0.749020
0.545098 0.749020
0.549020 0.749020
0.552941 0.749020
0.556863 0.749020
0.560784 0.749020
0.564706 0.749020
0.568627 0.749020
0.572549 0.749020
0.576471 0.749020
0.580392 0.749020
0.584314 0.749020
0.588235 0.749020
0.592157 0.749020
0.596078 0.749020
0.600000 0.749020
0.603922 0.749020
0.607843 0.749020
0.611765 0.749020
0.615686 0.749020
0.619608 0.749020
0.623529 0.749020
0.627451 0.749020
0.631373 0.749020
0.635294 0.749020
0.639216 0.749020
0.643137 0.749020
0.647059 0.749020
0.650980 0.749020
0.654902 0.749020
0.658824 0.749020
0.662745 0.749020
0.666667 0.749020
0.670588 0.749020
0.674510 0.749020
0.678431 0.749020
0.682353 0.749020
0.686275 0.749020
0.690196 0.749020
0.694118 0.749020
0.698039 0.749020
0.701961 0.749020
0.705882 0.749020
0.709804 0.749020
0.713726 0.749020
0.717647 0.749020
0.721569 0.749020
0.725490 0.749020
0.729412 0.749020
0.733333 0.749020
0.737255 0.749020
0.741176 0.749020
0.745098 0.749020
0.749020 0.749020
0.752941 0.749020
0.756863 0.749020
0.760784 0.749020
0.764706 0.749020
0.768627 0.749020
0.772549 0.749020
0.776471 0.749020
0.780392 0.749020
0.784314 0.749020
0.788235 0.749020
0.792157 0.749020
0.796078 0.749020
0.800000 0.749020
0.803922 0.749020
0.807843 0.749020
0.811765 0.749020
0.815686 0.749020
0.819608 0.749020
0.823529 0.749020
0.827451 0.749020
0.831373 0.749020
0.835294 0.749020
0.839216 0.749020
0.843137 0.749020
0.847059 0.749020
0.850980 0.749020
0.854902 0.749020
0.858824 0.749020
0.862745 0.749020
0.866667 0.749020
0.870588 0.749020
0.874510 0.749020
0.878431 0.749020
0.882353 0.749020
0.886275 0.749020
0.890196 0.749020
0.894118 0.749020
0.898039 0.749020
0.901961 0.749020
0.905882 0.749020
0.909804 0.749020
0.913725 0.749020
0.917647 0.749020
0.921569 0.749020
0.925490 0.749020
0.929412 0.749020
0.933333 0.749020
0.937255 0.749020
0.941176 0.749020
0.945098 0.749020
0.949020 0.749020
0.952941 0.749020
0.956863 0.749020
0.960784 0.749020
0.964706 0.749020
0.968627 0.749020
0.972549 0.749020
0.976471 0.749020
0.980392 0.749020
0.984314 0.749020
0.988235 0.749020
0.992157 0.749020
0.996078 0.749020
1.000000 0.749020

i = 1920.000000 0.752941
0.003922 0.752941
0.007843 0.752941
0.011765 0.752941
0.015686 0.752941
0.019608 0.752941
0.023529 0.752941
0.027451 0.752941
0.031373 0.752941
0.035294 0.752941
0.039216 0.752941
0.043137 0.752941
0.047059 0.752941
0.050980 0.752941
0.054902 0.752941
0.058824 0.752941
0.062745 0.752941
0.066667 0.752941
0.070588 0.752941
0.074510 0.752941
0.078431 0.752941
0.082353 0.752941
0.086275 0.752941
0.090196 0.752941
0.094118 0.752941
0.098039 0.752941
0.101961 0.752941
0.105882 0.752941
0.109804 0.752941
0.113725 0.752941
0.117647 0.752941
0.121569 0.752941
0.125490 0.752941
0.129412 0.752941
0.133333 0.752941
0.137255 0.752941
0.141176 0.752941
0.145098 0.752941
0.149020 0.752941
0.152941 0.752941
0.156863 0.752941
0.160784 0.752941
0.164706 0.752941
0.168627 0.752941
0.172549 0.752941
0.176471 0.752941
0.180392 0.752941
0.184314 0.752941
0.188235 0.752941
0.192157 0.752941
0.196078 0.752941
0.200000 0.752941
0.203922 0.752941
0.207843 0.752941
0.211765 0.752941
0.215686 0.752941
0.219608 0.752941
0.223529 0.752941
0.227451 0.752941
0.231373 0.752941
0.235294 0.752941
0.239216 0.752941
0.243137 0.752941
0.247059 0.752941
0.250980 0.752941
0.254902 0.752941
0.258824 0.752941
0.262745 0.752941
0.266667 0.752941
0.270588 0.752941
0.274510 0.752941
0.278431 0.752941
0.282353 0.752941
0.286275 0.752941
0.290196 0.752941
0.294118 0.752941
0.298039 0.752941
0.301961 0.752941
0.305882 0.752941
0.309804 0.752941
0.313726 0.752941
0.317647 0.752941
0.321569 0.752941
0.325490 0.752941
0.329412 0.752941
0.333333 0.752941
0.337255 0.752941
0.341176 0.752941
0.345098 0.752941
0.349020 0.752941
0.352941 0.752941
0.356863 0.752941
0.360784 0.752941
0.364706 0.752941
0.368627 0.752941
0.372549 0.752941
0.376471 0.752941
0.380392 0.752941
0.384314 0.752941
0.388235 0.752941
0.392157 0.752941
0.396078 0.752941
0.400000 0.752941
0.403922 0.752941
0.407843 0.752941
0.411765 0.752941
0.415686 0.752941
0.419608 0.752941
0.423529 0.752941
0.427451 0.752941
0.431373 0.752941
0.435294 0.752941
0.439216 0.752941
0.443137 0.752941
0.447059 0.752941
0.450980 0.752941
0.454902 0.752941
0.458824 0.752941
0.462745 0.752941
0.466667 0.752941
0.470588 0.752941
0.474510 0.752941
0.478431 0.752941
0.482353 0.752941
0.486275 0.752941
0.490196 0.752941
0.494118 0.752941
0.498039 0.752941
0.501961 0.752941
0.505882 0.752941
0.509804 0.752941
0.513726 0.752941
0.517647 0.752941
0.521569 0.752941
0.525490 0.752941
0.529412 0.752941
0.533333 0.752941
0.537255 0.752941
0.541176 0.752941
0.545098 0.752941
0.549020 0.752941
0.552941 0.752941
0.556863 0.752941
0.560784 0.752941
0.564706 0.752941
0.568627 0.752941
0.572549 0.752941
0.576471 0.752941
0.580392 0.752941
0.584314 0.752941
0.588235 0.752941
0.592157 0.752941
0.596078 0.752941
0.600000 0.752941
0.603922 0.752941
0.607843 0.752941
0.611765 0.752941
0.615686 0.752941
0.619608 0.752941
0.623529 0.752941
0.627451 0.752941
0.631373 0.752941
0.635294 0.752941
0.639216 0.752941
0.643137 0.752941
0.647059 0.752941
0.650980 0.752941
0.654902 0.752941
0.658824 0.752941
0.662745 0.752941
0.666667 0.752941
0.670588 0.752941
0.674510 0.752941
0.678431 0.752941
0.682353 0.752941
0.686275 0.752941
0.690196 0.752941
0.694118 0.752941
0.698039 0.752941
0.701961 0.752941
0.705882 0.752941
0.709804 0.752941
0.713726 0.752941
0.717647 0.752941
0.721569 0.752941
0.725490 0.752941
0.729412 0.752941
0.733333 0.752941
0.737255 0.752941
0.741176 0.752941
0.745098 0.752941
0.749020 0.752941
0.752941 0.752941
0.756863 0.752941
0.760784 0.752941
0.764706 0.752941
0.768627 0.752941
0.772549 0.752941
0.776471 0.752941
0.780392 0.752941
0.784314 0.752941
0.788235 0.752941
0.792157 0.752941
0.796078 0.752941
0.800000 0.752941
0.803922 0.752941
0.807843 0.752941
0.811765 0.752941
0.815686 0.752941
0.819608 0.752941
0.823529 0.752941
0.827451 0.752941
0.831373 0.752941
0.835294 0.752941
0.839216 0.752941
0.843137 0.752941
0.847059 0.752941
0.850980 0.752941
0.854902 0.752941
0.858824 0.752941
0.862745 0.752941
0.866667 0.752941
0.870588 0.752941
0.874510 0.752941
0.878431 0.752941
0.882353 0.752941
0.886275 0.752941
0.890196 0.752941
0.894118 0.752941
0.898039 0.752941
0.901961 0.752941
0.905882 0.752941
0.909804 0.752941
0.913725 0.752941
0.917647 0.752941
0.921569 0.752941
0.925490 0.752941
0.929412 0.752941
0.933333 0.752941
0.937255 0.752941
0.941176 0.752941
0.945098 0.752941
0.949020 0.752941
0.952941 0.752941
0.956863 0.752941
0.960784 0.752941
0.964706 0.752941
0.968627 0.752941
0.972549 0.752941
0.976471 0.752941
0.980392 0.752941
0.984314 0.752941
0.988235 0.752941
0.992157 0.752941
0.996078 0.752941
1.000000 0.752941

i = 1930.000000 0.756863
0.003922 0.756863
0.007843 0.756863
0.011765 0.756863
0.015686 0.756863
0.019608 0.756863
0.023529 0.756863
0.027451 0.756863
0.031373 0.756863
0.035294 0.756863
0.039216 0.756863
0.043137 0.756863
0.047059 0.756863
0.050980 0.756863
0.054902 0.756863
0.058824 0.756863
0.062745 0.756863
0.066667 0.756863
0.070588 0.756863
0.074510 0.756863
0.078431 0.756863
0.082353 0.756863
0.086275 0.756863
0.090196 0.756863
0.094118 0.756863
0.098039 0.756863
0.101961 0.756863
0.105882 0.756863
0.109804 0.756863
0.113725 0.756863
0.117647 0.756863
0.121569 0.756863
0.125490 0.756863
0.129412 0.756863
0.133333 0.756863
0.137255 0.756863
0.141176 0.756863
0.145098 0.756863
0.149020 0.756863
0.152941 0.756863
0.156863 0.756863
0.160784 0.756863
0.164706 0.756863
0.168627 0.756863
0.172549 0.756863
0.176471 0.756863
0.180392 0.756863
0.184314 0.756863
0.188235 0.756863
0.192157 0.756863
0.196078 0.756863
0.200000 0.756863
0.203922 0.756863
0.207843 0.756863
0.211765 0.756863
0.215686 0.756863
0.219608 0.756863
0.223529 0.756863
0.227451 0.756863
0.231373 0.756863
0.235294 0.756863
0.239216 0.756863
0.243137 0.756863
0.247059 0.756863
0.250980 0.756863
0.254902 0.756863
0.258824 0.756863
0.262745 0.756863
0.266667 0.756863
0.270588 0.756863
0.274510 0.756863
0.278431 0.756863
0.282353 0.756863
0.286275 0.756863
0.290196 0.756863
0.294118 0.756863
0.298039 0.756863
0.301961 0.756863
0.305882 0.756863
0.309804 0.756863
0.313726 0.756863
0.317647 0.756863
0.321569 0.756863
0.325490 0.756863
0.329412 0.756863
0.333333 0.756863
0.337255 0.756863
0.341176 0.756863
0.345098 0.756863
0.349020 0.756863
0.352941 0.756863
0.356863 0.756863
0.360784 0.756863
0.364706 0.756863
0.368627 0.756863
0.372549 0.756863
0.376471 0.756863
0.380392 0.756863
0.384314 0.756863
0.388235 0.756863
0.392157 0.756863
0.396078 0.756863
0.400000 0.756863
0.403922 0.756863
0.407843 0.756863
0.411765 0.756863
0.415686 0.756863
0.419608 0.756863
0.423529 0.756863
0.427451 0.756863
0.431373 0.756863
0.435294 0.756863
0.439216 0.756863
0.443137 0.756863
0.447059 0.756863
0.450980 0.756863
0.454902 0.756863
0.458824 0.756863
0.462745 0.756863
0.466667 0.756863
0.470588 0.756863
0.474510 0.756863
0.478431 0.756863
0.482353 0.756863
0.486275 0.756863
0.490196 0.756863
0.494118 0.756863
0.498039 0.756863
0.501961 0.756863
0.505882 0.756863
0.509804 0.756863
0.513726 0.756863
0.517647 0.756863
0.521569 0.756863
0.525490 0.756863
0.529412 0.756863
0.533333 0.756863
0.537255 0.756863
0.541176 0.756863
0.545098 0.756863
0.549020 0.756863
0.552941 0.756863
0.556863 0.756863
0.560784 0.756863
0.564706 0.756863
0.568627 0.756863
0.572549 0.756863
0.576471 0.756863
0.580392 0.756863
0.584314 0.756863
0.588235 0.756863
0.592157 0.756863
0.596078 0.756863
0.600000 0.756863
0.603922 0.756863
0.607843 0.756863
0.611765 0.756863
0.615686 0.756863
0.619608 0.756863
0.623529 0.756863
0.627451 0.756863
0.631373 0.756863
0.635294 0.756863
0.639216 0.756863
0.643137 0.756863
0.647059 0.756863
0.650980 0.756863
0.654902 0.756863
0.658824 0.756863
0.662745 0.756863
0.666667 0.756863
0.670588 0.756863
0.674510 0.756863
0.678431 0.756863
0.682353 0.756863
0.686275 0.756863
0.690196 0.756863
0.694118 0.756863
0.698039 0.756863
0.701961 0.756863
0.705882 0.756863
0.709804 0.756863
0.713726 0.756863
0.717647 0.756863
0.721569 0.756863
0.725490 0.756863
0.729412 0.756863
0.733333 0.756863
0.737255 0.756863
0.741176 0.756863
0.745098 0.756863
0.749020 0.756863
0.752941 0.756863
0.756863 0.756863
0.760784 0.756863
0.764706 0.756863
0.768627 0.756863
0.772549 0.756863
0.776471 0.756863
0.780392 0.756863
0.784314 0.756863
0.788235 0.756863
0.792157 0.756863
0.796078 0.756863
0.800000 0.756863
0.803922 0.756863
0.807843 0.756863
0.811765 0.756863
0.815686 0.756863
0.819608 0.756863
0.823529 0.756863
0.827451 0.756863
0.831373 0.756863
0.835294 0.756863
0.839216 0.756863
0.843137 0.756863
0.847059 0.756863
0.850980 0.756863
0.854902 0.756863
0.858824 0.756863
0.862745 0.756863
0.866667 0.756863
0.870588 0.756863
0.874510 0.756863
0.878431 0.756863
0.882353 0.756863
0.886275 0.756863
0.890196 0.756863
0.894118 0.756863
0.898039 0.756863
0.901961 0.756863
0.905882 0.756863
0.909804 0.756863
0.913725 0.756863
0.917647 0.756863
0.921569 0.756863
0.925490 0.756863
0.929412 0.756863
0.933333 0.756863
0.937255 0.756863
0.941176 0.756863
0.945098 0.756863
0.949020 0.756863
0.952941 0.756863
0.956863 0.756863
0.960784 0.756863
0.964706 0.756863
0.968627 0.756863
0.972549 0.756863
0.976471 0.756863
0.980392 0.756863
0.984314 0.756863
0.988235 0.756863
0.992157 0.756863
0.996078 0.756863
1.000000 0.756863

i = 1940.000000 0.760784
0.003922 0.760784
0.007843 0.760784
0.011765 0.760784
0.015686 0.760784
0.019608 0.760784
0.023529 0.760784
0.027451 0.760784
0.031373 0.760784
0.035294 0.760784
0.039216 0.760784
0.043137 0.760784
0.047059 0.760784
0.050980 0.760784
0.054902 0.760784
0.058824 0.760784
0.062745 0.760784
0.066667 0.760784
0.070588 0.760784
0.074510 0.760784
0.078431 0.760784
0.082353 0.760784
0.086275 0.760784
0.090196 0.760784
0.094118 0.760784
0.098039 0.760784
0.101961 0.760784
0.105882 0.760784
0.109804 0.760784
0.113725 0.760784
0.117647 0.760784
0.121569 0.760784
0.125490 0.760784
0.129412 0.760784
0.133333 0.760784
0.137255 0.760784
0.141176 0.760784
0.145098 0.760784
0.149020 0.760784
0.152941 0.760784
0.156863 0.760784
0.160784 0.760784
0.164706 0.760784
0.168627 0.760784
0.172549 0.760784
0.176471 0.760784
0.180392 0.760784
0.184314 0.760784
0.188235 0.760784
0.192157 0.760784
0.196078 0.760784
0.200000 0.760784
0.203922 0.760784
0.207843 0.760784
0.211765 0.760784
0.215686 0.760784
0.219608 0.760784
0.223529 0.760784
0.227451 0.760784
0.231373 0.760784
0.235294 0.760784
0.239216 0.760784
0.243137 0.760784
0.247059 0.760784
0.250980 0.760784
0.254902 0.760784
0.258824 0.760784
0.262745 0.760784
0.266667 0.760784
0.270588 0.760784
0.274510 0.760784
0.278431 0.760784
0.282353 0.760784
0.286275 0.760784
0.290196 0.760784
0.294118 0.760784
0.298039 0.760784
0.301961 0.760784
0.305882 0.760784
0.309804 0.760784
0.313726 0.760784
0.317647 0.760784
0.321569 0.760784
0.325490 0.760784
0.329412 0.760784
0.333333 0.760784
0.337255 0.760784
0.341176 0.760784
0.345098 0.760784
0.349020 0.760784
0.352941 0.760784
0.356863 0.760784
0.360784 0.760784
0.364706 0.760784
0.368627 0.760784
0.372549 0.760784
0.376471 0.760784
0.380392 0.760784
0.384314 0.760784
0.388235 0.760784
0.392157 0.760784
0.396078 0.760784
0.400000 0.760784
0.403922 0.760784
0.407843 0.760784
0.411765 0.760784
0.415686 0.760784
0.419608 0.760784
0.423529 0.760784
0.427451 0.760784
0.431373 0.760784
0.435294 0.760784
0.439216 0.760784
0.443137 0.760784
0.447059 0.760784
0.450980 0.760784
0.454902 0.760784
0.458824 0.760784
0.462745 0.760784
0.466667 0.760784
0.470588 0.760784
0.474510 0.760784
0.478431 0.760784
0.482353 0.760784
0.486275 0.760784
0.490196 0.760784
0.494118 0.760784
0.498039 0.760784
0.501961 0.760784
0.505882 0.760784
0.509804 0.760784
0.513726 0.760784
0.517647 0.760784
0.521569 0.760784
0.525490 0.760784
0.529412 0.760784
0.533333 0.760784
0.537255 0.760784
0.541176 0.760784
0.545098 0.760784
0.549020 0.760784
0.552941 0.760784
0.556863 0.760784
0.560784 0.760784
0.564706 0.760784
0.568627 0.760784
0.572549 0.760784
0.576471 0.760784
0.580392 0.760784
0.584314 0.760784
0.588235 0.760784
0.592157 0.760784
0.596078 0.760784
0.600000 0.760784
0.603922 0.760784
0.607843 0.760784
0.611765 0.760784
0.615686 0.760784
0.619608 0.760784
0.623529 0.760784
0.627451 0.760784
0.631373 0.760784
0.635294 0.760784
0.639216 0.760784
0.643137 0.760784
0.647059 0.760784
0.650980 0.760784
0.654902 0.760784
0.658824 0.760784
0.662745 0.760784
0.666667 0.760784
0.670588 0.760784
0.674510 0.760784
0.678431 0.760784
0.682353 0.760784
0.686275 0.760784
0.690196 0.760784
0.694118 0.760784
0.698039 0.760784
0.701961 0.760784
0.705882 0.760784
0.709804 0.760784
0.713726 0.760784
0.717647 0.760784
0.721569 0.760784
0.725490 0.760784
0.729412 0.760784
0.733333 0.760784
0.737255 0.760784
0.741176 0.760784
0.745098 0.760784
0.749020 0.760784
0.752941 0.760784
0.756863 0.760784
0.760784 0.760784
0.764706 0.760784
0.768627 0.760784
0.772549 0.760784
0.776471 0.760784
0.780392 0.760784
0.784314 0.760784
0.788235 0.760784
0.792157 0.760784
0.796078 0.760784
0.800000 0.760784
0.803922 0.760784
0.807843 0.760784
0.811765 0.760784
0.815686 0.760784
0.819608 0.760784
0.823529 0.760784
0.827451 0.760784
0.831373 0.760784
0.835294 0.760784
0.839216 0.760784
0.843137 0.760784
0.847059 0.760784
0.850980 0.760784
0.854902 0.760784
0.858824 0.760784
0.862745 0.760784
0.866667 0.760784
0.870588 0.760784
0.874510 0.760784
0.878431 0.760784
0.882353 0.760784
0.886275 0.760784
0.890196 0.760784
0.894118 0.760784
0.898039 0.760784
0.901961 0.760784
0.905882 0.760784
0.909804 0.760784
0.913725 0.760784
0.917647 0.760784
0.921569 0.760784
0.925490 0.760784
0.929412 0.760784
0.933333 0.760784
0.937255 0.760784
0.941176 0.760784
0.945098 0.760784
0.949020 0.760784
0.952941 0.760784
0.956863 0.760784
0.960784 0.760784
0.964706 0.760784
0.968627 0.760784
0.972549 0.760784
0.976471 0.760784
0.980392 0.760784
0.984314 0.760784
0.988235 0.760784
0.992157 0.760784
0.996078 0.760784
1.000000 0.760784

i = 1950.000000 0.764706
0.003922 0.764706
0.007843 0.764706
0.011765 0.764706
0.015686 0.764706
0.019608 0.764706
0.023529 0.764706
0.027451 0.764706
0.031373 0.764706
0.035294 0.764706
0.039216 0.764706
0.043137 0.764706
0.047059 0.764706
0.050980 0.764706
0.054902 0.764706
0.058824 0.764706
0.062745 0.764706
0.066667 0.764706
0.070588 0.764706
0.074510 0.764706
0.078431 0.764706
0.082353 0.764706
0.086275 0.764706
0.090196 0.764706
0.094118 0.764706
0.098039 0.764706
0.101961 0.764706
0.105882 0.764706
0.109804 0.764706
0.113725 0.764706
0.117647 0.764706
0.121569 0.764706
0.125490 0.764706
0.129412 0.764706
0.133333 0.764706
0.137255 0.764706
0.141176 0.764706
0.145098 0.764706
0.149020 0.764706
0.152941 0.764706
0.156863 0.764706
0.160784 0.764706
0.164706 0.764706
0.168627 0.764706
0.172549 0.764706
0.176471 0.764706
0.180392 0.764706
0.184314 0.764706
0.188235 0.764706
0.192157 0.764706
0.196078 0.764706
0.200000 0.764706
0.203922 0.764706
0.207843 0.764706
0.211765 0.764706
0.215686 0.764706
0.219608 0.764706
0.223529 0.764706
0.227451 0.764706
0.231373 0.764706
0.235294 0.764706
0.239216 0.764706
0.243137 0.764706
0.247059 0.764706
0.250980 0.764706
0.254902 0.764706
0.258824 0.764706
0.262745 0.764706
0.266667 0.764706
0.270588 0.764706
0.274510 0.764706
0.278431 0.764706
0.282353 0.764706
0.286275 0.764706
0.290196 0.764706
0.294118 0.764706
0.298039 0.764706
0.301961 0.764706
0.305882 0.764706
0.309804 0.764706
0.313726 0.764706
0.317647 0.764706
0.321569 0.764706
0.325490 0.764706
0.329412 0.764706
0.333333 0.764706
0.337255 0.764706
0.341176 0.764706
0.345098 0.764706
0.349020 0.764706
0.352941 0.764706
0.356863 0.764706
0.360784 0.764706
0.364706 0.764706
0.368627 0.764706
0.372549 0.764706
0.376471 0.764706
0.380392 0.764706
0.384314 0.764706
0.388235 0.764706
0.392157 0.764706
0.396078 0.764706
0.400000 0.764706
0.403922 0.764706
0.407843 0.764706
0.411765 0.764706
0.415686 0.764706
0.419608 0.764706
0.423529 0.764706
0.427451 0.764706
0.431373 0.764706
0.435294 0.764706
0.439216 0.764706
0.443137 0.764706
0.447059 0.764706
0.450980 0.764706
0.454902 0.764706
0.458824 0.764706
0.462745 0.764706
0.466667 0.764706
0.470588 0.764706
0.474510 0.764706
0.478431 0.764706
0.482353 0.764706
0.486275 0.764706
0.490196 0.764706
0.494118 0.764706
0.498039 0.764706
0.501961 0.764706
0.505882 0.764706
0.509804 0.764706
0.513726 0.764706
0.517647 0.764706
0.521569 0.764706
0.525490 0.764706
0.529412 0.764706
0.533333 0.764706
0.537255 0.764706
0.541176 0.764706
0.545098 0.764706
0.549020 0.764706
0.552941 0.764706
0.556863 0.764706
0.560784 0.764706
0.564706 0.764706
0.568627 0.764706
0.572549 0.764706
0.576471 0.764706
0.580392 0.764706
0.584314 0.764706
0.588235 0.764706
0.592157 0.764706
0.596078 0.764706
0.600000 0.764706
0.603922 0.764706
0.607843 0.764706
0.611765 0.764706
0.615686 0.764706
0.619608 0.764706
0.623529 0.764706
0.627451 0.764706
0.631373 0.764706
0.635294 0.764706
0.639216 0.764706
0.643137 0.764706
0.647059 0.764706
0.650980 0.764706
0.654902 0.764706
0.658824 0.764706
0.662745 0.764706
0.666667 0.764706
0.670588 0.764706
0.674510 0.764706
0.678431 0.764706
0.682353 0.764706
0.686275 0.764706
0.690196 0.764706
0.694118 0.764706
0.698039 0.764706
0.701961 0.764706
0.705882 0.764706
0.709804 0.764706
0.713726 0.764706
0.717647 0.764706
0.721569 0.764706
0.725490 0.764706
0.729412 0.764706
0.733333 0.764706
0.737255 0.764706
0.741176 0.764706
0.745098 0.764706
0.749020 0.764706
0.752941 0.764706
0.756863 0.764706
0.760784 0.764706
0.764706 0.764706
0.768627 0.764706
0.772549 0.764706
0.776471 0.764706
0.780392 0.764706
0.784314 0.764706
0.788235 0.764706
0.792157 0.764706
0.796078 0.764706
0.800000 0.764706
0.803922 0.764706
0.807843 0.764706
0.811765 0.764706
0.815686 0.764706
0.819608 0.764706
0.823529 0.764706
0.827451 0.764706
0.831373 0.764706
0.835294 0.764706
0.839216 0.764706
0.843137 0.764706
0.847059 0.764706
0.850980 0.764706
0.854902 0.764706
0.858824 0.764706
0.862745 0.764706
0.866667 0.764706
0.870588 0.764706
0.874510 0.764706
0.878431 0.764706
0.882353 0.764706
0.886275 0.764706
0.890196 0.764706
0.894118 0.764706
0.898039 0.764706
0.901961 0.764706
0.905882 0.764706
0.909804 0.764706
0.913725 0.764706
0.917647 0.764706
0.921569 0.764706
0.925490 0.764706
0.929412 0.764706
0.933333 0.764706
0.937255 0.764706
0.941176 0.764706
0.945098 0.764706
0.949020 0.764706
0.952941 0.764706
0.956863 0.764706
0.960784 0.764706
0.964706 0.764706
0.968627 0.764706
0.972549 0.764706
0.976471 0.764706
0.980392 0.764706
0.984314 0.764706
0.988235 0.764706
0.992157 0.764706
0.996078 0.764706
1.000000 0.764706

i = 1960.000000 0.768627
0.003922 0.768627
0.007843 0.768627
0.011765 0.768627
0.015686 0.768627
0.019608 0.768627
0.023529 0.768627
0.027451 0.768627
0.031373 0.768627
0.035294 0.768627
0.039216 0.768627
0.043137 0.768627
0.047059 0.768627
0.050980 0.768627
0.054902 0.768627
0.058824 0.768627
0.062745 0.768627
0.066667 0.768627
0.070588 0.768627
0.074510 0.768627
0.078431 0.768627
0.082353 0.768627
0.086275 0.768627
0.090196 0.768627
0.094118 0.768627
0.098039 0.768627
0.101961 0.768627
0.105882 0.768627
0.109804 0.768627
0.113725 0.768627
0.117647 0.768627
0.121569 0.768627
0.125490 0.768627
0.129412 0.768627
0.133333 0.768627
0.137255 0.768627
0.141176 0.768627
0.145098 0.768627
0.149020 0.768627
0.152941 0.768627
0.156863 0.768627
0.160784 0.768627
0.164706 0.768627
0.168627 0.768627
0.172549 0.768627
0.176471 0.768627
0.180392 0.768627
0.184314 0.768627
0.188235 0.768627
0.192157 0.768627
0.196078 0.768627
0.200000 0.768627
0.203922 0.768627
0.207843 0.768627
0.211765 0.768627
0.215686 0.768627
0.219608 0.768627
0.223529 0.768627
0.227451 0.768627
0.231373 0.768627
0.235294 0.768627
0.239216 0.768627
0.243137 0.768627
0.247059 0.768627
0.250980 0.768627
0.254902 0.768627
0.258824 0.768627
0.262745 0.768627
0.266667 0.768627
0.270588 0.768627
0.274510 0.768627
0.278431 0.768627
0.282353 0.768627
0.286275 0.768627
0.290196 0.768627
0.294118 0.768627
0.298039 0.768627
0.301961 0.768627
0.305882 0.768627
0.309804 0.768627
0.313726 0.768627
0.317647 0.768627
0.321569 0.768627
0.325490 0.768627
0.329412 0.768627
0.333333 0.768627
0.337255 0.768627
0.341176 0.768627
0.345098 0.768627
0.349020 0.768627
0.352941 0.768627
0.356863 0.768627
0.360784 0.768627
0.364706 0.768627
0.368627 0.768627
0.372549 0.768627
0.376471 0.768627
0.380392 0.768627
0.384314 0.768627
0.388235 0.768627
0.392157 0.768627
0.396078 0.768627
0.400000 0.768627
0.403922 0.768627
0.407843 0.768627
0.411765 0.768627
0.415686 0.768627
0.419608 0.768627
0.423529 0.768627
0.427451 0.768627
0.431373 0.768627
0.435294 0.768627
0.439216 0.768627
0.443137 0.768627
0.447059 0.768627
0.450980 0.768627
0.454902 0.768627
0.458824 0.768627
0.462745 0.768627
0.466667 0.768627
0.470588 0.768627
0.474510 0.768627
0.478431 0.768627
0.482353 0.768627
0.486275 0.768627
0.490196 0.768627
0.494118 0.768627
0.498039 0.768627
0.501961 0.768627
0.505882 0.768627
0.509804 0.768627
0.513726 0.768627
0.517647 0.768627
0.521569 0.768627
0.525490 0.768627
0.529412 0.768627
0.533333 0.768627
0.537255 0.768627
0.541176 0.768627
0.545098 0.768627
0.549020 0.768627
0.552941 0.768627
0.556863 0.768627
0.560784 0.768627
0.564706 0.768627
0.568627 0.768627
0.572549 0.768627
0.576471 0.768627
0.580392 0.768627
0.584314 0.768627
0.588235 0.768627
0.592157 0.768627
0.596078 0.768627
0.600000 0.768627
0.603922 0.768627
0.607843 0.768627
0.611765 0.768627
0.615686 0.768627
0.619608 0.768627
0.623529 0.768627
0.627451 0.768627
0.631373 0.768627
0.635294 0.768627
0.639216 0.768627
0.643137 0.768627
0.647059 0.768627
0.650980 0.768627
0.654902 0.768627
0.658824 0.768627
0.662745 0.768627
0.666667 0.768627
0.670588 0.768627
0.674510 0.768627
0.678431 0.768627
0.682353 0.768627
0.686275 0.768627
0.690196 0.768627
0.694118 0.768627
0.698039 0.768627
0.701961 0.768627
0.705882 0.768627
0.709804 0.768627
0.713726 0.768627
0.717647 0.768627
0.721569 0.768627
0.725490 0.768627
0.729412 0.768627
0.733333 0.768627
0.737255 0.768627
0.741176 0.768627
0.745098 0.768627
0.749020 0.768627
0.752941 0.768627
0.756863 0.768627
0.760784 0.768627
0.764706 0.768627
0.768627 0.768627
0.772549 0.768627
0.776471 0.768627
0.780392 0.768627
0.784314 0.768627
0.788235 0.768627
0.792157 0.768627
0.796078 0.768627
0.800000 0.768627
0.803922 0.768627
0.807843 0.768627
0.811765 0.768627
0.815686 0.768627
0.819608 0.768627
0.823529 0.768627
0.827451 0.768627
0.831373 0.768627
0.835294 0.768627
0.839216 0.768627
0.843137 0.768627
0.847059 0.768627
0.850980 0.768627
0.854902 0.768627
0.858824 0.768627
0.862745 0.768627
0.866667 0.768627
0.870588 0.768627
0.874510 0.768627
0.878431 0.768627
0.882353 0.768627
0.886275 0.768627
0.890196 0.768627
0.894118 0.768627
0.898039 0.768627
0.901961 0.768627
0.905882 0.768627
0.909804 0.768627
0.913725 0.768627
0.917647 0.768627
0.921569 0.768627
0.925490 0.768627
0.929412 0.768627
0.933333 0.768627
0.937255 0.768627
0.941176 0.768627
0.945098 0.768627
0.949020 0.768627
0.952941 0.768627
0.956863 0.768627
0.960784 0.768627
0.964706 0.768627
0.968627 0.768627
0.972549 0.768627
0.976471 0.768627
0.980392 0.768627
0.984314 0.768627
0.988235 0.768627
0.992157 0.768627
0.996078 0.768627
1.000000 0.768627

i = 1970.000000 0.772549
0.003922 0.772549
0.007843 0.772549
0.011765 0.772549
0.015686 0.772549
0.019608 0.772549
0.023529 0.772549
0.027451 0.772549
0.031373 0.772549
0.035294 0.772549
0.039216 0.772549
0.043137 0.772549
0.047059 0.772549
0.050980 0.772549
0.054902 0.772549
0.058824 0.772549
0.062745 0.772549
0.066667 0.772549
0.070588 0.772549
0.074510 0.772549
0.078431 0.772549
0.082353 0.772549
0.086275 0.772549
0.090196 0.772549
0.094118 0.772549
0.098039 0.772549
0.101961 0.772549
0.105882 0.772549
0.109804 0.772549
0.113725 0.772549
0.117647 0.772549
0.121569 0.772549
0.125490 0.772549
0.129412 0.772549
0.133333 0.772549
0.137255 0.772549
0.141176 0.772549
0.145098 0.772549
0.149020 0.772549
0.152941 0.772549
0.156863 0.772549
0.160784 0.772549
0.164706 0.772549
0.168627 0.772549
0.172549 0.772549
0.176471 0.772549
0.180392 0.772549
0.184314 0.772549
0.188235 0.772549
0.192157 0.772549
0.196078 0.772549
0.200000 0.772549
0.203922 0.772549
0.207843 0.772549
0.211765 0.772549
0.215686 0.772549
0.219608 0.772549
0.223529 0.772549
0.227451 0.772549
0.231373 0.772549
0.235294 0.772549
0.239216 0.772549
0.243137 0.772549
0.247059 0.772549
0.250980 0.772549
0.254902 0.772549
0.258824 0.772549
0.262745 0.772549
0.266667 0.772549
0.270588 0.772549
0.274510 0.772549
0.278431 0.772549
0.282353 0.772549
0.286275 0.772549
0.290196 0.772549
0.294118 0.772549
0.298039 0.772549
0.301961 0.772549
0.305882 0.772549
0.309804 0.772549
0.313726 0.772549
0.317647 0.772549
0.321569 0.772549
0.325490 0.772549
0.329412 0.772549
0.333333 0.772549
0.337255 0.772549
0.341176 0.772549
0.345098 0.772549
0.349020 0.772549
0.352941 0.772549
0.356863 0.772549
0.360784 0.772549
0.364706 0.772549
0.368627 0.772549
0.372549 0.772549
0.376471 0.772549
0.380392 0.772549
0.384314 0.772549
0.388235 0.772549
0.392157 0.772549
0.396078 0.772549
0.400000 0.772549
0.403922 0.772549
0.407843 0.772549
0.411765 0.772549
0.415686 0.772549
0.419608 0.772549
0.423529 0.772549
0.427451 0.772549
0.431373 0.772549
0.435294 0.772549
0.439216 0.772549
0.443137 0.772549
0.447059 0.772549
0.450980 0.772549
0.454902 0.772549
0.458824 0.772549
0.462745 0.772549
0.466667 0.772549
0.470588 0.772549
0.474510 0.772549
0.478431 0.772549
0.482353 0.772549
0.486275 0.772549
0.490196 0.772549
0.494118 0.772549
0.498039 0.772549
0.501961 0.772549
0.505882 0.772549
0.509804 0.772549
0.513726 0.772549
0.517647 0.772549
0.521569 0.772549
0.525490 0.772549
0.529412 0.772549
0.533333 0.772549
0.537255 0.772549
0.541176 0.772549
0.545098 0.772549
0.549020 0.772549
0.552941 0.772549
0.556863 0.772549
0.560784 0.772549
0.564706 0.772549
0.568627 0.772549
0.572549 0.772549
0.576471 0.772549
0.580392 0.772549
0.584314 0.772549
0.588235 0.772549
0.592157 0.772549
0.596078 0.772549
0.600000 0.772549
0.603922 0.772549
0.607843 0.772549
0.611765 0.772549
0.615686 0.772549
0.619608 0.772549
0.623529 0.772549
0.627451 0.772549
0.631373 0.772549
0.635294 0.772549
0.639216 0.772549
0.643137 0.772549
0.647059 0.772549
0.650980 0.772549
0.654902 0.772549
0.658824 0.772549
0.662745 0.772549
0.666667 0.772549
0.670588 0.772549
0.674510 0.772549
0.678431 0.772549
0.682353 0.772549
0.686275 0.772549
0.690196 0.772549
0.694118 0.772549
0.698039 0.772549
0.701961 0.772549
0.705882 0.772549
0.709804 0.772549
0.713726 0.772549
0.717647 0.772549
0.721569 0.772549
0.725490 0.772549
0.729412 0.772549
0.733333 0.772549
0.737255 0.772549
0.741176 0.772549
0.745098 0.772549
0.749020 0.772549
0.752941 0.772549
0.756863 0.772549
0.760784 0.772549
0.764706 0.772549
0.768627 0.772549
0.772549 0.772549
0.776471 0.772549
0.780392 0.772549
0.784314 0.772549
0.788235 0.772549
0.792157 0.772549
0.796078 0.772549
0.800000 0.772549
0.803922 0.772549
0.807843 0.772549
0.811765 0.772549
0.815686 0.772549
0.819608 0.772549
0.823529 0.772549
0.827451 0.772549
0.831373 0.772549
0.835294 0.772549
0.839216 0.772549
0.843137 0.772549
0.847059 0.772549
0.850980 0.772549
0.854902 0.772549
0.858824 0.772549
0.862745 0.772549
0.866667 0.772549
0.870588 0.772549
0.874510 0.772549
0.878431 0.772549
0.882353 0.772549
0.886275 0.772549
0.890196 0.772549
0.894118 0.772549
0.898039 0.772549
0.901961 0.772549
0.905882 0.772549
0.909804 0.772549
0.913725 0.772549
0.917647 0.772549
0.921569 0.772549
0.925490 0.772549
0.929412 0.772549
0.933333 0.772549
0.937255 0.772549
0.941176 0.772549
0.945098 0.772549
0.949020 0.772549
0.952941 0.772549
0.956863 0.772549
0.960784 0.772549
0.964706 0.772549
0.968627 0.772549
0.972549 0.772549
0.976471 0.772549
0.980392 0.772549
0.984314 0.772549
0.988235 0.772549
0.992157 0.772549
0.996078 0.772549
1.000000 0.772549

i = 1980.000000 0.776471
0.003922 0.776471
0.007843 0.776471
0.011765 0.776471
0.015686 0.776471
0.019608 0.776471
0.023529 0.776471
0.027451 0.776471
0.031373 0.776471
0.035294 0.776471
0.039216 0.776471
0.043137 0.776471
0.047059 0.776471
0.050980 0.776471
0.054902 0.776471
0.058824 0.776471
0.062745 0.776471
0.066667 0.776471
0.070588 0.776471
0.074510 0.776471
0.078431 0.776471
0.082353 0.776471
0.086275 0.776471
0.090196 0.776471
0.094118 0.776471
0.098039 0.776471
0.101961 0.776471
0.105882 0.776471
0.109804 0.776471
0.113725 0.776471
0.117647 0.776471
0.121569 0.776471
0.125490 0.776471
0.129412 0.776471
0.133333 0.776471
0.137255 0.776471
0.141176 0.776471
0.145098 0.776471
0.149020 0.776471
0.152941 0.776471
0.156863 0.776471
0.160784 0.776471
0.164706 0.776471
0.168627 0.776471
0.172549 0.776471
0.176471 0.776471
0.180392 0.776471
0.184314 0.776471
0.188235 0.776471
0.192157 0.776471
0.196078 0.776471
0.200000 0.776471
0.203922 0.776471
0.207843 0.776471
0.211765 0.776471
0.215686 0.776471
0.219608 0.776471
0.223529 0.776471
0.227451 0.776471
0.231373 0.776471
0.235294 0.776471
0.239216 0.776471
0.243137 0.776471
0.247059 0.776471
0.250980 0.776471
0.254902 0.776471
0.258824 0.776471
0.262745 0.776471
0.266667 0.776471
0.270588 0.776471
0.274510 0.776471
0.278431 0.776471
0.282353 0.776471
0.286275 0.776471
0.290196 0.776471
0.294118 0.776471
0.298039 0.776471
0.301961 0.776471
0.305882 0.776471
0.309804 0.776471
0.313726 0.776471
0.317647 0.776471
0.321569 0.776471
0.325490 0.776471
0.329412 0.776471
0.333333 0.776471
0.337255 0.776471
0.341176 0.776471
0.345098 0.776471
0.349020 0.776471
0.352941 0.776471
0.356863 0.776471
0.360784 0.776471
0.364706 0.776471
0.368627 0.776471
0.372549 0.776471
0.376471 0.776471
0.380392 0.776471
0.384314 0.776471
0.388235 0.776471
0.392157 0.776471
0.396078 0.776471
0.400000 0.776471
0.403922 0.776471
0.407843 0.776471
0.411765 0.776471
0.415686 0.776471
0.419608 0.776471
0.423529 0.776471
0.427451 0.776471
0.431373 0.776471
0.435294 0.776471
0.439216 0.776471
0.443137 0.776471
0.447059 0.776471
0.450980 0.776471
0.454902 0.776471
0.458824 0.776471
0.462745 0.776471
0.466667 0.776471
0.470588 0.776471
0.474510 0.776471
0.478431 0.776471
0.482353 0.776471
0.486275 0.776471
0.490196 0.776471
0.494118 0.776471
0.498039 0.776471
0.501961 0.776471
0.505882 0.776471
0.509804 0.776471
0.513726 0.776471
0.517647 0.776471
0.521569 0.776471
0.525490 0.776471
0.529412 0.776471
0.533333 0.776471
0.537255 0.776471
0.541176 0.776471
0.545098 0.776471
0.549020 0.776471
0.552941 0.776471
0.556863 0.776471
0.560784 0.776471
0.564706 0.776471
0.568627 0.776471
0.572549 0.776471
0.576471 0.776471
0.580392 0.776471
0.584314 0.776471
0.588235 0.776471
0.592157 0.776471
0.596078 0.776471
0.600000 0.776471
0.603922 0.776471
0.607843 0.776471
0.611765 0.776471
0.615686 0.776471
0.619608 0.776471
0.623529 0.776471
0.627451 0.776471
0.631373 0.776471
0.635294 0.776471
0.639216 0.776471
0.643137 0.776471
0.647059 0.776471
0.650980 0.776471
0.654902 0.776471
0.658824 0.776471
0.662745 0.776471
0.666667 0.776471
0.670588 0.776471
0.674510 0.776471
0.678431 0.776471
0.682353 0.776471
0.686275 0.776471
0.690196 0.776471
0.694118 0.776471
0.698039 0.776471
0.701961 0.776471
0.705882 0.776471
0.709804 0.776471
0.713726 0.776471
0.717647 0.776471
0.721569 0.776471
0.725490 0.776471
0.729412 0.776471
0.733333 0.776471
0.737255 0.776471
0.741176 0.776471
0.745098 0.776471
0.749020 0.776471
0.752941 0.776471
0.756863 0.776471
0.760784 0.776471
0.764706 0.776471
0.768627 0.776471
0.772549 0.776471
0.776471 0.776471
0.780392 0.776471
0.784314 0.776471
0.788235 0.776471
0.792157 0.776471
0.796078 0.776471
0.800000 0.776471
0.803922 0.776471
0.807843 0.776471
0.811765 0.776471
0.815686 0.776471
0.819608 0.776471
0.823529 0.776471
0.827451 0.776471
0.831373 0.776471
0.835294 0.776471
0.839216 0.776471
0.843137 0.776471
0.847059 0.776471
0.850980 0.776471
0.854902 0.776471
0.858824 0.776471
0.862745 0.776471
0.866667 0.776471
0.870588 0.776471
0.874510 0.776471
0.878431 0.776471
0.882353 0.776471
0.886275 0.776471
0.890196 0.776471
0.894118 0.776471
0.898039 0.776471
0.901961 0.776471
0.905882 0.776471
0.909804 0.776471
0.913725 0.776471
0.917647 0.776471
0.921569 0.776471
0.925490 0.776471
0.929412 0.776471
0.933333 0.776471
0.937255 0.776471
0.941176 0.776471
0.945098 0.776471
0.949020 0.776471
0.952941 0.776471
0.956863 0.776471
0.960784 0.776471
0.964706 0.776471
0.968627 0.776471
0.972549 0.776471
0.976471 0.776471
0.980392 0.776471
0.984314 0.776471
0.988235 0.776471
0.992157 0.776471
0.996078 0.776471
1.000000 0.776471

i = 1990.000000 0.780392
0.003922 0.780392
0.007843 0.780392
0.011765 0.780392
0.015686 0.780392
0.019608 0.780392
0.023529 0.780392
0.027451 0.780392
0.031373 0.780392
0.035294 0.780392
0.039216 0.780392
0.043137 0.780392
0.047059 0.780392
0.050980 0.780392
0.054902 0.780392
0.058824 0.780392
0.062745 0.780392
0.066667 0.780392
0.070588 0.780392
0.074510 0.780392
0.078431 0.780392
0.082353 0.780392
0.086275 0.780392
0.090196 0.780392
0.094118 0.780392
0.098039 0.780392
0.101961 0.780392
0.105882 0.780392
0.109804 0.780392
0.113725 0.780392
0.117647 0.780392
0.121569 0.780392
0.125490 0.780392
0.129412 0.780392
0.133333 0.780392
0.137255 0.780392
0.141176 0.780392
0.145098 0.780392
0.149020 0.780392
0.152941 0.780392
0.156863 0.780392
0.160784 0.780392
0.164706 0.780392
0.168627 0.780392
0.172549 0.780392
0.176471 0.780392
0.180392 0.780392
0.184314 0.780392
0.188235 0.780392
0.192157 0.780392
0.196078 0.780392
0.200000 0.780392
0.203922 0.780392
0.207843 0.780392
0.211765 0.780392
0.215686 0.780392
0.219608 0.780392
0.223529 0.780392
0.227451 0.780392
0.231373 0.780392
0.235294 0.780392
0.239216 0.780392
0.243137 0.780392
0.247059 0.780392
0.250980 0.780392
0.254902 0.780392
0.258824 0.780392
0.262745 0.780392
0.266667 0.780392
0.270588 0.780392
0.274510 0.780392
0.278431 0.780392
0.282353 0.780392
0.286275 0.780392
0.290196 0.780392
0.294118 0.780392
0.298039 0.780392
0.301961 0.780392
0.305882 0.780392
0.309804 0.780392
0.313726 0.780392
0.317647 0.780392
0.321569 0.780392
0.325490 0.780392
0.329412 0.780392
0.333333 0.780392
0.337255 0.780392
0.341176 0.780392
0.345098 0.780392
0.349020 0.780392
0.352941 0.780392
0.356863 0.780392
0.360784 0.780392
0.364706 0.780392
0.368627 0.780392
0.372549 0.780392
0.376471 0.780392
0.380392 0.780392
0.384314 0.780392
0.388235 0.780392
0.392157 0.780392
0.396078 0.780392
0.400000 0.780392
0.403922 0.780392
0.407843 0.780392
0.411765 0.780392
0.415686 0.780392
0.419608 0.780392
0.423529 0.780392
0.427451 0.780392
0.431373 0.780392
0.435294 0.780392
0.439216 0.780392
0.443137 0.780392
0.447059 0.780392
0.450980 0.780392
0.454902 0.780392
0.458824 0.780392
0.462745 0.780392
0.466667 0.780392
0.470588 0.780392
0.474510 0.780392
0.478431 0.780392
0.482353 0.780392
0.486275 0.780392
0.490196 0.780392
0.494118 0.780392
0.498039 0.780392
0.501961 0.780392
0.505882 0.780392
0.509804 0.780392
0.513726 0.780392
0.517647 0.780392
0.521569 0.780392
0.525490 0.780392
0.529412 0.780392
0.533333 0.780392
0.537255 0.780392
0.541176 0.780392
0.545098 0.780392
0.549020 0.780392
0.552941 0.780392
0.556863 0.780392
0.560784 0.780392
0.564706 0.780392
0.568627 0.780392
0.572549 0.780392
0.576471 0.780392
0.580392 0.780392
0.584314 0.780392
0.588235 0.780392
0.592157 0.780392
0.596078 0.780392
0.600000 0.780392
0.603922 0.780392
0.607843 0.780392
0.611765 0.780392
0.615686 0.780392
0.619608 0.780392
0.623529 0.780392
0.627451 0.780392
0.631373 0.780392
0.635294 0.780392
0.639216 0.780392
0.643137 0.780392
0.647059 0.780392
0.650980 0.780392
0.654902 0.780392
0.658824 0.780392
0.662745 0.780392
0.666667 0.780392
0.670588 0.780392
0.674510 0.780392
0.678431 0.780392
0.682353 0.780392
0.686275 0.780392
0.690196 0.780392
0.694118 0.780392
0.698039 0.780392
0.701961 0.780392
0.705882 0.780392
0.709804 0.780392
0.713726 0.780392
0.717647 0.780392
0.721569 0.780392
0.725490 0.780392
0.729412 0.780392
0.733333 0.780392
0.737255 0.780392
0.741176 0.780392
0.745098 0.780392
0.749020 0.780392
0.752941 0.780392
0.756863 0.780392
0.760784 0.780392
0.764706 0.780392
0.768627 0.780392
0.772549 0.780392
0.776471 0.780392
0.780392 0.780392
0.784314 0.780392
0.788235 0.780392
0.792157 0.780392
0.796078 0.780392
0.800000 0.780392
0.803922 0.780392
0.807843 0.780392
0.811765 0.780392
0.815686 0.780392
0.819608 0.780392
0.823529 0.780392
0.827451 0.780392
0.831373 0.780392
0.835294 0.780392
0.839216 0.780392
0.843137 0.780392
0.847059 0.780392
0.850980 0.780392
0.854902 0.780392
0.858824 0.780392
0.862745 0.780392
0.866667 0.780392
0.870588 0.780392
0.874510 0.780392
0.878431 0.780392
0.882353 0.780392
0.886275 0.780392
0.890196 0.780392
0.894118 0.780392
0.898039 0.780392
0.901961 0.780392
0.905882 0.780392
0.909804 0.780392
0.913725 0.780392
0.917647 0.780392
0.921569 0.780392
0.925490 0.780392
0.929412 0.780392
0.933333 0.780392
0.937255 0.780392
0.941176 0.780392
0.945098 0.780392
0.949020 0.780392
0.952941 0.780392
0.956863 0.780392
0.960784 0.780392
0.964706 0.780392
0.968627 0.780392
0.972549 0.780392
0.976471 0.780392
0.980392 0.780392
0.984314 0.780392
0.988235 0.780392
0.992157 0.780392
0.996078 0.780392
1.000000 0.780392

i = 2000.000000 0.784314
0.003922 0.784314
0.007843 0.784314
0.011765 0.784314
0.015686 0.784314
0.019608 0.784314
0.023529 0.784314
0.027451 0.784314
0.031373 0.784314
0.035294 0.784314
0.039216 0.784314
0.043137 0.784314
0.047059 0.784314
0.050980 0.784314
0.054902 0.784314
0.058824 0.784314
0.062745 0.784314
0.066667 0.784314
0.070588 0.784314
0.074510 0.784314
0.078431 0.784314
0.082353 0.784314
0.086275 0.784314
0.090196 0.784314
0.094118 0.784314
0.098039 0.784314
0.101961 0.784314
0.105882 0.784314
0.109804 0.784314
0.113725 0.784314
0.117647 0.784314
0.121569 0.784314
0.125490 0.784314
0.129412 0.784314
0.133333 0.784314
0.137255 0.784314
0.141176 0.784314
0.145098 0.784314
0.149020 0.784314
0.152941 0.784314
0.156863 0.784314
0.160784 0.784314
0.164706 0.784314
0.168627 0.784314
0.172549 0.784314
0.176471 0.784314
0.180392 0.784314
0.184314 0.784314
0.188235 0.784314
0.192157 0.784314
0.196078 0.784314
0.200000 0.784314
0.203922 0.784314
0.207843 0.784314
0.211765 0.784314
0.215686 0.784314
0.219608 0.784314
0.223529 0.784314
0.227451 0.784314
0.231373 0.784314
0.235294 0.784314
0.239216 0.784314
0.243137 0.784314
0.247059 0.784314
0.250980 0.784314
0.254902 0.784314
0.258824 0.784314
0.262745 0.784314
0.266667 0.784314
0.270588 0.784314
0.274510 0.784314
0.278431 0.784314
0.282353 0.784314
0.286275 0.784314
0.290196 0.784314
0.294118 0.784314
0.298039 0.784314
0.301961 0.784314
0.305882 0.784314
0.309804 0.784314
0.313726 0.784314
0.317647 0.784314
0.321569 0.784314
0.325490 0.784314
0.329412 0.784314
0.333333 0.784314
0.337255 0.784314
0.341176 0.784314
0.345098 0.784314
0.349020 0.784314
0.352941 0.784314
0.356863 0.784314
0.360784 0.784314
0.364706 0.784314
0.368627 0.784314
0.372549 0.784314
0.376471 0.784314
0.380392 0.784314
0.384314 0.784314
0.388235 0.784314
0.392157 0.784314
0.396078 0.784314
0.400000 0.784314
0.403922 0.784314
0.407843 0.784314
0.411765 0.784314
0.415686 0.784314
0.419608 0.784314
0.423529 0.784314
0.427451 0.784314
0.431373 0.784314
0.435294 0.784314
0.439216 0.784314
0.443137 0.784314
0.447059 0.784314
0.450980 0.784314
0.454902 0.784314
0.458824 0.784314
0.462745 0.784314
0.466667 0.784314
0.470588 0.784314
0.474510 0.784314
0.478431 0.784314
0.482353 0.784314
0.486275 0.784314
0.490196 0.784314
0.494118 0.784314
0.498039 0.784314
0.501961 0.784314
0.505882 0.784314
0.509804 0.784314
0.513726 0.784314
0.517647 0.784314
0.521569 0.784314
0.525490 0.784314
0.529412 0.784314
0.533333 0.784314
0.537255 0.784314
0.541176 0.784314
0.545098 0.784314
0.549020 0.784314
0.552941 0.784314
0.556863 0.784314
0.560784 0.784314
0.564706 0.784314
0.568627 0.784314
0.572549 0.784314
0.576471 0.784314
0.580392 0.784314
0.584314 0.784314
0.588235 0.784314
0.592157 0.784314
0.596078 0.784314
0.600000 0.784314
0.603922 0.784314
0.607843 0.784314
0.611765 0.784314
0.615686 0.784314
0.619608 0.784314
0.623529 0.784314
0.627451 0.784314
0.631373 0.784314
0.635294 0.784314
0.639216 0.784314
0.643137 0.784314
0.647059 0.784314
0.650980 0.784314
0.654902 0.784314
0.658824 0.784314
0.662745 0.784314
0.666667 0.784314
0.670588 0.784314
0.674510 0.784314
0.678431 0.784314
0.682353 0.784314
0.686275 0.784314
0.690196 0.784314
0.694118 0.784314
0.698039 0.784314
0.701961 0.784314
0.705882 0.784314
0.709804 0.784314
0.713726 0.784314
0.717647 0.784314
0.721569 0.784314
0.725490 0.784314
0.729412 0.784314
0.733333 0.784314
0.737255 0.784314
0.741176 0.784314
0.745098 0.784314
0.749020 0.784314
0.752941 0.784314
0.756863 0.784314
0.760784 0.784314
0.764706 0.784314
0.768627 0.784314
0.772549 0.784314
0.776471 0.784314
0.780392 0.784314
0.784314 0.784314
0.788235 0.784314
0.792157 0.784314
0.796078 0.784314
0.800000 0.784314
0.803922 0.784314
0.807843 0.784314
0.811765 0.784314
0.815686 0.784314
0.819608 0.784314
0.823529 0.784314
0.827451 0.784314
0.831373 0.784314
0.835294 0.784314
0.839216 0.784314
0.843137 0.784314
0.847059 0.784314
0.850980 0.784314
0.854902 0.784314
0.858824 0.784314
0.862745 0.784314
0.866667 0.784314
0.870588 0.784314
0.874510 0.784314
0.878431 0.784314
0.882353 0.784314
0.886275 0.784314
0.890196 0.784314
0.894118 0.784314
0.898039 0.784314
0.901961 0.784314
0.905882 0.784314
0.909804 0.784314
0.913725 0.784314
0.917647 0.784314
0.921569 0.784314
0.925490 0.784314
0.929412 0.784314
0.933333 0.784314
0.937255 0.784314
0.941176 0.784314
0.945098 0.784314
0.949020 0.784314
0.952941 0.784314
0.956863 0.784314
0.960784 0.784314
0.964706 0.784314
0.968627 0.784314
0.972549 0.784314
0.976471 0.784314
0.980392 0.784314
0.984314 0.784314
0.988235 0.784314
0.992157 0.784314
0.996078 0.784314
1.000000 0.784314

i = 2010.000000 0.788235
0.003922 0.788235
0.007843 0.788235
0.011765 0.788235
0.015686 0.788235
0.019608 0.788235
0.023529 0.788235
0.027451 0.788235
0.031373 0.788235
0.035294 0.788235
0.039216 0.788235
0.043137 0.788235
0.047059 0.788235
0.050980 0.788235
0.054902 0.788235
0.058824 0.788235
0.062745 0.788235
0.066667 0.788235
0.070588 0.788235
0.074510 0.788235
0.078431 0.788235
0.082353 0.788235
0.086275 0.788235
0.090196 0.788235
0.094118 0.788235
0.098039 0.788235
0.101961 0.788235
0.105882 0.788235
0.109804 0.788235
0.113725 0.788235
0.117647 0.788235
0.121569 0.788235
0.125490 0.788235
0.129412 0.788235
0.133333 0.788235
0.137255 0.788235
0.141176 0.788235
0.145098 0.788235
0.149020 0.788235
0.152941 0.788235
0.156863 0.788235
0.160784 0.788235
0.164706 0.788235
0.168627 0.788235
0.172549 0.788235
0.176471 0.788235
0.180392 0.788235
0.184314 0.788235
0.188235 0.788235
0.192157 0.788235
0.196078 0.788235
0.200000 0.788235
0.203922 0.788235
0.207843 0.788235
0.211765 0.788235
0.215686 0.788235
0.219608 0.788235
0.223529 0.788235
0.227451 0.788235
0.231373 0.788235
0.235294 0.788235
0.239216 0.788235
0.243137 0.788235
0.247059 0.788235
0.250980 0.788235
0.254902 0.788235
0.258824 0.788235
0.262745 0.788235
0.266667 0.788235
0.270588 0.788235
0.274510 0.788235
0.278431 0.788235
0.282353 0.788235
0.286275 0.788235
0.290196 0.788235
0.294118 0.788235
0.298039 0.788235
0.301961 0.788235
0.305882 0.788235
0.309804 0.788235
0.313726 0.788235
0.317647 0.788235
0.321569 0.788235
0.325490 0.788235
0.329412 0.788235
0.333333 0.788235
0.337255 0.788235
0.341176 0.788235
0.345098 0.788235
0.349020 0.788235
0.352941 0.788235
0.356863 0.788235
0.360784 0.788235
0.364706 0.788235
0.368627 0.788235
0.372549 0.788235
0.376471 0.788235
0.380392 0.788235
0.384314 0.788235
0.388235 0.788235
0.392157 0.788235
0.396078 0.788235
0.400000 0.788235
0.403922 0.788235
0.407843 0.788235
0.411765 0.788235
0.415686 0.788235
0.419608 0.788235
0.423529 0.788235
0.427451 0.788235
0.431373 0.788235
0.435294 0.788235
0.439216 0.788235
0.443137 0.788235
0.447059 0.788235
0.450980 0.788235
0.454902 0.788235
0.458824 0.788235
0.462745 0.788235
0.466667 0.788235
0.470588 0.788235
0.474510 0.788235
0.478431 0.788235
0.482353 0.788235
0.486275 0.788235
0.490196 0.788235
0.494118 0.788235
0.498039 0.788235
0.501961 0.788235
0.505882 0.788235
0.509804 0.788235
0.513726 0.788235
0.517647 0.788235
0.521569 0.788235
0.525490 0.788235
0.529412 0.788235
0.533333 0.788235
0.537255 0.788235
0.541176 0.788235
0.545098 0.788235
0.549020 0.788235
0.552941 0.788235
0.556863 0.788235
0.560784 0.788235
0.564706 0.788235
0.568627 0.788235
0.572549 0.788235
0.576471 0.788235
0.580392 0.788235
0.584314 0.788235
0.588235 0.788235
0.592157 0.788235
0.596078 0.788235
0.600000 0.788235
0.603922 0.788235
0.607843 0.788235
0.611765 0.788235
0.615686 0.788235
0.619608 0.788235
0.623529 0.788235
0.627451 0.788235
0.631373 0.788235
0.635294 0.788235
0.639216 0.788235
0.643137 0.788235
0.647059 0.788235
0.650980 0.788235
0.654902 0.788235
0.658824 0.788235
0.662745 0.788235
0.666667 0.788235
0.670588 0.788235
0.674510 0.788235
0.678431 0.788235
0.682353 0.788235
0.686275 0.788235
0.690196 0.788235
0.694118 0.788235
0.698039 0.788235
0.701961 0.788235
0.705882 0.788235
0.709804 0.788235
0.713726 0.788235
0.717647 0.788235
0.721569 0.788235
0.725490 0.788235
0.729412 0.788235
0.733333 0.788235
0.737255 0.788235
0.741176 0.788235
0.745098 0.788235
0.749020 0.788235
0.752941 0.788235
0.756863 0.788235
0.760784 0.788235
0.764706 0.788235
0.768627 0.788235
0.772549 0.788235
0.776471 0.788235
0.780392 0.788235
0.784314 0.788235
0.788235 0.788235
0.792157 0.788235
0.796078 0.788235
0.800000 0.788235
0.803922 0.788235
0.807843 0.788235
0.811765 0.788235
0.815686 0.788235
0.819608 0.788235
0.823529 0.788235
0.827451 0.788235
0.831373 0.788235
0.835294 0.788235
0.839216 0.788235
0.843137 0.788235
0.847059 0.788235
0.850980 0.788235
0.854902 0.788235
0.858824 0.788235
0.862745 0.788235
0.866667 0.788235
0.870588 0.788235
0.874510 0.788235
0.878431 0.788235
0.882353 0.788235
0.886275 0.788235
0.890196 0.788235
0.894118 0.788235
0.898039 0.788235
0.901961 0.788235
0.905882 0.788235
0.909804 0.788235
0.913725 0.788235
0.917647 0.788235
0.921569 0.788235
0.925490 0.788235
0.929412 0.788235
0.933333 0.788235
0.937255 0.788235
0.941176 0.788235
0.945098 0.788235
0.949020 0.788235
0.952941 0.788235
0.956863 0.788235
0.960784 0.788235
0.964706 0.788235
0.968627 0.788235
0.972549 0.788235
0.976471 0.788235
0.980392 0.788235
0.984314 0.788235
0.988235 0.788235
0.992157 0.788235
0.996078 0.788235
1.000000 0.788235

i = 2020.000000 0.792157
0.003922 0.792157
0.007843 0.792157
0.011765 0.792157
0.015686 0.792157
0.019608 0.792157
0.023529 0.792157
0.027451 0.792157
0.031373 0.792157
0.035294 0.792157
0.039216 0.792157
0.043137 0.792157
0.047059 0.792157
0.050980 0.792157
0.054902 0.792157
0.058824 0.792157
0.062745 0.792157
0.066667 0.792157
0.070588 0.792157
0.074510 0.792157
0.078431 0.792157
0.082353 0.792157
0.086275 0.792157
0.090196 0.792157
0.094118 0.792157
0.098039 0.792157
0.101961 0.792157
0.105882 0.792157
0.109804 0.792157
0.113725 0.792157
0.117647 0.792157
0.121569 0.792157
0.125490 0.792157
0.129412 0.792157
0.133333 0.792157
0.137255 0.792157
0.141176 0.792157
0.145098 0.792157
0.149020 0.792157
0.152941 0.792157
0.156863 0.792157
0.160784 0.792157
0.164706 0.792157
0.168627 0.792157
0.172549 0.792157
0.176471 0.792157
0.180392 0.792157
0.184314 0.792157
0.188235 0.792157
0.192157 0.792157
0.196078 0.792157
0.200000 0.792157
0.203922 0.792157
0.207843 0.792157
0.211765 0.792157
0.215686 0.792157
0.219608 0.792157
0.223529 0.792157
0.227451 0.792157
0.231373 0.792157
0.235294 0.792157
0.239216 0.792157
0.243137 0.792157
0.247059 0.792157
0.250980 0.792157
0.254902 0.792157
0.258824 0.792157
0.262745 0.792157
0.266667 0.792157
0.270588 0.792157
0.274510 0.792157
0.278431 0.792157
0.282353 0.792157
0.286275 0.792157
0.290196 0.792157
0.294118 0.792157
0.298039 0.792157
0.301961 0.792157
0.305882 0.792157
0.309804 0.792157
0.313726 0.792157
0.317647 0.792157
0.321569 0.792157
0.325490 0.792157
0.329412 0.792157
0.333333 0.792157
0.337255 0.792157
0.341176 0.792157
0.345098 0.792157
0.349020 0.792157
0.352941 0.792157
0.356863 0.792157
0.360784 0.792157
0.364706 0.792157
0.368627 0.792157
0.372549 0.792157
0.376471 0.792157
0.380392 0.792157
0.384314 0.792157
0.388235 0.792157
0.392157 0.792157
0.396078 0.792157
0.400000 0.792157
0.403922 0.792157
0.407843 0.792157
0.411765 0.792157
0.415686 0.792157
0.419608 0.792157
0.423529 0.792157
0.427451 0.792157
0.431373 0.792157
0.435294 0.792157
0.439216 0.792157
0.443137 0.792157
0.447059 0.792157
0.450980 0.792157
0.454902 0.792157
0.458824 0.792157
0.462745 0.792157
0.466667 0.792157
0.470588 0.792157
0.474510 0.792157
0.478431 0.792157
0.482353 0.792157
0.486275 0.792157
0.490196 0.792157
0.494118 0.792157
0.498039 0.792157
0.501961 0.792157
0.505882 0.792157
0.509804 0.792157
0.513726 0.792157
0.517647 0.792157
0.521569 0.792157
0.525490 0.792157
0.529412 0.792157
0.533333 0.792157
0.537255 0.792157
0.541176 0.792157
0.545098 0.792157
0.549020 0.792157
0.552941 0.792157
0.556863 0.792157
0.560784 0.792157
0.564706 0.792157
0.568627 0.792157
0.572549 0.792157
0.576471 0.792157
0.580392 0.792157
0.584314 0.792157
0.588235 0.792157
0.592157 0.792157
0.596078 0.792157
0.600000 0.792157
0.603922 0.792157
0.607843 0.792157
0.611765 0.792157
0.615686 0.792157
0.619608 0.792157
0.623529 0.792157
0.627451 0.792157
0.631373 0.792157
0.635294 0.792157
0.639216 0.792157
0.643137 0.792157
0.647059 0.792157
0.650980 0.792157
0.654902 0.792157
0.658824 0.792157
0.662745 0.792157
0.666667 0.792157
0.670588 0.792157
0.674510 0.792157
0.678431 0.792157
0.682353 0.792157
0.686275 0.792157
0.690196 0.792157
0.694118 0.792157
0.698039 0.792157
0.701961 0.792157
0.705882 0.792157
0.709804 0.792157
0.713726 0.792157
0.717647 0.792157
0.721569 0.792157
0.725490 0.792157
0.729412 0.792157
0.733333 0.792157
0.737255 0.792157
0.741176 0.792157
0.745098 0.792157
0.749020 0.792157
0.752941 0.792157
0.756863 0.792157
0.760784 0.792157
0.764706 0.792157
0.768627 0.792157
0.772549 0.792157
0.776471 0.792157
0.780392 0.792157
0.784314 0.792157
0.788235 0.792157
0.792157 0.792157
0.796078 0.792157
0.800000 0.792157
0.803922 0.792157
0.807843 0.792157
0.811765 0.792157
0.815686 0.792157
0.819608 0.792157
0.823529 0.792157
0.827451 0.792157
0.831373 0.792157
0.835294 0.792157
0.839216 0.792157
0.843137 0.792157
0.847059 0.792157
0.850980 0.792157
0.854902 0.792157
0.858824 0.792157
0.862745 0.792157
0.866667 0.792157
0.870588 0.792157
0.874510 0.792157
0.878431 0.792157
0.882353 0.792157
0.886275 0.792157
0.890196 0.792157
0.894118 0.792157
0.898039 0.792157
0.901961 0.792157
0.905882 0.792157
0.909804 0.792157
0.913725 0.792157
0.917647 0.792157
0.921569 0.792157
0.925490 0.792157
0.929412 0.792157
0.933333 0.792157
0.937255 0.792157
0.941176 0.792157
0.945098 0.792157
0.949020 0.792157
0.952941 0.792157
0.956863 0.792157
0.960784 0.792157
0.964706 0.792157
0.968627 0.792157
0.972549 0.792157
0.976471 0.792157
0.980392 0.792157
0.984314 0.792157
0.988235 0.792157
0.992157 0.792157
0.996078 0.792157
1.000000 0.792157

i = 2030.000000 0.796078
0.003922 0.796078
0.007843 0.796078
0.011765 0.796078
0.015686 0.796078
0.019608 0.796078
0.023529 0.796078
0.027451 0.796078
0.031373 0.796078
0.035294 0.796078
0.039216 0.796078
0.043137 0.796078
0.047059 0.796078
0.050980 0.796078
0.054902 0.796078
0.058824 0.796078
0.062745 0.796078
0.066667 0.796078
0.070588 0.796078
0.074510 0.796078
0.078431 0.796078
0.082353 0.796078
0.086275 0.796078
0.090196 0.796078
0.094118 0.796078
0.098039 0.796078
0.101961 0.796078
0.105882 0.796078
0.109804 0.796078
0.113725 0.796078
0.117647 0.796078
0.121569 0.796078
0.125490 0.796078
0.129412 0.796078
0.133333 0.796078
0.137255 0.796078
0.141176 0.796078
0.145098 0.796078
0.149020 0.796078
0.152941 0.796078
0.156863 0.796078
0.160784 0.796078
0.164706 0.796078
0.168627 0.796078
0.172549 0.796078
0.176471 0.796078
0.180392 0.796078
0.184314 0.796078
0.188235 0.796078
0.192157 0.796078
0.196078 0.796078
0.200000 0.796078
0.203922 0.796078
0.207843 0.796078
0.211765 0.796078
0.215686 0.796078
0.219608 0.796078
0.223529 0.796078
0.227451 0.796078
0.231373 0.796078
0.235294 0.796078
0.239216 0.796078
0.243137 0.796078
0.247059 0.796078
0.250980 0.796078
0.254902 0.796078
0.258824 0.796078
0.262745 0.796078
0.266667 0.796078
0.270588 0.796078
0.274510 0.796078
0.278431 0.796078
0.282353 0.796078
0.286275 0.796078
0.290196 0.796078
0.294118 0.796078
0.298039 0.796078
0.301961 0.796078
0.305882 0.796078
0.309804 0.796078
0.313726 0.796078
0.317647 0.796078
0.321569 0.796078
0.325490 0.796078
0.329412 0.796078
0.333333 0.796078
0.337255 0.796078
0.341176 0.796078
0.345098 0.796078
0.349020 0.796078
0.352941 0.796078
0.356863 0.796078
0.360784 0.796078
0.364706 0.796078
0.368627 0.796078
0.372549 0.796078
0.376471 0.796078
0.380392 0.796078
0.384314 0.796078
0.388235 0.796078
0.392157 0.796078
0.396078 0.796078
0.400000 0.796078
0.403922 0.796078
0.407843 0.796078
0.411765 0.796078
0.415686 0.796078
0.419608 0.796078
0.423529 0.796078
0.427451 0.796078
0.431373 0.796078
0.435294 0.796078
0.439216 0.796078
0.443137 0.796078
0.447059 0.796078
0.450980 0.796078
0.454902 0.796078
0.458824 0.796078
0.462745 0.796078
0.466667 0.796078
0.470588 0.796078
0.474510 0.796078
0.478431 0.796078
0.482353 0.796078
0.486275 0.796078
0.490196 0.796078
0.494118 0.796078
0.498039 0.796078
0.501961 0.796078
0.505882 0.796078
0.509804 0.796078
0.513726 0.796078
0.517647 0.796078
0.521569 0.796078
0.525490 0.796078
0.529412 0.796078
0.533333 0.796078
0.537255 0.796078
0.541176 0.796078
0.545098 0.796078
0.549020 0.796078
0.552941 0.796078
0.556863 0.796078
0.560784 0.796078
0.564706 0.796078
0.568627 0.796078
0.572549 0.796078
0.576471 0.796078
0.580392 0.796078
0.584314 0.796078
0.588235 0.796078
0.592157 0.796078
0.596078 0.796078
0.600000 0.796078
0.603922 0.796078
0.607843 0.796078
0.611765 0.796078
0.615686 0.796078
0.619608 0.796078
0.623529 0.796078
0.627451 0.796078
0.631373 0.796078
0.635294 0.796078
0.639216 0.796078
0.643137 0.796078
0.647059 0.796078
0.650980 0.796078
0.654902 0.796078
0.658824 0.796078
0.662745 0.796078
0.666667 0.796078
0.670588 0.796078
0.674510 0.796078
0.678431 0.796078
0.682353 0.796078
0.686275 0.796078
0.690196 0.796078
0.694118 0.796078
0.698039 0.796078
0.701961 0.796078
0.705882 0.796078
0.709804 0.796078
0.713726 0.796078
0.717647 0.796078
0.721569 0.796078
0.725490 0.796078
0.729412 0.796078
0.733333 0.796078
0.737255 0.796078
0.741176 0.796078
0.745098 0.796078
0.749020 0.796078
0.752941 0.796078
0.756863 0.796078
0.760784 0.796078
0.764706 0.796078
0.768627 0.796078
0.772549 0.796078
0.776471 0.796078
0.780392 0.796078
0.784314 0.796078
0.788235 0.796078
0.792157 0.796078
0.796078 0.796078
0.800000 0.796078
0.803922 0.796078
0.807843 0.796078
0.811765 0.796078
0.815686 0.796078
0.819608 0.796078
0.823529 0.796078
0.827451 0.796078
0.831373 0.796078
0.835294 0.796078
0.839216 0.796078
0.843137 0.796078
0.847059 0.796078
0.850980 0.796078
0.854902 0.796078
0.858824 0.796078
0.862745 0.796078
0.866667 0.796078
0.870588 0.796078
0.874510 0.796078
0.878431 0.796078
0.882353 0.796078
0.886275 0.796078
0.890196 0.796078
0.894118 0.796078
0.898039 0.796078
0.901961 0.796078
0.905882 0.796078
0.909804 0.796078
0.913725 0.796078
0.917647 0.796078
0.921569 0.796078
0.925490 0.796078
0.929412 0.796078
0.933333 0.796078
0.937255 0.796078
0.941176 0.796078
0.945098 0.796078
0.949020 0.796078
0.952941 0.796078
0.956863 0.796078
0.960784 0.796078
0.964706 0.796078
0.968627 0.796078
0.972549 0.796078
0.976471 0.796078
0.980392 0.796078
0.984314 0.796078
0.988235 0.796078
0.992157 0.796078
0.996078 0.796078
1.000000 0.796078

i = 2040.000000 0.800000
0.003922 0.800000
0.007843 0.800000
0.011765 0.800000
0.015686 0.800000
0.019608 0.800000
0.023529 0.800000
0.027451 0.800000
0.031373 0.800000
0.035294 0.800000
0.039216 0.800000
0.043137 0.800000
0.047059 0.800000
0.050980 0.800000
0.054902 0.800000
0.058824 0.800000
0.062745 0.800000
0.066667 0.800000
0.070588 0.800000
0.074510 0.800000
0.078431 0.800000
0.082353 0.800000
0.086275 0.800000
0.090196 0.800000
0.094118 0.800000
0.098039 0.800000
0.101961 0.800000
0.105882 0.800000
0.109804 0.800000
0.113725 0.800000
0.117647 0.800000
0.121569 0.800000
0.125490 0.800000
0.129412 0.800000
0.133333 0.800000
0.137255 0.800000
0.141176 0.800000
0.145098 0.800000
0.149020 0.800000
0.152941 0.800000
0.156863 0.800000
0.160784 0.800000
0.164706 0.800000
0.168627 0.800000
0.172549 0.800000
0.176471 0.800000
0.180392 0.800000
0.184314 0.800000
0.188235 0.800000
0.192157 0.800000
0.196078 0.800000
0.200000 0.800000
0.203922 0.800000
0.207843 0.800000
0.211765 0.800000
0.215686 0.800000
0.219608 0.800000
0.223529 0.800000
0.227451 0.800000
0.231373 0.800000
0.235294 0.800000
0.239216 0.800000
0.243137 0.800000
0.247059 0.800000
0.250980 0.800000
0.254902 0.800000
0.258824 0.800000
0.262745 0.800000
0.266667 0.800000
0.270588 0.800000
0.274510 0.800000
0.278431 0.800000
0.282353 0.800000
0.286275 0.800000
0.290196 0.800000
0.294118 0.800000
0.298039 0.800000
0.301961 0.800000
0.305882 0.800000
0.309804 0.800000
0.313726 0.800000
0.317647 0.800000
0.321569 0.800000
0.325490 0.800000
0.329412 0.800000
0.333333 0.800000
0.337255 0.800000
0.341176 0.800000
0.345098 0.800000
0.349020 0.800000
0.352941 0.800000
0.356863 0.800000
0.360784 0.800000
0.364706 0.800000
0.368627 0.800000
0.372549 0.800000
0.376471 0.800000
0.380392 0.800000
0.384314 0.800000
0.388235 0.800000
0.392157 0.800000
0.396078 0.800000
0.400000 0.800000
0.403922 0.800000
0.407843 0.800000
0.411765 0.800000
0.415686 0.800000
0.419608 0.800000
0.423529 0.800000
0.427451 0.800000
0.431373 0.800000
0.435294 0.800000
0.439216 0.800000
0.443137 0.800000
0.447059 0.800000
0.450980 0.800000
0.454902 0.800000
0.458824 0.800000
0.462745 0.800000
0.466667 0.800000
0.470588 0.800000
0.474510 0.800000
0.478431 0.800000
0.482353 0.800000
0.486275 0.800000
0.490196 0.800000
0.494118 0.800000
0.498039 0.800000
0.501961 0.800000
0.505882 0.800000
0.509804 0.800000
0.513726 0.800000
0.517647 0.800000
0.521569 0.800000
0.525490 0.800000
0.529412 0.800000
0.533333 0.800000
0.537255 0.800000
0.541176 0.800000
0.545098 0.800000
0.549020 0.800000
0.552941 0.800000
0.556863 0.800000
0.560784 0.800000
0.564706 0.800000
0.568627 0.800000
0.572549 0.800000
0.576471 0.800000
0.580392 0.800000
0.584314 0.800000
0.588235 0.800000
0.592157 0.800000
0.596078 0.800000
0.600000 0.800000
0.603922 0.800000
0.607843 0.800000
0.611765 0.800000
0.615686 0.800000
0.619608 0.800000
0.623529 0.800000
0.627451 0.800000
0.631373 0.800000
0.635294 0.800000
0.639216 0.800000
0.643137 0.800000
0.647059 0.800000
0.650980 0.800000
0.654902 0.800000
0.658824 0.800000
0.662745 0.800000
0.666667 0.800000
0.670588 0.800000
0.674510 0.800000
0.678431 0.800000
0.682353 0.800000
0.686275 0.800000
0.690196 0.800000
0.694118 0.800000
0.698039 0.800000
0.701961 0.800000
0.705882 0.800000
0.709804 0.800000
0.713726 0.800000
0.717647 0.800000
0.721569 0.800000
0.725490 0.800000
0.729412 0.800000
0.733333 0.800000
0.737255 0.800000
0.741176 0.800000
0.745098 0.800000
0.749020 0.800000
0.752941 0.800000
0.756863 0.800000
0.760784 0.800000
0.764706 0.800000
0.768627 0.800000
0.772549 0.800000
0.776471 0.800000
0.780392 0.800000
0.784314 0.800000
0.788235 0.800000
0.792157 0.800000
0.796078 0.800000
0.800000 0.800000
0.803922 0.800000
0.807843 0.800000
0.811765 0.800000
0.815686 0.800000
0.819608 0.800000
0.823529 0.800000
0.827451 0.800000
0.831373 0.800000
0.835294 0.800000
0.839216 0.800000
0.843137 0.800000
0.847059 0.800000
0.850980 0.800000
0.854902 0.800000
0.858824 0.800000
0.862745 0.800000
0.866667 0.800000
0.870588 0.800000
0.874510 0.800000
0.878431 0.800000
0.882353 0.800000
0.886275 0.800000
0.890196 0.800000
0.894118 0.800000
0.898039 0.800000
0.901961 0.800000
0.905882 0.800000
0.909804 0.800000
0.913725 0.800000
0.917647 0.800000
0.921569 0.800000
0.925490 0.800000
0.929412 0.800000
0.933333 0.800000
0.937255 0.800000
0.941176 0.800000
0.945098 0.800000
0.949020 0.800000
0.952941 0.800000
0.956863 0.800000
0.960784 0.800000
0.964706 0.800000
0.968627 0.800000
0.972549 0.800000
0.976471 0.800000
0.980392 0.800000
0.984314 0.800000
0.988235 0.800000
0.992157 0.800000
0.996078 0.800000
1.000000 0.800000

i = 2050.000000 0.803922
0.003922 0.803922
0.007843 0.803922
0.011765 0.803922
0.015686 0.803922
0.019608 0.803922
0.023529 0.803922
0.027451 0.803922
0.031373 0.803922
0.035294 0.803922
0.039216 0.803922
0.043137 0.803922
0.047059 0.803922
0.050980 0.803922
0.054902 0.803922
0.058824 0.803922
0.062745 0.803922
0.066667 0.803922
0.070588 0.803922
0.074510 0.803922
0.078431 0.803922
0.082353 0.803922
0.086275 0.803922
0.090196 0.803922
0.094118 0.803922
0.098039 0.803922
0.101961 0.803922
0.105882 0.803922
0.109804 0.803922
0.113725 0.803922
0.117647 0.803922
0.121569 0.803922
0.125490 0.803922
0.129412 0.803922
0.133333 0.803922
0.137255 0.803922
0.141176 0.803922
0.145098 0.803922
0.149020 0.803922
0.152941 0.803922
0.156863 0.803922
0.160784 0.803922
0.164706 0.803922
0.168627 0.803922
0.172549 0.803922
0.176471 0.803922
0.180392 0.803922
0.184314 0.803922
0.188235 0.803922
0.192157 0.803922
0.196078 0.803922
0.200000 0.803922
0.203922 0.803922
0.207843 0.803922
0.211765 0.803922
0.215686 0.803922
0.219608 0.803922
0.223529 0.803922
0.227451 0.803922
0.231373 0.803922
0.235294 0.803922
0.239216 0.803922
0.243137 0.803922
0.247059 0.803922
0.250980 0.803922
0.254902 0.803922
0.258824 0.803922
0.262745 0.803922
0.266667 0.803922
0.270588 0.803922
0.274510 0.803922
0.278431 0.803922
0.282353 0.803922
0.286275 0.803922
0.290196 0.803922
0.294118 0.803922
0.298039 0.803922
0.301961 0.803922
0.305882 0.803922
0.309804 0.803922
0.313726 0.803922
0.317647 0.803922
0.321569 0.803922
0.325490 0.803922
0.329412 0.803922
0.333333 0.803922
0.337255 0.803922
0.341176 0.803922
0.345098 0.803922
0.349020 0.803922
0.352941 0.803922
0.356863 0.803922
0.360784 0.803922
0.364706 0.803922
0.368627 0.803922
0.372549 0.803922
0.376471 0.803922
0.380392 0.803922
0.384314 0.803922
0.388235 0.803922
0.392157 0.803922
0.396078 0.803922
0.400000 0.803922
0.403922 0.803922
0.407843 0.803922
0.411765 0.803922
0.415686 0.803922
0.419608 0.803922
0.423529 0.803922
0.427451 0.803922
0.431373 0.803922
0.435294 0.803922
0.439216 0.803922
0.443137 0.803922
0.447059 0.803922
0.450980 0.803922
0.454902 0.803922
0.458824 0.803922
0.462745 0.803922
0.466667 0.803922
0.470588 0.803922
0.474510 0.803922
0.478431 0.803922
0.482353 0.803922
0.486275 0.803922
0.490196 0.803922
0.494118 0.803922
0.498039 0.803922
0.501961 0.803922
0.505882 0.803922
0.509804 0.803922
0.513726 0.803922
0.517647 0.803922
0.521569 0.803922
0.525490 0.803922
0.529412 0.803922
0.533333 0.803922
0.537255 0.803922
0.541176 0.803922
0.545098 0.803922
0.549020 0.803922
0.552941 0.803922
0.556863 0.803922
0.560784 0.803922
0.564706 0.803922
0.568627 0.803922
0.572549 0.803922
0.576471 0.803922
0.580392 0.803922
0.584314 0.803922
0.588235 0.803922
0.592157 0.803922
0.596078 0.803922
0.600000 0.803922
0.603922 0.803922
0.607843 0.803922
0.611765 0.803922
0.615686 0.803922
0.619608 0.803922
0.623529 0.803922
0.627451 0.803922
0.631373 0.803922
0.635294 0.803922
0.639216 0.803922
0.643137 0.803922
0.647059 0.803922
0.650980 0.803922
0.654902 0.803922
0.658824 0.803922
0.662745 0.803922
0.666667 0.803922
0.670588 0.803922
0.674510 0.803922
0.678431 0.803922
0.682353 0.803922
0.686275 0.803922
0.690196 0.803922
0.694118 0.803922
0.698039 0.803922
0.701961 0.803922
0.705882 0.803922
0.709804 0.803922
0.713726 0.803922
0.717647 0.803922
0.721569 0.803922
0.725490 0.803922
0.729412 0.803922
0.733333 0.803922
0.737255 0.803922
0.741176 0.803922
0.745098 0.803922
0.749020 0.803922
0.752941 0.803922
0.756863 0.803922
0.760784 0.803922
0.764706 0.803922
0.768627 0.803922
0.772549 0.803922
0.776471 0.803922
0.780392 0.803922
0.784314 0.803922
0.788235 0.803922
0.792157 0.803922
0.796078 0.803922
0.800000 0.803922
0.803922 0.803922
0.807843 0.803922
0.811765 0.803922
0.815686 0.803922
0.819608 0.803922
0.823529 0.803922
0.827451 0.803922
0.831373 0.803922
0.835294 0.803922
0.839216 0.803922
0.843137 0.803922
0.847059 0.803922
0.850980 0.803922
0.854902 0.803922
0.858824 0.803922
0.862745 0.803922
0.866667 0.803922
0.870588 0.803922
0.874510 0.803922
0.878431 0.803922
0.882353 0.803922
0.886275 0.803922
0.890196 0.803922
0.894118 0.803922
0.898039 0.803922
0.901961 0.803922
0.905882 0.803922
0.909804 0.803922
0.913725 0.803922
0.917647 0.803922
0.921569 0.803922
0.925490 0.803922
0.929412 0.803922
0.933333 0.803922
0.937255 0.803922
0.941176 0.803922
0.945098 0.803922
0.949020 0.803922
0.952941 0.803922
0.956863 0.803922
0.960784 0.803922
0.964706 0.803922
0.968627 0.803922
0.972549 0.803922
0.976471 0.803922
0.980392 0.803922
0.984314 0.803922
0.988235 0.803922
0.992157 0.803922
0.996078 0.803922
1.000000 0.803922

i = 2060.000000 0.807843
0.003922 0.807843
0.007843 0.807843
0.011765 0.807843
0.015686 0.807843
0.019608 0.807843
0.023529 0.807843
0.027451 0.807843
0.031373 0.807843
0.035294 0.807843
0.039216 0.807843
0.043137 0.807843
0.047059 0.807843
0.050980 0.807843
0.054902 0.807843
0.058824 0.807843
0.062745 0.807843
0.066667 0.807843
0.070588 0.807843
0.074510 0.807843
0.078431 0.807843
0.082353 0.807843
0.086275 0.807843
0.090196 0.807843
0.094118 0.807843
0.098039 0.807843
0.101961 0.807843
0.105882 0.807843
0.109804 0.807843
0.113725 0.807843
0.117647 0.807843
0.121569 0.807843
0.125490 0.807843
0.129412 0.807843
0.133333 0.807843
0.137255 0.807843
0.141176 0.807843
0.145098 0.807843
0.149020 0.807843
0.152941 0.807843
0.156863 0.807843
0.160784 0.807843
0.164706 0.807843
0.168627 0.807843
0.172549 0.807843
0.176471 0.807843
0.180392 0.807843
0.184314 0.807843
0.188235 0.807843
0.192157 0.807843
0.196078 0.807843
0.200000 0.807843
0.203922 0.807843
0.207843 0.807843
0.211765 0.807843
0.215686 0.807843
0.219608 0.807843
0.223529 0.807843
0.227451 0.807843
0.231373 0.807843
0.235294 0.807843
0.239216 0.807843
0.243137 0.807843
0.247059 0.807843
0.250980 0.807843
0.254902 0.807843
0.258824 0.807843
0.262745 0.807843
0.266667 0.807843
0.270588 0.807843
0.274510 0.807843
0.278431 0.807843
0.282353 0.807843
0.286275 0.807843
0.290196 0.807843
0.294118 0.807843
0.298039 0.807843
0.301961 0.807843
0.305882 0.807843
0.309804 0.807843
0.313726 0.807843
0.317647 0.807843
0.321569 0.807843
0.325490 0.807843
0.329412 0.807843
0.333333 0.807843
0.337255 0.807843
0.341176 0.807843
0.345098 0.807843
0.349020 0.807843
0.352941 0.807843
0.356863 0.807843
0.360784 0.807843
0.364706 0.807843
0.368627 0.807843
0.372549 0.807843
0.376471 0.807843
0.380392 0.807843
0.384314 0.807843
0.388235 0.807843
0.392157 0.807843
0.396078 0.807843
0.400000 0.807843
0.403922 0.807843
0.407843 0.807843
0.411765 0.807843
0.415686 0.807843
0.419608 0.807843
0.423529 0.807843
0.427451 0.807843
0.431373 0.807843
0.435294 0.807843
0.439216 0.807843
0.443137 0.807843
0.447059 0.807843
0.450980 0.807843
0.454902 0.807843
0.458824 0.807843
0.462745 0.807843
0.466667 0.807843
0.470588 0.807843
0.474510 0.807843
0.478431 0.807843
0.482353 0.807843
0.486275 0.807843
0.490196 0.807843
0.494118 0.807843
0.498039 0.807843
0.501961 0.807843
0.505882 0.807843
0.509804 0.807843
0.513726 0.807843
0.517647 0.807843
0.521569 0.807843
0.525490 0.807843
0.529412 0.807843
0.533333 0.807843
0.537255 0.807843
0.541176 0.807843
0.545098 0.807843
0.549020 0.807843
0.552941 0.807843
0.556863 0.807843
0.560784 0.807843
0.564706 0.807843
0.568627 0.807843
0.572549 0.807843
0.576471 0.807843
0.580392 0.807843
0.584314 0.807843
0.588235 0.807843
0.592157 0.807843
0.596078 0.807843
0.600000 0.807843
0.603922 0.807843
0.607843 0.807843
0.611765 0.807843
0.615686 0.807843
0.619608 0.807843
0.623529 0.807843
0.627451 0.807843
0.631373 0.807843
0.635294 0.807843
0.639216 0.807843
0.643137 0.807843
0.647059 0.807843
0.650980 0.807843
0.654902 0.807843
0.658824 0.807843
0.662745 0.807843
0.666667 0.807843
0.670588 0.807843
0.674510 0.807843
0.678431 0.807843
0.682353 0.807843
0.686275 0.807843
0.690196 0.807843
0.694118 0.807843
0.698039 0.807843
0.701961 0.807843
0.705882 0.807843
0.709804 0.807843
0.713726 0.807843
0.717647 0.807843
0.721569 0.807843
0.725490 0.807843
0.729412 0.807843
0.733333 0.807843
0.737255 0.807843
0.741176 0.807843
0.745098 0.807843
0.749020 0.807843
0.752941 0.807843
0.756863 0.807843
0.760784 0.807843
0.764706 0.807843
0.768627 0.807843
0.772549 0.807843
0.776471 0.807843
0.780392 0.807843
0.784314 0.807843
0.788235 0.807843
0.792157 0.807843
0.796078 0.807843
0.800000 0.807843
0.803922 0.807843
0.807843 0.807843
0.811765 0.807843
0.815686 0.807843
0.819608 0.807843
0.823529 0.807843
0.827451 0.807843
0.831373 0.807843
0.835294 0.807843
0.839216 0.807843
0.843137 0.807843
0.847059 0.807843
0.850980 0.807843
0.854902 0.807843
0.858824 0.807843
0.862745 0.807843
0.866667 0.807843
0.870588 0.807843
0.874510 0.807843
0.878431 0.807843
0.882353 0.807843
0.886275 0.807843
0.890196 0.807843
0.894118 0.807843
0.898039 0.807843
0.901961 0.807843
0.905882 0.807843
0.909804 0.807843
0.913725 0.807843
0.917647 0.807843
0.921569 0.807843
0.925490 0.807843
0.929412 0.807843
0.933333 0.807843
0.937255 0.807843
0.941176 0.807843
0.945098 0.807843
0.949020 0.807843
0.952941 0.807843
0.956863 0.807843
0.960784 0.807843
0.964706 0.807843
0.968627 0.807843
0.972549 0.807843
0.976471 0.807843
0.980392 0.807843
0.984314 0.807843
0.988235 0.807843
0.992157 0.807843
0.996078 0.807843
1.000000 0.807843

i = 2070.000000 0.811765
0.003922 0.811765
0.007843 0.811765
0.011765 0.811765
0.015686 0.811765
0.019608 0.811765
0.023529 0.811765
0.027451 0.811765
0.031373 0.811765
0.035294 0.811765
0.039216 0.811765
0.043137 0.811765
0.047059 0.811765
0.050980 0.811765
0.054902 0.811765
0.058824 0.811765
0.062745 0.811765
0.066667 0.811765
0.070588 0.811765
0.074510 0.811765
0.078431 0.811765
0.082353 0.811765
0.086275 0.811765
0.090196 0.811765
0.094118 0.811765
0.098039 0.811765
0.101961 0.811765
0.105882 0.811765
0.109804 0.811765
0.113725 0.811765
0.117647 0.811765
0.121569 0.811765
0.125490 0.811765
0.129412 0.811765
0.133333 0.811765
0.137255 0.811765
0.141176 0.811765
0.145098 0.811765
0.149020 0.811765
0.152941 0.811765
0.156863 0.811765
0.160784 0.811765
0.164706 0.811765
0.168627 0.811765
0.172549 0.811765
0.176471 0.811765
0.180392 0.811765
0.184314 0.811765
0.188235 0.811765
0.192157 0.811765
0.196078 0.811765
0.200000 0.811765
0.203922 0.811765
0.207843 0.811765
0.211765 0.811765
0.215686 0.811765
0.219608 0.811765
0.223529 0.811765
0.227451 0.811765
0.231373 0.811765
0.235294 0.811765
0.239216 0.811765
0.243137 0.811765
0.247059 0.811765
0.250980 0.811765
0.254902 0.811765
0.258824 0.811765
0.262745 0.811765
0.266667 0.811765
0.270588 0.811765
0.274510 0.811765
0.278431 0.811765
0.282353 0.811765
0.286275 0.811765
0.290196 0.811765
0.294118 0.811765
0.298039 0.811765
0.301961 0.811765
0.305882 0.811765
0.309804 0.811765
0.313726 0.811765
0.317647 0.811765
0.321569 0.811765
0.325490 0.811765
0.329412 0.811765
0.333333 0.811765
0.337255 0.811765
0.341176 0.811765
0.345098 0.811765
0.349020 0.811765
0.352941 0.811765
0.356863 0.811765
0.360784 0.811765
0.364706 0.811765
0.368627 0.811765
0.372549 0.811765
0.376471 0.811765
0.380392 0.811765
0.384314 0.811765
0.388235 0.811765
0.392157 0.811765
0.396078 0.811765
0.400000 0.811765
0.403922 0.811765
0.407843 0.811765
0.411765 0.811765
0.415686 0.811765
0.419608 0.811765
0.423529 0.811765
0.427451 0.811765
0.431373 0.811765
0.435294 0.811765
0.439216 0.811765
0.443137 0.811765
0.447059 0.811765
0.450980 0.811765
0.454902 0.811765
0.458824 0.811765
0.462745 0.811765
0.466667 0.811765
0.470588 0.811765
0.474510 0.811765
0.478431 0.811765
0.482353 0.811765
0.486275 0.811765
0.490196 0.811765
0.494118 0.811765
0.498039 0.811765
0.501961 0.811765
0.505882 0.811765
0.509804 0.811765
0.513726 0.811765
0.517647 0.811765
0.521569 0.811765
0.525490 0.811765
0.529412 0.811765
0.533333 0.811765
0.537255 0.811765
0.541176 0.811765
0.545098 0.811765
0.549020 0.811765
0.552941 0.811765
0.556863 0.811765
0.560784 0.811765
0.564706 0.811765
0.568627 0.811765
0.572549 0.811765
0.576471 0.811765
0.580392 0.811765
0.584314 0.811765
0.588235 0.811765
0.592157 0.811765
0.596078 0.811765
0.600000 0.811765
0.603922 0.811765
0.607843 0.811765
0.611765 0.811765
0.615686 0.811765
0.619608 0.811765
0.623529 0.811765
0.627451 0.811765
0.631373 0.811765
0.635294 0.811765
0.639216 0.811765
0.643137 0.811765
0.647059 0.811765
0.650980 0.811765
0.654902 0.811765
0.658824 0.811765
0.662745 0.811765
0.666667 0.811765
0.670588 0.811765
0.674510 0.811765
0.678431 0.811765
0.682353 0.811765
0.686275 0.811765
0.690196 0.811765
0.694118 0.811765
0.698039 0.811765
0.701961 0.811765
0.705882 0.811765
0.709804 0.811765
0.713726 0.811765
0.717647 0.811765
0.721569 0.811765
0.725490 0.811765
0.729412 0.811765
0.733333 0.811765
0.737255 0.811765
0.741176 0.811765
0.745098 0.811765
0.749020 0.811765
0.752941 0.811765
0.756863 0.811765
0.760784 0.811765
0.764706 0.811765
0.768627 0.811765
0.772549 0.811765
0.776471 0.811765
0.780392 0.811765
0.784314 0.811765
0.788235 0.811765
0.792157 0.811765
0.796078 0.811765
0.800000 0.811765
0.803922 0.811765
0.807843 0.811765
0.811765 0.811765
0.815686 0.811765
0.819608 0.811765
0.823529 0.811765
0.827451 0.811765
0.831373 0.811765
0.835294 0.811765
0.839216 0.811765
0.843137 0.811765
0.847059 0.811765
0.850980 0.811765
0.854902 0.811765
0.858824 0.811765
0.862745 0.811765
0.866667 0.811765
0.870588 0.811765
0.874510 0.811765
0.878431 0.811765
0.882353 0.811765
0.886275 0.811765
0.890196 0.811765
0.894118 0.811765
0.898039 0.811765
0.901961 0.811765
0.905882 0.811765
0.909804 0.811765
0.913725 0.811765
0.917647 0.811765
0.921569 0.811765
0.925490 0.811765
0.929412 0.811765
0.933333 0.811765
0.937255 0.811765
0.941176 0.811765
0.945098 0.811765
0.949020 0.811765
0.952941 0.811765
0.956863 0.811765
0.960784 0.811765
0.964706 0.811765
0.968627 0.811765
0.972549 0.811765
0.976471 0.811765
0.980392 0.811765
0.984314 0.811765
0.988235 0.811765
0.992157 0.811765
0.996078 0.811765
1.000000 0.811765

i = 2080.000000 0.815686
0.003922 0.815686
0.007843 0.815686
0.011765 0.815686
0.015686 0.815686
0.019608 0.815686
0.023529 0.815686
0.027451 0.815686
0.031373 0.815686
0.035294 0.815686
0.039216 0.815686
0.043137 0.815686
0.047059 0.815686
0.050980 0.815686
0.054902 0.815686
0.058824 0.815686
0.062745 0.815686
0.066667 0.815686
0.070588 0.815686
0.074510 0.815686
0.078431 0.815686
0.082353 0.815686
0.086275 0.815686
0.090196 0.815686
0.094118 0.815686
0.098039 0.815686
0.101961 0.815686
0.105882 0.815686
0.109804 0.815686
0.113725 0.815686
0.117647 0.815686
0.121569 0.815686
0.125490 0.815686
0.129412 0.815686
0.133333 0.815686
0.137255 0.815686
0.141176 0.815686
0.145098 0.815686
0.149020 0.815686
0.152941 0.815686
0.156863 0.815686
0.160784 0.815686
0.164706 0.815686
0.168627 0.815686
0.172549 0.815686
0.176471 0.815686
0.180392 0.815686
0.184314 0.815686
0.188235 0.815686
0.192157 0.815686
0.196078 0.815686
0.200000 0.815686
0.203922 0.815686
0.207843 0.815686
0.211765 0.815686
0.215686 0.815686
0.219608 0.815686
0.223529 0.815686
0.227451 0.815686
0.231373 0.815686
0.235294 0.815686
0.239216 0.815686
0.243137 0.815686
0.247059 0.815686
0.250980 0.815686
0.254902 0.815686
0.258824 0.815686
0.262745 0.815686
0.266667 0.815686
0.270588 0.815686
0.274510 0.815686
0.278431 0.815686
0.282353 0.815686
0.286275 0.815686
0.290196 0.815686
0.294118 0.815686
0.298039 0.815686
0.301961 0.815686
0.305882 0.815686
0.309804 0.815686
0.313726 0.815686
0.317647 0.815686
0.321569 0.815686
0.325490 0.815686
0.329412 0.815686
0.333333 0.815686
0.337255 0.815686
0.341176 0.815686
0.345098 0.815686
0.349020 0.815686
0.352941 0.815686
0.356863 0.815686
0.360784 0.815686
0.364706 0.815686
0.368627 0.815686
0.372549 0.815686
0.376471 0.815686
0.380392 0.815686
0.384314 0.815686
0.388235 0.815686
0.392157 0.815686
0.396078 0.815686
0.400000 0.815686
0.403922 0.815686
0.407843 0.815686
0.411765 0.815686
0.415686 0.815686
0.419608 0.815686
0.423529 0.815686
0.427451 0.815686
0.431373 0.815686
0.435294 0.815686
0.439216 0.815686
0.443137 0.815686
0.447059 0.815686
0.450980 0.815686
0.454902 0.815686
0.458824 0.815686
0.462745 0.815686
0.466667 0.815686
0.470588 0.815686
0.474510 0.815686
0.478431 0.815686
0.482353 0.815686
0.486275 0.815686
0.490196 0.815686
0.494118 0.815686
0.498039 0.815686
0.501961 0.815686
0.505882 0.815686
0.509804 0.815686
0.513726 0.815686
0.517647 0.815686
0.521569 0.815686
0.525490 0.815686
0.529412 0.815686
0.533333 0.815686
0.537255 0.815686
0.541176 0.815686
0.545098 0.815686
0.549020 0.815686
0.552941 0.815686
0.556863 0.815686
0.560784 0.815686
0.564706 0.815686
0.568627 0.815686
0.572549 0.815686
0.576471 0.815686
0.580392 0.815686
0.584314 0.815686
0.588235 0.815686
0.592157 0.815686
0.596078 0.815686
0.600000 0.815686
0.603922 0.815686
0.607843 0.815686
0.611765 0.815686
0.615686 0.815686
0.619608 0.815686
0.623529 0.815686
0.627451 0.815686
0.631373 0.815686
0.635294 0.815686
0.639216 0.815686
0.643137 0.815686
0.647059 0.815686
0.650980 0.815686
0.654902 0.815686
0.658824 0.815686
0.662745 0.815686
0.666667 0.815686
0.670588 0.815686
0.674510 0.815686
0.678431 0.815686
0.682353 0.815686
0.686275 0.815686
0.690196 0.815686
0.694118 0.815686
0.698039 0.815686
0.701961 0.815686
0.705882 0.815686
0.709804 0.815686
0.713726 0.815686
0.717647 0.815686
0.721569 0.815686
0.725490 0.815686
0.729412 0.815686
0.733333 0.815686
0.737255 0.815686
0.741176 0.815686
0.745098 0.815686
0.749020 0.815686
0.752941 0.815686
0.756863 0.815686
0.760784 0.815686
0.764706 0.815686
0.768627 0.815686
0.772549 0.815686
0.776471 0.815686
0.780392 0.815686
0.784314 0.815686
0.788235 0.815686
0.792157 0.815686
0.796078 0.815686
0.800000 0.815686
0.803922 0.815686
0.807843 0.815686
0.811765 0.815686
0.815686 0.815686
0.819608 0.815686
0.823529 0.815686
0.827451 0.815686
0.831373 0.815686
0.835294 0.815686
0.839216 0.815686
0.843137 0.815686
0.847059 0.815686
0.850980 0.815686
0.854902 0.815686
0.858824 0.815686
0.862745 0.815686
0.866667 0.815686
0.870588 0.815686
0.874510 0.815686
0.878431 0.815686
0.882353 0.815686
0.886275 0.815686
0.890196 0.815686
0.894118 0.815686
0.898039 0.815686
0.901961 0.815686
0.905882 0.815686
0.909804 0.815686
0.913725 0.815686
0.917647 0.815686
0.921569 0.815686
0.925490 0.815686
0.929412 0.815686
0.933333 0.815686
0.937255 0.815686
0.941176 0.815686
0.945098 0.815686
0.949020 0.815686
0.952941 0.815686
0.956863 0.815686
0.960784 0.815686
0.964706 0.815686
0.968627 0.815686
0.972549 0.815686
0.976471 0.815686
0.980392 0.815686
0.984314 0.815686
0.988235 0.815686
0.992157 0.815686
0.996078 0.815686
1.000000 0.815686

i = 2090.000000 0.819608
0.003922 0.819608
0.007843 0.819608
0.011765 0.819608
0.015686 0.819608
0.019608 0.819608
0.023529 0.819608
0.027451 0.819608
0.031373 0.819608
0.035294 0.819608
0.039216 0.819608
0.043137 0.819608
0.047059 0.819608
0.050980 0.819608
0.054902 0.819608
0.058824 0.819608
0.062745 0.819608
0.066667 0.819608
0.070588 0.819608
0.074510 0.819608
0.078431 0.819608
0.082353 0.819608
0.086275 0.819608
0.090196 0.819608
0.094118 0.819608
0.098039 0.819608
0.101961 0.819608
0.105882 0.819608
0.109804 0.819608
0.113725 0.819608
0.117647 0.819608
0.121569 0.819608
0.125490 0.819608
0.129412 0.819608
0.133333 0.819608
0.137255 0.819608
0.141176 0.819608
0.145098 0.819608
0.149020 0.819608
0.152941 0.819608
0.156863 0.819608
0.160784 0.819608
0.164706 0.819608
0.168627 0.819608
0.172549 0.819608
0.176471 0.819608
0.180392 0.819608
0.184314 0.819608
0.188235 0.819608
0.192157 0.819608
0.196078 0.819608
0.200000 0.819608
0.203922 0.819608
0.207843 0.819608
0.211765 0.819608
0.215686 0.819608
0.219608 0.819608
0.223529 0.819608
0.227451 0.819608
0.231373 0.819608
0.235294 0.819608
0.239216 0.819608
0.243137 0.819608
0.247059 0.819608
0.250980 0.819608
0.254902 0.819608
0.258824 0.819608
0.262745 0.819608
0.266667 0.819608
0.270588 0.819608
0.274510 0.819608
0.278431 0.819608
0.282353 0.819608
0.286275 0.819608
0.290196 0.819608
0.294118 0.819608
0.298039 0.819608
0.301961 0.819608
0.305882 0.819608
0.309804 0.819608
0.313726 0.819608
0.317647 0.819608
0.321569 0.819608
0.325490 0.819608
0.329412 0.819608
0.333333 0.819608
0.337255 0.819608
0.341176 0.819608
0.345098 0.819608
0.349020 0.819608
0.352941 0.819608
0.356863 0.819608
0.360784 0.819608
0.364706 0.819608
0.368627 0.819608
0.372549 0.819608
0.376471 0.819608
0.380392 0.819608
0.384314 0.819608
0.388235 0.819608
0.392157 0.819608
0.396078 0.819608
0.400000 0.819608
0.403922 0.819608
0.407843 0.819608
0.411765 0.819608
0.415686 0.819608
0.419608 0.819608
0.423529 0.819608
0.427451 0.819608
0.431373 0.819608
0.435294 0.819608
0.439216 0.819608
0.443137 0.819608
0.447059 0.819608
0.450980 0.819608
0.454902 0.819608
0.458824 0.819608
0.462745 0.819608
0.466667 0.819608
0.470588 0.819608
0.474510 0.819608
0.478431 0.819608
0.482353 0.819608
0.486275 0.819608
0.490196 0.819608
0.494118 0.819608
0.498039 0.819608
0.501961 0.819608
0.505882 0.819608
0.509804 0.819608
0.513726 0.819608
0.517647 0.819608
0.521569 0.819608
0.525490 0.819608
0.529412 0.819608
0.533333 0.819608
0.537255 0.819608
0.541176 0.819608
0.545098 0.819608
0.549020 0.819608
0.552941 0.819608
0.556863 0.819608
0.560784 0.819608
0.564706 0.819608
0.568627 0.819608
0.572549 0.819608
0.576471 0.819608
0.580392 0.819608
0.584314 0.819608
0.588235 0.819608
0.592157 0.819608
0.596078 0.819608
0.600000 0.819608
0.603922 0.819608
0.607843 0.819608
0.611765 0.819608
0.615686 0.819608
0.619608 0.819608
0.623529 0.819608
0.627451 0.819608
0.631373 0.819608
0.635294 0.819608
0.639216 0.819608
0.643137 0.819608
0.647059 0.819608
0.650980 0.819608
0.654902 0.819608
0.658824 0.819608
0.662745 0.819608
0.666667 0.819608
0.670588 0.819608
0.674510 0.819608
0.678431 0.819608
0.682353 0.819608
0.686275 0.819608
0.690196 0.819608
0.694118 0.819608
0.698039 0.819608
0.701961 0.819608
0.705882 0.819608
0.709804 0.819608
0.713726 0.819608
0.717647 0.819608
0.721569 0.819608
0.725490 0.819608
0.729412 0.819608
0.733333 0.819608
0.737255 0.819608
0.741176 0.819608
0.745098 0.819608
0.749020 0.819608
0.752941 0.819608
0.756863 0.819608
0.760784 0.819608
0.764706 0.819608
0.768627 0.819608
0.772549 0.819608
0.776471 0.819608
0.780392 0.819608
0.784314 0.819608
0.788235 0.819608
0.792157 0.819608
0.796078 0.819608
0.800000 0.819608
0.803922 0.819608
0.807843 0.819608
0.811765 0.819608
0.815686 0.819608
0.819608 0.819608
0.823529 0.819608
0.827451 0.819608
0.831373 0.819608
0.835294 0.819608
0.839216 0.819608
0.843137 0.819608
0.847059 0.819608
0.850980 0.819608
0.854902 0.819608
0.858824 0.819608
0.862745 0.819608
0.866667 0.819608
0.870588 0.819608
0.874510 0.819608
0.878431 0.819608
0.882353 0.819608
0.886275 0.819608
0.890196 0.819608
0.894118 0.819608
0.898039 0.819608
0.901961 0.819608
0.905882 0.819608
0.909804 0.819608
0.913725 0.819608
0.917647 0.819608
0.921569 0.819608
0.925490 0.819608
0.929412 0.819608
0.933333 0.819608
0.937255 0.819608
0.941176 0.819608
0.945098 0.819608
0.949020 0.819608
0.952941 0.819608
0.956863 0.819608
0.960784 0.819608
0.964706 0.819608
0.968627 0.819608
0.972549 0.819608
0.976471 0.819608
0.980392 0.819608
0.984314 0.819608
0.988235 0.819608
0.992157 0.819608
0.996078 0.819608
1.000000 0.819608

i = 2100.000000 0.823529
0.003922 0.823529
0.007843 0.823529
0.011765 0.823529
0.015686 0.823529
0.019608 0.823529
0.023529 0.823529
0.027451 0.823529
0.031373 0.823529
0.035294 0.823529
0.039216 0.823529
0.043137 0.823529
0.047059 0.823529
0.050980 0.823529
0.054902 0.823529
0.058824 0.823529
0.062745 0.823529
0.066667 0.823529
0.070588 0.823529
0.074510 0.823529
0.078431 0.823529
0.082353 0.823529
0.086275 0.823529
0.090196 0.823529
0.094118 0.823529
0.098039 0.823529
0.101961 0.823529
0.105882 0.823529
0.109804 0.823529
0.113725 0.823529
0.117647 0.823529
0.121569 0.823529
0.125490 0.823529
0.129412 0.823529
0.133333 0.823529
0.137255 0.823529
0.141176 0.823529
0.145098 0.823529
0.149020 0.823529
0.152941 0.823529
0.156863 0.823529
0.160784 0.823529
0.164706 0.823529
0.168627 0.823529
0.172549 0.823529
0.176471 0.823529
0.180392 0.823529
0.184314 0.823529
0.188235 0.823529
0.192157 0.823529
0.196078 0.823529
0.200000 0.823529
0.203922 0.823529
0.207843 0.823529
0.211765 0.823529
0.215686 0.823529
0.219608 0.823529
0.223529 0.823529
0.227451 0.823529
0.231373 0.823529
0.235294 0.823529
0.239216 0.823529
0.243137 0.823529
0.247059 0.823529
0.250980 0.823529
0.254902 0.823529
0.258824 0.823529
0.262745 0.823529
0.266667 0.823529
0.270588 0.823529
0.274510 0.823529
0.278431 0.823529
0.282353 0.823529
0.286275 0.823529
0.290196 0.823529
0.294118 0.823529
0.298039 0.823529
0.301961 0.823529
0.305882 0.823529
0.309804 0.823529
0.313726 0.823529
0.317647 0.823529
0.321569 0.823529
0.325490 0.823529
0.329412 0.823529
0.333333 0.823529
0.337255 0.823529
0.341176 0.823529
0.345098 0.823529
0.349020 0.823529
0.352941 0.823529
0.356863 0.823529
0.360784 0.823529
0.364706 0.823529
0.368627 0.823529
0.372549 0.823529
0.376471 0.823529
0.380392 0.823529
0.384314 0.823529
0.388235 0.823529
0.392157 0.823529
0.396078 0.823529
0.400000 0.823529
0.403922 0.823529
0.407843 0.823529
0.411765 0.823529
0.415686 0.823529
0.419608 0.823529
0.423529 0.823529
0.427451 0.823529
0.431373 0.823529
0.435294 0.823529
0.439216 0.823529
0.443137 0.823529
0.447059 0.823529
0.450980 0.823529
0.454902 0.823529
0.458824 0.823529
0.462745 0.823529
0.466667 0.823529
0.470588 0.823529
0.474510 0.823529
0.478431 0.823529
0.482353 0.823529
0.486275 0.823529
0.490196 0.823529
0.494118 0.823529
0.498039 0.823529
0.501961 0.823529
0.505882 0.823529
0.509804 0.823529
0.513726 0.823529
0.517647 0.823529
0.521569 0.823529
0.525490 0.823529
0.529412 0.823529
0.533333 0.823529
0.537255 0.823529
0.541176 0.823529
0.545098 0.823529
0.549020 0.823529
0.552941 0.823529
0.556863 0.823529
0.560784 0.823529
0.564706 0.823529
0.568627 0.823529
0.572549 0.823529
0.576471 0.823529
0.580392 0.823529
0.584314 0.823529
0.588235 0.823529
0.592157 0.823529
0.596078 0.823529
0.600000 0.823529
0.603922 0.823529
0.607843 0.823529
0.611765 0.823529
0.615686 0.823529
0.619608 0.823529
0.623529 0.823529
0.627451 0.823529
0.631373 0.823529
0.635294 0.823529
0.639216 0.823529
0.643137 0.823529
0.647059 0.823529
0.650980 0.823529
0.654902 0.823529
0.658824 0.823529
0.662745 0.823529
0.666667 0.823529
0.670588 0.823529
0.674510 0.823529
0.678431 0.823529
0.682353 0.823529
0.686275 0.823529
0.690196 0.823529
0.694118 0.823529
0.698039 0.823529
0.701961 0.823529
0.705882 0.823529
0.709804 0.823529
0.713726 0.823529
0.717647 0.823529
0.721569 0.823529
0.725490 0.823529
0.729412 0.823529
0.733333 0.823529
0.737255 0.823529
0.741176 0.823529
0.745098 0.823529
0.749020 0.823529
0.752941 0.823529
0.756863 0.823529
0.760784 0.823529
0.764706 0.823529
0.768627 0.823529
0.772549 0.823529
0.776471 0.823529
0.780392 0.823529
0.784314 0.823529
0.788235 0.823529
0.792157 0.823529
0.796078 0.823529
0.800000 0.823529
0.803922 0.823529
0.807843 0.823529
0.811765 0.823529
0.815686 0.823529
0.819608 0.823529
0.823529 0.823529
0.827451 0.823529
0.831373 0.823529
0.835294 0.823529
0.839216 0.823529
0.843137 0.823529
0.847059 0.823529
0.850980 0.823529
0.854902 0.823529
0.858824 0.823529
0.862745 0.823529
0.866667 0.823529
0.870588 0.823529
0.874510 0.823529
0.878431 0.823529
0.882353 0.823529
0.886275 0.823529
0.890196 0.823529
0.894118 0.823529
0.898039 0.823529
0.901961 0.823529
0.905882 0.823529
0.909804 0.823529
0.913725 0.823529
0.917647 0.823529
0.921569 0.823529
0.925490 0.823529
0.929412 0.823529
0.933333 0.823529
0.937255 0.823529
0.941176 0.823529
0.945098 0.823529
0.949020 0.823529
0.952941 0.823529
0.956863 0.823529
0.960784 0.823529
0.964706 0.823529
0.968627 0.823529
0.972549 0.823529
0.976471 0.823529
0.980392 0.823529
0.984314 0.823529
0.988235 0.823529
0.992157 0.823529
0.996078 0.823529
1.000000 0.823529

i = 2110.000000 0.827451
0.003922 0.827451
0.007843 0.827451
0.011765 0.827451
0.015686 0.827451
0.019608 0.827451
0.023529 0.827451
0.027451 0.827451
0.031373 0.827451
0.035294 0.827451
0.039216 0.827451
0.043137 0.827451
0.047059 0.827451
0.050980 0.827451
0.054902 0.827451
0.058824 0.827451
0.062745 0.827451
0.066667 0.827451
0.070588 0.827451
0.074510 0.827451
0.078431 0.827451
0.082353 0.827451
0.086275 0.827451
0.090196 0.827451
0.094118 0.827451
0.098039 0.827451
0.101961 0.827451
0.105882 0.827451
0.109804 0.827451
0.113725 0.827451
0.117647 0.827451
0.121569 0.827451
0.125490 0.827451
0.129412 0.827451
0.133333 0.827451
0.137255 0.827451
0.141176 0.827451
0.145098 0.827451
0.149020 0.827451
0.152941 0.827451
0.156863 0.827451
0.160784 0.827451
0.164706 0.827451
0.168627 0.827451
0.172549 0.827451
0.176471 0.827451
0.180392 0.827451
0.184314 0.827451
0.188235 0.827451
0.192157 0.827451
0.196078 0.827451
0.200000 0.827451
0.203922 0.827451
0.207843 0.827451
0.211765 0.827451
0.215686 0.827451
0.219608 0.827451
0.223529 0.827451
0.227451 0.827451
0.231373 0.827451
0.235294 0.827451
0.239216 0.827451
0.243137 0.827451
0.247059 0.827451
0.250980 0.827451
0.254902 0.827451
0.258824 0.827451
0.262745 0.827451
0.266667 0.827451
0.270588 0.827451
0.274510 0.827451
0.278431 0.827451
0.282353 0.827451
0.286275 0.827451
0.290196 0.827451
0.294118 0.827451
0.298039 0.827451
0.301961 0.827451
0.305882 0.827451
0.309804 0.827451
0.313726 0.827451
0.317647 0.827451
0.321569 0.827451
0.325490 0.827451
0.329412 0.827451
0.333333 0.827451
0.337255 0.827451
0.341176 0.827451
0.345098 0.827451
0.349020 0.827451
0.352941 0.827451
0.356863 0.827451
0.360784 0.827451
0.364706 0.827451
0.368627 0.827451
0.372549 0.827451
0.376471 0.827451
0.380392 0.827451
0.384314 0.827451
0.388235 0.827451
0.392157 0.827451
0.396078 0.827451
0.400000 0.827451
0.403922 0.827451
0.407843 0.827451
0.411765 0.827451
0.415686 0.827451
0.419608 0.827451
0.423529 0.827451
0.427451 0.827451
0.431373 0.827451
0.435294 0.827451
0.439216 0.827451
0.443137 0.827451
0.447059 0.827451
0.450980 0.827451
0.454902 0.827451
0.458824 0.827451
0.462745 0.827451
0.466667 0.827451
0.470588 0.827451
0.474510 0.827451
0.478431 0.827451
0.482353 0.827451
0.486275 0.827451
0.490196 0.827451
0.494118 0.827451
0.498039 0.827451
0.501961 0.827451
0.505882 0.827451
0.509804 0.827451
0.513726 0.827451
0.517647 0.827451
0.521569 0.827451
0.525490 0.827451
0.529412 0.827451
0.533333 0.827451
0.537255 0.827451
0.541176 0.827451
0.545098 0.827451
0.549020 0.827451
0.552941 0.827451
0.556863 0.827451
0.560784 0.827451
0.564706 0.827451
0.568627 0.827451
0.572549 0.827451
0.576471 0.827451
0.580392 0.827451
0.584314 0.827451
0.588235 0.827451
0.592157 0.827451
0.596078 0.827451
0.600000 0.827451
0.603922 0.827451
0.607843 0.827451
0.611765 0.827451
0.615686 0.827451
0.619608 0.827451
0.623529 0.827451
0.627451 0.827451
0.631373 0.827451
0.635294 0.827451
0.639216 0.827451
0.643137 0.827451
0.647059 0.827451
0.650980 0.827451
0.654902 0.827451
0.658824 0.827451
0.662745 0.827451
0.666667 0.827451
0.670588 0.827451
0.674510 0.827451
0.678431 0.827451
0.682353 0.827451
0.686275 0.827451
0.690196 0.827451
0.694118 0.827451
0.698039 0.827451
0.701961 0.827451
0.705882 0.827451
0.709804 0.827451
0.713726 0.827451
0.717647 0.827451
0.721569 0.827451
0.725490 0.827451
0.729412 0.827451
0.733333 0.827451
0.737255 0.827451
0.741176 0.827451
0.745098 0.827451
0.749020 0.827451
0.752941 0.827451
0.756863 0.827451
0.760784 0.827451
0.764706 0.827451
0.768627 0.827451
0.772549 0.827451
0.776471 0.827451
0.780392 0.827451
0.784314 0.827451
0.788235 0.827451
0.792157 0.827451
0.796078 0.827451
0.800000 0.827451
0.803922 0.827451
0.807843 0.827451
0.811765 0.827451
0.815686 0.827451
0.819608 0.827451
0.823529 0.827451
0.827451 0.827451
0.831373 0.827451
0.835294 0.827451
0.839216 0.827451
0.843137 0.827451
0.847059 0.827451
0.850980 0.827451
0.854902 0.827451
0.858824 0.827451
0.862745 0.827451
0.866667 0.827451
0.870588 0.827451
0.874510 0.827451
0.878431 0.827451
0.882353 0.827451
0.886275 0.827451
0.890196 0.827451
0.894118 0.827451
0.898039 0.827451
0.901961 0.827451
0.905882 0.827451
0.909804 0.827451
0.913725 0.827451
0.917647 0.827451
0.921569 0.827451
0.925490 0.827451
0.929412 0.827451
0.933333 0.827451
0.937255 0.827451
0.941176 0.827451
0.945098 0.827451
0.949020 0.827451
0.952941 0.827451
0.956863 0.827451
0.960784 0.827451
0.964706 0.827451
0.968627 0.827451
0.972549 0.827451
0.976471 0.827451
0.980392 0.827451
0.984314 0.827451
0.988235 0.827451
0.992157 0.827451
0.996078 0.827451
1.000000 0.827451

i = 2120.000000 0.831373
0.003922 0.831373
0.007843 0.831373
0.011765 0.831373
0.015686 0.831373
0.019608 0.831373
0.023529 0.831373
0.027451 0.831373
0.031373 0.831373
0.035294 0.831373
0.039216 0.831373
0.043137 0.831373
0.047059 0.831373
0.050980 0.831373
0.054902 0.831373
0.058824 0.831373
0.062745 0.831373
0.066667 0.831373
0.070588 0.831373
0.074510 0.831373
0.078431 0.831373
0.082353 0.831373
0.086275 0.831373
0.090196 0.831373
0.094118 0.831373
0.098039 0.831373
0.101961 0.831373
0.105882 0.831373
0.109804 0.831373
0.113725 0.831373
0.117647 0.831373
0.121569 0.831373
0.125490 0.831373
0.129412 0.831373
0.133333 0.831373
0.137255 0.831373
0.141176 0.831373
0.145098 0.831373
0.149020 0.831373
0.152941 0.831373
0.156863 0.831373
0.160784 0.831373
0.164706 0.831373
0.168627 0.831373
0.172549 0.831373
0.176471 0.831373
0.180392 0.831373
0.184314 0.831373
0.188235 0.831373
0.192157 0.831373
0.196078 0.831373
0.200000 0.831373
0.203922 0.831373
0.207843 0.831373
0.211765 0.831373
0.215686 0.831373
0.219608 0.831373
0.223529 0.831373
0.227451 0.831373
0.231373 0.831373
0.235294 0.831373
0.239216 0.831373
0.243137 0.831373
0.247059 0.831373
0.250980 0.831373
0.254902 0.831373
0.258824 0.831373
0.262745 0.831373
0.266667 0.831373
0.270588 0.831373
0.274510 0.831373
0.278431 0.831373
0.282353 0.831373
0.286275 0.831373
0.290196 0.831373
0.294118 0.831373
0.298039 0.831373
0.301961 0.831373
0.305882 0.831373
0.309804 0.831373
0.313726 0.831373
0.317647 0.831373
0.321569 0.831373
0.325490 0.831373
0.329412 0.831373
0.333333 0.831373
0.337255 0.831373
0.341176 0.831373
0.345098 0.831373
0.349020 0.831373
0.352941 0.831373
0.356863 0.831373
0.360784 0.831373
0.364706 0.831373
0.368627 0.831373
0.372549 0.831373
0.376471 0.831373
0.380392 0.831373
0.384314 0.831373
0.388235 0.831373
0.392157 0.831373
0.396078 0.831373
0.400000 0.831373
0.403922 0.831373
0.407843 0.831373
0.411765 0.831373
0.415686 0.831373
0.419608 0.831373
0.423529 0.831373
0.427451 0.831373
0.431373 0.831373
0.435294 0.831373
0.439216 0.831373
0.443137 0.831373
0.447059 0.831373
0.450980 0.831373
0.454902 0.831373
0.458824 0.831373
0.462745 0.831373
0.466667 0.831373
0.470588 0.831373
0.474510 0.831373
0.478431 0.831373
0.482353 0.831373
0.486275 0.831373
0.490196 0.831373
0.494118 0.831373
0.498039 0.831373
0.501961 0.831373
0.505882 0.831373
0.509804 0.831373
0.513726 0.831373
0.517647 0.831373
0.521569 0.831373
0.525490 0.831373
0.529412 0.831373
0.533333 0.831373
0.537255 0.831373
0.541176 0.831373
0.545098 0.831373
0.549020 0.831373
0.552941 0.831373
0.556863 0.831373
0.560784 0.831373
0.564706 0.831373
0.568627 0.831373
0.572549 0.831373
0.576471 0.831373
0.580392 0.831373
0.584314 0.831373
0.588235 0.831373
0.592157 0.831373
0.596078 0.831373
0.600000 0.831373
0.603922 0.831373
0.607843 0.831373
0.611765 0.831373
0.615686 0.831373
0.619608 0.831373
0.623529 0.831373
0.627451 0.831373
0.631373 0.831373
0.635294 0.831373
0.639216 0.831373
0.643137 0.831373
0.647059 0.831373
0.650980 0.831373
0.654902 0.831373
0.658824 0.831373
0.662745 0.831373
0.666667 0.831373
0.670588 0.831373
0.674510 0.831373
0.678431 0.831373
0.682353 0.831373
0.686275 0.831373
0.690196 0.831373
0.694118 0.831373
0.698039 0.831373
0.701961 0.831373
0.705882 0.831373
0.709804 0.831373
0.713726 0.831373
0.717647 0.831373
0.721569 0.831373
0.725490 0.831373
0.729412 0.831373
0.733333 0.831373
0.737255 0.831373
0.741176 0.831373
0.745098 0.831373
0.749020 0.831373
0.752941 0.831373
0.756863 0.831373
0.760784 0.831373
0.764706 0.831373
0.768627 0.831373
0.772549 0.831373
0.776471 0.831373
0.780392 0.831373
0.784314 0.831373
0.788235 0.831373
0.792157 0.831373
0.796078 0.831373
0.800000 0.831373
0.803922 0.831373
0.807843 0.831373
0.811765 0.831373
0.815686 0.831373
0.819608 0.831373
0.823529 0.831373
0.827451 0.831373
0.831373 0.831373
0.835294 0.831373
0.839216 0.831373
0.843137 0.831373
0.847059 0.831373
0.850980 0.831373
0.854902 0.831373
0.858824 0.831373
0.862745 0.831373
0.866667 0.831373
0.870588 0.831373
0.874510 0.831373
0.878431 0.831373
0.882353 0.831373
0.886275 0.831373
0.890196 0.831373
0.894118 0.831373
0.898039 0.831373
0.901961 0.831373
0.905882 0.831373
0.909804 0.831373
0.913725 0.831373
0.917647 0.831373
0.921569 0.831373
0.925490 0.831373
0.929412 0.831373
0.933333 0.831373
0.937255 0.831373
0.941176 0.831373
0.945098 0.831373
0.949020 0.831373
0.952941 0.831373
0.956863 0.831373
0.960784 0.831373
0.964706 0.831373
0.968627 0.831373
0.972549 0.831373
0.976471 0.831373
0.980392 0.831373
0.984314 0.831373
0.988235 0.831373
0.992157 0.831373
0.996078 0.831373
1.000000 0.831373

i = 2130.000000 0.835294
0.003922 0.835294
0.007843 0.835294
0.011765 0.835294
0.015686 0.835294
0.019608 0.835294
0.023529 0.835294
0.027451 0.835294
0.031373 0.835294
0.035294 0.835294
0.039216 0.835294
0.043137 0.835294
0.047059 0.835294
0.050980 0.835294
0.054902 0.835294
0.058824 0.835294
0.062745 0.835294
0.066667 0.835294
0.070588 0.835294
0.074510 0.835294
0.078431 0.835294
0.082353 0.835294
0.086275 0.835294
0.090196 0.835294
0.094118 0.835294
0.098039 0.835294
0.101961 0.835294
0.105882 0.835294
0.109804 0.835294
0.113725 0.835294
0.117647 0.835294
0.121569 0.835294
0.125490 0.835294
0.129412 0.835294
0.133333 0.835294
0.137255 0.835294
0.141176 0.835294
0.145098 0.835294
0.149020 0.835294
0.152941 0.835294
0.156863 0.835294
0.160784 0.835294
0.164706 0.835294
0.168627 0.835294
0.172549 0.835294
0.176471 0.835294
0.180392 0.835294
0.184314 0.835294
0.188235 0.835294
0.192157 0.835294
0.196078 0.835294
0.200000 0.835294
0.203922 0.835294
0.207843 0.835294
0.211765 0.835294
0.215686 0.835294
0.219608 0.835294
0.223529 0.835294
0.227451 0.835294
0.231373 0.835294
0.235294 0.835294
0.239216 0.835294
0.243137 0.835294
0.247059 0.835294
0.250980 0.835294
0.254902 0.835294
0.258824 0.835294
0.262745 0.835294
0.266667 0.835294
0.270588 0.835294
0.274510 0.835294
0.278431 0.835294
0.282353 0.835294
0.286275 0.835294
0.290196 0.835294
0.294118 0.835294
0.298039 0.835294
0.301961 0.835294
0.305882 0.835294
0.309804 0.835294
0.313726 0.835294
0.317647 0.835294
0.321569 0.835294
0.325490 0.835294
0.329412 0.835294
0.333333 0.835294
0.337255 0.835294
0.341176 0.835294
0.345098 0.835294
0.349020 0.835294
0.352941 0.835294
0.356863 0.835294
0.360784 0.835294
0.364706 0.835294
0.368627 0.835294
0.372549 0.835294
0.376471 0.835294
0.380392 0.835294
0.384314 0.835294
0.388235 0.835294
0.392157 0.835294
0.396078 0.835294
0.400000 0.835294
0.403922 0.835294
0.407843 0.835294
0.411765 0.835294
0.415686 0.835294
0.419608 0.835294
0.423529 0.835294
0.427451 0.835294
0.431373 0.835294
0.435294 0.835294
0.439216 0.835294
0.443137 0.835294
0.447059 0.835294
0.450980 0.835294
0.454902 0.835294
0.458824 0.835294
0.462745 0.835294
0.466667 0.835294
0.470588 0.835294
0.474510 0.835294
0.478431 0.835294
0.482353 0.835294
0.486275 0.835294
0.490196 0.835294
0.494118 0.835294
0.498039 0.835294
0.501961 0.835294
0.505882 0.835294
0.509804 0.835294
0.513726 0.835294
0.517647 0.835294
0.521569 0.835294
0.525490 0.835294
0.529412 0.835294
0.533333 0.835294
0.537255 0.835294
0.541176 0.835294
0.545098 0.835294
0.549020 0.835294
0.552941 0.835294
0.556863 0.835294
0.560784 0.835294
0.564706 0.835294
0.568627 0.835294
0.572549 0.835294
0.576471 0.835294
0.580392 0.835294
0.584314 0.835294
0.588235 0.835294
0.592157 0.835294
0.596078 0.835294
0.600000 0.835294
0.603922 0.835294
0.607843 0.835294
0.611765 0.835294
0.615686 0.835294
0.619608 0.835294
0.623529 0.835294
0.627451 0.835294
0.631373 0.835294
0.635294 0.835294
0.639216 0.835294
0.643137 0.835294
0.647059 0.835294
0.650980 0.835294
0.654902 0.835294
0.658824 0.835294
0.662745 0.835294
0.666667 0.835294
0.670588 0.835294
0.674510 0.835294
0.678431 0.835294
0.682353 0.835294
0.686275 0.835294
0.690196 0.835294
0.694118 0.835294
0.698039 0.835294
0.701961 0.835294
0.705882 0.835294
0.709804 0.835294
0.713726 0.835294
0.717647 0.835294
0.721569 0.835294
0.725490 0.835294
0.729412 0.835294
0.733333 0.835294
0.737255 0.835294
0.741176 0.835294
0.745098 0.835294
0.749020 0.835294
0.752941 0.835294
0.756863 0.835294
0.760784 0.835294
0.764706 0.835294
0.768627 0.835294
0.772549 0.835294
0.776471 0.835294
0.780392 0.835294
0.784314 0.835294
0.788235 0.835294
0.792157 0.835294
0.796078 0.835294
0.800000 0.835294
0.803922 0.835294
0.807843 0.835294
0.811765 0.835294
0.815686 0.835294
0.819608 0.835294
0.823529 0.835294
0.827451 0.835294
0.831373 0.835294
0.835294 0.835294
0.839216 0.835294
0.843137 0.835294
0.847059 0.835294
0.850980 0.835294
0.854902 0.835294
0.858824 0.835294
0.862745 0.835294
0.866667 0.835294
0.870588 0.835294
0.874510 0.835294
0.878431 0.835294
0.882353 0.835294
0.886275 0.835294
0.890196 0.835294
0.894118 0.835294
0.898039 0.835294
0.901961 0.835294
0.905882 0.835294
0.909804 0.835294
0.913725 0.835294
0.917647 0.835294
0.921569 0.835294
0.925490 0.835294
0.929412 0.835294
0.933333 0.835294
0.937255 0.835294
0.941176 0.835294
0.945098 0.835294
0.949020 0.835294
0.952941 0.835294
0.956863 0.835294
0.960784 0.835294
0.964706 0.835294
0.968627 0.835294
0.972549 0.835294
0.976471 0.835294
0.980392 0.835294
0.984314 0.835294
0.988235 0.835294
0.992157 0.835294
0.996078 0.835294
1.000000 0.835294

i = 2140.000000 0.839216
0.003922 0.839216
0.007843 0.839216
0.011765 0.839216
0.015686 0.839216
0.019608 0.839216
0.023529 0.839216
0.027451 0.839216
0.031373 0.839216
0.035294 0.839216
0.039216 0.839216
0.043137 0.839216
0.047059 0.839216
0.050980 0.839216
0.054902 0.839216
0.058824 0.839216
0.062745 0.839216
0.066667 0.839216
0.070588 0.839216
0.074510 0.839216
0.078431 0.839216
0.082353 0.839216
0.086275 0.839216
0.090196 0.839216
0.094118 0.839216
0.098039 0.839216
0.101961 0.839216
0.105882 0.839216
0.109804 0.839216
0.113725 0.839216
0.117647 0.839216
0.121569 0.839216
0.125490 0.839216
0.129412 0.839216
0.133333 0.839216
0.137255 0.839216
0.141176 0.839216
0.145098 0.839216
0.149020 0.839216
0.152941 0.839216
0.156863 0.839216
0.160784 0.839216
0.164706 0.839216
0.168627 0.839216
0.172549 0.839216
0.176471 0.839216
0.180392 0.839216
0.184314 0.839216
0.188235 0.839216
0.192157 0.839216
0.196078 0.839216
0.200000 0.839216
0.203922 0.839216
0.207843 0.839216
0.211765 0.839216
0.215686 0.839216
0.219608 0.839216
0.223529 0.839216
0.227451 0.839216
0.231373 0.839216
0.235294 0.839216
0.239216 0.839216
0.243137 0.839216
0.247059 0.839216
0.250980 0.839216
0.254902 0.839216
0.258824 0.839216
0.262745 0.839216
0.266667 0.839216
0.270588 0.839216
0.274510 0.839216
0.278431 0.839216
0.282353 0.839216
0.286275 0.839216
0.290196 0.839216
0.294118 0.839216
0.298039 0.839216
0.301961 0.839216
0.305882 0.839216
0.309804 0.839216
0.313726 0.839216
0.317647 0.839216
0.321569 0.839216
0.325490 0.839216
0.329412 0.839216
0.333333 0.839216
0.337255 0.839216
0.341176 0.839216
0.345098 0.839216
0.349020 0.839216
0.352941 0.839216
0.356863 0.839216
0.360784 0.839216
0.364706 0.839216
0.368627 0.839216
0.372549 0.839216
0.376471 0.839216
0.380392 0.839216
0.384314 0.839216
0.388235 0.839216
0.392157 0.839216
0.396078 0.839216
0.400000 0.839216
0.403922 0.839216
0.407843 0.839216
0.411765 0.839216
0.415686 0.839216
0.419608 0.839216
0.423529 0.839216
0.427451 0.839216
0.431373 0.839216
0.435294 0.839216
0.439216 0.839216
0.443137 0.839216
0.447059 0.839216
0.450980 0.839216
0.454902 0.839216
0.458824 0.839216
0.462745 0.839216
0.466667 0.839216
0.470588 0.839216
0.474510 0.839216
0.478431 0.839216
0.482353 0.839216
0.486275 0.839216
0.490196 0.839216
0.494118 0.839216
0.498039 0.839216
0.501961 0.839216
0.505882 0.839216
0.509804 0.839216
0.513726 0.839216
0.517647 0.839216
0.521569 0.839216
0.525490 0.839216
0.529412 0.839216
0.533333 0.839216
0.537255 0.839216
0.541176 0.839216
0.545098 0.839216
0.549020 0.839216
0.552941 0.839216
0.556863 0.839216
0.560784 0.839216
0.564706 0.839216
0.568627 0.839216
0.572549 0.839216
0.576471 0.839216
0.580392 0.839216
0.584314 0.839216
0.588235 0.839216
0.592157 0.839216
0.596078 0.839216
0.600000 0.839216
0.603922 0.839216
0.607843 0.839216
0.611765 0.839216
0.615686 0.839216
0.619608 0.839216
0.623529 0.839216
0.627451 0.839216
0.631373 0.839216
0.635294 0.839216
0.639216 0.839216
0.643137 0.839216
0.647059 0.839216
0.650980 0.839216
0.654902 0.839216
0.658824 0.839216
0.662745 0.839216
0.666667 0.839216
0.670588 0.839216
0.674510 0.839216
0.678431 0.839216
0.682353 0.839216
0.686275 0.839216
0.690196 0.839216
0.694118 0.839216
0.698039 0.839216
0.701961 0.839216
0.705882 0.839216
0.709804 0.839216
0.713726 0.839216
0.717647 0.839216
0.721569 0.839216
0.725490 0.839216
0.729412 0.839216
0.733333 0.839216
0.737255 0.839216
0.741176 0.839216
0.745098 0.839216
0.749020 0.839216
0.752941 0.839216
0.756863 0.839216
0.760784 0.839216
0.764706 0.839216
0.768627 0.839216
0.772549 0.839216
0.776471 0.839216
0.780392 0.839216
0.784314 0.839216
0.788235 0.839216
0.792157 0.839216
0.796078 0.839216
0.800000 0.839216
0.803922 0.839216
0.807843 0.839216
0.811765 0.839216
0.815686 0.839216
0.819608 0.839216
0.823529 0.839216
0.827451 0.839216
0.831373 0.839216
0.835294 0.839216
0.839216 0.839216
0.843137 0.839216
0.847059 0.839216
0.850980 0.839216
0.854902 0.839216
0.858824 0.839216
0.862745 0.839216
0.866667 0.839216
0.870588 0.839216
0.874510 0.839216
0.878431 0.839216
0.882353 0.839216
0.886275 0.839216
0.890196 0.839216
0.894118 0.839216
0.898039 0.839216
0.901961 0.839216
0.905882 0.839216
0.909804 0.839216
0.913725 0.839216
0.917647 0.839216
0.921569 0.839216
0.925490 0.839216
0.929412 0.839216
0.933333 0.839216
0.937255 0.839216
0.941176 0.839216
0.945098 0.839216
0.949020 0.839216
0.952941 0.839216
0.956863 0.839216
0.960784 0.839216
0.964706 0.839216
0.968627 0.839216
0.972549 0.839216
0.976471 0.839216
0.980392 0.839216
0.984314 0.839216
0.988235 0.839216
0.992157 0.839216
0.996078 0.839216
1.000000 0.839216

i = 2150.000000 0.843137
0.003922 0.843137
0.007843 0.843137
0.011765 0.843137
0.015686 0.843137
0.019608 0.843137
0.023529 0.843137
0.027451 0.843137
0.031373 0.843137
0.035294 0.843137
0.039216 0.843137
0.043137 0.843137
0.047059 0.843137
0.050980 0.843137
0.054902 0.843137
0.058824 0.843137
0.062745 0.843137
0.066667 0.843137
0.070588 0.843137
0.074510 0.843137
0.078431 0.843137
0.082353 0.843137
0.086275 0.843137
0.090196 0.843137
0.094118 0.843137
0.098039 0.843137
0.101961 0.843137
0.105882 0.843137
0.109804 0.843137
0.113725 0.843137
0.117647 0.843137
0.121569 0.843137
0.125490 0.843137
0.129412 0.843137
0.133333 0.843137
0.137255 0.843137
0.141176 0.843137
0.145098 0.843137
0.149020 0.843137
0.152941 0.843137
0.156863 0.843137
0.160784 0.843137
0.164706 0.843137
0.168627 0.843137
0.172549 0.843137
0.176471 0.843137
0.180392 0.843137
0.184314 0.843137
0.188235 0.843137
0.192157 0.843137
0.196078 0.843137
0.200000 0.843137
0.203922 0.843137
0.207843 0.843137
0.211765 0.843137
0.215686 0.843137
0.219608 0.843137
0.223529 0.843137
0.227451 0.843137
0.231373 0.843137
0.235294 0.843137
0.239216 0.843137
0.243137 0.843137
0.247059 0.843137
0.250980 0.843137
0.254902 0.843137
0.258824 0.843137
0.262745 0.843137
0.266667 0.843137
0.270588 0.843137
0.274510 0.843137
0.278431 0.843137
0.282353 0.843137
0.286275 0.843137
0.290196 0.843137
0.294118 0.843137
0.298039 0.843137
0.301961 0.843137
0.305882 0.843137
0.309804 0.843137
0.313726 0.843137
0.317647 0.843137
0.321569 0.843137
0.325490 0.843137
0.329412 0.843137
0.333333 0.843137
0.337255 0.843137
0.341176 0.843137
0.345098 0.843137
0.349020 0.843137
0.352941 0.843137
0.356863 0.843137
0.360784 0.843137
0.364706 0.843137
0.368627 0.843137
0.372549 0.843137
0.376471 0.843137
0.380392 0.843137
0.384314 0.843137
0.388235 0.843137
0.392157 0.843137
0.396078 0.843137
0.400000 0.843137
0.403922 0.843137
0.407843 0.843137
0.411765 0.843137
0.415686 0.843137
0.419608 0.843137
0.423529 0.843137
0.427451 0.843137
0.431373 0.843137
0.435294 0.843137
0.439216 0.843137
0.443137 0.843137
0.447059 0.843137
0.450980 0.843137
0.454902 0.843137
0.458824 0.843137
0.462745 0.843137
0.466667 0.843137
0.470588 0.843137
0.474510 0.843137
0.478431 0.843137
0.482353 0.843137
0.486275 0.843137
0.490196 0.843137
0.494118 0.843137
0.498039 0.843137
0.501961 0.843137
0.505882 0.843137
0.509804 0.843137
0.513726 0.843137
0.517647 0.843137
0.521569 0.843137
0.525490 0.843137
0.529412 0.843137
0.533333 0.843137
0.537255 0.843137
0.541176 0.843137
0.545098 0.843137
0.549020 0.843137
0.552941 0.843137
0.556863 0.843137
0.560784 0.843137
0.564706 0.843137
0.568627 0.843137
0.572549 0.843137
0.576471 0.843137
0.580392 0.843137
0.584314 0.843137
0.588235 0.843137
0.592157 0.843137
0.596078 0.843137
0.600000 0.843137
0.603922 0.843137
0.607843 0.843137
0.611765 0.843137
0.615686 0.843137
0.619608 0.843137
0.623529 0.843137
0.627451 0.843137
0.631373 0.843137
0.635294 0.843137
0.639216 0.843137
0.643137 0.843137
0.647059 0.843137
0.650980 0.843137
0.654902 0.843137
0.658824 0.843137
0.662745 0.843137
0.666667 0.843137
0.670588 0.843137
0.674510 0.843137
0.678431 0.843137
0.682353 0.843137
0.686275 0.843137
0.690196 0.843137
0.694118 0.843137
0.698039 0.843137
0.701961 0.843137
0.705882 0.843137
0.709804 0.843137
0.713726 0.843137
0.717647 0.843137
0.721569 0.843137
0.725490 0.843137
0.729412 0.843137
0.733333 0.843137
0.737255 0.843137
0.741176 0.843137
0.745098 0.843137
0.749020 0.843137
0.752941 0.843137
0.756863 0.843137
0.760784 0.843137
0.764706 0.843137
0.768627 0.843137
0.772549 0.843137
0.776471 0.843137
0.780392 0.843137
0.784314 0.843137
0.788235 0.843137
0.792157 0.843137
0.796078 0.843137
0.800000 0.843137
0.803922 0.843137
0.807843 0.843137
0.811765 0.843137
0.815686 0.843137
0.819608 0.843137
0.823529 0.843137
0.827451 0.843137
0.831373 0.843137
0.835294 0.843137
0.839216 0.843137
0.843137 0.843137
0.847059 0.843137
0.850980 0.843137
0.854902 0.843137
0.858824 0.843137
0.862745 0.843137
0.866667 0.843137
0.870588 0.843137
0.874510 0.843137
0.878431 0.843137
0.882353 0.843137
0.886275 0.843137
0.890196 0.843137
0.894118 0.843137
0.898039 0.843137
0.901961 0.843137
0.905882 0.843137
0.909804 0.843137
0.913725 0.843137
0.917647 0.843137
0.921569 0.843137
0.925490 0.843137
0.929412 0.843137
0.933333 0.843137
0.937255 0.843137
0.941176 0.843137
0.945098 0.843137
0.949020 0.843137
0.952941 0.843137
0.956863 0.843137
0.960784 0.843137
0.964706 0.843137
0.968627 0.843137
0.972549 0.843137
0.976471 0.843137
0.980392 0.843137
0.984314 0.843137
0.988235 0.843137
0.992157 0.843137
0.996078 0.843137
1.000000 0.843137

i = 2160.000000 0.847059
0.003922 0.847059
0.007843 0.847059
0.011765 0.847059
0.015686 0.847059
0.019608 0.847059
0.023529 0.847059
0.027451 0.847059
0.031373 0.847059
0.035294 0.847059
0.039216 0.847059
0.043137 0.847059
0.047059 0.847059
0.050980 0.847059
0.054902 0.847059
0.058824 0.847059
0.062745 0.847059
0.066667 0.847059
0.070588 0.847059
0.074510 0.847059
0.078431 0.847059
0.082353 0.847059
0.086275 0.847059
0.090196 0.847059
0.094118 0.847059
0.098039 0.847059
0.101961 0.847059
0.105882 0.847059
0.109804 0.847059
0.113725 0.847059
0.117647 0.847059
0.121569 0.847059
0.125490 0.847059
0.129412 0.847059
0.133333 0.847059
0.137255 0.847059
0.141176 0.847059
0.145098 0.847059
0.149020 0.847059
0.152941 0.847059
0.156863 0.847059
0.160784 0.847059
0.164706 0.847059
0.168627 0.847059
0.172549 0.847059
0.176471 0.847059
0.180392 0.847059
0.184314 0.847059
0.188235 0.847059
0.192157 0.847059
0.196078 0.847059
0.200000 0.847059
0.203922 0.847059
0.207843 0.847059
0.211765 0.847059
0.215686 0.847059
0.219608 0.847059
0.223529 0.847059
0.227451 0.847059
0.231373 0.847059
0.235294 0.847059
0.239216 0.847059
0.243137 0.847059
0.247059 0.847059
0.250980 0.847059
0.254902 0.847059
0.258824 0.847059
0.262745 0.847059
0.266667 0.847059
0.270588 0.847059
0.274510 0.847059
0.278431 0.847059
0.282353 0.847059
0.286275 0.847059
0.290196 0.847059
0.294118 0.847059
0.298039 0.847059
0.301961 0.847059
0.305882 0.847059
0.309804 0.847059
0.313726 0.847059
0.317647 0.847059
0.321569 0.847059
0.325490 0.847059
0.329412 0.847059
0.333333 0.847059
0.337255 0.847059
0.341176 0.847059
0.345098 0.847059
0.349020 0.847059
0.352941 0.847059
0.356863 0.847059
0.360784 0.847059
0.364706 0.847059
0.368627 0.847059
0.372549 0.847059
0.376471 0.847059
0.380392 0.847059
0.384314 0.847059
0.388235 0.847059
0.392157 0.847059
0.396078 0.847059
0.400000 0.847059
0.403922 0.847059
0.407843 0.847059
0.411765 0.847059
0.415686 0.847059
0.419608 0.847059
0.423529 0.847059
0.427451 0.847059
0.431373 0.847059
0.435294 0.847059
0.439216 0.847059
0.443137 0.847059
0.447059 0.847059
0.450980 0.847059
0.454902 0.847059
0.458824 0.847059
0.462745 0.847059
0.466667 0.847059
0.470588 0.847059
0.474510 0.847059
0.478431 0.847059
0.482353 0.847059
0.486275 0.847059
0.490196 0.847059
0.494118 0.847059
0.498039 0.847059
0.501961 0.847059
0.505882 0.847059
0.509804 0.847059
0.513726 0.847059
0.517647 0.847059
0.521569 0.847059
0.525490 0.847059
0.529412 0.847059
0.533333 0.847059
0.537255 0.847059
0.541176 0.847059
0.545098 0.847059
0.549020 0.847059
0.552941 0.847059
0.556863 0.847059
0.560784 0.847059
0.564706 0.847059
0.568627 0.847059
0.572549 0.847059
0.576471 0.847059
0.580392 0.847059
0.584314 0.847059
0.588235 0.847059
0.592157 0.847059
0.596078 0.847059
0.600000 0.847059
0.603922 0.847059
0.607843 0.847059
0.611765 0.847059
0.615686 0.847059
0.619608 0.847059
0.623529 0.847059
0.627451 0.847059
0.631373 0.847059
0.635294 0.847059
0.639216 0.847059
0.643137 0.847059
0.647059 0.847059
0.650980 0.847059
0.654902 0.847059
0.658824 0.847059
0.662745 0.847059
0.666667 0.847059
0.670588 0.847059
0.674510 0.847059
0.678431 0.847059
0.682353 0.847059
0.686275 0.847059
0.690196 0.847059
0.694118 0.847059
0.698039 0.847059
0.701961 0.847059
0.705882 0.847059
0.709804 0.847059
0.713726 0.847059
0.717647 0.847059
0.721569 0.847059
0.725490 0.847059
0.729412 0.847059
0.733333 0.847059
0.737255 0.847059
0.741176 0.847059
0.745098 0.847059
0.749020 0.847059
0.752941 0.847059
0.756863 0.847059
0.760784 0.847059
0.764706 0.847059
0.768627 0.847059
0.772549 0.847059
0.776471 0.847059
0.780392 0.847059
0.784314 0.847059
0.788235 0.847059
0.792157 0.847059
0.796078 0.847059
0.800000 0.847059
0.803922 0.847059
0.807843 0.847059
0.811765 0.847059
0.815686 0.847059
0.819608 0.847059
0.823529 0.847059
0.827451 0.847059
0.831373 0.847059
0.835294 0.847059
0.839216 0.847059
0.843137 0.847059
0.847059 0.847059
0.850980 0.847059
0.854902 0.847059
0.858824 0.847059
0.862745 0.847059
0.866667 0.847059
0.870588 0.847059
0.874510 0.847059
0.878431 0.847059
0.882353 0.847059
0.886275 0.847059
0.890196 0.847059
0.894118 0.847059
0.898039 0.847059
0.901961 0.847059
0.905882 0.847059
0.909804 0.847059
0.913725 0.847059
0.917647 0.847059
0.921569 0.847059
0.925490 0.847059
0.929412 0.847059
0.933333 0.847059
0.937255 0.847059
0.941176 0.847059
0.945098 0.847059
0.949020 0.847059
0.952941 0.847059
0.956863 0.847059
0.960784 0.847059
0.964706 0.847059
0.968627 0.847059
0.972549 0.847059
0.976471 0.847059
0.980392 0.847059
0.984314 0.847059
0.988235 0.847059
0.992157 0.847059
0.996078 0.847059
1.000000 0.847059

i = 2170.000000 0.850980
0.003922 0.850980
0.007843 0.850980
0.011765 0.850980
0.015686 0.850980
0.019608 0.850980
0.023529 0.850980
0.027451 0.850980
0.031373 0.850980
0.035294 0.850980
0.039216 0.850980
0.043137 0.850980
0.047059 0.850980
0.050980 0.850980
0.054902 0.850980
0.058824 0.850980
0.062745 0.850980
0.066667 0.850980
0.070588 0.850980
0.074510 0.850980
0.078431 0.850980
0.082353 0.850980
0.086275 0.850980
0.090196 0.850980
0.094118 0.850980
0.098039 0.850980
0.101961 0.850980
0.105882 0.850980
0.109804 0.850980
0.113725 0.850980
0.117647 0.850980
0.121569 0.850980
0.125490 0.850980
0.129412 0.850980
0.133333 0.850980
0.137255 0.850980
0.141176 0.850980
0.145098 0.850980
0.149020 0.850980
0.152941 0.850980
0.156863 0.850980
0.160784 0.850980
0.164706 0.850980
0.168627 0.850980
0.172549 0.850980
0.176471 0.850980
0.180392 0.850980
0.184314 0.850980
0.188235 0.850980
0.192157 0.850980
0.196078 0.850980
0.200000 0.850980
0.203922 0.850980
0.207843 0.850980
0.211765 0.850980
0.215686 0.850980
0.219608 0.850980
0.223529 0.850980
0.227451 0.850980
0.231373 0.850980
0.235294 0.850980
0.239216 0.850980
0.243137 0.850980
0.247059 0.850980
0.250980 0.850980
0.254902 0.850980
0.258824 0.850980
0.262745 0.850980
0.266667 0.850980
0.270588 0.850980
0.274510 0.850980
0.278431 0.850980
0.282353 0.850980
0.286275 0.850980
0.290196 0.850980
0.294118 0.850980
0.298039 0.850980
0.301961 0.850980
0.305882 0.850980
0.309804 0.850980
0.313726 0.850980
0.317647 0.850980
0.321569 0.850980
0.325490 0.850980
0.329412 0.850980
0.333333 0.850980
0.337255 0.850980
0.341176 0.850980
0.345098 0.850980
0.349020 0.850980
0.352941 0.850980
0.356863 0.850980
0.360784 0.850980
0.364706 0.850980
0.368627 0.850980
0.372549 0.850980
0.376471 0.850980
0.380392 0.850980
0.384314 0.850980
0.388235 0.850980
0.392157 0.850980
0.396078 0.850980
0.400000 0.850980
0.403922 0.850980
0.407843 0.850980
0.411765 0.850980
0.415686 0.850980
0.419608 0.850980
0.423529 0.850980
0.427451 0.850980
0.431373 0.850980
0.435294 0.850980
0.439216 0.850980
0.443137 0.850980
0.447059 0.850980
0.450980 0.850980
0.454902 0.850980
0.458824 0.850980
0.462745 0.850980
0.466667 0.850980
0.470588 0.850980
0.474510 0.850980
0.478431 0.850980
0.482353 0.850980
0.486275 0.850980
0.490196 0.850980
0.494118 0.850980
0.498039 0.850980
0.501961 0.850980
0.505882 0.850980
0.509804 0.850980
0.513726 0.850980
0.517647 0.850980
0.521569 0.850980
0.525490 0.850980
0.529412 0.850980
0.533333 0.850980
0.537255 0.850980
0.541176 0.850980
0.545098 0.850980
0.549020 0.850980
0.552941 0.850980
0.556863 0.850980
0.560784 0.850980
0.564706 0.850980
0.568627 0.850980
0.572549 0.850980
0.576471 0.850980
0.580392 0.850980
0.584314 0.850980
0.588235 0.850980
0.592157 0.850980
0.596078 0.850980
0.600000 0.850980
0.603922 0.850980
0.607843 0.850980
0.611765 0.850980
0.615686 0.850980
0.619608 0.850980
0.623529 0.850980
0.627451 0.850980
0.631373 0.850980
0.635294 0.850980
0.639216 0.850980
0.643137 0.850980
0.647059 0.850980
0.650980 0.850980
0.654902 0.850980
0.658824 0.850980
0.662745 0.850980
0.666667 0.850980
0.670588 0.850980
0.674510 0.850980
0.678431 0.850980
0.682353 0.850980
0.686275 0.850980
0.690196 0.850980
0.694118 0.850980
0.698039 0.850980
0.701961 0.850980
0.705882 0.850980
0.709804 0.850980
0.713726 0.850980
0.717647 0.850980
0.721569 0.850980
0.725490 0.850980
0.729412 0.850980
0.733333 0.850980
0.737255 0.850980
0.741176 0.850980
0.745098 0.850980
0.749020 0.850980
0.752941 0.850980
0.756863 0.850980
0.760784 0.850980
0.764706 0.850980
0.768627 0.850980
0.772549 0.850980
0.776471 0.850980
0.780392 0.850980
0.784314 0.850980
0.788235 0.850980
0.792157 0.850980
0.796078 0.850980
0.800000 0.850980
0.803922 0.850980
0.807843 0.850980
0.811765 0.850980
0.815686 0.850980
0.819608 0.850980
0.823529 0.850980
0.827451 0.850980
0.831373 0.850980
0.835294 0.850980
0.839216 0.850980
0.843137 0.850980
0.847059 0.850980
0.850980 0.850980
0.854902 0.850980
0.858824 0.850980
0.862745 0.850980
0.866667 0.850980
0.870588 0.850980
0.874510 0.850980
0.878431 0.850980
0.882353 0.850980
0.886275 0.850980
0.890196 0.850980
0.894118 0.850980
0.898039 0.850980
0.901961 0.850980
0.905882 0.850980
0.909804 0.850980
0.913725 0.850980
0.917647 0.850980
0.921569 0.850980
0.925490 0.850980
0.929412 0.850980
0.933333 0.850980
0.937255 0.850980
0.941176 0.850980
0.945098 0.850980
0.949020 0.850980
0.952941 0.850980
0.956863 0.850980
0.960784 0.850980
0.964706 0.850980
0.968627 0.850980
0.972549 0.850980
0.976471 0.850980
0.980392 0.850980
0.984314 0.850980
0.988235 0.850980
0.992157 0.850980
0.996078 0.850980
1.000000 0.850980

i = 2180.000000 0.854902
0.003922 0.854902
0.007843 0.854902
0.011765 0.854902
0.015686 0.854902
0.019608 0.854902
0.023529 0.854902
0.027451 0.854902
0.031373 0.854902
0.035294 0.854902
0.039216 0.854902
0.043137 0.854902
0.047059 0.854902
0.050980 0.854902
0.054902 0.854902
0.058824 0.854902
0.062745 0.854902
0.066667 0.854902
0.070588 0.854902
0.074510 0.854902
0.078431 0.854902
0.082353 0.854902
0.086275 0.854902
0.090196 0.854902
0.094118 0.854902
0.098039 0.854902
0.101961 0.854902
0.105882 0.854902
0.109804 0.854902
0.113725 0.854902
0.117647 0.854902
0.121569 0.854902
0.125490 0.854902
0.129412 0.854902
0.133333 0.854902
0.137255 0.854902
0.141176 0.854902
0.145098 0.854902
0.149020 0.854902
0.152941 0.854902
0.156863 0.854902
0.160784 0.854902
0.164706 0.854902
0.168627 0.854902
0.172549 0.854902
0.176471 0.854902
0.180392 0.854902
0.184314 0.854902
0.188235 0.854902
0.192157 0.854902
0.196078 0.854902
0.200000 0.854902
0.203922 0.854902
0.207843 0.854902
0.211765 0.854902
0.215686 0.854902
0.219608 0.854902
0.223529 0.854902
0.227451 0.854902
0.231373 0.854902
0.235294 0.854902
0.239216 0.854902
0.243137 0.854902
0.247059 0.854902
0.250980 0.854902
0.254902 0.854902
0.258824 0.854902
0.262745 0.854902
0.266667 0.854902
0.270588 0.854902
0.274510 0.854902
0.278431 0.854902
0.282353 0.854902
0.286275 0.854902
0.290196 0.854902
0.294118 0.854902
0.298039 0.854902
0.301961 0.854902
0.305882 0.854902
0.309804 0.854902
0.313726 0.854902
0.317647 0.854902
0.321569 0.854902
0.325490 0.854902
0.329412 0.854902
0.333333 0.854902
0.337255 0.854902
0.341176 0.854902
0.345098 0.854902
0.349020 0.854902
0.352941 0.854902
0.356863 0.854902
0.360784 0.854902
0.364706 0.854902
0.368627 0.854902
0.372549 0.854902
0.376471 0.854902
0.380392 0.854902
0.384314 0.854902
0.388235 0.854902
0.392157 0.854902
0.396078 0.854902
0.400000 0.854902
0.403922 0.854902
0.407843 0.854902
0.411765 0.854902
0.415686 0.854902
0.419608 0.854902
0.423529 0.854902
0.427451 0.854902
0.431373 0.854902
0.435294 0.854902
0.439216 0.854902
0.443137 0.854902
0.447059 0.854902
0.450980 0.854902
0.454902 0.854902
0.458824 0.854902
0.462745 0.854902
0.466667 0.854902
0.470588 0.854902
0.474510 0.854902
0.478431 0.854902
0.482353 0.854902
0.486275 0.854902
0.490196 0.854902
0.494118 0.854902
0.498039 0.854902
0.501961 0.854902
0.505882 0.854902
0.509804 0.854902
0.513726 0.854902
0.517647 0.854902
0.521569 0.854902
0.525490 0.854902
0.529412 0.854902
0.533333 0.854902
0.537255 0.854902
0.541176 0.854902
0.545098 0.854902
0.549020 0.854902
0.552941 0.854902
0.556863 0.854902
0.560784 0.854902
0.564706 0.854902
0.568627 0.854902
0.572549 0.854902
0.576471 0.854902
0.580392 0.854902
0.584314 0.854902
0.588235 0.854902
0.592157 0.854902
0.596078 0.854902
0.600000 0.854902
0.603922 0.854902
0.607843 0.854902
0.611765 0.854902
0.615686 0.854902
0.619608 0.854902
0.623529 0.854902
0.627451 0.854902
0.631373 0.854902
0.635294 0.854902
0.639216 0.854902
0.643137 0.854902
0.647059 0.854902
0.650980 0.854902
0.654902 0.854902
0.658824 0.854902
0.662745 0.854902
0.666667 0.854902
0.670588 0.854902
0.674510 0.854902
0.678431 0.854902
0.682353 0.854902
0.686275 0.854902
0.690196 0.854902
0.694118 0.854902
0.698039 0.854902
0.701961 0.854902
0.705882 0.854902
0.709804 0.854902
0.713726 0.854902
0.717647 0.854902
0.721569 0.854902
0.725490 0.854902
0.729412 0.854902
0.733333 0.854902
0.737255 0.854902
0.741176 0.854902
0.745098 0.854902
0.749020 0.854902
0.752941 0.854902
0.756863 0.854902
0.760784 0.854902
0.764706 0.854902
0.768627 0.854902
0.772549 0.854902
0.776471 0.854902
0.780392 0.854902
0.784314 0.854902
0.788235 0.854902
0.792157 0.854902
0.796078 0.854902
0.800000 0.854902
0.803922 0.854902
0.807843 0.854902
0.811765 0.854902
0.815686 0.854902
0.819608 0.854902
0.823529 0.854902
0.827451 0.854902
0.831373 0.854902
0.835294 0.854902
0.839216 0.854902
0.843137 0.854902
0.847059 0.854902
0.850980 0.854902
0.854902 0.854902
0.858824 0.854902
0.862745 0.854902
0.866667 0.854902
0.870588 0.854902
0.874510 0.854902
0.878431 0.854902
0.882353 0.854902
0.886275 0.854902
0.890196 0.854902
0.894118 0.854902
0.898039 0.854902
0.901961 0.854902
0.905882 0.854902
0.909804 0.854902
0.913725 0.854902
0.917647 0.854902
0.921569 0.854902
0.925490 0.854902
0.929412 0.854902
0.933333 0.854902
0.937255 0.854902
0.941176 0.854902
0.945098 0.854902
0.949020 0.854902
0.952941 0.854902
0.956863 0.854902
0.960784 0.854902
0.964706 0.854902
0.968627 0.854902
0.972549 0.854902
0.976471 0.854902
0.980392 0.854902
0.984314 0.854902
0.988235 0.854902
0.992157 0.854902
0.996078 0.854902
1.000000 0.854902

i = 2190.000000 0.858824
0.003922 0.858824
0.007843 0.858824
0.011765 0.858824
0.015686 0.858824
0.019608 0.858824
0.023529 0.858824
0.027451 0.858824
0.031373 0.858824
0.035294 0.858824
0.039216 0.858824
0.043137 0.858824
0.047059 0.858824
0.050980 0.858824
0.054902 0.858824
0.058824 0.858824
0.062745 0.858824
0.066667 0.858824
0.070588 0.858824
0.074510 0.858824
0.078431 0.858824
0.082353 0.858824
0.086275 0.858824
0.090196 0.858824
0.094118 0.858824
0.098039 0.858824
0.101961 0.858824
0.105882 0.858824
0.109804 0.858824
0.113725 0.858824
0.117647 0.858824
0.121569 0.858824
0.125490 0.858824
0.129412 0.858824
0.133333 0.858824
0.137255 0.858824
0.141176 0.858824
0.145098 0.858824
0.149020 0.858824
0.152941 0.858824
0.156863 0.858824
0.160784 0.858824
0.164706 0.858824
0.168627 0.858824
0.172549 0.858824
0.176471 0.858824
0.180392 0.858824
0.184314 0.858824
0.188235 0.858824
0.192157 0.858824
0.196078 0.858824
0.200000 0.858824
0.203922 0.858824
0.207843 0.858824
0.211765 0.858824
0.215686 0.858824
0.219608 0.858824
0.223529 0.858824
0.227451 0.858824
0.231373 0.858824
0.235294 0.858824
0.239216 0.858824
0.243137 0.858824
0.247059 0.858824
0.250980 0.858824
0.254902 0.858824
0.258824 0.858824
0.262745 0.858824
0.266667 0.858824
0.270588 0.858824
0.274510 0.858824
0.278431 0.858824
0.282353 0.858824
0.286275 0.858824
0.290196 0.858824
0.294118 0.858824
0.298039 0.858824
0.301961 0.858824
0.305882 0.858824
0.309804 0.858824
0.313726 0.858824
0.317647 0.858824
0.321569 0.858824
0.325490 0.858824
0.329412 0.858824
0.333333 0.858824
0.337255 0.858824
0.341176 0.858824
0.345098 0.858824
0.349020 0.858824
0.352941 0.858824
0.356863 0.858824
0.360784 0.858824
0.364706 0.858824
0.368627 0.858824
0.372549 0.858824
0.376471 0.858824
0.380392 0.858824
0.384314 0.858824
0.388235 0.858824
0.392157 0.858824
0.396078 0.858824
0.400000 0.858824
0.403922 0.858824
0.407843 0.858824
0.411765 0.858824
0.415686 0.858824
0.419608 0.858824
0.423529 0.858824
0.427451 0.858824
0.431373 0.858824
0.435294 0.858824
0.439216 0.858824
0.443137 0.858824
0.447059 0.858824
0.450980 0.858824
0.454902 0.858824
0.458824 0.858824
0.462745 0.858824
0.466667 0.858824
0.470588 0.858824
0.474510 0.858824
0.478431 0.858824
0.482353 0.858824
0.486275 0.858824
0.490196 0.858824
0.494118 0.858824
0.498039 0.858824
0.501961 0.858824
0.505882 0.858824
0.509804 0.858824
0.513726 0.858824
0.517647 0.858824
0.521569 0.858824
0.525490 0.858824
0.529412 0.858824
0.533333 0.858824
0.537255 0.858824
0.541176 0.858824
0.545098 0.858824
0.549020 0.858824
0.552941 0.858824
0.556863 0.858824
0.560784 0.858824
0.564706 0.858824
0.568627 0.858824
0.572549 0.858824
0.576471 0.858824
0.580392 0.858824
0.584314 0.858824
0.588235 0.858824
0.592157 0.858824
0.596078 0.858824
0.600000 0.858824
0.603922 0.858824
0.607843 0.858824
0.611765 0.858824
0.615686 0.858824
0.619608 0.858824
0.623529 0.858824
0.627451 0.858824
0.631373 0.858824
0.635294 0.858824
0.639216 0.858824
0.643137 0.858824
0.647059 0.858824
0.650980 0.858824
0.654902 0.858824
0.658824 0.858824
0.662745 0.858824
0.666667 0.858824
0.670588 0.858824
0.674510 0.858824
0.678431 0.858824
0.682353 0.858824
0.686275 0.858824
0.690196 0.858824
0.694118 0.858824
0.698039 0.858824
0.701961 0.858824
0.705882 0.858824
0.709804 0.858824
0.713726 0.858824
0.717647 0.858824
0.721569 0.858824
0.725490 0.858824
0.729412 0.858824
0.733333 0.858824
0.737255 0.858824
0.741176 0.858824
0.745098 0.858824
0.749020 0.858824
0.752941 0.858824
0.756863 0.858824
0.760784 0.858824
0.764706 0.858824
0.768627 0.858824
0.772549 0.858824
0.776471 0.858824
0.780392 0.858824
0.784314 0.858824
0.788235 0.858824
0.792157 0.858824
0.796078 0.858824
0.800000 0.858824
0.803922 0.858824
0.807843 0.858824
0.811765 0.858824
0.815686 0.858824
0.819608 0.858824
0.823529 0.858824
0.827451 0.858824
0.831373 0.858824
0.835294 0.858824
0.839216 0.858824
0.843137 0.858824
0.847059 0.858824
0.850980 0.858824
0.854902 0.858824
0.858824 0.858824
0.862745 0.858824
0.866667 0.858824
0.870588 0.858824
0.874510 0.858824
0.878431 0.858824
0.882353 0.858824
0.886275 0.858824
0.890196 0.858824
0.894118 0.858824
0.898039 0.858824
0.901961 0.858824
0.905882 0.858824
0.909804 0.858824
0.913725 0.858824
0.917647 0.858824
0.921569 0.858824
0.925490 0.858824
0.929412 0.858824
0.933333 0.858824
0.937255 0.858824
0.941176 0.858824
0.945098 0.858824
0.949020 0.858824
0.952941 0.858824
0.956863 0.858824
0.960784 0.858824
0.964706 0.858824
0.968627 0.858824
0.972549 0.858824
0.976471 0.858824
0.980392 0.858824
0.984314 0.858824
0.988235 0.858824
0.992157 0.858824
0.996078 0.858824
1.000000 0.858824

i = 2200.000000 0.862745
0.003922 0.862745
0.007843 0.862745
0.011765 0.862745
0.015686 0.862745
0.019608 0.862745
0.023529 0.862745
0.027451 0.862745
0.031373 0.862745
0.035294 0.862745
0.039216 0.862745
0.043137 0.862745
0.047059 0.862745
0.050980 0.862745
0.054902 0.862745
0.058824 0.862745
0.062745 0.862745
0.066667 0.862745
0.070588 0.862745
0.074510 0.862745
0.078431 0.862745
0.082353 0.862745
0.086275 0.862745
0.090196 0.862745
0.094118 0.862745
0.098039 0.862745
0.101961 0.862745
0.105882 0.862745
0.109804 0.862745
0.113725 0.862745
0.117647 0.862745
0.121569 0.862745
0.125490 0.862745
0.129412 0.862745
0.133333 0.862745
0.137255 0.862745
0.141176 0.862745
0.145098 0.862745
0.149020 0.862745
0.152941 0.862745
0.156863 0.862745
0.160784 0.862745
0.164706 0.862745
0.168627 0.862745
0.172549 0.862745
0.176471 0.862745
0.180392 0.862745
0.184314 0.862745
0.188235 0.862745
0.192157 0.862745
0.196078 0.862745
0.200000 0.862745
0.203922 0.862745
0.207843 0.862745
0.211765 0.862745
0.215686 0.862745
0.219608 0.862745
0.223529 0.862745
0.227451 0.862745
0.231373 0.862745
0.235294 0.862745
0.239216 0.862745
0.243137 0.862745
0.247059 0.862745
0.250980 0.862745
0.254902 0.862745
0.258824 0.862745
0.262745 0.862745
0.266667 0.862745
0.270588 0.862745
0.274510 0.862745
0.278431 0.862745
0.282353 0.862745
0.286275 0.862745
0.290196 0.862745
0.294118 0.862745
0.298039 0.862745
0.301961 0.862745
0.305882 0.862745
0.309804 0.862745
0.313726 0.862745
0.317647 0.862745
0.321569 0.862745
0.325490 0.862745
0.329412 0.862745
0.333333 0.862745
0.337255 0.862745
0.341176 0.862745
0.345098 0.862745
0.349020 0.862745
0.352941 0.862745
0.356863 0.862745
0.360784 0.862745
0.364706 0.862745
0.368627 0.862745
0.372549 0.862745
0.376471 0.862745
0.380392 0.862745
0.384314 0.862745
0.388235 0.862745
0.392157 0.862745
0.396078 0.862745
0.400000 0.862745
0.403922 0.862745
0.407843 0.862745
0.411765 0.862745
0.415686 0.862745
0.419608 0.862745
0.423529 0.862745
0.427451 0.862745
0.431373 0.862745
0.435294 0.862745
0.439216 0.862745
0.443137 0.862745
0.447059 0.862745
0.450980 0.862745
0.454902 0.862745
0.458824 0.862745
0.462745 0.862745
0.466667 0.862745
0.470588 0.862745
0.474510 0.862745
0.478431 0.862745
0.482353 0.862745
0.486275 0.862745
0.490196 0.862745
0.494118 0.862745
0.498039 0.862745
0.501961 0.862745
0.505882 0.862745
0.509804 0.862745
0.513726 0.862745
0.517647 0.862745
0.521569 0.862745
0.525490 0.862745
0.529412 0.862745
0.533333 0.862745
0.537255 0.862745
0.541176 0.862745
0.545098 0.862745
0.549020 0.862745
0.552941 0.862745
0.556863 0.862745
0.560784 0.862745
0.564706 0.862745
0.568627 0.862745
0.572549 0.862745
0.576471 0.862745
0.580392 0.862745
0.584314 0.862745
0.588235 0.862745
0.592157 0.862745
0.596078 0.862745
0.600000 0.862745
0.603922 0.862745
0.607843 0.862745
0.611765 0.862745
0.615686 0.862745
0.619608 0.862745
0.623529 0.862745
0.627451 0.862745
0.631373 0.862745
0.635294 0.862745
0.639216 0.862745
0.643137 0.862745
0.647059 0.862745
0.650980 0.862745
0.654902 0.862745
0.658824 0.862745
0.662745 0.862745
0.666667 0.862745
0.670588 0.862745
0.674510 0.862745
0.678431 0.862745
0.682353 0.862745
0.686275 0.862745
0.690196 0.862745
0.694118 0.862745
0.698039 0.862745
0.701961 0.862745
0.705882 0.862745
0.709804 0.862745
0.713726 0.862745
0.717647 0.862745
0.721569 0.862745
0.725490 0.862745
0.729412 0.862745
0.733333 0.862745
0.737255 0.862745
0.741176 0.862745
0.745098 0.862745
0.749020 0.862745
0.752941 0.862745
0.756863 0.862745
0.760784 0.862745
0.764706 0.862745
0.768627 0.862745
0.772549 0.862745
0.776471 0.862745
0.780392 0.862745
0.784314 0.862745
0.788235 0.862745
0.792157 0.862745
0.796078 0.862745
0.800000 0.862745
0.803922 0.862745
0.807843 0.862745
0.811765 0.862745
0.815686 0.862745
0.819608 0.862745
0.823529 0.862745
0.827451 0.862745
0.831373 0.862745
0.835294 0.862745
0.839216 0.862745
0.843137 0.862745
0.847059 0.862745
0.850980 0.862745
0.854902 0.862745
0.858824 0.862745
0.862745 0.862745
0.866667 0.862745
0.870588 0.862745
0.874510 0.862745
0.878431 0.862745
0.882353 0.862745
0.886275 0.862745
0.890196 0.862745
0.894118 0.862745
0.898039 0.862745
0.901961 0.862745
0.905882 0.862745
0.909804 0.862745
0.913725 0.862745
0.917647 0.862745
0.921569 0.862745
0.925490 0.862745
0.929412 0.862745
0.933333 0.862745
0.937255 0.862745
0.941176 0.862745
0.945098 0.862745
0.949020 0.862745
0.952941 0.862745
0.956863 0.862745
0.960784 0.862745
0.964706 0.862745
0.968627 0.862745
0.972549 0.862745
0.976471 0.862745
0.980392 0.862745
0.984314 0.862745
0.988235 0.862745
0.992157 0.862745
0.996078 0.862745
1.000000 0.862745

i = 2210.000000 0.866667
0.003922 0.866667
0.007843 0.866667
0.011765 0.866667
0.015686 0.866667
0.019608 0.866667
0.023529 0.866667
0.027451 0.866667
0.031373 0.866667
0.035294 0.866667
0.039216 0.866667
0.043137 0.866667
0.047059 0.866667
0.050980 0.866667
0.054902 0.866667
0.058824 0.866667
0.062745 0.866667
0.066667 0.866667
0.070588 0.866667
0.074510 0.866667
0.078431 0.866667
0.082353 0.866667
0.086275 0.866667
0.090196 0.866667
0.094118 0.866667
0.098039 0.866667
0.101961 0.866667
0.105882 0.866667
0.109804 0.866667
0.113725 0.866667
0.117647 0.866667
0.121569 0.866667
0.125490 0.866667
0.129412 0.866667
0.133333 0.866667
0.137255 0.866667
0.141176 0.866667
0.145098 0.866667
0.149020 0.866667
0.152941 0.866667
0.156863 0.866667
0.160784 0.866667
0.164706 0.866667
0.168627 0.866667
0.172549 0.866667
0.176471 0.866667
0.180392 0.866667
0.184314 0.866667
0.188235 0.866667
0.192157 0.866667
0.196078 0.866667
0.200000 0.866667
0.203922 0.866667
0.207843 0.866667
0.211765 0.866667
0.215686 0.866667
0.219608 0.866667
0.223529 0.866667
0.227451 0.866667
0.231373 0.866667
0.235294 0.866667
0.239216 0.866667
0.243137 0.866667
0.247059 0.866667
0.250980 0.866667
0.254902 0.866667
0.258824 0.866667
0.262745 0.866667
0.266667 0.866667
0.270588 0.866667
0.274510 0.866667
0.278431 0.866667
0.282353 0.866667
0.286275 0.866667
0.290196 0.866667
0.294118 0.866667
0.298039 0.866667
0.301961 0.866667
0.305882 0.866667
0.309804 0.866667
0.313726 0.866667
0.317647 0.866667
0.321569 0.866667
0.325490 0.866667
0.329412 0.866667
0.333333 0.866667
0.337255 0.866667
0.341176 0.866667
0.345098 0.866667
0.349020 0.866667
0.352941 0.866667
0.356863 0.866667
0.360784 0.866667
0.364706 0.866667
0.368627 0.866667
0.372549 0.866667
0.376471 0.866667
0.380392 0.866667
0.384314 0.866667
0.388235 0.866667
0.392157 0.866667
0.396078 0.866667
0.400000 0.866667
0.403922 0.866667
0.407843 0.866667
0.411765 0.866667
0.415686 0.866667
0.419608 0.866667
0.423529 0.866667
0.427451 0.866667
0.431373 0.866667
0.435294 0.866667
0.439216 0.866667
0.443137 0.866667
0.447059 0.866667
0.450980 0.866667
0.454902 0.866667
0.458824 0.866667
0.462745 0.866667
0.466667 0.866667
0.470588 0.866667
0.474510 0.866667
0.478431 0.866667
0.482353 0.866667
0.486275 0.866667
0.490196 0.866667
0.494118 0.866667
0.498039 0.866667
0.501961 0.866667
0.505882 0.866667
0.509804 0.866667
0.513726 0.866667
0.517647 0.866667
0.521569 0.866667
0.525490 0.866667
0.529412 0.866667
0.533333 0.866667
0.537255 0.866667
0.541176 0.866667
0.545098 0.866667
0.549020 0.866667
0.552941 0.866667
0.556863 0.866667
0.560784 0.866667
0.564706 0.866667
0.568627 0.866667
0.572549 0.866667
0.576471 0.866667
0.580392 0.866667
0.584314 0.866667
0.588235 0.866667
0.592157 0.866667
0.596078 0.866667
0.600000 0.866667
0.603922 0.866667
0.607843 0.866667
0.611765 0.866667
0.615686 0.866667
0.619608 0.866667
0.623529 0.866667
0.627451 0.866667
0.631373 0.866667
0.635294 0.866667
0.639216 0.866667
0.643137 0.866667
0.647059 0.866667
0.650980 0.866667
0.654902 0.866667
0.658824 0.866667
0.662745 0.866667
0.666667 0.866667
0.670588 0.866667
0.674510 0.866667
0.678431 0.866667
0.682353 0.866667
0.686275 0.866667
0.690196 0.866667
0.694118 0.866667
0.698039 0.866667
0.701961 0.866667
0.705882 0.866667
0.709804 0.866667
0.713726 0.866667
0.717647 0.866667
0.721569 0.866667
0.725490 0.866667
0.729412 0.866667
0.733333 0.866667
0.737255 0.866667
0.741176 0.866667
0.745098 0.866667
0.749020 0.866667
0.752941 0.866667
0.756863 0.866667
0.760784 0.866667
0.764706 0.866667
0.768627 0.866667
0.772549 0.866667
0.776471 0.866667
0.780392 0.866667
0.784314 0.866667
0.788235 0.866667
0.792157 0.866667
0.796078 0.866667
0.800000 0.866667
0.803922 0.866667
0.807843 0.866667
0.811765 0.866667
0.815686 0.866667
0.819608 0.866667
0.823529 0.866667
0.827451 0.866667
0.831373 0.866667
0.835294 0.866667
0.839216 0.866667
0.843137 0.866667
0.847059 0.866667
0.850980 0.866667
0.854902 0.866667
0.858824 0.866667
0.862745 0.866667
0.866667 0.866667
0.870588 0.866667
0.874510 0.866667
0.878431 0.866667
0.882353 0.866667
0.886275 0.866667
0.890196 0.866667
0.894118 0.866667
0.898039 0.866667
0.901961 0.866667
0.905882 0.866667
0.909804 0.866667
0.913725 0.866667
0.917647 0.866667
0.921569 0.866667
0.925490 0.866667
0.929412 0.866667
0.933333 0.866667
0.937255 0.866667
0.941176 0.866667
0.945098 0.866667
0.949020 0.866667
0.952941 0.866667
0.956863 0.866667
0.960784 0.866667
0.964706 0.866667
0.968627 0.866667
0.972549 0.866667
0.976471 0.866667
0.980392 0.866667
0.984314 0.866667
0.988235 0.866667
0.992157 0.866667
0.996078 0.866667
1.000000 0.866667

i = 2220.000000 0.870588
0.003922 0.870588
0.007843 0.870588
0.011765 0.870588
0.015686 0.870588
0.019608 0.870588
0.023529 0.870588
0.027451 0.870588
0.031373 0.870588
0.035294 0.870588
0.039216 0.870588
0.043137 0.870588
0.047059 0.870588
0.050980 0.870588
0.054902 0.870588
0.058824 0.870588
0.062745 0.870588
0.066667 0.870588
0.070588 0.870588
0.074510 0.870588
0.078431 0.870588
0.082353 0.870588
0.086275 0.870588
0.090196 0.870588
0.094118 0.870588
0.098039 0.870588
0.101961 0.870588
0.105882 0.870588
0.109804 0.870588
0.113725 0.870588
0.117647 0.870588
0.121569 0.870588
0.125490 0.870588
0.129412 0.870588
0.133333 0.870588
0.137255 0.870588
0.141176 0.870588
0.145098 0.870588
0.149020 0.870588
0.152941 0.870588
0.156863 0.870588
0.160784 0.870588
0.164706 0.870588
0.168627 0.870588
0.172549 0.870588
0.176471 0.870588
0.180392 0.870588
0.184314 0.870588
0.188235 0.870588
0.192157 0.870588
0.196078 0.870588
0.200000 0.870588
0.203922 0.870588
0.207843 0.870588
0.211765 0.870588
0.215686 0.870588
0.219608 0.870588
0.223529 0.870588
0.227451 0.870588
0.231373 0.870588
0.235294 0.870588
0.239216 0.870588
0.243137 0.870588
0.247059 0.870588
0.250980 0.870588
0.254902 0.870588
0.258824 0.870588
0.262745 0.870588
0.266667 0.870588
0.270588 0.870588
0.274510 0.870588
0.278431 0.870588
0.282353 0.870588
0.286275 0.870588
0.290196 0.870588
0.294118 0.870588
0.298039 0.870588
0.301961 0.870588
0.305882 0.870588
0.309804 0.870588
0.313726 0.870588
0.317647 0.870588
0.321569 0.870588
0.325490 0.870588
0.329412 0.870588
0.333333 0.870588
0.337255 0.870588
0.341176 0.870588
0.345098 0.870588
0.349020 0.870588
0.352941 0.870588
0.356863 0.870588
0.360784 0.870588
0.364706 0.870588
0.368627 0.870588
0.372549 0.870588
0.376471 0.870588
0.380392 0.870588
0.384314 0.870588
0.388235 0.870588
0.392157 0.870588
0.396078 0.870588
0.400000 0.870588
0.403922 0.870588
0.407843 0.870588
0.411765 0.870588
0.415686 0.870588
0.419608 0.870588
0.423529 0.870588
0.427451 0.870588
0.431373 0.870588
0.435294 0.870588
0.439216 0.870588
0.443137 0.870588
0.447059 0.870588
0.450980 0.870588
0.454902 0.870588
0.458824 0.870588
0.462745 0.870588
0.466667 0.870588
0.470588 0.870588
0.474510 0.870588
0.478431 0.870588
0.482353 0.870588
0.486275 0.870588
0.490196 0.870588
0.494118 0.870588
0.498039 0.870588
0.501961 0.870588
0.505882 0.870588
0.509804 0.870588
0.513726 0.870588
0.517647 0.870588
0.521569 0.870588
0.525490 0.870588
0.529412 0.870588
0.533333 0.870588
0.537255 0.870588
0.541176 0.870588
0.545098 0.870588
0.549020 0.870588
0.552941 0.870588
0.556863 0.870588
0.560784 0.870588
0.564706 0.870588
0.568627 0.870588
0.572549 0.870588
0.576471 0.870588
0.580392 0.870588
0.584314 0.870588
0.588235 0.870588
0.592157 0.870588
0.596078 0.870588
0.600000 0.870588
0.603922 0.870588
0.607843 0.870588
0.611765 0.870588
0.615686 0.870588
0.619608 0.870588
0.623529 0.870588
0.627451 0.870588
0.631373 0.870588
0.635294 0.870588
0.639216 0.870588
0.643137 0.870588
0.647059 0.870588
0.650980 0.870588
0.654902 0.870588
0.658824 0.870588
0.662745 0.870588
0.666667 0.870588
0.670588 0.870588
0.674510 0.870588
0.678431 0.870588
0.682353 0.870588
0.686275 0.870588
0.690196 0.870588
0.694118 0.870588
0.698039 0.870588
0.701961 0.870588
0.705882 0.870588
0.709804 0.870588
0.713726 0.870588
0.717647 0.870588
0.721569 0.870588
0.725490 0.870588
0.729412 0.870588
0.733333 0.870588
0.737255 0.870588
0.741176 0.870588
0.745098 0.870588
0.749020 0.870588
0.752941 0.870588
0.756863 0.870588
0.760784 0.870588
0.764706 0.870588
0.768627 0.870588
0.772549 0.870588
0.776471 0.870588
0.780392 0.870588
0.784314 0.870588
0.788235 0.870588
0.792157 0.870588
0.796078 0.870588
0.800000 0.870588
0.803922 0.870588
0.807843 0.870588
0.811765 0.870588
0.815686 0.870588
0.819608 0.870588
0.823529 0.870588
0.827451 0.870588
0.831373 0.870588
0.835294 0.870588
0.839216 0.870588
0.843137 0.870588
0.847059 0.870588
0.850980 0.870588
0.854902 0.870588
0.858824 0.870588
0.862745 0.870588
0.866667 0.870588
0.870588 0.870588
0.874510 0.870588
0.878431 0.870588
0.882353 0.870588
0.886275 0.870588
0.890196 0.870588
0.894118 0.870588
0.898039 0.870588
0.901961 0.870588
0.905882 0.870588
0.909804 0.870588
0.913725 0.870588
0.917647 0.870588
0.921569 0.870588
0.925490 0.870588
0.929412 0.870588
0.933333 0.870588
0.937255 0.870588
0.941176 0.870588
0.945098 0.870588
0.949020 0.870588
0.952941 0.870588
0.956863 0.870588
0.960784 0.870588
0.964706 0.870588
0.968627 0.870588
0.972549 0.870588
0.976471 0.870588
0.980392 0.870588
0.984314 0.870588
0.988235 0.870588
0.992157 0.870588
0.996078 0.870588
1.000000 0.870588

i = 2230.000000 0.874510
0.003922 0.874510
0.007843 0.874510
0.011765 0.874510
0.015686 0.874510
0.019608 0.874510
0.023529 0.874510
0.027451 0.874510
0.031373 0.874510
0.035294 0.874510
0.039216 0.874510
0.043137 0.874510
0.047059 0.874510
0.050980 0.874510
0.054902 0.874510
0.058824 0.874510
0.062745 0.874510
0.066667 0.874510
0.070588 0.874510
0.074510 0.874510
0.078431 0.874510
0.082353 0.874510
0.086275 0.874510
0.090196 0.874510
0.094118 0.874510
0.098039 0.874510
0.101961 0.874510
0.105882 0.874510
0.109804 0.874510
0.113725 0.874510
0.117647 0.874510
0.121569 0.874510
0.125490 0.874510
0.129412 0.874510
0.133333 0.874510
0.137255 0.874510
0.141176 0.874510
0.145098 0.874510
0.149020 0.874510
0.152941 0.874510
0.156863 0.874510
0.160784 0.874510
0.164706 0.874510
0.168627 0.874510
0.172549 0.874510
0.176471 0.874510
0.180392 0.874510
0.184314 0.874510
0.188235 0.874510
0.192157 0.874510
0.196078 0.874510
0.200000 0.874510
0.203922 0.874510
0.207843 0.874510
0.211765 0.874510
0.215686 0.874510
0.219608 0.874510
0.223529 0.874510
0.227451 0.874510
0.231373 0.874510
0.235294 0.874510
0.239216 0.874510
0.243137 0.874510
0.247059 0.874510
0.250980 0.874510
0.254902 0.874510
0.258824 0.874510
0.262745 0.874510
0.266667 0.874510
0.270588 0.874510
0.274510 0.874510
0.278431 0.874510
0.282353 0.874510
0.286275 0.874510
0.290196 0.874510
0.294118 0.874510
0.298039 0.874510
0.301961 0.874510
0.305882 0.874510
0.309804 0.874510
0.313726 0.874510
0.317647 0.874510
0.321569 0.874510
0.325490 0.874510
0.329412 0.874510
0.333333 0.874510
0.337255 0.874510
0.341176 0.874510
0.345098 0.874510
0.349020 0.874510
0.352941 0.874510
0.356863 0.874510
0.360784 0.874510
0.364706 0.874510
0.368627 0.874510
0.372549 0.874510
0.376471 0.874510
0.380392 0.874510
0.384314 0.874510
0.388235 0.874510
0.392157 0.874510
0.396078 0.874510
0.400000 0.874510
0.403922 0.874510
0.407843 0.874510
0.411765 0.874510
0.415686 0.874510
0.419608 0.874510
0.423529 0.874510
0.427451 0.874510
0.431373 0.874510
0.435294 0.874510
0.439216 0.874510
0.443137 0.874510
0.447059 0.874510
0.450980 0.874510
0.454902 0.874510
0.458824 0.874510
0.462745 0.874510
0.466667 0.874510
0.470588 0.874510
0.474510 0.874510
0.478431 0.874510
0.482353 0.874510
0.486275 0.874510
0.490196 0.874510
0.494118 0.874510
0.498039 0.874510
0.501961 0.874510
0.505882 0.874510
0.509804 0.874510
0.513726 0.874510
0.517647 0.874510
0.521569 0.874510
0.525490 0.874510
0.529412 0.874510
0.533333 0.874510
0.537255 0.874510
0.541176 0.874510
0.545098 0.874510
0.549020 0.874510
0.552941 0.874510
0.556863 0.874510
0.560784 0.874510
0.564706 0.874510
0.568627 0.874510
0.572549 0.874510
0.576471 0.874510
0.580392 0.874510
0.584314 0.874510
0.588235 0.874510
0.592157 0.874510
0.596078 0.874510
0.600000 0.874510
0.603922 0.874510
0.607843 0.874510
0.611765 0.874510
0.615686 0.874510
0.619608 0.874510
0.623529 0.874510
0.627451 0.874510
0.631373 0.874510
0.635294 0.874510
0.639216 0.874510
0.643137 0.874510
0.647059 0.874510
0.650980 0.874510
0.654902 0.874510
0.658824 0.874510
0.662745 0.874510
0.666667 0.874510
0.670588 0.874510
0.674510 0.874510
0.678431 0.874510
0.682353 0.874510
0.686275 0.874510
0.690196 0.874510
0.694118 0.874510
0.698039 0.874510
0.701961 0.874510
0.705882 0.874510
0.709804 0.874510
0.713726 0.874510
0.717647 0.874510
0.721569 0.874510
0.725490 0.874510
0.729412 0.874510
0.733333 0.874510
0.737255 0.874510
0.741176 0.874510
0.745098 0.874510
0.749020 0.874510
0.752941 0.874510
0.756863 0.874510
0.760784 0.874510
0.764706 0.874510
0.768627 0.874510
0.772549 0.874510
0.776471 0.874510
0.780392 0.874510
0.784314 0.874510
0.788235 0.874510
0.792157 0.874510
0.796078 0.874510
0.800000 0.874510
0.803922 0.874510
0.807843 0.874510
0.811765 0.874510
0.815686 0.874510
0.819608 0.874510
0.823529 0.874510
0.827451 0.874510
0.831373 0.874510
0.835294 0.874510
0.839216 0.874510
0.843137 0.874510
0.847059 0.874510
0.850980 0.874510
0.854902 0.874510
0.858824 0.874510
0.862745 0.874510
0.866667 0.874510
0.870588 0.874510
0.874510 0.874510
0.878431 0.874510
0.882353 0.874510
0.886275 0.874510
0.890196 0.874510
0.894118 0.874510
0.898039 0.874510
0.901961 0.874510
0.905882 0.874510
0.909804 0.874510
0.913725 0.874510
0.917647 0.874510
0.921569 0.874510
0.925490 0.874510
0.929412 0.874510
0.933333 0.874510
0.937255 0.874510
0.941176 0.874510
0.945098 0.874510
0.949020 0.874510
0.952941 0.874510
0.956863 0.874510
0.960784 0.874510
0.964706 0.874510
0.968627 0.874510
0.972549 0.874510
0.976471 0.874510
0.980392 0.874510
0.984314 0.874510
0.988235 0.874510
0.992157 0.874510
0.996078 0.874510
1.000000 0.874510

i = 2240.000000 0.878431
0.003922 0.878431
0.007843 0.878431
0.011765 0.878431
0.015686 0.878431
0.019608 0.878431
0.023529 0.878431
0.027451 0.878431
0.031373 0.878431
0.035294 0.878431
0.039216 0.878431
0.043137 0.878431
0.047059 0.878431
0.050980 0.878431
0.054902 0.878431
0.058824 0.878431
0.062745 0.878431
0.066667 0.878431
0.070588 0.878431
0.074510 0.878431
0.078431 0.878431
0.082353 0.878431
0.086275 0.878431
0.090196 0.878431
0.094118 0.878431
0.098039 0.878431
0.101961 0.878431
0.105882 0.878431
0.109804 0.878431
0.113725 0.878431
0.117647 0.878431
0.121569 0.878431
0.125490 0.878431
0.129412 0.878431
0.133333 0.878431
0.137255 0.878431
0.141176 0.878431
0.145098 0.878431
0.149020 0.878431
0.152941 0.878431
0.156863 0.878431
0.160784 0.878431
0.164706 0.878431
0.168627 0.878431
0.172549 0.878431
0.176471 0.878431
0.180392 0.878431
0.184314 0.878431
0.188235 0.878431
0.192157 0.878431
0.196078 0.878431
0.200000 0.878431
0.203922 0.878431
0.207843 0.878431
0.211765 0.878431
0.215686 0.878431
0.219608 0.878431
0.223529 0.878431
0.227451 0.878431
0.231373 0.878431
0.235294 0.878431
0.239216 0.878431
0.243137 0.878431
0.247059 0.878431
0.250980 0.878431
0.254902 0.878431
0.258824 0.878431
0.262745 0.878431
0.266667 0.878431
0.270588 0.878431
0.274510 0.878431
0.278431 0.878431
0.282353 0.878431
0.286275 0.878431
0.290196 0.878431
0.294118 0.878431
0.298039 0.878431
0.301961 0.878431
0.305882 0.878431
0.309804 0.878431
0.313726 0.878431
0.317647 0.878431
0.321569 0.878431
0.325490 0.878431
0.329412 0.878431
0.333333 0.878431
0.337255 0.878431
0.341176 0.878431
0.345098 0.878431
0.349020 0.878431
0.352941 0.878431
0.356863 0.878431
0.360784 0.878431
0.364706 0.878431
0.368627 0.878431
0.372549 0.878431
0.376471 0.878431
0.380392 0.878431
0.384314 0.878431
0.388235 0.878431
0.392157 0.878431
0.396078 0.878431
0.400000 0.878431
0.403922 0.878431
0.407843 0.878431
0.411765 0.878431
0.415686 0.878431
0.419608 0.878431
0.423529 0.878431
0.427451 0.878431
0.431373 0.878431
0.435294 0.878431
0.439216 0.878431
0.443137 0.878431
0.447059 0.878431
0.450980 0.878431
0.454902 0.878431
0.458824 0.878431
0.462745 0.878431
0.466667 0.878431
0.470588 0.878431
0.474510 0.878431
0.478431 0.878431
0.482353 0.878431
0.486275 0.878431
0.490196 0.878431
0.494118 0.878431
0.498039 0.878431
0.501961 0.878431
0.505882 0.878431
0.509804 0.878431
0.513726 0.878431
0.517647 0.878431
0.521569 0.878431
0.525490 0.878431
0.529412 0.878431
0.533333 0.878431
0.537255 0.878431
0.541176 0.878431
0.545098 0.878431
0.549020 0.878431
0.552941 0.878431
0.556863 0.878431
0.560784 0.878431
0.564706 0.878431
0.568627 0.878431
0.572549 0.878431
0.576471 0.878431
0.580392 0.878431
0.584314 0.878431
0.588235 0.878431
0.592157 0.878431
0.596078 0.878431
0.600000 0.878431
0.603922 0.878431
0.607843 0.878431
0.611765 0.878431
0.615686 0.878431
0.619608 0.878431
0.623529 0.878431
0.627451 0.878431
0.631373 0.878431
0.635294 0.878431
0.639216 0.878431
0.643137 0.878431
0.647059 0.878431
0.650980 0.878431
0.654902 0.878431
0.658824 0.878431
0.662745 0.878431
0.666667 0.878431
0.670588 0.878431
0.674510 0.878431
0.678431 0.878431
0.682353 0.878431
0.686275 0.878431
0.690196 0.878431
0.694118 0.878431
0.698039 0.878431
0.701961 0.878431
0.705882 0.878431
0.709804 0.878431
0.713726 0.878431
0.717647 0.878431
0.721569 0.878431
0.725490 0.878431
0.729412 0.878431
0.733333 0.878431
0.737255 0.878431
0.741176 0.878431
0.745098 0.878431
0.749020 0.878431
0.752941 0.878431
0.756863 0.878431
0.760784 0.878431
0.764706 0.878431
0.768627 0.878431
0.772549 0.878431
0.776471 0.878431
0.780392 0.878431
0.784314 0.878431
0.788235 0.878431
0.792157 0.878431
0.796078 0.878431
0.800000 0.878431
0.803922 0.878431
0.807843 0.878431
0.811765 0.878431
0.815686 0.878431
0.819608 0.878431
0.823529 0.878431
0.827451 0.878431
0.831373 0.878431
0.835294 0.878431
0.839216 0.878431
0.843137 0.878431
0.847059 0.878431
0.850980 0.878431
0.854902 0.878431
0.858824 0.878431
0.862745 0.878431
0.866667 0.878431
0.870588 0.878431
0.874510 0.878431
0.878431 0.878431
0.882353 0.878431
0.886275 0.878431
0.890196 0.878431
0.894118 0.878431
0.898039 0.878431
0.901961 0.878431
0.905882 0.878431
0.909804 0.878431
0.913725 0.878431
0.917647 0.878431
0.921569 0.878431
0.925490 0.878431
0.929412 0.878431
0.933333 0.878431
0.937255 0.878431
0.941176 0.878431
0.945098 0.878431
0.949020 0.878431
0.952941 0.878431
0.956863 0.878431
0.960784 0.878431
0.964706 0.878431
0.968627 0.878431
0.972549 0.878431
0.976471 0.878431
0.980392 0.878431
0.984314 0.878431
0.988235 0.878431
0.992157 0.878431
0.996078 0.878431
1.000000 0.878431

i = 2250.000000 0.882353
0.003922 0.882353
0.007843 0.882353
0.011765 0.882353
0.015686 0.882353
0.019608 0.882353
0.023529 0.882353
0.027451 0.882353
0.031373 0.882353
0.035294 0.882353
0.039216 0.882353
0.043137 0.882353
0.047059 0.882353
0.050980 0.882353
0.054902 0.882353
0.058824 0.882353
0.062745 0.882353
0.066667 0.882353
0.070588 0.882353
0.074510 0.882353
0.078431 0.882353
0.082353 0.882353
0.086275 0.882353
0.090196 0.882353
0.094118 0.882353
0.098039 0.882353
0.101961 0.882353
0.105882 0.882353
0.109804 0.882353
0.113725 0.882353
0.117647 0.882353
0.121569 0.882353
0.125490 0.882353
0.129412 0.882353
0.133333 0.882353
0.137255 0.882353
0.141176 0.882353
0.145098 0.882353
0.149020 0.882353
0.152941 0.882353
0.156863 0.882353
0.160784 0.882353
0.164706 0.882353
0.168627 0.882353
0.172549 0.882353
0.176471 0.882353
0.180392 0.882353
0.184314 0.882353
0.188235 0.882353
0.192157 0.882353
0.196078 0.882353
0.200000 0.882353
0.203922 0.882353
0.207843 0.882353
0.211765 0.882353
0.215686 0.882353
0.219608 0.882353
0.223529 0.882353
0.227451 0.882353
0.231373 0.882353
0.235294 0.882353
0.239216 0.882353
0.243137 0.882353
0.247059 0.882353
0.250980 0.882353
0.254902 0.882353
0.258824 0.882353
0.262745 0.882353
0.266667 0.882353
0.270588 0.882353
0.274510 0.882353
0.278431 0.882353
0.282353 0.882353
0.286275 0.882353
0.290196 0.882353
0.294118 0.882353
0.298039 0.882353
0.301961 0.882353
0.305882 0.882353
0.309804 0.882353
0.313726 0.882353
0.317647 0.882353
0.321569 0.882353
0.325490 0.882353
0.329412 0.882353
0.333333 0.882353
0.337255 0.882353
0.341176 0.882353
0.345098 0.882353
0.349020 0.882353
0.352941 0.882353
0.356863 0.882353
0.360784 0.882353
0.364706 0.882353
0.368627 0.882353
0.372549 0.882353
0.376471 0.882353
0.380392 0.882353
0.384314 0.882353
0.388235 0.882353
0.392157 0.882353
0.396078 0.882353
0.400000 0.882353
0.403922 0.882353
0.407843 0.882353
0.411765 0.882353
0.415686 0.882353
0.419608 0.882353
0.423529 0.882353
0.427451 0.882353
0.431373 0.882353
0.435294 0.882353
0.439216 0.882353
0.443137 0.882353
0.447059 0.882353
0.450980 0.882353
0.454902 0.882353
0.458824 0.882353
0.462745 0.882353
0.466667 0.882353
0.470588 0.882353
0.474510 0.882353
0.478431 0.882353
0.482353 0.882353
0.486275 0.882353
0.490196 0.882353
0.494118 0.882353
0.498039 0.882353
0.501961 0.882353
0.505882 0.882353
0.509804 0.882353
0.513726 0.882353
0.517647 0.882353
0.521569 0.882353
0.525490 0.882353
0.529412 0.882353
0.533333 0.882353
0.537255 0.882353
0.541176 0.882353
0.545098 0.882353
0.549020 0.882353
0.552941 0.882353
0.556863 0.882353
0.560784 0.882353
0.564706 0.882353
0.568627 0.882353
0.572549 0.882353
0.576471 0.882353
0.580392 0.882353
0.584314 0.882353
0.588235 0.882353
0.592157 0.882353
0.596078 0.882353
0.600000 0.882353
0.603922 0.882353
0.607843 0.882353
0.611765 0.882353
0.615686 0.882353
0.619608 0.882353
0.623529 0.882353
0.627451 0.882353
0.631373 0.882353
0.635294 0.882353
0.639216 0.882353
0.643137 0.882353
0.647059 0.882353
0.650980 0.882353
0.654902 0.882353
0.658824 0.882353
0.662745 0.882353
0.666667 0.882353
0.670588 0.882353
0.674510 0.882353
0.678431 0.882353
0.682353 0.882353
0.686275 0.882353
0.690196 0.882353
0.694118 0.882353
0.698039 0.882353
0.701961 0.882353
0.705882 0.882353
0.709804 0.882353
0.713726 0.882353
0.717647 0.882353
0.721569 0.882353
0.725490 0.882353
0.729412 0.882353
0.733333 0.882353
0.737255 0.882353
0.741176 0.882353
0.745098 0.882353
0.749020 0.882353
0.752941 0.882353
0.756863 0.882353
0.760784 0.882353
0.764706 0.882353
0.768627 0.882353
0.772549 0.882353
0.776471 0.882353
0.780392 0.882353
0.784314 0.882353
0.788235 0.882353
0.792157 0.882353
0.796078 0.882353
0.800000 0.882353
0.803922 0.882353
0.807843 0.882353
0.811765 0.882353
0.815686 0.882353
0.819608 0.882353
0.823529 0.882353
0.827451 0.882353
0.831373 0.882353
0.835294 0.882353
0.839216 0.882353
0.843137 0.882353
0.847059 0.882353
0.850980 0.882353
0.854902 0.882353
0.858824 0.882353
0.862745 0.882353
0.866667 0.882353
0.870588 0.882353
0.874510 0.882353
0.878431 0.882353
0.882353 0.882353
0.886275 0.882353
0.890196 0.882353
0.894118 0.882353
0.898039 0.882353
0.901961 0.882353
0.905882 0.882353
0.909804 0.882353
0.913725 0.882353
0.917647 0.882353
0.921569 0.882353
0.925490 0.882353
0.929412 0.882353
0.933333 0.882353
0.937255 0.882353
0.941176 0.882353
0.945098 0.882353
0.949020 0.882353
0.952941 0.882353
0.956863 0.882353
0.960784 0.882353
0.964706 0.882353
0.968627 0.882353
0.972549 0.882353
0.976471 0.882353
0.980392 0.882353
0.984314 0.882353
0.988235 0.882353
0.992157 0.882353
0.996078 0.882353
1.000000 0.882353

i = 2260.000000 0.886275
0.003922 0.886275
0.007843 0.886275
0.011765 0.886275
0.015686 0.886275
0.019608 0.886275
0.023529 0.886275
0.027451 0.886275
0.031373 0.886275
0.035294 0.886275
0.039216 0.886275
0.043137 0.886275
0.047059 0.886275
0.050980 0.886275
0.054902 0.886275
0.058824 0.886275
0.062745 0.886275
0.066667 0.886275
0.070588 0.886275
0.074510 0.886275
0.078431 0.886275
0.082353 0.886275
0.086275 0.886275
0.090196 0.886275
0.094118 0.886275
0.098039 0.886275
0.101961 0.886275
0.105882 0.886275
0.109804 0.886275
0.113725 0.886275
0.117647 0.886275
0.121569 0.886275
0.125490 0.886275
0.129412 0.886275
0.133333 0.886275
0.137255 0.886275
0.141176 0.886275
0.145098 0.886275
0.149020 0.886275
0.152941 0.886275
0.156863 0.886275
0.160784 0.886275
0.164706 0.886275
0.168627 0.886275
0.172549 0.886275
0.176471 0.886275
0.180392 0.886275
0.184314 0.886275
0.188235 0.886275
0.192157 0.886275
0.196078 0.886275
0.200000 0.886275
0.203922 0.886275
0.207843 0.886275
0.211765 0.886275
0.215686 0.886275
0.219608 0.886275
0.223529 0.886275
0.227451 0.886275
0.231373 0.886275
0.235294 0.886275
0.239216 0.886275
0.243137 0.886275
0.247059 0.886275
0.250980 0.886275
0.254902 0.886275
0.258824 0.886275
0.262745 0.886275
0.266667 0.886275
0.270588 0.886275
0.274510 0.886275
0.278431 0.886275
0.282353 0.886275
0.286275 0.886275
0.290196 0.886275
0.294118 0.886275
0.298039 0.886275
0.301961 0.886275
0.305882 0.886275
0.309804 0.886275
0.313726 0.886275
0.317647 0.886275
0.321569 0.886275
0.325490 0.886275
0.329412 0.886275
0.333333 0.886275
0.337255 0.886275
0.341176 0.886275
0.345098 0.886275
0.349020 0.886275
0.352941 0.886275
0.356863 0.886275
0.360784 0.886275
0.364706 0.886275
0.368627 0.886275
0.372549 0.886275
0.376471 0.886275
0.380392 0.886275
0.384314 0.886275
0.388235 0.886275
0.392157 0.886275
0.396078 0.886275
0.400000 0.886275
0.403922 0.886275
0.407843 0.886275
0.411765 0.886275
0.415686 0.886275
0.419608 0.886275
0.423529 0.886275
0.427451 0.886275
0.431373 0.886275
0.435294 0.886275
0.439216 0.886275
0.443137 0.886275
0.447059 0.886275
0.450980 0.886275
0.454902 0.886275
0.458824 0.886275
0.462745 0.886275
0.466667 0.886275
0.470588 0.886275
0.474510 0.886275
0.478431 0.886275
0.482353 0.886275
0.486275 0.886275
0.490196 0.886275
0.494118 0.886275
0.498039 0.886275
0.501961 0.886275
0.505882 0.886275
0.509804 0.886275
0.513726 0.886275
0.517647 0.886275
0.521569 0.886275
0.525490 0.886275
0.529412 0.886275
0.533333 0.886275
0.537255 0.886275
0.541176 0.886275
0.545098 0.886275
0.549020 0.886275
0.552941 0.886275
0.556863 0.886275
0.560784 0.886275
0.564706 0.886275
0.568627 0.886275
0.572549 0.886275
0.576471 0.886275
0.580392 0.886275
0.584314 0.886275
0.588235 0.886275
0.592157 0.886275
0.596078 0.886275
0.600000 0.886275
0.603922 0.886275
0.607843 0.886275
0.611765 0.886275
0.615686 0.886275
0.619608 0.886275
0.623529 0.886275
0.627451 0.886275
0.631373 0.886275
0.635294 0.886275
0.639216 0.886275
0.643137 0.886275
0.647059 0.886275
0.650980 0.886275
0.654902 0.886275
0.658824 0.886275
0.662745 0.886275
0.666667 0.886275
0.670588 0.886275
0.674510 0.886275
0.678431 0.886275
0.682353 0.886275
0.686275 0.886275
0.690196 0.886275
0.694118 0.886275
0.698039 0.886275
0.701961 0.886275
0.705882 0.886275
0.709804 0.886275
0.713726 0.886275
0.717647 0.886275
0.721569 0.886275
0.725490 0.886275
0.729412 0.886275
0.733333 0.886275
0.737255 0.886275
0.741176 0.886275
0.745098 0.886275
0.749020 0.886275
0.752941 0.886275
0.756863 0.886275
0.760784 0.886275
0.764706 0.886275
0.768627 0.886275
0.772549 0.886275
0.776471 0.886275
0.780392 0.886275
0.784314 0.886275
0.788235 0.886275
0.792157 0.886275
0.796078 0.886275
0.800000 0.886275
0.803922 0.886275
0.807843 0.886275
0.811765 0.886275
0.815686 0.886275
0.819608 0.886275
0.823529 0.886275
0.827451 0.886275
0.831373 0.886275
0.835294 0.886275
0.839216 0.886275
0.843137 0.886275
0.847059 0.886275
0.850980 0.886275
0.854902 0.886275
0.858824 0.886275
0.862745 0.886275
0.866667 0.886275
0.870588 0.886275
0.874510 0.886275
0.878431 0.886275
0.882353 0.886275
0.886275 0.886275
0.890196 0.886275
0.894118 0.886275
0.898039 0.886275
0.901961 0.886275
0.905882 0.886275
0.909804 0.886275
0.913725 0.886275
0.917647 0.886275
0.921569 0.886275
0.925490 0.886275
0.929412 0.886275
0.933333 0.886275
0.937255 0.886275
0.941176 0.886275
0.945098 0.886275
0.949020 0.886275
0.952941 0.886275
0.956863 0.886275
0.960784 0.886275
0.964706 0.886275
0.968627 0.886275
0.972549 0.886275
0.976471 0.886275
0.980392 0.886275
0.984314 0.886275
0.988235 0.886275
0.992157 0.886275
0.996078 0.886275
1.000000 0.886275

i = 2270.000000 0.890196
0.003922 0.890196
0.007843 0.890196
0.011765 0.890196
0.015686 0.890196
0.019608 0.890196
0.023529 0.890196
0.027451 0.890196
0.031373 0.890196
0.035294 0.890196
0.039216 0.890196
0.043137 0.890196
0.047059 0.890196
0.050980 0.890196
0.054902 0.890196
0.058824 0.890196
0.062745 0.890196
0.066667 0.890196
0.070588 0.890196
0.074510 0.890196
0.078431 0.890196
0.082353 0.890196
0.086275 0.890196
0.090196 0.890196
0.094118 0.890196
0.098039 0.890196
0.101961 0.890196
0.105882 0.890196
0.109804 0.890196
0.113725 0.890196
0.117647 0.890196
0.121569 0.890196
0.125490 0.890196
0.129412 0.890196
0.133333 0.890196
0.137255 0.890196
0.141176 0.890196
0.145098 0.890196
0.149020 0.890196
0.152941 0.890196
0.156863 0.890196
0.160784 0.890196
0.164706 0.890196
0.168627 0.890196
0.172549 0.890196
0.176471 0.890196
0.180392 0.890196
0.184314 0.890196
0.188235 0.890196
0.192157 0.890196
0.196078 0.890196
0.200000 0.890196
0.203922 0.890196
0.207843 0.890196
0.211765 0.890196
0.215686 0.890196
0.219608 0.890196
0.223529 0.890196
0.227451 0.890196
0.231373 0.890196
0.235294 0.890196
0.239216 0.890196
0.243137 0.890196
0.247059 0.890196
0.250980 0.890196
0.254902 0.890196
0.258824 0.890196
0.262745 0.890196
0.266667 0.890196
0.270588 0.890196
0.274510 0.890196
0.278431 0.890196
0.282353 0.890196
0.286275 0.890196
0.290196 0.890196
0.294118 0.890196
0.298039 0.890196
0.301961 0.890196
0.305882 0.890196
0.309804 0.890196
0.313726 0.890196
0.317647 0.890196
0.321569 0.890196
0.325490 0.890196
0.329412 0.890196
0.333333 0.890196
0.337255 0.890196
0.341176 0.890196
0.345098 0.890196
0.349020 0.890196
0.352941 0.890196
0.356863 0.890196
0.360784 0.890196
0.364706 0.890196
0.368627 0.890196
0.372549 0.890196
0.376471 0.890196
0.380392 0.890196
0.384314 0.890196
0.388235 0.890196
0.392157 0.890196
0.396078 0.890196
0.400000 0.890196
0.403922 0.890196
0.407843 0.890196
0.411765 0.890196
0.415686 0.890196
0.419608 0.890196
0.423529 0.890196
0.427451 0.890196
0.431373 0.890196
0.435294 0.890196
0.439216 0.890196
0.443137 0.890196
0.447059 0.890196
0.450980 0.890196
0.454902 0.890196
0.458824 0.890196
0.462745 0.890196
0.466667 0.890196
0.470588 0.890196
0.474510 0.890196
0.478431 0.890196
0.482353 0.890196
0.486275 0.890196
0.490196 0.890196
0.494118 0.890196
0.498039 0.890196
0.501961 0.890196
0.505882 0.890196
0.509804 0.890196
0.513726 0.890196
0.517647 0.890196
0.521569 0.890196
0.525490 0.890196
0.529412 0.890196
0.533333 0.890196
0.537255 0.890196
0.541176 0.890196
0.545098 0.890196
0.549020 0.890196
0.552941 0.890196
0.556863 0.890196
0.560784 0.890196
0.564706 0.890196
0.568627 0.890196
0.572549 0.890196
0.576471 0.890196
0.580392 0.890196
0.584314 0.890196
0.588235 0.890196
0.592157 0.890196
0.596078 0.890196
0.600000 0.890196
0.603922 0.890196
0.607843 0.890196
0.611765 0.890196
0.615686 0.890196
0.619608 0.890196
0.623529 0.890196
0.627451 0.890196
0.631373 0.890196
0.635294 0.890196
0.639216 0.890196
0.643137 0.890196
0.647059 0.890196
0.650980 0.890196
0.654902 0.890196
0.658824 0.890196
0.662745 0.890196
0.666667 0.890196
0.670588 0.890196
0.674510 0.890196
0.678431 0.890196
0.682353 0.890196
0.686275 0.890196
0.690196 0.890196
0.694118 0.890196
0.698039 0.890196
0.701961 0.890196
0.705882 0.890196
0.709804 0.890196
0.713726 0.890196
0.717647 0.890196
0.721569 0.890196
0.725490 0.890196
0.729412 0.890196
0.733333 0.890196
0.737255 0.890196
0.741176 0.890196
0.745098 0.890196
0.749020 0.890196
0.752941 0.890196
0.756863 0.890196
0.760784 0.890196
0.764706 0.890196
0.768627 0.890196
0.772549 0.890196
0.776471 0.890196
0.780392 0.890196
0.784314 0.890196
0.788235 0.890196
0.792157 0.890196
0.796078 0.890196
0.800000 0.890196
0.803922 0.890196
0.807843 0.890196
0.811765 0.890196
0.815686 0.890196
0.819608 0.890196
0.823529 0.890196
0.827451 0.890196
0.831373 0.890196
0.835294 0.890196
0.839216 0.890196
0.843137 0.890196
0.847059 0.890196
0.850980 0.890196
0.854902 0.890196
0.858824 0.890196
0.862745 0.890196
0.866667 0.890196
0.870588 0.890196
0.874510 0.890196
0.878431 0.890196
0.882353 0.890196
0.886275 0.890196
0.890196 0.890196
0.894118 0.890196
0.898039 0.890196
0.901961 0.890196
0.905882 0.890196
0.909804 0.890196
0.913725 0.890196
0.917647 0.890196
0.921569 0.890196
0.925490 0.890196
0.929412 0.890196
0.933333 0.890196
0.937255 0.890196
0.941176 0.890196
0.945098 0.890196
0.949020 0.890196
0.952941 0.890196
0.956863 0.890196
0.960784 0.890196
0.964706 0.890196
0.968627 0.890196
0.972549 0.890196
0.976471 0.890196
0.980392 0.890196
0.984314 0.890196
0.988235 0.890196
0.992157 0.890196
0.996078 0.890196
1.000000 0.890196

i = 2280.000000 0.894118
0.003922 0.894118
0.007843 0.894118
0.011765 0.894118
0.015686 0.894118
0.019608 0.894118
0.023529 0.894118
0.027451 0.894118
0.031373 0.894118
0.035294 0.894118
0.039216 0.894118
0.043137 0.894118
0.047059 0.894118
0.050980 0.894118
0.054902 0.894118
0.058824 0.894118
0.062745 0.894118
0.066667 0.894118
0.070588 0.894118
0.074510 0.894118
0.078431 0.894118
0.082353 0.894118
0.086275 0.894118
0.090196 0.894118
0.094118 0.894118
0.098039 0.894118
0.101961 0.894118
0.105882 0.894118
0.109804 0.894118
0.113725 0.894118
0.117647 0.894118
0.121569 0.894118
0.125490 0.894118
0.129412 0.894118
0.133333 0.894118
0.137255 0.894118
0.141176 0.894118
0.145098 0.894118
0.149020 0.894118
0.152941 0.894118
0.156863 0.894118
0.160784 0.894118
0.164706 0.894118
0.168627 0.894118
0.172549 0.894118
0.176471 0.894118
0.180392 0.894118
0.184314 0.894118
0.188235 0.894118
0.192157 0.894118
0.196078 0.894118
0.200000 0.894118
0.203922 0.894118
0.207843 0.894118
0.211765 0.894118
0.215686 0.894118
0.219608 0.894118
0.223529 0.894118
0.227451 0.894118
0.231373 0.894118
0.235294 0.894118
0.239216 0.894118
0.243137 0.894118
0.247059 0.894118
0.250980 0.894118
0.254902 0.894118
0.258824 0.894118
0.262745 0.894118
0.266667 0.894118
0.270588 0.894118
0.274510 0.894118
0.278431 0.894118
0.282353 0.894118
0.286275 0.894118
0.290196 0.894118
0.294118 0.894118
0.298039 0.894118
0.301961 0.894118
0.305882 0.894118
0.309804 0.894118
0.313726 0.894118
0.317647 0.894118
0.321569 0.894118
0.325490 0.894118
0.329412 0.894118
0.333333 0.894118
0.337255 0.894118
0.341176 0.894118
0.345098 0.894118
0.349020 0.894118
0.352941 0.894118
0.356863 0.894118
0.360784 0.894118
0.364706 0.894118
0.368627 0.894118
0.372549 0.894118
0.376471 0.894118
0.380392 0.894118
0.384314 0.894118
0.388235 0.894118
0.392157 0.894118
0.396078 0.894118
0.400000 0.894118
0.403922 0.894118
0.407843 0.894118
0.411765 0.894118
0.415686 0.894118
0.419608 0.894118
0.423529 0.894118
0.427451 0.894118
0.431373 0.894118
0.435294 0.894118
0.439216 0.894118
0.443137 0.894118
0.447059 0.894118
0.450980 0.894118
0.454902 0.894118
0.458824 0.894118
0.462745 0.894118
0.466667 0.894118
0.470588 0.894118
0.474510 0.894118
0.478431 0.894118
0.482353 0.894118
0.486275 0.894118
0.490196 0.894118
0.494118 0.894118
0.498039 0.894118
0.501961 0.894118
0.505882 0.894118
0.509804 0.894118
0.513726 0.894118
0.517647 0.894118
0.521569 0.894118
0.525490 0.894118
0.529412 0.894118
0.533333 0.894118
0.537255 0.894118
0.541176 0.894118
0.545098 0.894118
0.549020 0.894118
0.552941 0.894118
0.556863 0.894118
0.560784 0.894118
0.564706 0.894118
0.568627 0.894118
0.572549 0.894118
0.576471 0.894118
0.580392 0.894118
0.584314 0.894118
0.588235 0.894118
0.592157 0.894118
0.596078 0.894118
0.600000 0.894118
0.603922 0.894118
0.607843 0.894118
0.611765 0.894118
0.615686 0.894118
0.619608 0.894118
0.623529 0.894118
0.627451 0.894118
0.631373 0.894118
0.635294 0.894118
0.639216 0.894118
0.643137 0.894118
0.647059 0.894118
0.650980 0.894118
0.654902 0.894118
0.658824 0.894118
0.662745 0.894118
0.666667 0.894118
0.670588 0.894118
0.674510 0.894118
0.678431 0.894118
0.682353 0.894118
0.686275 0.894118
0.690196 0.894118
0.694118 0.894118
0.698039 0.894118
0.701961 0.894118
0.705882 0.894118
0.709804 0.894118
0.713726 0.894118
0.717647 0.894118
0.721569 0.894118
0.725490 0.894118
0.729412 0.894118
0.733333 0.894118
0.737255 0.894118
0.741176 0.894118
0.745098 0.894118
0.749020 0.894118
0.752941 0.894118
0.756863 0.894118
0.760784 0.894118
0.764706 0.894118
0.768627 0.894118
0.772549 0.894118
0.776471 0.894118
0.780392 0.894118
0.784314 0.894118
0.788235 0.894118
0.792157 0.894118
0.796078 0.894118
0.800000 0.894118
0.803922 0.894118
0.807843 0.894118
0.811765 0.894118
0.815686 0.894118
0.819608 0.894118
0.823529 0.894118
0.827451 0.894118
0.831373 0.894118
0.835294 0.894118
0.839216 0.894118
0.843137 0.894118
0.847059 0.894118
0.850980 0.894118
0.854902 0.894118
0.858824 0.894118
0.862745 0.894118
0.866667 0.894118
0.870588 0.894118
0.874510 0.894118
0.878431 0.894118
0.882353 0.894118
0.886275 0.894118
0.890196 0.894118
0.894118 0.894118
0.898039 0.894118
0.901961 0.894118
0.905882 0.894118
0.909804 0.894118
0.913725 0.894118
0.917647 0.894118
0.921569 0.894118
0.925490 0.894118
0.929412 0.894118
0.933333 0.894118
0.937255 0.894118
0.941176 0.894118
0.945098 0.894118
0.949020 0.894118
0.952941 0.894118
0.956863 0.894118
0.960784 0.894118
0.964706 0.894118
0.968627 0.894118
0.972549 0.894118
0.976471 0.894118
0.980392 0.894118
0.984314 0.894118
0.988235 0.894118
0.992157 0.894118
0.996078 0.894118
1.000000 0.894118

i = 2290.000000 0.898039
0.003922 0.898039
0.007843 0.898039
0.011765 0.898039
0.015686 0.898039
0.019608 0.898039
0.023529 0.898039
0.027451 0.898039
0.031373 0.898039
0.035294 0.898039
0.039216 0.898039
0.043137 0.898039
0.047059 0.898039
0.050980 0.898039
0.054902 0.898039
0.058824 0.898039
0.062745 0.898039
0.066667 0.898039
0.070588 0.898039
0.074510 0.898039
0.078431 0.898039
0.082353 0.898039
0.086275 0.898039
0.090196 0.898039
0.094118 0.898039
0.098039 0.898039
0.101961 0.898039
0.105882 0.898039
0.109804 0.898039
0.113725 0.898039
0.117647 0.898039
0.121569 0.898039
0.125490 0.898039
0.129412 0.898039
0.133333 0.898039
0.137255 0.898039
0.141176 0.898039
0.145098 0.898039
0.149020 0.898039
0.152941 0.898039
0.156863 0.898039
0.160784 0.898039
0.164706 0.898039
0.168627 0.898039
0.172549 0.898039
0.176471 0.898039
0.180392 0.898039
0.184314 0.898039
0.188235 0.898039
0.192157 0.898039
0.196078 0.898039
0.200000 0.898039
0.203922 0.898039
0.207843 0.898039
0.211765 0.898039
0.215686 0.898039
0.219608 0.898039
0.223529 0.898039
0.227451 0.898039
0.231373 0.898039
0.235294 0.898039
0.239216 0.898039
0.243137 0.898039
0.247059 0.898039
0.250980 0.898039
0.254902 0.898039
0.258824 0.898039
0.262745 0.898039
0.266667 0.898039
0.270588 0.898039
0.274510 0.898039
0.278431 0.898039
0.282353 0.898039
0.286275 0.898039
0.290196 0.898039
0.294118 0.898039
0.298039 0.898039
0.301961 0.898039
0.305882 0.898039
0.309804 0.898039
0.313726 0.898039
0.317647 0.898039
0.321569 0.898039
0.325490 0.898039
0.329412 0.898039
0.333333 0.898039
0.337255 0.898039
0.341176 0.898039
0.345098 0.898039
0.349020 0.898039
0.352941 0.898039
0.356863 0.898039
0.360784 0.898039
0.364706 0.898039
0.368627 0.898039
0.372549 0.898039
0.376471 0.898039
0.380392 0.898039
0.384314 0.898039
0.388235 0.898039
0.392157 0.898039
0.396078 0.898039
0.400000 0.898039
0.403922 0.898039
0.407843 0.898039
0.411765 0.898039
0.415686 0.898039
0.419608 0.898039
0.423529 0.898039
0.427451 0.898039
0.431373 0.898039
0.435294 0.898039
0.439216 0.898039
0.443137 0.898039
0.447059 0.898039
0.450980 0.898039
0.454902 0.898039
0.458824 0.898039
0.462745 0.898039
0.466667 0.898039
0.470588 0.898039
0.474510 0.898039
0.478431 0.898039
0.482353 0.898039
0.486275 0.898039
0.490196 0.898039
0.494118 0.898039
0.498039 0.898039
0.501961 0.898039
0.505882 0.898039
0.509804 0.898039
0.513726 0.898039
0.517647 0.898039
0.521569 0.898039
0.525490 0.898039
0.529412 0.898039
0.533333 0.898039
0.537255 0.898039
0.541176 0.898039
0.545098 0.898039
0.549020 0.898039
0.552941 0.898039
0.556863 0.898039
0.560784 0.898039
0.564706 0.898039
0.568627 0.898039
0.572549 0.898039
0.576471 0.898039
0.580392 0.898039
0.584314 0.898039
0.588235 0.898039
0.592157 0.898039
0.596078 0.898039
0.600000 0.898039
0.603922 0.898039
0.607843 0.898039
0.611765 0.898039
0.615686 0.898039
0.619608 0.898039
0.623529 0.898039
0.627451 0.898039
0.631373 0.898039
0.635294 0.898039
0.639216 0.898039
0.643137 0.898039
0.647059 0.898039
0.650980 0.898039
0.654902 0.898039
0.658824 0.898039
0.662745 0.898039
0.666667 0.898039
0.670588 0.898039
0.674510 0.898039
0.678431 0.898039
0.682353 0.898039
0.686275 0.898039
0.690196 0.898039
0.694118 0.898039
0.698039 0.898039
0.701961 0.898039
0.705882 0.898039
0.709804 0.898039
0.713726 0.898039
0.717647 0.898039
0.721569 0.898039
0.725490 0.898039
0.729412 0.898039
0.733333 0.898039
0.737255 0.898039
0.741176 0.898039
0.745098 0.898039
0.749020 0.898039
0.752941 0.898039
0.756863 0.898039
0.760784 0.898039
0.764706 0.898039
0.768627 0.898039
0.772549 0.898039
0.776471 0.898039
0.780392 0.898039
0.784314 0.898039
0.788235 0.898039
0.792157 0.898039
0.796078 0.898039
0.800000 0.898039
0.803922 0.898039
0.807843 0.898039
0.811765 0.898039
0.815686 0.898039
0.819608 0.898039
0.823529 0.898039
0.827451 0.898039
0.831373 0.898039
0.835294 0.898039
0.839216 0.898039
0.843137 0.898039
0.847059 0.898039
0.850980 0.898039
0.854902 0.898039
0.858824 0.898039
0.862745 0.898039
0.866667 0.898039
0.870588 0.898039
0.874510 0.898039
0.878431 0.898039
0.882353 0.898039
0.886275 0.898039
0.890196 0.898039
0.894118 0.898039
0.898039 0.898039
0.901961 0.898039
0.905882 0.898039
0.909804 0.898039
0.913725 0.898039
0.917647 0.898039
0.921569 0.898039
0.925490 0.898039
0.929412 0.898039
0.933333 0.898039
0.937255 0.898039
0.941176 0.898039
0.945098 0.898039
0.949020 0.898039
0.952941 0.898039
0.956863 0.898039
0.960784 0.898039
0.964706 0.898039
0.968627 0.898039
0.972549 0.898039
0.976471 0.898039
0.980392 0.898039
0.984314 0.898039
0.988235 0.898039
0.992157 0.898039
0.996078 0.898039
1.000000 0.898039

i = 2300.000000 0.901961
0.003922 0.901961
0.007843 0.901961
0.011765 0.901961
0.015686 0.901961
0.019608 0.901961
0.023529 0.901961
0.027451 0.901961
0.031373 0.901961
0.035294 0.901961
0.039216 0.901961
0.043137 0.901961
0.047059 0.901961
0.050980 0.901961
0.054902 0.901961
0.058824 0.901961
0.062745 0.901961
0.066667 0.901961
0.070588 0.901961
0.074510 0.901961
0.078431 0.901961
0.082353 0.901961
0.086275 0.901961
0.090196 0.901961
0.094118 0.901961
0.098039 0.901961
0.101961 0.901961
0.105882 0.901961
0.109804 0.901961
0.113725 0.901961
0.117647 0.901961
0.121569 0.901961
0.125490 0.901961
0.129412 0.901961
0.133333 0.901961
0.137255 0.901961
0.141176 0.901961
0.145098 0.901961
0.149020 0.901961
0.152941 0.901961
0.156863 0.901961
0.160784 0.901961
0.164706 0.901961
0.168627 0.901961
0.172549 0.901961
0.176471 0.901961
0.180392 0.901961
0.184314 0.901961
0.188235 0.901961
0.192157 0.901961
0.196078 0.901961
0.200000 0.901961
0.203922 0.901961
0.207843 0.901961
0.211765 0.901961
0.215686 0.901961
0.219608 0.901961
0.223529 0.901961
0.227451 0.901961
0.231373 0.901961
0.235294 0.901961
0.239216 0.901961
0.243137 0.901961
0.247059 0.901961
0.250980 0.901961
0.254902 0.901961
0.258824 0.901961
0.262745 0.901961
0.266667 0.901961
0.270588 0.901961
0.274510 0.901961
0.278431 0.901961
0.282353 0.901961
0.286275 0.901961
0.290196 0.901961
0.294118 0.901961
0.298039 0.901961
0.301961 0.901961
0.305882 0.901961
0.309804 0.901961
0.313726 0.901961
0.317647 0.901961
0.321569 0.901961
0.325490 0.901961
0.329412 0.901961
0.333333 0.901961
0.337255 0.901961
0.341176 0.901961
0.345098 0.901961
0.349020 0.901961
0.352941 0.901961
0.356863 0.901961
0.360784 0.901961
0.364706 0.901961
0.368627 0.901961
0.372549 0.901961
0.376471 0.901961
0.380392 0.901961
0.384314 0.901961
0.388235 0.901961
0.392157 0.901961
0.396078 0.901961
0.400000 0.901961
0.403922 0.901961
0.407843 0.901961
0.411765 0.901961
0.415686 0.901961
0.419608 0.901961
0.423529 0.901961
0.427451 0.901961
0.431373 0.901961
0.435294 0.901961
0.439216 0.901961
0.443137 0.901961
0.447059 0.901961
0.450980 0.901961
0.454902 0.901961
0.458824 0.901961
0.462745 0.901961
0.466667 0.901961
0.470588 0.901961
0.474510 0.901961
0.478431 0.901961
0.482353 0.901961
0.486275 0.901961
0.490196 0.901961
0.494118 0.901961
0.498039 0.901961
0.501961 0.901961
0.505882 0.901961
0.509804 0.901961
0.513726 0.901961
0.517647 0.901961
0.521569 0.901961
0.525490 0.901961
0.529412 0.901961
0.533333 0.901961
0.537255 0.901961
0.541176 0.901961
0.545098 0.901961
0.549020 0.901961
0.552941 0.901961
0.556863 0.901961
0.560784 0.901961
0.564706 0.901961
0.568627 0.901961
0.572549 0.901961
0.576471 0.901961
0.580392 0.901961
0.584314 0.901961
0.588235 0.901961
0.592157 0.901961
0.596078 0.901961
0.600000 0.901961
0.603922 0.901961
0.607843 0.901961
0.611765 0.901961
0.615686 0.901961
0.619608 0.901961
0.623529 0.901961
0.627451 0.901961
0.631373 0.901961
0.635294 0.901961
0.639216 0.901961
0.643137 0.901961
0.647059 0.901961
0.650980 0.901961
0.654902 0.901961
0.658824 0.901961
0.662745 0.901961
0.666667 0.901961
0.670588 0.901961
0.674510 0.901961
0.678431 0.901961
0.682353 0.901961
0.686275 0.901961
0.690196 0.901961
0.694118 0.901961
0.698039 0.901961
0.701961 0.901961
0.705882 0.901961
0.709804 0.901961
0.713726 0.901961
0.717647 0.901961
0.721569 0.901961
0.725490 0.901961
0.729412 0.901961
0.733333 0.901961
0.737255 0.901961
0.741176 0.901961
0.745098 0.901961
0.749020 0.901961
0.752941 0.901961
0.756863 0.901961
0.760784 0.901961
0.764706 0.901961
0.768627 0.901961
0.772549 0.901961
0.776471 0.901961
0.780392 0.901961
0.784314 0.901961
0.788235 0.901961
0.792157 0.901961
0.796078 0.901961
0.800000 0.901961
0.803922 0.901961
0.807843 0.901961
0.811765 0.901961
0.815686 0.901961
0.819608 0.901961
0.823529 0.901961
0.827451 0.901961
0.831373 0.901961
0.835294 0.901961
0.839216 0.901961
0.843137 0.901961
0.847059 0.901961
0.850980 0.901961
0.854902 0.901961
0.858824 0.901961
0.862745 0.901961
0.866667 0.901961
0.870588 0.901961
0.874510 0.901961
0.878431 0.901961
0.882353 0.901961
0.886275 0.901961
0.890196 0.901961
0.894118 0.901961
0.898039 0.901961
0.901961 0.901961
0.905882 0.901961
0.909804 0.901961
0.913725 0.901961
0.917647 0.901961
0.921569 0.901961
0.925490 0.901961
0.929412 0.901961
0.933333 0.901961
0.937255 0.901961
0.941176 0.901961
0.945098 0.901961
0.949020 0.901961
0.952941 0.901961
0.956863 0.901961
0.960784 0.901961
0.964706 0.901961
0.968627 0.901961
0.972549 0.901961
0.976471 0.901961
0.980392 0.901961
0.984314 0.901961
0.988235 0.901961
0.992157 0.901961
0.996078 0.901961
1.000000 0.901961

i = 2310.000000 0.905882
0.003922 0.905882
0.007843 0.905882
0.011765 0.905882
0.015686 0.905882
0.019608 0.905882
0.023529 0.905882
0.027451 0.905882
0.031373 0.905882
0.035294 0.905882
0.039216 0.905882
0.043137 0.905882
0.047059 0.905882
0.050980 0.905882
0.054902 0.905882
0.058824 0.905882
0.062745 0.905882
0.066667 0.905882
0.070588 0.905882
0.074510 0.905882
0.078431 0.905882
0.082353 0.905882
0.086275 0.905882
0.090196 0.905882
0.094118 0.905882
0.098039 0.905882
0.101961 0.905882
0.105882 0.905882
0.109804 0.905882
0.113725 0.905882
0.117647 0.905882
0.121569 0.905882
0.125490 0.905882
0.129412 0.905882
0.133333 0.905882
0.137255 0.905882
0.141176 0.905882
0.145098 0.905882
0.149020 0.905882
0.152941 0.905882
0.156863 0.905882
0.160784 0.905882
0.164706 0.905882
0.168627 0.905882
0.172549 0.905882
0.176471 0.905882
0.180392 0.905882
0.184314 0.905882
0.188235 0.905882
0.192157 0.905882
0.196078 0.905882
0.200000 0.905882
0.203922 0.905882
0.207843 0.905882
0.211765 0.905882
0.215686 0.905882
0.219608 0.905882
0.223529 0.905882
0.227451 0.905882
0.231373 0.905882
0.235294 0.905882
0.239216 0.905882
0.243137 0.905882
0.247059 0.905882
0.250980 0.905882
0.254902 0.905882
0.258824 0.905882
0.262745 0.905882
0.266667 0.905882
0.270588 0.905882
0.274510 0.905882
0.278431 0.905882
0.282353 0.905882
0.286275 0.905882
0.290196 0.905882
0.294118 0.905882
0.298039 0.905882
0.301961 0.905882
0.305882 0.905882
0.309804 0.905882
0.313726 0.905882
0.317647 0.905882
0.321569 0.905882
0.325490 0.905882
0.329412 0.905882
0.333333 0.905882
0.337255 0.905882
0.341176 0.905882
0.345098 0.905882
0.349020 0.905882
0.352941 0.905882
0.356863 0.905882
0.360784 0.905882
0.364706 0.905882
0.368627 0.905882
0.372549 0.905882
0.376471 0.905882
0.380392 0.905882
0.384314 0.905882
0.388235 0.905882
0.392157 0.905882
0.396078 0.905882
0.400000 0.905882
0.403922 0.905882
0.407843 0.905882
0.411765 0.905882
0.415686 0.905882
0.419608 0.905882
0.423529 0.905882
0.427451 0.905882
0.431373 0.905882
0.435294 0.905882
0.439216 0.905882
0.443137 0.905882
0.447059 0.905882
0.450980 0.905882
0.454902 0.905882
0.458824 0.905882
0.462745 0.905882
0.466667 0.905882
0.470588 0.905882
0.474510 0.905882
0.478431 0.905882
0.482353 0.905882
0.486275 0.905882
0.490196 0.905882
0.494118 0.905882
0.498039 0.905882
0.501961 0.905882
0.505882 0.905882
0.509804 0.905882
0.513726 0.905882
0.517647 0.905882
0.521569 0.905882
0.525490 0.905882
0.529412 0.905882
0.533333 0.905882
0.537255 0.905882
0.541176 0.905882
0.545098 0.905882
0.549020 0.905882
0.552941 0.905882
0.556863 0.905882
0.560784 0.905882
0.564706 0.905882
0.568627 0.905882
0.572549 0.905882
0.576471 0.905882
0.580392 0.905882
0.584314 0.905882
0.588235 0.905882
0.592157 0.905882
0.596078 0.905882
0.600000 0.905882
0.603922 0.905882
0.607843 0.905882
0.611765 0.905882
0.615686 0.905882
0.619608 0.905882
0.623529 0.905882
0.627451 0.905882
0.631373 0.905882
0.635294 0.905882
0.639216 0.905882
0.643137 0.905882
0.647059 0.905882
0.650980 0.905882
0.654902 0.905882
0.658824 0.905882
0.662745 0.905882
0.666667 0.905882
0.670588 0.905882
0.674510 0.905882
0.678431 0.905882
0.682353 0.905882
0.686275 0.905882
0.690196 0.905882
0.694118 0.905882
0.698039 0.905882
0.701961 0.905882
0.705882 0.905882
0.709804 0.905882
0.713726 0.905882
0.717647 0.905882
0.721569 0.905882
0.725490 0.905882
0.729412 0.905882
0.733333 0.905882
0.737255 0.905882
0.741176 0.905882
0.745098 0.905882
0.749020 0.905882
0.752941 0.905882
0.756863 0.905882
0.760784 0.905882
0.764706 0.905882
0.768627 0.905882
0.772549 0.905882
0.776471 0.905882
0.780392 0.905882
0.784314 0.905882
0.788235 0.905882
0.792157 0.905882
0.796078 0.905882
0.800000 0.905882
0.803922 0.905882
0.807843 0.905882
0.811765 0.905882
0.815686 0.905882
0.819608 0.905882
0.823529 0.905882
0.827451 0.905882
0.831373 0.905882
0.835294 0.905882
0.839216 0.905882
0.843137 0.905882
0.847059 0.905882
0.850980 0.905882
0.854902 0.905882
0.858824 0.905882
0.862745 0.905882
0.866667 0.905882
0.870588 0.905882
0.874510 0.905882
0.878431 0.905882
0.882353 0.905882
0.886275 0.905882
0.890196 0.905882
0.894118 0.905882
0.898039 0.905882
0.901961 0.905882
0.905882 0.905882
0.909804 0.905882
0.913725 0.905882
0.917647 0.905882
0.921569 0.905882
0.925490 0.905882
0.929412 0.905882
0.933333 0.905882
0.937255 0.905882
0.941176 0.905882
0.945098 0.905882
0.949020 0.905882
0.952941 0.905882
0.956863 0.905882
0.960784 0.905882
0.964706 0.905882
0.968627 0.905882
0.972549 0.905882
0.976471 0.905882
0.980392 0.905882
0.984314 0.905882
0.988235 0.905882
0.992157 0.905882
0.996078 0.905882
1.000000 0.905882

i = 2320.000000 0.909804
0.003922 0.909804
0.007843 0.909804
0.011765 0.909804
0.015686 0.909804
0.019608 0.909804
0.023529 0.909804
0.027451 0.909804
0.031373 0.909804
0.035294 0.909804
0.039216 0.909804
0.043137 0.909804
0.047059 0.909804
0.050980 0.909804
0.054902 0.909804
0.058824 0.909804
0.062745 0.909804
0.066667 0.909804
0.070588 0.909804
0.074510 0.909804
0.078431 0.909804
0.082353 0.909804
0.086275 0.909804
0.090196 0.909804
0.094118 0.909804
0.098039 0.909804
0.101961 0.909804
0.105882 0.909804
0.109804 0.909804
0.113725 0.909804
0.117647 0.909804
0.121569 0.909804
0.125490 0.909804
0.129412 0.909804
0.133333 0.909804
0.137255 0.909804
0.141176 0.909804
0.145098 0.909804
0.149020 0.909804
0.152941 0.909804
0.156863 0.909804
0.160784 0.909804
0.164706 0.909804
0.168627 0.909804
0.172549 0.909804
0.176471 0.909804
0.180392 0.909804
0.184314 0.909804
0.188235 0.909804
0.192157 0.909804
0.196078 0.909804
0.200000 0.909804
0.203922 0.909804
0.207843 0.909804
0.211765 0.909804
0.215686 0.909804
0.219608 0.909804
0.223529 0.909804
0.227451 0.909804
0.231373 0.909804
0.235294 0.909804
0.239216 0.909804
0.243137 0.909804
0.247059 0.909804
0.250980 0.909804
0.254902 0.909804
0.258824 0.909804
0.262745 0.909804
0.266667 0.909804
0.270588 0.909804
0.274510 0.909804
0.278431 0.909804
0.282353 0.909804
0.286275 0.909804
0.290196 0.909804
0.294118 0.909804
0.298039 0.909804
0.301961 0.909804
0.305882 0.909804
0.309804 0.909804
0.313726 0.909804
0.317647 0.909804
0.321569 0.909804
0.325490 0.909804
0.329412 0.909804
0.333333 0.909804
0.337255 0.909804
0.341176 0.909804
0.345098 0.909804
0.349020 0.909804
0.352941 0.909804
0.356863 0.909804
0.360784 0.909804
0.364706 0.909804
0.368627 0.909804
0.372549 0.909804
0.376471 0.909804
0.380392 0.909804
0.384314 0.909804
0.388235 0.909804
0.392157 0.909804
0.396078 0.909804
0.400000 0.909804
0.403922 0.909804
0.407843 0.909804
0.411765 0.909804
0.415686 0.909804
0.419608 0.909804
0.423529 0.909804
0.427451 0.909804
0.431373 0.909804
0.435294 0.909804
0.439216 0.909804
0.443137 0.909804
0.447059 0.909804
0.450980 0.909804
0.454902 0.909804
0.458824 0.909804
0.462745 0.909804
0.466667 0.909804
0.470588 0.909804
0.474510 0.909804
0.478431 0.909804
0.482353 0.909804
0.486275 0.909804
0.490196 0.909804
0.494118 0.909804
0.498039 0.909804
0.501961 0.909804
0.505882 0.909804
0.509804 0.909804
0.513726 0.909804
0.517647 0.909804
0.521569 0.909804
0.525490 0.909804
0.529412 0.909804
0.533333 0.909804
0.537255 0.909804
0.541176 0.909804
0.545098 0.909804
0.549020 0.909804
0.552941 0.909804
0.556863 0.909804
0.560784 0.909804
0.564706 0.909804
0.568627 0.909804
0.572549 0.909804
0.576471 0.909804
0.580392 0.909804
0.584314 0.909804
0.588235 0.909804
0.592157 0.909804
0.596078 0.909804
0.600000 0.909804
0.603922 0.909804
0.607843 0.909804
0.611765 0.909804
0.615686 0.909804
0.619608 0.909804
0.623529 0.909804
0.627451 0.909804
0.631373 0.909804
0.635294 0.909804
0.639216 0.909804
0.643137 0.909804
0.647059 0.909804
0.650980 0.909804
0.654902 0.909804
0.658824 0.909804
0.662745 0.909804
0.666667 0.909804
0.670588 0.909804
0.674510 0.909804
0.678431 0.909804
0.682353 0.909804
0.686275 0.909804
0.690196 0.909804
0.694118 0.909804
0.698039 0.909804
0.701961 0.909804
0.705882 0.909804
0.709804 0.909804
0.713726 0.909804
0.717647 0.909804
0.721569 0.909804
0.725490 0.909804
0.729412 0.909804
0.733333 0.909804
0.737255 0.909804
0.741176 0.909804
0.745098 0.909804
0.749020 0.909804
0.752941 0.909804
0.756863 0.909804
0.760784 0.909804
0.764706 0.909804
0.768627 0.909804
0.772549 0.909804
0.776471 0.909804
0.780392 0.909804
0.784314 0.909804
0.788235 0.909804
0.792157 0.909804
0.796078 0.909804
0.800000 0.909804
0.803922 0.909804
0.807843 0.909804
0.811765 0.909804
0.815686 0.909804
0.819608 0.909804
0.823529 0.909804
0.827451 0.909804
0.831373 0.909804
0.835294 0.909804
0.839216 0.909804
0.843137 0.909804
0.847059 0.909804
0.850980 0.909804
0.854902 0.909804
0.858824 0.909804
0.862745 0.909804
0.866667 0.909804
0.870588 0.909804
0.874510 0.909804
0.878431 0.909804
0.882353 0.909804
0.886275 0.909804
0.890196 0.909804
0.894118 0.909804
0.898039 0.909804
0.901961 0.909804
0.905882 0.909804
0.909804 0.909804
0.913725 0.909804
0.917647 0.909804
0.921569 0.909804
0.925490 0.909804
0.929412 0.909804
0.933333 0.909804
0.937255 0.909804
0.941176 0.909804
0.945098 0.909804
0.949020 0.909804
0.952941 0.909804
0.956863 0.909804
0.960784 0.909804
0.964706 0.909804
0.968627 0.909804
0.972549 0.909804
0.976471 0.909804
0.980392 0.909804
0.984314 0.909804
0.988235 0.909804
0.992157 0.909804
0.996078 0.909804
1.000000 0.909804

i = 2330.000000 0.913725
0.003922 0.913725
0.007843 0.913725
0.011765 0.913725
0.015686 0.913725
0.019608 0.913725
0.023529 0.913725
0.027451 0.913725
0.031373 0.913725
0.035294 0.913725
0.039216 0.913725
0.043137 0.913725
0.047059 0.913725
0.050980 0.913725
0.054902 0.913725
0.058824 0.913725
0.062745 0.913725
0.066667 0.913725
0.070588 0.913725
0.074510 0.913725
0.078431 0.913725
0.082353 0.913725
0.086275 0.913725
0.090196 0.913725
0.094118 0.913725
0.098039 0.913725
0.101961 0.913725
0.105882 0.913725
0.109804 0.913725
0.113725 0.913725
0.117647 0.913725
0.121569 0.913725
0.125490 0.913725
0.129412 0.913725
0.133333 0.913725
0.137255 0.913725
0.141176 0.913725
0.145098 0.913725
0.149020 0.913725
0.152941 0.913725
0.156863 0.913725
0.160784 0.913725
0.164706 0.913725
0.168627 0.913725
0.172549 0.913725
0.176471 0.913725
0.180392 0.913725
0.184314 0.913725
0.188235 0.913725
0.192157 0.913725
0.196078 0.913725
0.200000 0.913725
0.203922 0.913725
0.207843 0.913725
0.211765 0.913725
0.215686 0.913725
0.219608 0.913725
0.223529 0.913725
0.227451 0.913725
0.231373 0.913725
0.235294 0.913725
0.239216 0.913725
0.243137 0.913725
0.247059 0.913725
0.250980 0.913725
0.254902 0.913725
0.258824 0.913725
0.262745 0.913725
0.266667 0.913725
0.270588 0.913725
0.274510 0.913725
0.278431 0.913725
0.282353 0.913725
0.286275 0.913725
0.290196 0.913725
0.294118 0.913725
0.298039 0.913725
0.301961 0.913725
0.305882 0.913725
0.309804 0.913725
0.313726 0.913725
0.317647 0.913725
0.321569 0.913725
0.325490 0.913725
0.329412 0.913725
0.333333 0.913725
0.337255 0.913725
0.341176 0.913725
0.345098 0.913725
0.349020 0.913725
0.352941 0.913725
0.356863 0.913725
0.360784 0.913725
0.364706 0.913725
0.368627 0.913725
0.372549 0.913725
0.376471 0.913725
0.380392 0.913725
0.384314 0.913725
0.388235 0.913725
0.392157 0.913725
0.396078 0.913725
0.400000 0.913725
0.403922 0.913725
0.407843 0.913725
0.411765 0.913725
0.415686 0.913725
0.419608 0.913725
0.423529 0.913725
0.427451 0.913725
0.431373 0.913725
0.435294 0.913725
0.439216 0.913725
0.443137 0.913725
0.447059 0.913725
0.450980 0.913725
0.454902 0.913725
0.458824 0.913725
0.462745 0.913725
0.466667 0.913725
0.470588 0.913725
0.474510 0.913725
0.478431 0.913725
0.482353 0.913725
0.486275 0.913725
0.490196 0.913725
0.494118 0.913725
0.498039 0.913725
0.501961 0.913725
0.505882 0.913725
0.509804 0.913725
0.513726 0.913725
0.517647 0.913725
0.521569 0.913725
0.525490 0.913725
0.529412 0.913725
0.533333 0.913725
0.537255 0.913725
0.541176 0.913725
0.545098 0.913725
0.549020 0.913725
0.552941 0.913725
0.556863 0.913725
0.560784 0.913725
0.564706 0.913725
0.568627 0.913725
0.572549 0.913725
0.576471 0.913725
0.580392 0.913725
0.584314 0.913725
0.588235 0.913725
0.592157 0.913725
0.596078 0.913725
0.600000 0.913725
0.603922 0.913725
0.607843 0.913725
0.611765 0.913725
0.615686 0.913725
0.619608 0.913725
0.623529 0.913725
0.627451 0.913725
0.631373 0.913725
0.635294 0.913725
0.639216 0.913725
0.643137 0.913725
0.647059 0.913725
0.650980 0.913725
0.654902 0.913725
0.658824 0.913725
0.662745 0.913725
0.666667 0.913725
0.670588 0.913725
0.674510 0.913725
0.678431 0.913725
0.682353 0.913725
0.686275 0.913725
0.690196 0.913725
0.694118 0.913725
0.698039 0.913725
0.701961 0.913725
0.705882 0.913725
0.709804 0.913725
0.713726 0.913725
0.717647 0.913725
0.721569 0.913725
0.725490 0.913725
0.729412 0.913725
0.733333 0.913725
0.737255 0.913725
0.741176 0.913725
0.745098 0.913725
0.749020 0.913725
0.752941 0.913725
0.756863 0.913725
0.760784 0.913725
0.764706 0.913725
0.768627 0.913725
0.772549 0.913725
0.776471 0.913725
0.780392 0.913725
0.784314 0.913725
0.788235 0.913725
0.792157 0.913725
0.796078 0.913725
0.800000 0.913725
0.803922 0.913725
0.807843 0.913725
0.811765 0.913725
0.815686 0.913725
0.819608 0.913725
0.823529 0.913725
0.827451 0.913725
0.831373 0.913725
0.835294 0.913725
0.839216 0.913725
0.843137 0.913725
0.847059 0.913725
0.850980 0.913725
0.854902 0.913725
0.858824 0.913725
0.862745 0.913725
0.866667 0.913725
0.870588 0.913725
0.874510 0.913725
0.878431 0.913725
0.882353 0.913725
0.886275 0.913725
0.890196 0.913725
0.894118 0.913725
0.898039 0.913725
0.901961 0.913725
0.905882 0.913725
0.909804 0.913725
0.913725 0.913725
0.917647 0.913725
0.921569 0.913725
0.925490 0.913725
0.929412 0.913725
0.933333 0.913725
0.937255 0.913725
0.941176 0.913725
0.945098 0.913725
0.949020 0.913725
0.952941 0.913725
0.956863 0.913725
0.960784 0.913725
0.964706 0.913725
0.968627 0.913725
0.972549 0.913725
0.976471 0.913725
0.980392 0.913725
0.984314 0.913725
0.988235 0.913725
0.992157 0.913725
0.996078 0.913725
1.000000 0.913725

i = 2340.000000 0.917647
0.003922 0.917647
0.007843 0.917647
0.011765 0.917647
0.015686 0.917647
0.019608 0.917647
0.023529 0.917647
0.027451 0.917647
0.031373 0.917647
0.035294 0.917647
0.039216 0.917647
0.043137 0.917647
0.047059 0.917647
0.050980 0.917647
0.054902 0.917647
0.058824 0.917647
0.062745 0.917647
0.066667 0.917647
0.070588 0.917647
0.074510 0.917647
0.078431 0.917647
0.082353 0.917647
0.086275 0.917647
0.090196 0.917647
0.094118 0.917647
0.098039 0.917647
0.101961 0.917647
0.105882 0.917647
0.109804 0.917647
0.113725 0.917647
0.117647 0.917647
0.121569 0.917647
0.125490 0.917647
0.129412 0.917647
0.133333 0.917647
0.137255 0.917647
0.141176 0.917647
0.145098 0.917647
0.149020 0.917647
0.152941 0.917647
0.156863 0.917647
0.160784 0.917647
0.164706 0.917647
0.168627 0.917647
0.172549 0.917647
0.176471 0.917647
0.180392 0.917647
0.184314 0.917647
0.188235 0.917647
0.192157 0.917647
0.196078 0.917647
0.200000 0.917647
0.203922 0.917647
0.207843 0.917647
0.211765 0.917647
0.215686 0.917647
0.219608 0.917647
0.223529 0.917647
0.227451 0.917647
0.231373 0.917647
0.235294 0.917647
0.239216 0.917647
0.243137 0.917647
0.247059 0.917647
0.250980 0.917647
0.254902 0.917647
0.258824 0.917647
0.262745 0.917647
0.266667 0.917647
0.270588 0.917647
0.274510 0.917647
0.278431 0.917647
0.282353 0.917647
0.286275 0.917647
0.290196 0.917647
0.294118 0.917647
0.298039 0.917647
0.301961 0.917647
0.305882 0.917647
0.309804 0.917647
0.313726 0.917647
0.317647 0.917647
0.321569 0.917647
0.325490 0.917647
0.329412 0.917647
0.333333 0.917647
0.337255 0.917647
0.341176 0.917647
0.345098 0.917647
0.349020 0.917647
0.352941 0.917647
0.356863 0.917647
0.360784 0.917647
0.364706 0.917647
0.368627 0.917647
0.372549 0.917647
0.376471 0.917647
0.380392 0.917647
0.384314 0.917647
0.388235 0.917647
0.392157 0.917647
0.396078 0.917647
0.400000 0.917647
0.403922 0.917647
0.407843 0.917647
0.411765 0.917647
0.415686 0.917647
0.419608 0.917647
0.423529 0.917647
0.427451 0.917647
0.431373 0.917647
0.435294 0.917647
0.439216 0.917647
0.443137 0.917647
0.447059 0.917647
0.450980 0.917647
0.454902 0.917647
0.458824 0.917647
0.462745 0.917647
0.466667 0.917647
0.470588 0.917647
0.474510 0.917647
0.478431 0.917647
0.482353 0.917647
0.486275 0.917647
0.490196 0.917647
0.494118 0.917647
0.498039 0.917647
0.501961 0.917647
0.505882 0.917647
0.509804 0.917647
0.513726 0.917647
0.517647 0.917647
0.521569 0.917647
0.525490 0.917647
0.529412 0.917647
0.533333 0.917647
0.537255 0.917647
0.541176 0.917647
0.545098 0.917647
0.549020 0.917647
0.552941 0.917647
0.556863 0.917647
0.560784 0.917647
0.564706 0.917647
0.568627 0.917647
0.572549 0.917647
0.576471 0.917647
0.580392 0.917647
0.584314 0.917647
0.588235 0.917647
0.592157 0.917647
0.596078 0.917647
0.600000 0.917647
0.603922 0.917647
0.607843 0.917647
0.611765 0.917647
0.615686 0.917647
0.619608 0.917647
0.623529 0.917647
0.627451 0.917647
0.631373 0.917647
0.635294 0.917647
0.639216 0.917647
0.643137 0.917647
0.647059 0.917647
0.650980 0.917647
0.654902 0.917647
0.658824 0.917647
0.662745 0.917647
0.666667 0.917647
0.670588 0.917647
0.674510 0.917647
0.678431 0.917647
0.682353 0.917647
0.686275 0.917647
0.690196 0.917647
0.694118 0.917647
0.698039 0.917647
0.701961 0.917647
0.705882 0.917647
0.709804 0.917647
0.713726 0.917647
0.717647 0.917647
0.721569 0.917647
0.725490 0.917647
0.729412 0.917647
0.733333 0.917647
0.737255 0.917647
0.741176 0.917647
0.745098 0.917647
0.749020 0.917647
0.752941 0.917647
0.756863 0.917647
0.760784 0.917647
0.764706 0.917647
0.768627 0.917647
0.772549 0.917647
0.776471 0.917647
0.780392 0.917647
0.784314 0.917647
0.788235 0.917647
0.792157 0.917647
0.796078 0.917647
0.800000 0.917647
0.803922 0.917647
0.807843 0.917647
0.811765 0.917647
0.815686 0.917647
0.819608 0.917647
0.823529 0.917647
0.827451 0.917647
0.831373 0.917647
0.835294 0.917647
0.839216 0.917647
0.843137 0.917647
0.847059 0.917647
0.850980 0.917647
0.854902 0.917647
0.858824 0.917647
0.862745 0.917647
0.866667 0.917647
0.870588 0.917647
0.874510 0.917647
0.878431 0.917647
0.882353 0.917647
0.886275 0.917647
0.890196 0.917647
0.894118 0.917647
0.898039 0.917647
0.901961 0.917647
0.905882 0.917647
0.909804 0.917647
0.913725 0.917647
0.917647 0.917647
0.921569 0.917647
0.925490 0.917647
0.929412 0.917647
0.933333 0.917647
0.937255 0.917647
0.941176 0.917647
0.945098 0.917647
0.949020 0.917647
0.952941 0.917647
0.956863 0.917647
0.960784 0.917647
0.964706 0.917647
0.968627 0.917647
0.972549 0.917647
0.976471 0.917647
0.980392 0.917647
0.984314 0.917647
0.988235 0.917647
0.992157 0.917647
0.996078 0.917647
1.000000 0.917647

i = 2350.000000 0.921569
0.003922 0.921569
0.007843 0.921569
0.011765 0.921569
0.015686 0.921569
0.019608 0.921569
0.023529 0.921569
0.027451 0.921569
0.031373 0.921569
0.035294 0.921569
0.039216 0.921569
0.043137 0.921569
0.047059 0.921569
0.050980 0.921569
0.054902 0.921569
0.058824 0.921569
0.062745 0.921569
0.066667 0.921569
0.070588 0.921569
0.074510 0.921569
0.078431 0.921569
0.082353 0.921569
0.086275 0.921569
0.090196 0.921569
0.094118 0.921569
0.098039 0.921569
0.101961 0.921569
0.105882 0.921569
0.109804 0.921569
0.113725 0.921569
0.117647 0.921569
0.121569 0.921569
0.125490 0.921569
0.129412 0.921569
0.133333 0.921569
0.137255 0.921569
0.141176 0.921569
0.145098 0.921569
0.149020 0.921569
0.152941 0.921569
0.156863 0.921569
0.160784 0.921569
0.164706 0.921569
0.168627 0.921569
0.172549 0.921569
0.176471 0.921569
0.180392 0.921569
0.184314 0.921569
0.188235 0.921569
0.192157 0.921569
0.196078 0.921569
0.200000 0.921569
0.203922 0.921569
0.207843 0.921569
0.211765 0.921569
0.215686 0.921569
0.219608 0.921569
0.223529 0.921569
0.227451 0.921569
0.231373 0.921569
0.235294 0.921569
0.239216 0.921569
0.243137 0.921569
0.247059 0.921569
0.250980 0.921569
0.254902 0.921569
0.258824 0.921569
0.262745 0.921569
0.266667 0.921569
0.270588 0.921569
0.274510 0.921569
0.278431 0.921569
0.282353 0.921569
0.286275 0.921569
0.290196 0.921569
0.294118 0.921569
0.298039 0.921569
0.301961 0.921569
0.305882 0.921569
0.309804 0.921569
0.313726 0.921569
0.317647 0.921569
0.321569 0.921569
0.325490 0.921569
0.329412 0.921569
0.333333 0.921569
0.337255 0.921569
0.341176 0.921569
0.345098 0.921569
0.349020 0.921569
0.352941 0.921569
0.356863 0.921569
0.360784 0.921569
0.364706 0.921569
0.368627 0.921569
0.372549 0.921569
0.376471 0.921569
0.380392 0.921569
0.384314 0.921569
0.388235 0.921569
0.392157 0.921569
0.396078 0.921569
0.400000 0.921569
0.403922 0.921569
0.407843 0.921569
0.411765 0.921569
0.415686 0.921569
0.419608 0.921569
0.423529 0.921569
0.427451 0.921569
0.431373 0.921569
0.435294 0.921569
0.439216 0.921569
0.443137 0.921569
0.447059 0.921569
0.450980 0.921569
0.454902 0.921569
0.458824 0.921569
0.462745 0.921569
0.466667 0.921569
0.470588 0.921569
0.474510 0.921569
0.478431 0.921569
0.482353 0.921569
0.486275 0.921569
0.490196 0.921569
0.494118 0.921569
0.498039 0.921569
0.501961 0.921569
0.505882 0.921569
0.509804 0.921569
0.513726 0.921569
0.517647 0.921569
0.521569 0.921569
0.525490 0.921569
0.529412 0.921569
0.533333 0.921569
0.537255 0.921569
0.541176 0.921569
0.545098 0.921569
0.549020 0.921569
0.552941 0.921569
0.556863 0.921569
0.560784 0.921569
0.564706 0.921569
0.568627 0.921569
0.572549 0.921569
0.576471 0.921569
0.580392 0.921569
0.584314 0.921569
0.588235 0.921569
0.592157 0.921569
0.596078 0.921569
0.600000 0.921569
0.603922 0.921569
0.607843 0.921569
0.611765 0.921569
0.615686 0.921569
0.619608 0.921569
0.623529 0.921569
0.627451 0.921569
0.631373 0.921569
0.635294 0.921569
0.639216 0.921569
0.643137 0.921569
0.647059 0.921569
0.650980 0.921569
0.654902 0.921569
0.658824 0.921569
0.662745 0.921569
0.666667 0.921569
0.670588 0.921569
0.674510 0.921569
0.678431 0.921569
0.682353 0.921569
0.686275 0.921569
0.690196 0.921569
0.694118 0.921569
0.698039 0.921569
0.701961 0.921569
0.705882 0.921569
0.709804 0.921569
0.713726 0.921569
0.717647 0.921569
0.721569 0.921569
0.725490 0.921569
0.729412 0.921569
0.733333 0.921569
0.737255 0.921569
0.741176 0.921569
0.745098 0.921569
0.749020 0.921569
0.752941 0.921569
0.756863 0.921569
0.760784 0.921569
0.764706 0.921569
0.768627 0.921569
0.772549 0.921569
0.776471 0.921569
0.780392 0.921569
0.784314 0.921569
0.788235 0.921569
0.792157 0.921569
0.796078 0.921569
0.800000 0.921569
0.803922 0.921569
0.807843 0.921569
0.811765 0.921569
0.815686 0.921569
0.819608 0.921569
0.823529 0.921569
0.827451 0.921569
0.831373 0.921569
0.835294 0.921569
0.839216 0.921569
0.843137 0.921569
0.847059 0.921569
0.850980 0.921569
0.854902 0.921569
0.858824 0.921569
0.862745 0.921569
0.866667 0.921569
0.870588 0.921569
0.874510 0.921569
0.878431 0.921569
0.882353 0.921569
0.886275 0.921569
0.890196 0.921569
0.894118 0.921569
0.898039 0.921569
0.901961 0.921569
0.905882 0.921569
0.909804 0.921569
0.913725 0.921569
0.917647 0.921569
0.921569 0.921569
0.925490 0.921569
0.929412 0.921569
0.933333 0.921569
0.937255 0.921569
0.941176 0.921569
0.945098 0.921569
0.949020 0.921569
0.952941 0.921569
0.956863 0.921569
0.960784 0.921569
0.964706 0.921569
0.968627 0.921569
0.972549 0.921569
0.976471 0.921569
0.980392 0.921569
0.984314 0.921569
0.988235 0.921569
0.992157 0.921569
0.996078 0.921569
1.000000 0.921569

i = 2360.000000 0.925490
0.003922 0.925490
0.007843 0.925490
0.011765 0.925490
0.015686 0.925490
0.019608 0.925490
0.023529 0.925490
0.027451 0.925490
0.031373 0.925490
0.035294 0.925490
0.039216 0.925490
0.043137 0.925490
0.047059 0.925490
0.050980 0.925490
0.054902 0.925490
0.058824 0.925490
0.062745 0.925490
0.066667 0.925490
0.070588 0.925490
0.074510 0.925490
0.078431 0.925490
0.082353 0.925490
0.086275 0.925490
0.090196 0.925490
0.094118 0.925490
0.098039 0.925490
0.101961 0.925490
0.105882 0.925490
0.109804 0.925490
0.113725 0.925490
0.117647 0.925490
0.121569 0.925490
0.125490 0.925490
0.129412 0.925490
0.133333 0.925490
0.137255 0.925490
0.141176 0.925490
0.145098 0.925490
0.149020 0.925490
0.152941 0.925490
0.156863 0.925490
0.160784 0.925490
0.164706 0.925490
0.168627 0.925490
0.172549 0.925490
0.176471 0.925490
0.180392 0.925490
0.184314 0.925490
0.188235 0.925490
0.192157 0.925490
0.196078 0.925490
0.200000 0.925490
0.203922 0.925490
0.207843 0.925490
0.211765 0.925490
0.215686 0.925490
0.219608 0.925490
0.223529 0.925490
0.227451 0.925490
0.231373 0.925490
0.235294 0.925490
0.239216 0.925490
0.243137 0.925490
0.247059 0.925490
0.250980 0.925490
0.254902 0.925490
0.258824 0.925490
0.262745 0.925490
0.266667 0.925490
0.270588 0.925490
0.274510 0.925490
0.278431 0.925490
0.282353 0.925490
0.286275 0.925490
0.290196 0.925490
0.294118 0.925490
0.298039 0.925490
0.301961 0.925490
0.305882 0.925490
0.309804 0.925490
0.313726 0.925490
0.317647 0.925490
0.321569 0.925490
0.325490 0.925490
0.329412 0.925490
0.333333 0.925490
0.337255 0.925490
0.341176 0.925490
0.345098 0.925490
0.349020 0.925490
0.352941 0.925490
0.356863 0.925490
0.360784 0.925490
0.364706 0.925490
0.368627 0.925490
0.372549 0.925490
0.376471 0.925490
0.380392 0.925490
0.384314 0.925490
0.388235 0.925490
0.392157 0.925490
0.396078 0.925490
0.400000 0.925490
0.403922 0.925490
0.407843 0.925490
0.411765 0.925490
0.415686 0.925490
0.419608 0.925490
0.423529 0.925490
0.427451 0.925490
0.431373 0.925490
0.435294 0.925490
0.439216 0.925490
0.443137 0.925490
0.447059 0.925490
0.450980 0.925490
0.454902 0.925490
0.458824 0.925490
0.462745 0.925490
0.466667 0.925490
0.470588 0.925490
0.474510 0.925490
0.478431 0.925490
0.482353 0.925490
0.486275 0.925490
0.490196 0.925490
0.494118 0.925490
0.498039 0.925490
0.501961 0.925490
0.505882 0.925490
0.509804 0.925490
0.513726 0.925490
0.517647 0.925490
0.521569 0.925490
0.525490 0.925490
0.529412 0.925490
0.533333 0.925490
0.537255 0.925490
0.541176 0.925490
0.545098 0.925490
0.549020 0.925490
0.552941 0.925490
0.556863 0.925490
0.560784 0.925490
0.564706 0.925490
0.568627 0.925490
0.572549 0.925490
0.576471 0.925490
0.580392 0.925490
0.584314 0.925490
0.588235 0.925490
0.592157 0.925490
0.596078 0.925490
0.600000 0.925490
0.603922 0.925490
0.607843 0.925490
0.611765 0.925490
0.615686 0.925490
0.619608 0.925490
0.623529 0.925490
0.627451 0.925490
0.631373 0.925490
0.635294 0.925490
0.639216 0.925490
0.643137 0.925490
0.647059 0.925490
0.650980 0.925490
0.654902 0.925490
0.658824 0.925490
0.662745 0.925490
0.666667 0.925490
0.670588 0.925490
0.674510 0.925490
0.678431 0.925490
0.682353 0.925490
0.686275 0.925490
0.690196 0.925490
0.694118 0.925490
0.698039 0.925490
0.701961 0.925490
0.705882 0.925490
0.709804 0.925490
0.713726 0.925490
0.717647 0.925490
0.721569 0.925490
0.725490 0.925490
0.729412 0.925490
0.733333 0.925490
0.737255 0.925490
0.741176 0.925490
0.745098 0.925490
0.749020 0.925490
0.752941 0.925490
0.756863 0.925490
0.760784 0.925490
0.764706 0.925490
0.768627 0.925490
0.772549 0.925490
0.776471 0.925490
0.780392 0.925490
0.784314 0.925490
0.788235 0.925490
0.792157 0.925490
0.796078 0.925490
0.800000 0.925490
0.803922 0.925490
0.807843 0.925490
0.811765 0.925490
0.815686 0.925490
0.819608 0.925490
0.823529 0.925490
0.827451 0.925490
0.831373 0.925490
0.835294 0.925490
0.839216 0.925490
0.843137 0.925490
0.847059 0.925490
0.850980 0.925490
0.854902 0.925490
0.858824 0.925490
0.862745 0.925490
0.866667 0.925490
0.870588 0.925490
0.874510 0.925490
0.878431 0.925490
0.882353 0.925490
0.886275 0.925490
0.890196 0.925490
0.894118 0.925490
0.898039 0.925490
0.901961 0.925490
0.905882 0.925490
0.909804 0.925490
0.913725 0.925490
0.917647 0.925490
0.921569 0.925490
0.925490 0.925490
0.929412 0.925490
0.933333 0.925490
0.937255 0.925490
0.941176 0.925490
0.945098 0.925490
0.949020 0.925490
0.952941 0.925490
0.956863 0.925490
0.960784 0.925490
0.964706 0.925490
0.968627 0.925490
0.972549 0.925490
0.976471 0.925490
0.980392 0.925490
0.984314 0.925490
0.988235 0.925490
0.992157 0.925490
0.996078 0.925490
1.000000 0.925490

i = 2370.000000 0.929412
0.003922 0.929412
0.007843 0.929412
0.011765 0.929412
0.015686 0.929412
0.019608 0.929412
0.023529 0.929412
0.027451 0.929412
0.031373 0.929412
0.035294 0.929412
0.039216 0.929412
0.043137 0.929412
0.047059 0.929412
0.050980 0.929412
0.054902 0.929412
0.058824 0.929412
0.062745 0.929412
0.066667 0.929412
0.070588 0.929412
0.074510 0.929412
0.078431 0.929412
0.082353 0.929412
0.086275 0.929412
0.090196 0.929412
0.094118 0.929412
0.098039 0.929412
0.101961 0.929412
0.105882 0.929412
0.109804 0.929412
0.113725 0.929412
0.117647 0.929412
0.121569 0.929412
0.125490 0.929412
0.129412 0.929412
0.133333 0.929412
0.137255 0.929412
0.141176 0.929412
0.145098 0.929412
0.149020 0.929412
0.152941 0.929412
0.156863 0.929412
0.160784 0.929412
0.164706 0.929412
0.168627 0.929412
0.172549 0.929412
0.176471 0.929412
0.180392 0.929412
0.184314 0.929412
0.188235 0.929412
0.192157 0.929412
0.196078 0.929412
0.200000 0.929412
0.203922 0.929412
0.207843 0.929412
0.211765 0.929412
0.215686 0.929412
0.219608 0.929412
0.223529 0.929412
0.227451 0.929412
0.231373 0.929412
0.235294 0.929412
0.239216 0.929412
0.243137 0.929412
0.247059 0.929412
0.250980 0.929412
0.254902 0.929412
0.258824 0.929412
0.262745 0.929412
0.266667 0.929412
0.270588 0.929412
0.274510 0.929412
0.278431 0.929412
0.282353 0.929412
0.286275 0.929412
0.290196 0.929412
0.294118 0.929412
0.298039 0.929412
0.301961 0.929412
0.305882 0.929412
0.309804 0.929412
0.313726 0.929412
0.317647 0.929412
0.321569 0.929412
0.325490 0.929412
0.329412 0.929412
0.333333 0.929412
0.337255 0.929412
0.341176 0.929412
0.345098 0.929412
0.349020 0.929412
0.352941 0.929412
0.356863 0.929412
0.360784 0.929412
0.364706 0.929412
0.368627 0.929412
0.372549 0.929412
0.376471 0.929412
0.380392 0.929412
0.384314 0.929412
0.388235 0.929412
0.392157 0.929412
0.396078 0.929412
0.400000 0.929412
0.403922 0.929412
0.407843 0.929412
0.411765 0.929412
0.415686 0.929412
0.419608 0.929412
0.423529 0.929412
0.427451 0.929412
0.431373 0.929412
0.435294 0.929412
0.439216 0.929412
0.443137 0.929412
0.447059 0.929412
0.450980 0.929412
0.454902 0.929412
0.458824 0.929412
0.462745 0.929412
0.466667 0.929412
0.470588 0.929412
0.474510 0.929412
0.478431 0.929412
0.482353 0.929412
0.486275 0.929412
0.490196 0.929412
0.494118 0.929412
0.498039 0.929412
0.501961 0.929412
0.505882 0.929412
0.509804 0.929412
0.513726 0.929412
0.517647 0.929412
0.521569 0.929412
0.525490 0.929412
0.529412 0.929412
0.533333 0.929412
0.537255 0.929412
0.541176 0.929412
0.545098 0.929412
0.549020 0.929412
0.552941 0.929412
0.556863 0.929412
0.560784 0.929412
0.564706 0.929412
0.568627 0.929412
0.572549 0.929412
0.576471 0.929412
0.580392 0.929412
0.584314 0.929412
0.588235 0.929412
0.592157 0.929412
0.596078 0.929412
0.600000 0.929412
0.603922 0.929412
0.607843 0.929412
0.611765 0.929412
0.615686 0.929412
0.619608 0.929412
0.623529 0.929412
0.627451 0.929412
0.631373 0.929412
0.635294 0.929412
0.639216 0.929412
0.643137 0.929412
0.647059 0.929412
0.650980 0.929412
0.654902 0.929412
0.658824 0.929412
0.662745 0.929412
0.666667 0.929412
0.670588 0.929412
0.674510 0.929412
0.678431 0.929412
0.682353 0.929412
0.686275 0.929412
0.690196 0.929412
0.694118 0.929412
0.698039 0.929412
0.701961 0.929412
0.705882 0.929412
0.709804 0.929412
0.713726 0.929412
0.717647 0.929412
0.721569 0.929412
0.725490 0.929412
0.729412 0.929412
0.733333 0.929412
0.737255 0.929412
0.741176 0.929412
0.745098 0.929412
0.749020 0.929412
0.752941 0.929412
0.756863 0.929412
0.760784 0.929412
0.764706 0.929412
0.768627 0.929412
0.772549 0.929412
0.776471 0.929412
0.780392 0.929412
0.784314 0.929412
0.788235 0.929412
0.792157 0.929412
0.796078 0.929412
0.800000 0.929412
0.803922 0.929412
0.807843 0.929412
0.811765 0.929412
0.815686 0.929412
0.819608 0.929412
0.823529 0.929412
0.827451 0.929412
0.831373 0.929412
0.835294 0.929412
0.839216 0.929412
0.843137 0.929412
0.847059 0.929412
0.850980 0.929412
0.854902 0.929412
0.858824 0.929412
0.862745 0.929412
0.866667 0.929412
0.870588 0.929412
0.874510 0.929412
0.878431 0.929412
0.882353 0.929412
0.886275 0.929412
0.890196 0.929412
0.894118 0.929412
0.898039 0.929412
0.901961 0.929412
0.905882 0.929412
0.909804 0.929412
0.913725 0.929412
0.917647 0.929412
0.921569 0.929412
0.925490 0.929412
0.929412 0.929412
0.933333 0.929412
0.937255 0.929412
0.941176 0.929412
0.945098 0.929412
0.949020 0.929412
0.952941 0.929412
0.956863 0.929412
0.960784 0.929412
0.964706 0.929412
0.968627 0.929412
0.972549 0.929412
0.976471 0.929412
0.980392 0.929412
0.984314 0.929412
0.988235 0.929412
0.992157 0.929412
0.996078 0.929412
1.000000 0.929412

i = 2380.000000 0.933333
0.003922 0.933333
0.007843 0.933333
0.011765 0.933333
0.015686 0.933333
0.019608 0.933333
0.023529 0.933333
0.027451 0.933333
0.031373 0.933333
0.035294 0.933333
0.039216 0.933333
0.043137 0.933333
0.047059 0.933333
0.050980 0.933333
0.054902 0.933333
0.058824 0.933333
0.062745 0.933333
0.066667 0.933333
0.070588 0.933333
0.074510 0.933333
0.078431 0.933333
0.082353 0.933333
0.086275 0.933333
0.090196 0.933333
0.094118 0.933333
0.098039 0.933333
0.101961 0.933333
0.105882 0.933333
0.109804 0.933333
0.113725 0.933333
0.117647 0.933333
0.121569 0.933333
0.125490 0.933333
0.129412 0.933333
0.133333 0.933333
0.137255 0.933333
0.141176 0.933333
0.145098 0.933333
0.149020 0.933333
0.152941 0.933333
0.156863 0.933333
0.160784 0.933333
0.164706 0.933333
0.168627 0.933333
0.172549 0.933333
0.176471 0.933333
0.180392 0.933333
0.184314 0.933333
0.188235 0.933333
0.192157 0.933333
0.196078 0.933333
0.200000 0.933333
0.203922 0.933333
0.207843 0.933333
0.211765 0.933333
0.215686 0.933333
0.219608 0.933333
0.223529 0.933333
0.227451 0.933333
0.231373 0.933333
0.235294 0.933333
0.239216 0.933333
0.243137 0.933333
0.247059 0.933333
0.250980 0.933333
0.254902 0.933333
0.258824 0.933333
0.262745 0.933333
0.266667 0.933333
0.270588 0.933333
0.274510 0.933333
0.278431 0.933333
0.282353 0.933333
0.286275 0.933333
0.290196 0.933333
0.294118 0.933333
0.298039 0.933333
0.301961 0.933333
0.305882 0.933333
0.309804 0.933333
0.313726 0.933333
0.317647 0.933333
0.321569 0.933333
0.325490 0.933333
0.329412 0.933333
0.333333 0.933333
0.337255 0.933333
0.341176 0.933333
0.345098 0.933333
0.349020 0.933333
0.352941 0.933333
0.356863 0.933333
0.360784 0.933333
0.364706 0.933333
0.368627 0.933333
0.372549 0.933333
0.376471 0.933333
0.380392 0.933333
0.384314 0.933333
0.388235 0.933333
0.392157 0.933333
0.396078 0.933333
0.400000 0.933333
0.403922 0.933333
0.407843 0.933333
0.411765 0.933333
0.415686 0.933333
0.419608 0.933333
0.423529 0.933333
0.427451 0.933333
0.431373 0.933333
0.435294 0.933333
0.439216 0.933333
0.443137 0.933333
0.447059 0.933333
0.450980 0.933333
0.454902 0.933333
0.458824 0.933333
0.462745 0.933333
0.466667 0.933333
0.470588 0.933333
0.474510 0.933333
0.478431 0.933333
0.482353 0.933333
0.486275 0.933333
0.490196 0.933333
0.494118 0.933333
0.498039 0.933333
0.501961 0.933333
0.505882 0.933333
0.509804 0.933333
0.513726 0.933333
0.517647 0.933333
0.521569 0.933333
0.525490 0.933333
0.529412 0.933333
0.533333 0.933333
0.537255 0.933333
0.541176 0.933333
0.545098 0.933333
0.549020 0.933333
0.552941 0.933333
0.556863 0.933333
0.560784 0.933333
0.564706 0.933333
0.568627 0.933333
0.572549 0.933333
0.576471 0.933333
0.580392 0.933333
0.584314 0.933333
0.588235 0.933333
0.592157 0.933333
0.596078 0.933333
0.600000 0.933333
0.603922 0.933333
0.607843 0.933333
0.611765 0.933333
0.615686 0.933333
0.619608 0.933333
0.623529 0.933333
0.627451 0.933333
0.631373 0.933333
0.635294 0.933333
0.639216 0.933333
0.643137 0.933333
0.647059 0.933333
0.650980 0.933333
0.654902 0.933333
0.658824 0.933333
0.662745 0.933333
0.666667 0.933333
0.670588 0.933333
0.674510 0.933333
0.678431 0.933333
0.682353 0.933333
0.686275 0.933333
0.690196 0.933333
0.694118 0.933333
0.698039 0.933333
0.701961 0.933333
0.705882 0.933333
0.709804 0.933333
0.713726 0.933333
0.717647 0.933333
0.721569 0.933333
0.725490 0.933333
0.729412 0.933333
0.733333 0.933333
0.737255 0.933333
0.741176 0.933333
0.745098 0.933333
0.749020 0.933333
0.752941 0.933333
0.756863 0.933333
0.760784 0.933333
0.764706 0.933333
0.768627 0.933333
0.772549 0.933333
0.776471 0.933333
0.780392 0.933333
0.784314 0.933333
0.788235 0.933333
0.792157 0.933333
0.796078 0.933333
0.800000 0.933333
0.803922 0.933333
0.807843 0.933333
0.811765 0.933333
0.815686 0.933333
0.819608 0.933333
0.823529 0.933333
0.827451 0.933333
0.831373 0.933333
0.835294 0.933333
0.839216 0.933333
0.843137 0.933333
0.847059 0.933333
0.850980 0.933333
0.854902 0.933333
0.858824 0.933333
0.862745 0.933333
0.866667 0.933333
0.870588 0.933333
0.874510 0.933333
0.878431 0.933333
0.882353 0.933333
0.886275 0.933333
0.890196 0.933333
0.894118 0.933333
0.898039 0.933333
0.901961 0.933333
0.905882 0.933333
0.909804 0.933333
0.913725 0.933333
0.917647 0.933333
0.921569 0.933333
0.925490 0.933333
0.929412 0.933333
0.933333 0.933333
0.937255 0.933333
0.941176 0.933333
0.945098 0.933333
0.949020 0.933333
0.952941 0.933333
0.956863 0.933333
0.960784 0.933333
0.964706 0.933333
0.968627 0.933333
0.972549 0.933333
0.976471 0.933333
0.980392 0.933333
0.984314 0.933333
0.988235 0.933333
0.992157 0.933333
0.996078 0.933333
1.000000 0.933333

i = 2390.000000 0.937255
0.003922 0.937255
0.007843 0.937255
0.011765 0.937255
0.015686 0.937255
0.019608 0.937255
0.023529 0.937255
0.027451 0.937255
0.031373 0.937255
0.035294 0.937255
0.039216 0.937255
0.043137 0.937255
0.047059 0.937255
0.050980 0.937255
0.054902 0.937255
0.058824 0.937255
0.062745 0.937255
0.066667 0.937255
0.070588 0.937255
0.074510 0.937255
0.078431 0.937255
0.082353 0.937255
0.086275 0.937255
0.090196 0.937255
0.094118 0.937255
0.098039 0.937255
0.101961 0.937255
0.105882 0.937255
0.109804 0.937255
0.113725 0.937255
0.117647 0.937255
0.121569 0.937255
0.125490 0.937255
0.129412 0.937255
0.133333 0.937255
0.137255 0.937255
0.141176 0.937255
0.145098 0.937255
0.149020 0.937255
0.152941 0.937255
0.156863 0.937255
0.160784 0.937255
0.164706 0.937255
0.168627 0.937255
0.172549 0.937255
0.176471 0.937255
0.180392 0.937255
0.184314 0.937255
0.188235 0.937255
0.192157 0.937255
0.196078 0.937255
0.200000 0.937255
0.203922 0.937255
0.207843 0.937255
0.211765 0.937255
0.215686 0.937255
0.219608 0.937255
0.223529 0.937255
0.227451 0.937255
0.231373 0.937255
0.235294 0.937255
0.239216 0.937255
0.243137 0.937255
0.247059 0.937255
0.250980 0.937255
0.254902 0.937255
0.258824 0.937255
0.262745 0.937255
0.266667 0.937255
0.270588 0.937255
0.274510 0.937255
0.278431 0.937255
0.282353 0.937255
0.286275 0.937255
0.290196 0.937255
0.294118 0.937255
0.298039 0.937255
0.301961 0.937255
0.305882 0.937255
0.309804 0.937255
0.313726 0.937255
0.317647 0.937255
0.321569 0.937255
0.325490 0.937255
0.329412 0.937255
0.333333 0.937255
0.337255 0.937255
0.341176 0.937255
0.345098 0.937255
0.349020 0.937255
0.352941 0.937255
0.356863 0.937255
0.360784 0.937255
0.364706 0.937255
0.368627 0.937255
0.372549 0.937255
0.376471 0.937255
0.380392 0.937255
0.384314 0.937255
0.388235 0.937255
0.392157 0.937255
0.396078 0.937255
0.400000 0.937255
0.403922 0.937255
0.407843 0.937255
0.411765 0.937255
0.415686 0.937255
0.419608 0.937255
0.423529 0.937255
0.427451 0.937255
0.431373 0.937255
0.435294 0.937255
0.439216 0.937255
0.443137 0.937255
0.447059 0.937255
0.450980 0.937255
0.454902 0.937255
0.458824 0.937255
0.462745 0.937255
0.466667 0.937255
0.470588 0.937255
0.474510 0.937255
0.478431 0.937255
0.482353 0.937255
0.486275 0.937255
0.490196 0.937255
0.494118 0.937255
0.498039 0.937255
0.501961 0.937255
0.505882 0.937255
0.509804 0.937255
0.513726 0.937255
0.517647 0.937255
0.521569 0.937255
0.525490 0.937255
0.529412 0.937255
0.533333 0.937255
0.537255 0.937255
0.541176 0.937255
0.545098 0.937255
0.549020 0.937255
0.552941 0.937255
0.556863 0.937255
0.560784 0.937255
0.564706 0.937255
0.568627 0.937255
0.572549 0.937255
0.576471 0.937255
0.580392 0.937255
0.584314 0.937255
0.588235 0.937255
0.592157 0.937255
0.596078 0.937255
0.600000 0.937255
0.603922 0.937255
0.607843 0.937255
0.611765 0.937255
0.615686 0.937255
0.619608 0.937255
0.623529 0.937255
0.627451 0.937255
0.631373 0.937255
0.635294 0.937255
0.639216 0.937255
0.643137 0.937255
0.647059 0.937255
0.650980 0.937255
0.654902 0.937255
0.658824 0.937255
0.662745 0.937255
0.666667 0.937255
0.670588 0.937255
0.674510 0.937255
0.678431 0.937255
0.682353 0.937255
0.686275 0.937255
0.690196 0.937255
0.694118 0.937255
0.698039 0.937255
0.701961 0.937255
0.705882 0.937255
0.709804 0.937255
0.713726 0.937255
0.717647 0.937255
0.721569 0.937255
0.725490 0.937255
0.729412 0.937255
0.733333 0.937255
0.737255 0.937255
0.741176 0.937255
0.745098 0.937255
0.749020 0.937255
0.752941 0.937255
0.756863 0.937255
0.760784 0.937255
0.764706 0.937255
0.768627 0.937255
0.772549 0.937255
0.776471 0.937255
0.780392 0.937255
0.784314 0.937255
0.788235 0.937255
0.792157 0.937255
0.796078 0.937255
0.800000 0.937255
0.803922 0.937255
0.807843 0.937255
0.811765 0.937255
0.815686 0.937255
0.819608 0.937255
0.823529 0.937255
0.827451 0.937255
0.831373 0.937255
0.835294 0.937255
0.839216 0.937255
0.843137 0.937255
0.847059 0.937255
0.850980 0.937255
0.854902 0.937255
0.858824 0.937255
0.862745 0.937255
0.866667 0.937255
0.870588 0.937255
0.874510 0.937255
0.878431 0.937255
0.882353 0.937255
0.886275 0.937255
0.890196 0.937255
0.894118 0.937255
0.898039 0.937255
0.901961 0.937255
0.905882 0.937255
0.909804 0.937255
0.913725 0.937255
0.917647 0.937255
0.921569 0.937255
0.925490 0.937255
0.929412 0.937255
0.933333 0.937255
0.937255 0.937255
0.941176 0.937255
0.945098 0.937255
0.949020 0.937255
0.952941 0.937255
0.956863 0.937255
0.960784 0.937255
0.964706 0.937255
0.968627 0.937255
0.972549 0.937255
0.976471 0.937255
0.980392 0.937255
0.984314 0.937255
0.988235 0.937255
0.992157 0.937255
0.996078 0.937255
1.000000 0.937255

i = 2400.000000 0.941176
0.003922 0.941176
0.007843 0.941176
0.011765 0.941176
0.015686 0.941176
0.019608 0.941176
0.023529 0.941176
0.027451 0.941176
0.031373 0.941176
0.035294 0.941176
0.039216 0.941176
0.043137 0.941176
0.047059 0.941176
0.050980 0.941176
0.054902 0.941176
0.058824 0.941176
0.062745 0.941176
0.066667 0.941176
0.070588 0.941176
0.074510 0.941176
0.078431 0.941176
0.082353 0.941176
0.086275 0.941176
0.090196 0.941176
0.094118 0.941176
0.098039 0.941176
0.101961 0.941176
0.105882 0.941176
0.109804 0.941176
0.113725 0.941176
0.117647 0.941176
0.121569 0.941176
0.125490 0.941176
0.129412 0.941176
0.133333 0.941176
0.137255 0.941176
0.141176 0.941176
0.145098 0.941176
0.149020 0.941176
0.152941 0.941176
0.156863 0.941176
0.160784 0.941176
0.164706 0.941176
0.168627 0.941176
0.172549 0.941176
0.176471 0.941176
0.180392 0.941176
0.184314 0.941176
0.188235 0.941176
0.192157 0.941176
0.196078 0.941176
0.200000 0.941176
0.203922 0.941176
0.207843 0.941176
0.211765 0.941176
0.215686 0.941176
0.219608 0.941176
0.223529 0.941176
0.227451 0.941176
0.231373 0.941176
0.235294 0.941176
0.239216 0.941176
0.243137 0.941176
0.247059 0.941176
0.250980 0.941176
0.254902 0.941176
0.258824 0.941176
0.262745 0.941176
0.266667 0.941176
0.270588 0.941176
0.274510 0.941176
0.278431 0.941176
0.282353 0.941176
0.286275 0.941176
0.290196 0.941176
0.294118 0.941176
0.298039 0.941176
0.301961 0.941176
0.305882 0.941176
0.309804 0.941176
0.313726 0.941176
0.317647 0.941176
0.321569 0.941176
0.325490 0.941176
0.329412 0.941176
0.333333 0.941176
0.337255 0.941176
0.341176 0.941176
0.345098 0.941176
0.349020 0.941176
0.352941 0.941176
0.356863 0.941176
0.360784 0.941176
0.364706 0.941176
0.368627 0.941176
0.372549 0.941176
0.376471 0.941176
0.380392 0.941176
0.384314 0.941176
0.388235 0.941176
0.392157 0.941176
0.396078 0.941176
0.400000 0.941176
0.403922 0.941176
0.407843 0.941176
0.411765 0.941176
0.415686 0.941176
0.419608 0.941176
0.423529 0.941176
0.427451 0.941176
0.431373 0.941176
0.435294 0.941176
0.439216 0.941176
0.443137 0.941176
0.447059 0.941176
0.450980 0.941176
0.454902 0.941176
0.458824 0.941176
0.462745 0.941176
0.466667 0.941176
0.470588 0.941176
0.474510 0.941176
0.478431 0.941176
0.482353 0.941176
0.486275 0.941176
0.490196 0.941176
0.494118 0.941176
0.498039 0.941176
0.501961 0.941176
0.505882 0.941176
0.509804 0.941176
0.513726 0.941176
0.517647 0.941176
0.521569 0.941176
0.525490 0.941176
0.529412 0.941176
0.533333 0.941176
0.537255 0.941176
0.541176 0.941176
0.545098 0.941176
0.549020 0.941176
0.552941 0.941176
0.556863 0.941176
0.560784 0.941176
0.564706 0.941176
0.568627 0.941176
0.572549 0.941176
0.576471 0.941176
0.580392 0.941176
0.584314 0.941176
0.588235 0.941176
0.592157 0.941176
0.596078 0.941176
0.600000 0.941176
0.603922 0.941176
0.607843 0.941176
0.611765 0.941176
0.615686 0.941176
0.619608 0.941176
0.623529 0.941176
0.627451 0.941176
0.631373 0.941176
0.635294 0.941176
0.639216 0.941176
0.643137 0.941176
0.647059 0.941176
0.650980 0.941176
0.654902 0.941176
0.658824 0.941176
0.662745 0.941176
0.666667 0.941176
0.670588 0.941176
0.674510 0.941176
0.678431 0.941176
0.682353 0.941176
0.686275 0.941176
0.690196 0.941176
0.694118 0.941176
0.698039 0.941176
0.701961 0.941176
0.705882 0.941176
0.709804 0.941176
0.713726 0.941176
0.717647 0.941176
0.721569 0.941176
0.725490 0.941176
0.729412 0.941176
0.733333 0.941176
0.737255 0.941176
0.741176 0.941176
0.745098 0.941176
0.749020 0.941176
0.752941 0.941176
0.756863 0.941176
0.760784 0.941176
0.764706 0.941176
0.768627 0.941176
0.772549 0.941176
0.776471 0.941176
0.780392 0.941176
0.784314 0.941176
0.788235 0.941176
0.792157 0.941176
0.796078 0.941176
0.800000 0.941176
0.803922 0.941176
0.807843 0.941176
0.811765 0.941176
0.815686 0.941176
0.819608 0.941176
0.823529 0.941176
0.827451 0.941176
0.831373 0.941176
0.835294 0.941176
0.839216 0.941176
0.843137 0.941176
0.847059 0.941176
0.850980 0.941176
0.854902 0.941176
0.858824 0.941176
0.862745 0.941176
0.866667 0.941176
0.870588 0.941176
0.874510 0.941176
0.878431 0.941176
0.882353 0.941176
0.886275 0.941176
0.890196 0.941176
0.894118 0.941176
0.898039 0.941176
0.901961 0.941176
0.905882 0.941176
0.909804 0.941176
0.913725 0.941176
0.917647 0.941176
0.921569 0.941176
0.925490 0.941176
0.929412 0.941176
0.933333 0.941176
0.937255 0.941176
0.941176 0.941176
0.945098 0.941176
0.949020 0.941176
0.952941 0.941176
0.956863 0.941176
0.960784 0.941176
0.964706 0.941176
0.968627 0.941176
0.972549 0.941176
0.976471 0.941176
0.980392 0.941176
0.984314 0.941176
0.988235 0.941176
0.992157 0.941176
0.996078 0.941176
1.000000 0.941176

i = 2410.000000 0.945098
0.003922 0.945098
0.007843 0.945098
0.011765 0.945098
0.015686 0.945098
0.019608 0.945098
0.023529 0.945098
0.027451 0.945098
0.031373 0.945098
0.035294 0.945098
0.039216 0.945098
0.043137 0.945098
0.047059 0.945098
0.050980 0.945098
0.054902 0.945098
0.058824 0.945098
0.062745 0.945098
0.066667 0.945098
0.070588 0.945098
0.074510 0.945098
0.078431 0.945098
0.082353 0.945098
0.086275 0.945098
0.090196 0.945098
0.094118 0.945098
0.098039 0.945098
0.101961 0.945098
0.105882 0.945098
0.109804 0.945098
0.113725 0.945098
0.117647 0.945098
0.121569 0.945098
0.125490 0.945098
0.129412 0.945098
0.133333 0.945098
0.137255 0.945098
0.141176 0.945098
0.145098 0.945098
0.149020 0.945098
0.152941 0.945098
0.156863 0.945098
0.160784 0.945098
0.164706 0.945098
0.168627 0.945098
0.172549 0.945098
0.176471 0.945098
0.180392 0.945098
0.184314 0.945098
0.188235 0.945098
0.192157 0.945098
0.196078 0.945098
0.200000 0.945098
0.203922 0.945098
0.207843 0.945098
0.211765 0.945098
0.215686 0.945098
0.219608 0.945098
0.223529 0.945098
0.227451 0.945098
0.231373 0.945098
0.235294 0.945098
0.239216 0.945098
0.243137 0.945098
0.247059 0.945098
0.250980 0.945098
0.254902 0.945098
0.258824 0.945098
0.262745 0.945098
0.266667 0.945098
0.270588 0.945098
0.274510 0.945098
0.278431 0.945098
0.282353 0.945098
0.286275 0.945098
0.290196 0.945098
0.294118 0.945098
0.298039 0.945098
0.301961 0.945098
0.305882 0.945098
0.309804 0.945098
0.313726 0.945098
0.317647 0.945098
0.321569 0.945098
0.325490 0.945098
0.329412 0.945098
0.333333 0.945098
0.337255 0.945098
0.341176 0.945098
0.345098 0.945098
0.349020 0.945098
0.352941 0.945098
0.356863 0.945098
0.360784 0.945098
0.364706 0.945098
0.368627 0.945098
0.372549 0.945098
0.376471 0.945098
0.380392 0.945098
0.384314 0.945098
0.388235 0.945098
0.392157 0.945098
0.396078 0.945098
0.400000 0.945098
0.403922 0.945098
0.407843 0.945098
0.411765 0.945098
0.415686 0.945098
0.419608 0.945098
0.423529 0.945098
0.427451 0.945098
0.431373 0.945098
0.435294 0.945098
0.439216 0.945098
0.443137 0.945098
0.447059 0.945098
0.450980 0.945098
0.454902 0.945098
0.458824 0.945098
0.462745 0.945098
0.466667 0.945098
0.470588 0.945098
0.474510 0.945098
0.478431 0.945098
0.482353 0.945098
0.486275 0.945098
0.490196 0.945098
0.494118 0.945098
0.498039 0.945098
0.501961 0.945098
0.505882 0.945098
0.509804 0.945098
0.513726 0.945098
0.517647 0.945098
0.521569 0.945098
0.525490 0.945098
0.529412 0.945098
0.533333 0.945098
0.537255 0.945098
0.541176 0.945098
0.545098 0.945098
0.549020 0.945098
0.552941 0.945098
0.556863 0.945098
0.560784 0.945098
0.564706 0.945098
0.568627 0.945098
0.572549 0.945098
0.576471 0.945098
0.580392 0.945098
0.584314 0.945098
0.588235 0.945098
0.592157 0.945098
0.596078 0.945098
0.600000 0.945098
0.603922 0.945098
0.607843 0.945098
0.611765 0.945098
0.615686 0.945098
0.619608 0.945098
0.623529 0.945098
0.627451 0.945098
0.631373 0.945098
0.635294 0.945098
0.639216 0.945098
0.643137 0.945098
0.647059 0.945098
0.650980 0.945098
0.654902 0.945098
0.658824 0.945098
0.662745 0.945098
0.666667 0.945098
0.670588 0.945098
0.674510 0.945098
0.678431 0.945098
0.682353 0.945098
0.686275 0.945098
0.690196 0.945098
0.694118 0.945098
0.698039 0.945098
0.701961 0.945098
0.705882 0.945098
0.709804 0.945098
0.713726 0.945098
0.717647 0.945098
0.721569 0.945098
0.725490 0.945098
0.729412 0.945098
0.733333 0.945098
0.737255 0.945098
0.741176 0.945098
0.745098 0.945098
0.749020 0.945098
0.752941 0.945098
0.756863 0.945098
0.760784 0.945098
0.764706 0.945098
0.768627 0.945098
0.772549 0.945098
0.776471 0.945098
0.780392 0.945098
0.784314 0.945098
0.788235 0.945098
0.792157 0.945098
0.796078 0.945098
0.800000 0.945098
0.803922 0.945098
0.807843 0.945098
0.811765 0.945098
0.815686 0.945098
0.819608 0.945098
0.823529 0.945098
0.827451 0.945098
0.831373 0.945098
0.835294 0.945098
0.839216 0.945098
0.843137 0.945098
0.847059 0.945098
0.850980 0.945098
0.854902 0.945098
0.858824 0.945098
0.862745 0.945098
0.866667 0.945098
0.870588 0.945098
0.874510 0.945098
0.878431 0.945098
0.882353 0.945098
0.886275 0.945098
0.890196 0.945098
0.894118 0.945098
0.898039 0.945098
0.901961 0.945098
0.905882 0.945098
0.909804 0.945098
0.913725 0.945098
0.917647 0.945098
0.921569 0.945098
0.925490 0.945098
0.929412 0.945098
0.933333 0.945098
0.937255 0.945098
0.941176 0.945098
0.945098 0.945098
0.949020 0.945098
0.952941 0.945098
0.956863 0.945098
0.960784 0.945098
0.964706 0.945098
0.968627 0.945098
0.972549 0.945098
0.976471 0.945098
0.980392 0.945098
0.984314 0.945098
0.988235 0.945098
0.992157 0.945098
0.996078 0.945098
1.000000 0.945098

i = 2420.000000 0.949020
0.003922 0.949020
0.007843 0.949020
0.011765 0.949020
0.015686 0.949020
0.019608 0.949020
0.023529 0.949020
0.027451 0.949020
0.031373 0.949020
0.035294 0.949020
0.039216 0.949020
0.043137 0.949020
0.047059 0.949020
0.050980 0.949020
0.054902 0.949020
0.058824 0.949020
0.062745 0.949020
0.066667 0.949020
0.070588 0.949020
0.074510 0.949020
0.078431 0.949020
0.082353 0.949020
0.086275 0.949020
0.090196 0.949020
0.094118 0.949020
0.098039 0.949020
0.101961 0.949020
0.105882 0.949020
0.109804 0.949020
0.113725 0.949020
0.117647 0.949020
0.121569 0.949020
0.125490 0.949020
0.129412 0.949020
0.133333 0.949020
0.137255 0.949020
0.141176 0.949020
0.145098 0.949020
0.149020 0.949020
0.152941 0.949020
0.156863 0.949020
0.160784 0.949020
0.164706 0.949020
0.168627 0.949020
0.172549 0.949020
0.176471 0.949020
0.180392 0.949020
0.184314 0.949020
0.188235 0.949020
0.192157 0.949020
0.196078 0.949020
0.200000 0.949020
0.203922 0.949020
0.207843 0.949020
0.211765 0.949020
0.215686 0.949020
0.219608 0.949020
0.223529 0.949020
0.227451 0.949020
0.231373 0.949020
0.235294 0.949020
0.239216 0.949020
0.243137 0.949020
0.247059 0.949020
0.250980 0.949020
0.254902 0.949020
0.258824 0.949020
0.262745 0.949020
0.266667 0.949020
0.270588 0.949020
0.274510 0.949020
0.278431 0.949020
0.282353 0.949020
0.286275 0.949020
0.290196 0.949020
0.294118 0.949020
0.298039 0.949020
0.301961 0.949020
0.305882 0.949020
0.309804 0.949020
0.313726 0.949020
0.317647 0.949020
0.321569 0.949020
0.325490 0.949020
0.329412 0.949020
0.333333 0.949020
0.337255 0.949020
0.341176 0.949020
0.345098 0.949020
0.349020 0.949020
0.352941 0.949020
0.356863 0.949020
0.360784 0.949020
0.364706 0.949020
0.368627 0.949020
0.372549 0.949020
0.376471 0.949020
0.380392 0.949020
0.384314 0.949020
0.388235 0.949020
0.392157 0.949020
0.396078 0.949020
0.400000 0.949020
0.403922 0.949020
0.407843 0.949020
0.411765 0.949020
0.415686 0.949020
0.419608 0.949020
0.423529 0.949020
0.427451 0.949020
0.431373 0.949020
0.435294 0.949020
0.439216 0.949020
0.443137 0.949020
0.447059 0.949020
0.450980 0.949020
0.454902 0.949020
0.458824 0.949020
0.462745 0.949020
0.466667 0.949020
0.470588 0.949020
0.474510 0.949020
0.478431 0.949020
0.482353 0.949020
0.486275 0.949020
0.490196 0.949020
0.494118 0.949020
0.498039 0.949020
0.501961 0.949020
0.505882 0.949020
0.509804 0.949020
0.513726 0.949020
0.517647 0.949020
0.521569 0.949020
0.525490 0.949020
0.529412 0.949020
0.533333 0.949020
0.537255 0.949020
0.541176 0.949020
0.545098 0.949020
0.549020 0.949020
0.552941 0.949020
0.556863 0.949020
0.560784 0.949020
0.564706 0.949020
0.568627 0.949020
0.572549 0.949020
0.576471 0.949020
0.580392 0.949020
0.584314 0.949020
0.588235 0.949020
0.592157 0.949020
0.596078 0.949020
0.600000 0.949020
0.603922 0.949020
0.607843 0.949020
0.611765 0.949020
0.615686 0.949020
0.619608 0.949020
0.623529 0.949020
0.627451 0.949020
0.631373 0.949020
0.635294 0.949020
0.639216 0.949020
0.643137 0.949020
0.647059 0.949020
0.650980 0.949020
0.654902 0.949020
0.658824 0.949020
0.662745 0.949020
0.666667 0.949020
0.670588 0.949020
0.674510 0.949020
0.678431 0.949020
0.682353 0.949020
0.686275 0.949020
0.690196 0.949020
0.694118 0.949020
0.698039 0.949020
0.701961 0.949020
0.705882 0.949020
0.709804 0.949020
0.713726 0.949020
0.717647 0.949020
0.721569 0.949020
0.725490 0.949020
0.729412 0.949020
0.733333 0.949020
0.737255 0.949020
0.741176 0.949020
0.745098 0.949020
0.749020 0.949020
0.752941 0.949020
0.756863 0.949020
0.760784 0.949020
0.764706 0.949020
0.768627 0.949020
0.772549 0.949020
0.776471 0.949020
0.780392 0.949020
0.784314 0.949020
0.788235 0.949020
0.792157 0.949020
0.796078 0.949020
0.800000 0.949020
0.803922 0.949020
0.807843 0.949020
0.811765 0.949020
0.815686 0.949020
0.819608 0.949020
0.823529 0.949020
0.827451 0.949020
0.831373 0.949020
0.835294 0.949020
0.839216 0.949020
0.843137 0.949020
0.847059 0.949020
0.850980 0.949020
0.854902 0.949020
0.858824 0.949020
0.862745 0.949020
0.866667 0.949020
0.870588 0.949020
0.874510 0.949020
0.878431 0.949020
0.882353 0.949020
0.886275 0.949020
0.890196 0.949020
0.894118 0.949020
0.898039 0.949020
0.901961 0.949020
0.905882 0.949020
0.909804 0.949020
0.913725 0.949020
0.917647 0.949020
0.921569 0.949020
0.925490 0.949020
0.929412 0.949020
0.933333 0.949020
0.937255 0.949020
0.941176 0.949020
0.945098 0.949020
0.949020 0.949020
0.952941 0.949020
0.956863 0.949020
0.960784 0.949020
0.964706 0.949020
0.968627 0.949020
0.972549 0.949020
0.976471 0.949020
0.980392 0.949020
0.984314 0.949020
0.988235 0.949020
0.992157 0.949020
0.996078 0.949020
1.000000 0.949020

i = 2430.000000 0.952941
0.003922 0.952941
0.007843 0.952941
0.011765 0.952941
0.015686 0.952941
0.019608 0.952941
0.023529 0.952941
0.027451 0.952941
0.031373 0.952941
0.035294 0.952941
0.039216 0.952941
0.043137 0.952941
0.047059 0.952941
0.050980 0.952941
0.054902 0.952941
0.058824 0.952941
0.062745 0.952941
0.066667 0.952941
0.070588 0.952941
0.074510 0.952941
0.078431 0.952941
0.082353 0.952941
0.086275 0.952941
0.090196 0.952941
0.094118 0.952941
0.098039 0.952941
0.101961 0.952941
0.105882 0.952941
0.109804 0.952941
0.113725 0.952941
0.117647 0.952941
0.121569 0.952941
0.125490 0.952941
0.129412 0.952941
0.133333 0.952941
0.137255 0.952941
0.141176 0.952941
0.145098 0.952941
0.149020 0.952941
0.152941 0.952941
0.156863 0.952941
0.160784 0.952941
0.164706 0.952941
0.168627 0.952941
0.172549 0.952941
0.176471 0.952941
0.180392 0.952941
0.184314 0.952941
0.188235 0.952941
0.192157 0.952941
0.196078 0.952941
0.200000 0.952941
0.203922 0.952941
0.207843 0.952941
0.211765 0.952941
0.215686 0.952941
0.219608 0.952941
0.223529 0.952941
0.227451 0.952941
0.231373 0.952941
0.235294 0.952941
0.239216 0.952941
0.243137 0.952941
0.247059 0.952941
0.250980 0.952941
0.254902 0.952941
0.258824 0.952941
0.262745 0.952941
0.266667 0.952941
0.270588 0.952941
0.274510 0.952941
0.278431 0.952941
0.282353 0.952941
0.286275 0.952941
0.290196 0.952941
0.294118 0.952941
0.298039 0.952941
0.301961 0.952941
0.305882 0.952941
0.309804 0.952941
0.313726 0.952941
0.317647 0.952941
0.321569 0.952941
0.325490 0.952941
0.329412 0.952941
0.333333 0.952941
0.337255 0.952941
0.341176 0.952941
0.345098 0.952941
0.349020 0.952941
0.352941 0.952941
0.356863 0.952941
0.360784 0.952941
0.364706 0.952941
0.368627 0.952941
0.372549 0.952941
0.376471 0.952941
0.380392 0.952941
0.384314 0.952941
0.388235 0.952941
0.392157 0.952941
0.396078 0.952941
0.400000 0.952941
0.403922 0.952941
0.407843 0.952941
0.411765 0.952941
0.415686 0.952941
0.419608 0.952941
0.423529 0.952941
0.427451 0.952941
0.431373 0.952941
0.435294 0.952941
0.439216 0.952941
0.443137 0.952941
0.447059 0.952941
0.450980 0.952941
0.454902 0.952941
0.458824 0.952941
0.462745 0.952941
0.466667 0.952941
0.470588 0.952941
0.474510 0.952941
0.478431 0.952941
0.482353 0.952941
0.486275 0.952941
0.490196 0.952941
0.494118 0.952941
0.498039 0.952941
0.501961 0.952941
0.505882 0.952941
0.509804 0.952941
0.513726 0.952941
0.517647 0.952941
0.521569 0.952941
0.525490 0.952941
0.529412 0.952941
0.533333 0.952941
0.537255 0.952941
0.541176 0.952941
0.545098 0.952941
0.549020 0.952941
0.552941 0.952941
0.556863 0.952941
0.560784 0.952941
0.564706 0.952941
0.568627 0.952941
0.572549 0.952941
0.576471 0.952941
0.580392 0.952941
0.584314 0.952941
0.588235 0.952941
0.592157 0.952941
0.596078 0.952941
0.600000 0.952941
0.603922 0.952941
0.607843 0.952941
0.611765 0.952941
0.615686 0.952941
0.619608 0.952941
0.623529 0.952941
0.627451 0.952941
0.631373 0.952941
0.635294 0.952941
0.639216 0.952941
0.643137 0.952941
0.647059 0.952941
0.650980 0.952941
0.654902 0.952941
0.658824 0.952941
0.662745 0.952941
0.666667 0.952941
0.670588 0.952941
0.674510 0.952941
0.678431 0.952941
0.682353 0.952941
0.686275 0.952941
0.690196 0.952941
0.694118 0.952941
0.698039 0.952941
0.701961 0.952941
0.705882 0.952941
0.709804 0.952941
0.713726 0.952941
0.717647 0.952941
0.721569 0.952941
0.725490 0.952941
0.729412 0.952941
0.733333 0.952941
0.737255 0.952941
0.741176 0.952941
0.745098 0.952941
0.749020 0.952941
0.752941 0.952941
0.756863 0.952941
0.760784 0.952941
0.764706 0.952941
0.768627 0.952941
0.772549 0.952941
0.776471 0.952941
0.780392 0.952941
0.784314 0.952941
0.788235 0.952941
0.792157 0.952941
0.796078 0.952941
0.800000 0.952941
0.803922 0.952941
0.807843 0.952941
0.811765 0.952941
0.815686 0.952941
0.819608 0.952941
0.823529 0.952941
0.827451 0.952941
0.831373 0.952941
0.835294 0.952941
0.839216 0.952941
0.843137 0.952941
0.847059 0.952941
0.850980 0.952941
0.854902 0.952941
0.858824 0.952941
0.862745 0.952941
0.866667 0.952941
0.870588 0.952941
0.874510 0.952941
0.878431 0.952941
0.882353 0.952941
0.886275 0.952941
0.890196 0.952941
0.894118 0.952941
0.898039 0.952941
0.901961 0.952941
0.905882 0.952941
0.909804 0.952941
0.913725 0.952941
0.917647 0.952941
0.921569 0.952941
0.925490 0.952941
0.929412 0.952941
0.933333 0.952941
0.937255 0.952941
0.941176 0.952941
0.945098 0.952941
0.949020 0.952941
0.952941 0.952941
0.956863 0.952941
0.960784 0.952941
0.964706 0.952941
0.968627 0.952941
0.972549 0.952941
0.976471 0.952941
0.980392 0.952941
0.984314 0.952941
0.988235 0.952941
0.992157 0.952941
0.996078 0.952941
1.000000 0.952941

i = 2440.000000 0.956863
0.003922 0.956863
0.007843 0.956863
0.011765 0.956863
0.015686 0.956863
0.019608 0.956863
0.023529 0.956863
0.027451 0.956863
0.031373 0.956863
0.035294 0.956863
0.039216 0.956863
0.043137 0.956863
0.047059 0.956863
0.050980 0.956863
0.054902 0.956863
0.058824 0.956863
0.062745 0.956863
0.066667 0.956863
0.070588 0.956863
0.074510 0.956863
0.078431 0.956863
0.082353 0.956863
0.086275 0.956863
0.090196 0.956863
0.094118 0.956863
0.098039 0.956863
0.101961 0.956863
0.105882 0.956863
0.109804 0.956863
0.113725 0.956863
0.117647 0.956863
0.121569 0.956863
0.125490 0.956863
0.129412 0.956863
0.133333 0.956863
0.137255 0.956863
0.141176 0.956863
0.145098 0.956863
0.149020 0.956863
0.152941 0.956863
0.156863 0.956863
0.160784 0.956863
0.164706 0.956863
0.168627 0.956863
0.172549 0.956863
0.176471 0.956863
0.180392 0.956863
0.184314 0.956863
0.188235 0.956863
0.192157 0.956863
0.196078 0.956863
0.200000 0.956863
0.203922 0.956863
0.207843 0.956863
0.211765 0.956863
0.215686 0.956863
0.219608 0.956863
0.223529 0.956863
0.227451 0.956863
0.231373 0.956863
0.235294 0.956863
0.239216 0.956863
0.243137 0.956863
0.247059 0.956863
0.250980 0.956863
0.254902 0.956863
0.258824 0.956863
0.262745 0.956863
0.266667 0.956863
0.270588 0.956863
0.274510 0.956863
0.278431 0.956863
0.282353 0.956863
0.286275 0.956863
0.290196 0.956863
0.294118 0.956863
0.298039 0.956863
0.301961 0.956863
0.305882 0.956863
0.309804 0.956863
0.313726 0.956863
0.317647 0.956863
0.321569 0.956863
0.325490 0.956863
0.329412 0.956863
0.333333 0.956863
0.337255 0.956863
0.341176 0.956863
0.345098 0.956863
0.349020 0.956863
0.352941 0.956863
0.356863 0.956863
0.360784 0.956863
0.364706 0.956863
0.368627 0.956863
0.372549 0.956863
0.376471 0.956863
0.380392 0.956863
0.384314 0.956863
0.388235 0.956863
0.392157 0.956863
0.396078 0.956863
0.400000 0.956863
0.403922 0.956863
0.407843 0.956863
0.411765 0.956863
0.415686 0.956863
0.419608 0.956863
0.423529 0.956863
0.427451 0.956863
0.431373 0.956863
0.435294 0.956863
0.439216 0.956863
0.443137 0.956863
0.447059 0.956863
0.450980 0.956863
0.454902 0.956863
0.458824 0.956863
0.462745 0.956863
0.466667 0.956863
0.470588 0.956863
0.474510 0.956863
0.478431 0.956863
0.482353 0.956863
0.486275 0.956863
0.490196 0.956863
0.494118 0.956863
0.498039 0.956863
0.501961 0.956863
0.505882 0.956863
0.509804 0.956863
0.513726 0.956863
0.517647 0.956863
0.521569 0.956863
0.525490 0.956863
0.529412 0.956863
0.533333 0.956863
0.537255 0.956863
0.541176 0.956863
0.545098 0.956863
0.549020 0.956863
0.552941 0.956863
0.556863 0.956863
0.560784 0.956863
0.564706 0.956863
0.568627 0.956863
0.572549 0.956863
0.576471 0.956863
0.580392 0.956863
0.584314 0.956863
0.588235 0.956863
0.592157 0.956863
0.596078 0.956863
0.600000 0.956863
0.603922 0.956863
0.607843 0.956863
0.611765 0.956863
0.615686 0.956863
0.619608 0.956863
0.623529 0.956863
0.627451 0.956863
0.631373 0.956863
0.635294 0.956863
0.639216 0.956863
0.643137 0.956863
0.647059 0.956863
0.650980 0.956863
0.654902 0.956863
0.658824 0.956863
0.662745 0.956863
0.666667 0.956863
0.670588 0.956863
0.674510 0.956863
0.678431 0.956863
0.682353 0.956863
0.686275 0.956863
0.690196 0.956863
0.694118 0.956863
0.698039 0.956863
0.701961 0.956863
0.705882 0.956863
0.709804 0.956863
0.713726 0.956863
0.717647 0.956863
0.721569 0.956863
0.725490 0.956863
0.729412 0.956863
0.733333 0.956863
0.737255 0.956863
0.741176 0.956863
0.745098 0.956863
0.749020 0.956863
0.752941 0.956863
0.756863 0.956863
0.760784 0.956863
0.764706 0.956863
0.768627 0.956863
0.772549 0.956863
0.776471 0.956863
0.780392 0.956863
0.784314 0.956863
0.788235 0.956863
0.792157 0.956863
0.796078 0.956863
0.800000 0.956863
0.803922 0.956863
0.807843 0.956863
0.811765 0.956863
0.815686 0.956863
0.819608 0.956863
0.823529 0.956863
0.827451 0.956863
0.831373 0.956863
0.835294 0.956863
0.839216 0.956863
0.843137 0.956863
0.847059 0.956863
0.850980 0.956863
0.854902 0.956863
0.858824 0.956863
0.862745 0.956863
0.866667 0.956863
0.870588 0.956863
0.874510 0.956863
0.878431 0.956863
0.882353 0.956863
0.886275 0.956863
0.890196 0.956863
0.894118 0.956863
0.898039 0.956863
0.901961 0.956863
0.905882 0.956863
0.909804 0.956863
0.913725 0.956863
0.917647 0.956863
0.921569 0.956863
0.925490 0.956863
0.929412 0.956863
0.933333 0.956863
0.937255 0.956863
0.941176 0.956863
0.945098 0.956863
0.949020 0.956863
0.952941 0.956863
0.956863 0.956863
0.960784 0.956863
0.964706 0.956863
0.968627 0.956863
0.972549 0.956863
0.976471 0.956863
0.980392 0.956863
0.984314 0.956863
0.988235 0.956863
0.992157 0.956863
0.996078 0.956863
1.000000 0.956863

i = 2450.000000 0.960784
0.003922 0.960784
0.007843 0.960784
0.011765 0.960784
0.015686 0.960784
0.019608 0.960784
0.023529 0.960784
0.027451 0.960784
0.031373 0.960784
0.035294 0.960784
0.039216 0.960784
0.043137 0.960784
0.047059 0.960784
0.050980 0.960784
0.054902 0.960784
0.058824 0.960784
0.062745 0.960784
0.066667 0.960784
0.070588 0.960784
0.074510 0.960784
0.078431 0.960784
0.082353 0.960784
0.086275 0.960784
0.090196 0.960784
0.094118 0.960784
0.098039 0.960784
0.101961 0.960784
0.105882 0.960784
0.109804 0.960784
0.113725 0.960784
0.117647 0.960784
0.121569 0.960784
0.125490 0.960784
0.129412 0.960784
0.133333 0.960784
0.137255 0.960784
0.141176 0.960784
0.145098 0.960784
0.149020 0.960784
0.152941 0.960784
0.156863 0.960784
0.160784 0.960784
0.164706 0.960784
0.168627 0.960784
0.172549 0.960784
0.176471 0.960784
0.180392 0.960784
0.184314 0.960784
0.188235 0.960784
0.192157 0.960784
0.196078 0.960784
0.200000 0.960784
0.203922 0.960784
0.207843 0.960784
0.211765 0.960784
0.215686 0.960784
0.219608 0.960784
0.223529 0.960784
0.227451 0.960784
0.231373 0.960784
0.235294 0.960784
0.239216 0.960784
0.243137 0.960784
0.247059 0.960784
0.250980 0.960784
0.254902 0.960784
0.258824 0.960784
0.262745 0.960784
0.266667 0.960784
0.270588 0.960784
0.274510 0.960784
0.278431 0.960784
0.282353 0.960784
0.286275 0.960784
0.290196 0.960784
0.294118 0.960784
0.298039 0.960784
0.301961 0.960784
0.305882 0.960784
0.309804 0.960784
0.313726 0.960784
0.317647 0.960784
0.321569 0.960784
0.325490 0.960784
0.329412 0.960784
0.333333 0.960784
0.337255 0.960784
0.341176 0.960784
0.345098 0.960784
0.349020 0.960784
0.352941 0.960784
0.356863 0.960784
0.360784 0.960784
0.364706 0.960784
0.368627 0.960784
0.372549 0.960784
0.376471 0.960784
0.380392 0.960784
0.384314 0.960784
0.388235 0.960784
0.392157 0.960784
0.396078 0.960784
0.400000 0.960784
0.403922 0.960784
0.407843 0.960784
0.411765 0.960784
0.415686 0.960784
0.419608 0.960784
0.423529 0.960784
0.427451 0.960784
0.431373 0.960784
0.435294 0.960784
0.439216 0.960784
0.443137 0.960784
0.447059 0.960784
0.450980 0.960784
0.454902 0.960784
0.458824 0.960784
0.462745 0.960784
0.466667 0.960784
0.470588 0.960784
0.474510 0.960784
0.478431 0.960784
0.482353 0.960784
0.486275 0.960784
0.490196 0.960784
0.494118 0.960784
0.498039 0.960784
0.501961 0.960784
0.505882 0.960784
0.509804 0.960784
0.513726 0.960784
0.517647 0.960784
0.521569 0.960784
0.525490 0.960784
0.529412 0.960784
0.533333 0.960784
0.537255 0.960784
0.541176 0.960784
0.545098 0.960784
0.549020 0.960784
0.552941 0.960784
0.556863 0.960784
0.560784 0.960784
0.564706 0.960784
0.568627 0.960784
0.572549 0.960784
0.576471 0.960784
0.580392 0.960784
0.584314 0.960784
0.588235 0.960784
0.592157 0.960784
0.596078 0.960784
0.600000 0.960784
0.603922 0.960784
0.607843 0.960784
0.611765 0.960784
0.615686 0.960784
0.619608 0.960784
0.623529 0.960784
0.627451 0.960784
0.631373 0.960784
0.635294 0.960784
0.639216 0.960784
0.643137 0.960784
0.647059 0.960784
0.650980 0.960784
0.654902 0.960784
0.658824 0.960784
0.662745 0.960784
0.666667 0.960784
0.670588 0.960784
0.674510 0.960784
0.678431 0.960784
0.682353 0.960784
0.686275 0.960784
0.690196 0.960784
0.694118 0.960784
0.698039 0.960784
0.701961 0.960784
0.705882 0.960784
0.709804 0.960784
0.713726 0.960784
0.717647 0.960784
0.721569 0.960784
0.725490 0.960784
0.729412 0.960784
0.733333 0.960784
0.737255 0.960784
0.741176 0.960784
0.745098 0.960784
0.749020 0.960784
0.752941 0.960784
0.756863 0.960784
0.760784 0.960784
0.764706 0.960784
0.768627 0.960784
0.772549 0.960784
0.776471 0.960784
0.780392 0.960784
0.784314 0.960784
0.788235 0.960784
0.792157 0.960784
0.796078 0.960784
0.800000 0.960784
0.803922 0.960784
0.807843 0.960784
0.811765 0.960784
0.815686 0.960784
0.819608 0.960784
0.823529 0.960784
0.827451 0.960784
0.831373 0.960784
0.835294 0.960784
0.839216 0.960784
0.843137 0.960784
0.847059 0.960784
0.850980 0.960784
0.854902 0.960784
0.858824 0.960784
0.862745 0.960784
0.866667 0.960784
0.870588 0.960784
0.874510 0.960784
0.878431 0.960784
0.882353 0.960784
0.886275 0.960784
0.890196 0.960784
0.894118 0.960784
0.898039 0.960784
0.901961 0.960784
0.905882 0.960784
0.909804 0.960784
0.913725 0.960784
0.917647 0.960784
0.921569 0.960784
0.925490 0.960784
0.929412 0.960784
0.933333 0.960784
0.937255 0.960784
0.941176 0.960784
0.945098 0.960784
0.949020 0.960784
0.952941 0.960784
0.956863 0.960784
0.960784 0.960784
0.964706 0.960784
0.968627 0.960784
0.972549 0.960784
0.976471 0.960784
0.980392 0.960784
0.984314 0.960784
0.988235 0.960784
0.992157 0.960784
0.996078 0.960784
1.000000 0.960784

i = 2460.000000 0.964706
0.003922 0.964706
0.007843 0.964706
0.011765 0.964706
0.015686 0.964706
0.019608 0.964706
0.023529 0.964706
0.027451 0.964706
0.031373 0.964706
0.035294 0.964706
0.039216 0.964706
0.043137 0.964706
0.047059 0.964706
0.050980 0.964706
0.054902 0.964706
0.058824 0.964706
0.062745 0.964706
0.066667 0.964706
0.070588 0.964706
0.074510 0.964706
0.078431 0.964706
0.082353 0.964706
0.086275 0.964706
0.090196 0.964706
0.094118 0.964706
0.098039 0.964706
0.101961 0.964706
0.105882 0.964706
0.109804 0.964706
0.113725 0.964706
0.117647 0.964706
0.121569 0.964706
0.125490 0.964706
0.129412 0.964706
0.133333 0.964706
0.137255 0.964706
0.141176 0.964706
0.145098 0.964706
0.149020 0.964706
0.152941 0.964706
0.156863 0.964706
0.160784 0.964706
0.164706 0.964706
0.168627 0.964706
0.172549 0.964706
0.176471 0.964706
0.180392 0.964706
0.184314 0.964706
0.188235 0.964706
0.192157 0.964706
0.196078 0.964706
0.200000 0.964706
0.203922 0.964706
0.207843 0.964706
0.211765 0.964706
0.215686 0.964706
0.219608 0.964706
0.223529 0.964706
0.227451 0.964706
0.231373 0.964706
0.235294 0.964706
0.239216 0.964706
0.243137 0.964706
0.247059 0.964706
0.250980 0.964706
0.254902 0.964706
0.258824 0.964706
0.262745 0.964706
0.266667 0.964706
0.270588 0.964706
0.274510 0.964706
0.278431 0.964706
0.282353 0.964706
0.286275 0.964706
0.290196 0.964706
0.294118 0.964706
0.298039 0.964706
0.301961 0.964706
0.305882 0.964706
0.309804 0.964706
0.313726 0.964706
0.317647 0.964706
0.321569 0.964706
0.325490 0.964706
0.329412 0.964706
0.333333 0.964706
0.337255 0.964706
0.341176 0.964706
0.345098 0.964706
0.349020 0.964706
0.352941 0.964706
0.356863 0.964706
0.360784 0.964706
0.364706 0.964706
0.368627 0.964706
0.372549 0.964706
0.376471 0.964706
0.380392 0.964706
0.384314 0.964706
0.388235 0.964706
0.392157 0.964706
0.396078 0.964706
0.400000 0.964706
0.403922 0.964706
0.407843 0.964706
0.411765 0.964706
0.415686 0.964706
0.419608 0.964706
0.423529 0.964706
0.427451 0.964706
0.431373 0.964706
0.435294 0.964706
0.439216 0.964706
0.443137 0.964706
0.447059 0.964706
0.450980 0.964706
0.454902 0.964706
0.458824 0.964706
0.462745 0.964706
0.466667 0.964706
0.470588 0.964706
0.474510 0.964706
0.478431 0.964706
0.482353 0.964706
0.486275 0.964706
0.490196 0.964706
0.494118 0.964706
0.498039 0.964706
0.501961 0.964706
0.505882 0.964706
0.509804 0.964706
0.513726 0.964706
0.517647 0.964706
0.521569 0.964706
0.525490 0.964706
0.529412 0.964706
0.533333 0.964706
0.537255 0.964706
0.541176 0.964706
0.545098 0.964706
0.549020 0.964706
0.552941 0.964706
0.556863 0.964706
0.560784 0.964706
0.564706 0.964706
0.568627 0.964706
0.572549 0.964706
0.576471 0.964706
0.580392 0.964706
0.584314 0.964706
0.588235 0.964706
0.592157 0.964706
0.596078 0.964706
0.600000 0.964706
0.603922 0.964706
0.607843 0.964706
0.611765 0.964706
0.615686 0.964706
0.619608 0.964706
0.623529 0.964706
0.627451 0.964706
0.631373 0.964706
0.635294 0.964706
0.639216 0.964706
0.643137 0.964706
0.647059 0.964706
0.650980 0.964706
0.654902 0.964706
0.658824 0.964706
0.662745 0.964706
0.666667 0.964706
0.670588 0.964706
0.674510 0.964706
0.678431 0.964706
0.682353 0.964706
0.686275 0.964706
0.690196 0.964706
0.694118 0.964706
0.698039 0.964706
0.701961 0.964706
0.705882 0.964706
0.709804 0.964706
0.713726 0.964706
0.717647 0.964706
0.721569 0.964706
0.725490 0.964706
0.729412 0.964706
0.733333 0.964706
0.737255 0.964706
0.741176 0.964706
0.745098 0.964706
0.749020 0.964706
0.752941 0.964706
0.756863 0.964706
0.760784 0.964706
0.764706 0.964706
0.768627 0.964706
0.772549 0.964706
0.776471 0.964706
0.780392 0.964706
0.784314 0.964706
0.788235 0.964706
0.792157 0.964706
0.796078 0.964706
0.800000 0.964706
0.803922 0.964706
0.807843 0.964706
0.811765 0.964706
0.815686 0.964706
0.819608 0.964706
0.823529 0.964706
0.827451 0.964706
0.831373 0.964706
0.835294 0.964706
0.839216 0.964706
0.843137 0.964706
0.847059 0.964706
0.850980 0.964706
0.854902 0.964706
0.858824 0.964706
0.862745 0.964706
0.866667 0.964706
0.870588 0.964706
0.874510 0.964706
0.878431 0.964706
0.882353 0.964706
0.886275 0.964706
0.890196 0.964706
0.894118 0.964706
0.898039 0.964706
0.901961 0.964706
0.905882 0.964706
0.909804 0.964706
0.913725 0.964706
0.917647 0.964706
0.921569 0.964706
0.925490 0.964706
0.929412 0.964706
0.933333 0.964706
0.937255 0.964706
0.941176 0.964706
0.945098 0.964706
0.949020 0.964706
0.952941 0.964706
0.956863 0.964706
0.960784 0.964706
0.964706 0.964706
0.968627 0.964706
0.972549 0.964706
0.976471 0.964706
0.980392 0.964706
0.984314 0.964706
0.988235 0.964706
0.992157 0.964706
0.996078 0.964706
1.000000 0.964706

i = 2470.000000 0.968627
0.003922 0.968627
0.007843 0.968627
0.011765 0.968627
0.015686 0.968627
0.019608 0.968627
0.023529 0.968627
0.027451 0.968627
0.031373 0.968627
0.035294 0.968627
0.039216 0.968627
0.043137 0.968627
0.047059 0.968627
0.050980 0.968627
0.054902 0.968627
0.058824 0.968627
0.062745 0.968627
0.066667 0.968627
0.070588 0.968627
0.074510 0.968627
0.078431 0.968627
0.082353 0.968627
0.086275 0.968627
0.090196 0.968627
0.094118 0.968627
0.098039 0.968627
0.101961 0.968627
0.105882 0.968627
0.109804 0.968627
0.113725 0.968627
0.117647 0.968627
0.121569 0.968627
0.125490 0.968627
0.129412 0.968627
0.133333 0.968627
0.137255 0.968627
0.141176 0.968627
0.145098 0.968627
0.149020 0.968627
0.152941 0.968627
0.156863 0.968627
0.160784 0.968627
0.164706 0.968627
0.168627 0.968627
0.172549 0.968627
0.176471 0.968627
0.180392 0.968627
0.184314 0.968627
0.188235 0.968627
0.192157 0.968627
0.196078 0.968627
0.200000 0.968627
0.203922 0.968627
0.207843 0.968627
0.211765 0.968627
0.215686 0.968627
0.219608 0.968627
0.223529 0.968627
0.227451 0.968627
0.231373 0.968627
0.235294 0.968627
0.239216 0.968627
0.243137 0.968627
0.247059 0.968627
0.250980 0.968627
0.254902 0.968627
0.258824 0.968627
0.262745 0.968627
0.266667 0.968627
0.270588 0.968627
0.274510 0.968627
0.278431 0.968627
0.282353 0.968627
0.286275 0.968627
0.290196 0.968627
0.294118 0.968627
0.298039 0.968627
0.301961 0.968627
0.305882 0.968627
0.309804 0.968627
0.313726 0.968627
0.317647 0.968627
0.321569 0.968627
0.325490 0.968627
0.329412 0.968627
0.333333 0.968627
0.337255 0.968627
0.341176 0.968627
0.345098 0.968627
0.349020 0.968627
0.352941 0.968627
0.356863 0.968627
0.360784 0.968627
0.364706 0.968627
0.368627 0.968627
0.372549 0.968627
0.376471 0.968627
0.380392 0.968627
0.384314 0.968627
0.388235 0.968627
0.392157 0.968627
0.396078 0.968627
0.400000 0.968627
0.403922 0.968627
0.407843 0.968627
0.411765 0.968627
0.415686 0.968627
0.419608 0.968627
0.423529 0.968627
0.427451 0.968627
0.431373 0.968627
0.435294 0.968627
0.439216 0.968627
0.443137 0.968627
0.447059 0.968627
0.450980 0.968627
0.454902 0.968627
0.458824 0.968627
0.462745 0.968627
0.466667 0.968627
0.470588 0.968627
0.474510 0.968627
0.478431 0.968627
0.482353 0.968627
0.486275 0.968627
0.490196 0.968627
0.494118 0.968627
0.498039 0.968627
0.501961 0.968627
0.505882 0.968627
0.509804 0.968627
0.513726 0.968627
0.517647 0.968627
0.521569 0.968627
0.525490 0.968627
0.529412 0.968627
0.533333 0.968627
0.537255 0.968627
0.541176 0.968627
0.545098 0.968627
0.549020 0.968627
0.552941 0.968627
0.556863 0.968627
0.560784 0.968627
0.564706 0.968627
0.568627 0.968627
0.572549 0.968627
0.576471 0.968627
0.580392 0.968627
0.584314 0.968627
0.588235 0.968627
0.592157 0.968627
0.596078 0.968627
0.600000 0.968627
0.603922 0.968627
0.607843 0.968627
0.611765 0.968627
0.615686 0.968627
0.619608 0.968627
0.623529 0.968627
0.627451 0.968627
0.631373 0.968627
0.635294 0.968627
0.639216 0.968627
0.643137 0.968627
0.647059 0.968627
0.650980 0.968627
0.654902 0.968627
0.658824 0.968627
0.662745 0.968627
0.666667 0.968627
0.670588 0.968627
0.674510 0.968627
0.678431 0.968627
0.682353 0.968627
0.686275 0.968627
0.690196 0.968627
0.694118 0.968627
0.698039 0.968627
0.701961 0.968627
0.705882 0.968627
0.709804 0.968627
0.713726 0.968627
0.717647 0.968627
0.721569 0.968627
0.725490 0.968627
0.729412 0.968627
0.733333 0.968627
0.737255 0.968627
0.741176 0.968627
0.745098 0.968627
0.749020 0.968627
0.752941 0.968627
0.756863 0.968627
0.760784 0.968627
0.764706 0.968627
0.768627 0.968627
0.772549 0.968627
0.776471 0.968627
0.780392 0.968627
0.784314 0.968627
0.788235 0.968627
0.792157 0.968627
0.796078 0.968627
0.800000 0.968627
0.803922 0.968627
0.807843 0.968627
0.811765 0.968627
0.815686 0.968627
0.819608 0.968627
0.823529 0.968627
0.827451 0.968627
0.831373 0.968627
0.835294 0.968627
0.839216 0.968627
0.843137 0.968627
0.847059 0.968627
0.850980 0.968627
0.854902 0.968627
0.858824 0.968627
0.862745 0.968627
0.866667 0.968627
0.870588 0.968627
0.874510 0.968627
0.878431 0.968627
0.882353 0.968627
0.886275 0.968627
0.890196 0.968627
0.894118 0.968627
0.898039 0.968627
0.901961 0.968627
0.905882 0.968627
0.909804 0.968627
0.913725 0.968627
0.917647 0.968627
0.921569 0.968627
0.925490 0.968627
0.929412 0.968627
0.933333 0.968627
0.937255 0.968627
0.941176 0.968627
0.945098 0.968627
0.949020 0.968627
0.952941 0.968627
0.956863 0.968627
0.960784 0.968627
0.964706 0.968627
0.968627 0.968627
0.972549 0.968627
0.976471 0.968627
0.980392 0.968627
0.984314 0.968627
0.988235 0.968627
0.992157 0.968627
0.996078 0.968627
1.000000 0.968627

i = 2480.000000 0.972549
0.003922 0.972549
0.007843 0.972549
0.011765 0.972549
0.015686 0.972549
0.019608 0.972549
0.023529 0.972549
0.027451 0.972549
0.031373 0.972549
0.035294 0.972549
0.039216 0.972549
0.043137 0.972549
0.047059 0.972549
0.050980 0.972549
0.054902 0.972549
0.058824 0.972549
0.062745 0.972549
0.066667 0.972549
0.070588 0.972549
0.074510 0.972549
0.078431 0.972549
0.082353 0.972549
0.086275 0.972549
0.090196 0.972549
0.094118 0.972549
0.098039 0.972549
0.101961 0.972549
0.105882 0.972549
0.109804 0.972549
0.113725 0.972549
0.117647 0.972549
0.121569 0.972549
0.125490 0.972549
0.129412 0.972549
0.133333 0.972549
0.137255 0.972549
0.141176 0.972549
0.145098 0.972549
0.149020 0.972549
0.152941 0.972549
0.156863 0.972549
0.160784 0.972549
0.164706 0.972549
0.168627 0.972549
0.172549 0.972549
0.176471 0.972549
0.180392 0.972549
0.184314 0.972549
0.188235 0.972549
0.192157 0.972549
0.196078 0.972549
0.200000 0.972549
0.203922 0.972549
0.207843 0.972549
0.211765 0.972549
0.215686 0.972549
0.219608 0.972549
0.223529 0.972549
0.227451 0.972549
0.231373 0.972549
0.235294 0.972549
0.239216 0.972549
0.243137 0.972549
0.247059 0.972549
0.250980 0.972549
0.254902 0.972549
0.258824 0.972549
0.262745 0.972549
0.266667 0.972549
0.270588 0.972549
0.274510 0.972549
0.278431 0.972549
0.282353 0.972549
0.286275 0.972549
0.290196 0.972549
0.294118 0.972549
0.298039 0.972549
0.301961 0.972549
0.305882 0.972549
0.309804 0.972549
0.313726 0.972549
0.317647 0.972549
0.321569 0.972549
0.325490 0.972549
0.329412 0.972549
0.333333 0.972549
0.337255 0.972549
0.341176 0.972549
0.345098 0.972549
0.349020 0.972549
0.352941 0.972549
0.356863 0.972549
0.360784 0.972549
0.364706 0.972549
0.368627 0.972549
0.372549 0.972549
0.376471 0.972549
0.380392 0.972549
0.384314 0.972549
0.388235 0.972549
0.392157 0.972549
0.396078 0.972549
0.400000 0.972549
0.403922 0.972549
0.407843 0.972549
0.411765 0.972549
0.415686 0.972549
0.419608 0.972549
0.423529 0.972549
0.427451 0.972549
0.431373 0.972549
0.435294 0.972549
0.439216 0.972549
0.443137 0.972549
0.447059 0.972549
0.450980 0.972549
0.454902 0.972549
0.458824 0.972549
0.462745 0.972549
0.466667 0.972549
0.470588 0.972549
0.474510 0.972549
0.478431 0.972549
0.482353 0.972549
0.486275 0.972549
0.490196 0.972549
0.494118 0.972549
0.498039 0.972549
0.501961 0.972549
0.505882 0.972549
0.509804 0.972549
0.513726 0.972549
0.517647 0.972549
0.521569 0.972549
0.525490 0.972549
0.529412 0.972549
0.533333 0.972549
0.537255 0.972549
0.541176 0.972549
0.545098 0.972549
0.549020 0.972549
0.552941 0.972549
0.556863 0.972549
0.560784 0.972549
0.564706 0.972549
0.568627 0.972549
0.572549 0.972549
0.576471 0.972549
0.580392 0.972549
0.584314 0.972549
0.588235 0.972549
0.592157 0.972549
0.596078 0.972549
0.600000 0.972549
0.603922 0.972549
0.607843 0.972549
0.611765 0.972549
0.615686 0.972549
0.619608 0.972549
0.623529 0.972549
0.627451 0.972549
0.631373 0.972549
0.635294 0.972549
0.639216 0.972549
0.643137 0.972549
0.647059 0.972549
0.650980 0.972549
0.654902 0.972549
0.658824 0.972549
0.662745 0.972549
0.666667 0.972549
0.670588 0.972549
0.674510 0.972549
0.678431 0.972549
0.682353 0.972549
0.686275 0.972549
0.690196 0.972549
0.694118 0.972549
0.698039 0.972549
0.701961 0.972549
0.705882 0.972549
0.709804 0.972549
0.713726 0.972549
0.717647 0.972549
0.721569 0.972549
0.725490 0.972549
0.729412 0.972549
0.733333 0.972549
0.737255 0.972549
0.741176 0.972549
0.745098 0.972549
0.749020 0.972549
0.752941 0.972549
0.756863 0.972549
0.760784 0.972549
0.764706 0.972549
0.768627 0.972549
0.772549 0.972549
0.776471 0.972549
0.780392 0.972549
0.784314 0.972549
0.788235 0.972549
0.792157 0.972549
0.796078 0.972549
0.800000 0.972549
0.803922 0.972549
0.807843 0.972549
0.811765 0.972549
0.815686 0.972549
0.819608 0.972549
0.823529 0.972549
0.827451 0.972549
0.831373 0.972549
0.835294 0.972549
0.839216 0.972549
0.843137 0.972549
0.847059 0.972549
0.850980 0.972549
0.854902 0.972549
0.858824 0.972549
0.862745 0.972549
0.866667 0.972549
0.870588 0.972549
0.874510 0.972549
0.878431 0.972549
0.882353 0.972549
0.886275 0.972549
0.890196 0.972549
0.894118 0.972549
0.898039 0.972549
0.901961 0.972549
0.905882 0.972549
0.909804 0.972549
0.913725 0.972549
0.917647 0.972549
0.921569 0.972549
0.925490 0.972549
0.929412 0.972549
0.933333 0.972549
0.937255 0.972549
0.941176 0.972549
0.945098 0.972549
0.949020 0.972549
0.952941 0.972549
0.956863 0.972549
0.960784 0.972549
0.964706 0.972549
0.968627 0.972549
0.972549 0.972549
0.976471 0.972549
0.980392 0.972549
0.984314 0.972549
0.988235 0.972549
0.992157 0.972549
0.996078 0.972549
1.000000 0.972549

i = 2490.000000 0.976471
0.003922 0.976471
0.007843 0.976471
0.011765 0.976471
0.015686 0.976471
0.019608 0.976471
0.023529 0.976471
0.027451 0.976471
0.031373 0.976471
0.035294 0.976471
0.039216 0.976471
0.043137 0.976471
0.047059 0.976471
0.050980 0.976471
0.054902 0.976471
0.058824 0.976471
0.062745 0.976471
0.066667 0.976471
0.070588 0.976471
0.074510 0.976471
0.078431 0.976471
0.082353 0.976471
0.086275 0.976471
0.090196 0.976471
0.094118 0.976471
0.098039 0.976471
0.101961 0.976471
0.105882 0.976471
0.109804 0.976471
0.113725 0.976471
0.117647 0.976471
0.121569 0.976471
0.125490 0.976471
0.129412 0.976471
0.133333 0.976471
0.137255 0.976471
0.141176 0.976471
0.145098 0.976471
0.149020 0.976471
0.152941 0.976471
0.156863 0.976471
0.160784 0.976471
0.164706 0.976471
0.168627 0.976471
0.172549 0.976471
0.176471 0.976471
0.180392 0.976471
0.184314 0.976471
0.188235 0.976471
0.192157 0.976471
0.196078 0.976471
0.200000 0.976471
0.203922 0.976471
0.207843 0.976471
0.211765 0.976471
0.215686 0.976471
0.219608 0.976471
0.223529 0.976471
0.227451 0.976471
0.231373 0.976471
0.235294 0.976471
0.239216 0.976471
0.243137 0.976471
0.247059 0.976471
0.250980 0.976471
0.254902 0.976471
0.258824 0.976471
0.262745 0.976471
0.266667 0.976471
0.270588 0.976471
0.274510 0.976471
0.278431 0.976471
0.282353 0.976471
0.286275 0.976471
0.290196 0.976471
0.294118 0.976471
0.298039 0.976471
0.301961 0.976471
0.305882 0.976471
0.309804 0.976471
0.313726 0.976471
0.317647 0.976471
0.321569 0.976471
0.325490 0.976471
0.329412 0.976471
0.333333 0.976471
0.337255 0.976471
0.341176 0.976471
0.345098 0.976471
0.349020 0.976471
0.352941 0.976471
0.356863 0.976471
0.360784 0.976471
0.364706 0.976471
0.368627 0.976471
0.372549 0.976471
0.376471 0.976471
0.380392 0.976471
0.384314 0.976471
0.388235 0.976471
0.392157 0.976471
0.396078 0.976471
0.400000 0.976471
0.403922 0.976471
0.407843 0.976471
0.411765 0.976471
0.415686 0.976471
0.419608 0.976471
0.423529 0.976471
0.427451 0.976471
0.431373 0.976471
0.435294 0.976471
0.439216 0.976471
0.443137 0.976471
0.447059 0.976471
0.450980 0.976471
0.454902 0.976471
0.458824 0.976471
0.462745 0.976471
0.466667 0.976471
0.470588 0.976471
0.474510 0.976471
0.478431 0.976471
0.482353 0.976471
0.486275 0.976471
0.490196 0.976471
0.494118 0.976471
0.498039 0.976471
0.501961 0.976471
0.505882 0.976471
0.509804 0.976471
0.513726 0.976471
0.517647 0.976471
0.521569 0.976471
0.525490 0.976471
0.529412 0.976471
0.533333 0.976471
0.537255 0.976471
0.541176 0.976471
0.545098 0.976471
0.549020 0.976471
0.552941 0.976471
0.556863 0.976471
0.560784 0.976471
0.564706 0.976471
0.568627 0.976471
0.572549 0.976471
0.576471 0.976471
0.580392 0.976471
0.584314 0.976471
0.588235 0.976471
0.592157 0.976471
0.596078 0.976471
0.600000 0.976471
0.603922 0.976471
0.607843 0.976471
0.611765 0.976471
0.615686 0.976471
0.619608 0.976471
0.623529 0.976471
0.627451 0.976471
0.631373 0.976471
0.635294 0.976471
0.639216 0.976471
0.643137 0.976471
0.647059 0.976471
0.650980 0.976471
0.654902 0.976471
0.658824 0.976471
0.662745 0.976471
0.666667 0.976471
0.670588 0.976471
0.674510 0.976471
0.678431 0.976471
0.682353 0.976471
0.686275 0.976471
0.690196 0.976471
0.694118 0.976471
0.698039 0.976471
0.701961 0.976471
0.705882 0.976471
0.709804 0.976471
0.713726 0.976471
0.717647 0.976471
0.721569 0.976471
0.725490 0.976471
0.729412 0.976471
0.733333 0.976471
0.737255 0.976471
0.741176 0.976471
0.745098 0.976471
0.749020 0.976471
0.752941 0.976471
0.756863 0.976471
0.760784 0.976471
0.764706 0.976471
0.768627 0.976471
0.772549 0.976471
0.776471 0.976471
0.780392 0.976471
0.784314 0.976471
0.788235 0.976471
0.792157 0.976471
0.796078 0.976471
0.800000 0.976471
0.803922 0.976471
0.807843 0.976471
0.811765 0.976471
0.815686 0.976471
0.819608 0.976471
0.823529 0.976471
0.827451 0.976471
0.831373 0.976471
0.835294 0.976471
0.839216 0.976471
0.843137 0.976471
0.847059 0.976471
0.850980 0.976471
0.854902 0.976471
0.858824 0.976471
0.862745 0.976471
0.866667 0.976471
0.870588 0.976471
0.874510 0.976471
0.878431 0.976471
0.882353 0.976471
0.886275 0.976471
0.890196 0.976471
0.894118 0.976471
0.898039 0.976471
0.901961 0.976471
0.905882 0.976471
0.909804 0.976471
0.913725 0.976471
0.917647 0.976471
0.921569 0.976471
0.925490 0.976471
0.929412 0.976471
0.933333 0.976471
0.937255 0.976471
0.941176 0.976471
0.945098 0.976471
0.949020 0.976471
0.952941 0.976471
0.956863 0.976471
0.960784 0.976471
0.964706 0.976471
0.968627 0.976471
0.972549 0.976471
0.976471 0.976471
0.980392 0.976471
0.984314 0.976471
0.988235 0.976471
0.992157 0.976471
0.996078 0.976471
1.000000 0.976471

i = 2500.000000 0.980392
0.003922 0.980392
0.007843 0.980392
0.011765 0.980392
0.015686 0.980392
0.019608 0.980392
0.023529 0.980392
0.027451 0.980392
0.031373 0.980392
0.035294 0.980392
0.039216 0.980392
0.043137 0.980392
0.047059 0.980392
0.050980 0.980392
0.054902 0.980392
0.058824 0.980392
0.062745 0.980392
0.066667 0.980392
0.070588 0.980392
0.074510 0.980392
0.078431 0.980392
0.082353 0.980392
0.086275 0.980392
0.090196 0.980392
0.094118 0.980392
0.098039 0.980392
0.101961 0.980392
0.105882 0.980392
0.109804 0.980392
0.113725 0.980392
0.117647 0.980392
0.121569 0.980392
0.125490 0.980392
0.129412 0.980392
0.133333 0.980392
0.137255 0.980392
0.141176 0.980392
0.145098 0.980392
0.149020 0.980392
0.152941 0.980392
0.156863 0.980392
0.160784 0.980392
0.164706 0.980392
0.168627 0.980392
0.172549 0.980392
0.176471 0.980392
0.180392 0.980392
0.184314 0.980392
0.188235 0.980392
0.192157 0.980392
0.196078 0.980392
0.200000 0.980392
0.203922 0.980392
0.207843 0.980392
0.211765 0.980392
0.215686 0.980392
0.219608 0.980392
0.223529 0.980392
0.227451 0.980392
0.231373 0.980392
0.235294 0.980392
0.239216 0.980392
0.243137 0.980392
0.247059 0.980392
0.250980 0.980392
0.254902 0.980392
0.258824 0.980392
0.262745 0.980392
0.266667 0.980392
0.270588 0.980392
0.274510 0.980392
0.278431 0.980392
0.282353 0.980392
0.286275 0.980392
0.290196 0.980392
0.294118 0.980392
0.298039 0.980392
0.301961 0.980392
0.305882 0.980392
0.309804 0.980392
0.313726 0.980392
0.317647 0.980392
0.321569 0.980392
0.325490 0.980392
0.329412 0.980392
0.333333 0.980392
0.337255 0.980392
0.341176 0.980392
0.345098 0.980392
0.349020 0.980392
0.352941 0.980392
0.356863 0.980392
0.360784 0.980392
0.364706 0.980392
0.368627 0.980392
0.372549 0.980392
0.376471 0.980392
0.380392 0.980392
0.384314 0.980392
0.388235 0.980392
0.392157 0.980392
0.396078 0.980392
0.400000 0.980392
0.403922 0.980392
0.407843 0.980392
0.411765 0.980392
0.415686 0.980392
0.419608 0.980392
0.423529 0.980392
0.427451 0.980392
0.431373 0.980392
0.435294 0.980392
0.439216 0.980392
0.443137 0.980392
0.447059 0.980392
0.450980 0.980392
0.454902 0.980392
0.458824 0.980392
0.462745 0.980392
0.466667 0.980392
0.470588 0.980392
0.474510 0.980392
0.478431 0.980392
0.482353 0.980392
0.486275 0.980392
0.490196 0.980392
0.494118 0.980392
0.498039 0.980392
0.501961 0.980392
0.505882 0.980392
0.509804 0.980392
0.513726 0.980392
0.517647 0.980392
0.521569 0.980392
0.525490 0.980392
0.529412 0.980392
0.533333 0.980392
0.537255 0.980392
0.541176 0.980392
0.545098 0.980392
0.549020 0.980392
0.552941 0.980392
0.556863 0.980392
0.560784 0.980392
0.564706 0.980392
0.568627 0.980392
0.572549 0.980392
0.576471 0.980392
0.580392 0.980392
0.584314 0.980392
0.588235 0.980392
0.592157 0.980392
0.596078 0.980392
0.600000 0.980392
0.603922 0.980392
0.607843 0.980392
0.611765 0.980392
0.615686 0.980392
0.619608 0.980392
0.623529 0.980392
0.627451 0.980392
0.631373 0.980392
0.635294 0.980392
0.639216 0.980392
0.643137 0.980392
0.647059 0.980392
0.650980 0.980392
0.654902 0.980392
0.658824 0.980392
0.662745 0.980392
0.666667 0.980392
0.670588 0.980392
0.674510 0.980392
0.678431 0.980392
0.682353 0.980392
0.686275 0.980392
0.690196 0.980392
0.694118 0.980392
0.698039 0.980392
0.701961 0.980392
0.705882 0.980392
0.709804 0.980392
0.713726 0.980392
0.717647 0.980392
0.721569 0.980392
0.725490 0.980392
0.729412 0.980392
0.733333 0.980392
0.737255 0.980392
0.741176 0.980392
0.745098 0.980392
0.749020 0.980392
0.752941 0.980392
0.756863 0.980392
0.760784 0.980392
0.764706 0.980392
0.768627 0.980392
0.772549 0.980392
0.776471 0.980392
0.780392 0.980392
0.784314 0.980392
0.788235 0.980392
0.792157 0.980392
0.796078 0.980392
0.800000 0.980392
0.803922 0.980392
0.807843 0.980392
0.811765 0.980392
0.815686 0.980392
0.819608 0.980392
0.823529 0.980392
0.827451 0.980392
0.831373 0.980392
0.835294 0.980392
0.839216 0.980392
0.843137 0.980392
0.847059 0.980392
0.850980 0.980392
0.854902 0.980392
0.858824 0.980392
0.862745 0.980392
0.866667 0.980392
0.870588 0.980392
0.874510 0.980392
0.878431 0.980392
0.882353 0.980392
0.886275 0.980392
0.890196 0.980392
0.894118 0.980392
0.898039 0.980392
0.901961 0.980392
0.905882 0.980392
0.909804 0.980392
0.913725 0.980392
0.917647 0.980392
0.921569 0.980392
0.925490 0.980392
0.929412 0.980392
0.933333 0.980392
0.937255 0.980392
0.941176 0.980392
0.945098 0.980392
0.949020 0.980392
0.952941 0.980392
0.956863 0.980392
0.960784 0.980392
0.964706 0.980392
0.968627 0.980392
0.972549 0.980392
0.976471 0.980392
0.980392 0.980392
0.984314 0.980392
0.988235 0.980392
0.992157 0.980392
0.996078 0.980392
1.000000 0.980392

i = 2510.000000 0.984314
0.003922 0.984314
0.007843 0.984314
0.011765 0.984314
0.015686 0.984314
0.019608 0.984314
0.023529 0.984314
0.027451 0.984314
0.031373 0.984314
0.035294 0.984314
0.039216 0.984314
0.043137 0.984314
0.047059 0.984314
0.050980 0.984314
0.054902 0.984314
0.058824 0.984314
0.062745 0.984314
0.066667 0.984314
0.070588 0.984314
0.074510 0.984314
0.078431 0.984314
0.082353 0.984314
0.086275 0.984314
0.090196 0.984314
0.094118 0.984314
0.098039 0.984314
0.101961 0.984314
0.105882 0.984314
0.109804 0.984314
0.113725 0.984314
0.117647 0.984314
0.121569 0.984314
0.125490 0.984314
0.129412 0.984314
0.133333 0.984314
0.137255 0.984314
0.141176 0.984314
0.145098 0.984314
0.149020 0.984314
0.152941 0.984314
0.156863 0.984314
0.160784 0.984314
0.164706 0.984314
0.168627 0.984314
0.172549 0.984314
0.176471 0.984314
0.180392 0.984314
0.184314 0.984314
0.188235 0.984314
0.192157 0.984314
0.196078 0.984314
0.200000 0.984314
0.203922 0.984314
0.207843 0.984314
0.211765 0.984314
0.215686 0.984314
0.219608 0.984314
0.223529 0.984314
0.227451 0.984314
0.231373 0.984314
0.235294 0.984314
0.239216 0.984314
0.243137 0.984314
0.247059 0.984314
0.250980 0.984314
0.254902 0.984314
0.258824 0.984314
0.262745 0.984314
0.266667 0.984314
0.270588 0.984314
0.274510 0.984314
0.278431 0.984314
0.282353 0.984314
0.286275 0.984314
0.290196 0.984314
0.294118 0.984314
0.298039 0.984314
0.301961 0.984314
0.305882 0.984314
0.309804 0.984314
0.313726 0.984314
0.317647 0.984314
0.321569 0.984314
0.325490 0.984314
0.329412 0.984314
0.333333 0.984314
0.337255 0.984314
0.341176 0.984314
0.345098 0.984314
0.349020 0.984314
0.352941 0.984314
0.356863 0.984314
0.360784 0.984314
0.364706 0.984314
0.368627 0.984314
0.372549 0.984314
0.376471 0.984314
0.380392 0.984314
0.384314 0.984314
0.388235 0.984314
0.392157 0.984314
0.396078 0.984314
0.400000 0.984314
0.403922 0.984314
0.407843 0.984314
0.411765 0.984314
0.415686 0.984314
0.419608 0.984314
0.423529 0.984314
0.427451 0.984314
0.431373 0.984314
0.435294 0.984314
0.439216 0.984314
0.443137 0.984314
0.447059 0.984314
0.450980 0.984314
0.454902 0.984314
0.458824 0.984314
0.462745 0.984314
0.466667 0.984314
0.470588 0.984314
0.474510 0.984314
0.478431 0.984314
0.482353 0.984314
0.486275 0.984314
0.490196 0.984314
0.494118 0.984314
0.498039 0.984314
0.501961 0.984314
0.505882 0.984314
0.509804 0.984314
0.513726 0.984314
0.517647 0.984314
0.521569 0.984314
0.525490 0.984314
0.529412 0.984314
0.533333 0.984314
0.537255 0.984314
0.541176 0.984314
0.545098 0.984314
0.549020 0.984314
0.552941 0.984314
0.556863 0.984314
0.560784 0.984314
0.564706 0.984314
0.568627 0.984314
0.572549 0.984314
0.576471 0.984314
0.580392 0.984314
0.584314 0.984314
0.588235 0.984314
0.592157 0.984314
0.596078 0.984314
0.600000 0.984314
0.603922 0.984314
0.607843 0.984314
0.611765 0.984314
0.615686 0.984314
0.619608 0.984314
0.623529 0.984314
0.627451 0.984314
0.631373 0.984314
0.635294 0.984314
0.639216 0.984314
0.643137 0.984314
0.647059 0.984314
0.650980 0.984314
0.654902 0.984314
0.658824 0.984314
0.662745 0.984314
0.666667 0.984314
0.670588 0.984314
0.674510 0.984314
0.678431 0.984314
0.682353 0.984314
0.686275 0.984314
0.690196 0.984314
0.694118 0.984314
0.698039 0.984314
0.701961 0.984314
0.705882 0.984314
0.709804 0.984314
0.713726 0.984314
0.717647 0.984314
0.721569 0.984314
0.725490 0.984314
0.729412 0.984314
0.733333 0.984314
0.737255 0.984314
0.741176 0.984314
0.745098 0.984314
0.749020 0.984314
0.752941 0.984314
0.756863 0.984314
0.760784 0.984314
0.764706 0.984314
0.768627 0.984314
0.772549 0.984314
0.776471 0.984314
0.780392 0.984314
0.784314 0.984314
0.788235 0.984314
0.792157 0.984314
0.796078 0.984314
0.800000 0.984314
0.803922 0.984314
0.807843 0.984314
0.811765 0.984314
0.815686 0.984314
0.819608 0.984314
0.823529 0.984314
0.827451 0.984314
0.831373 0.984314
0.835294 0.984314
0.839216 0.984314
0.843137 0.984314
0.847059 0.984314
0.850980 0.984314
0.854902 0.984314
0.858824 0.984314
0.862745 0.984314
0.866667 0.984314
0.870588 0.984314
0.874510 0.984314
0.878431 0.984314
0.882353 0.984314
0.886275 0.984314
0.890196 0.984314
0.894118 0.984314
0.898039 0.984314
0.901961 0.984314
0.905882 0.984314
0.909804 0.984314
0.913725 0.984314
0.917647 0.984314
0.921569 0.984314
0.925490 0.984314
0.929412 0.984314
0.933333 0.984314
0.937255 0.984314
0.941176 0.984314
0.945098 0.984314
0.949020 0.984314
0.952941 0.984314
0.956863 0.984314
0.960784 0.984314
0.964706 0.984314
0.968627 0.984314
0.972549 0.984314
0.976471 0.984314
0.980392 0.984314
0.984314 0.984314
0.988235 0.984314
0.992157 0.984314
0.996078 0.984314
1.000000 0.984314

i = 2520.000000 0.988235
0.003922 0.988235
0.007843 0.988235
0.011765 0.988235
0.015686 0.988235
0.019608 0.988235
0.023529 0.988235
0.027451 0.988235
0.031373 0.988235
0.035294 0.988235
0.039216 0.988235
0.043137 0.988235
0.047059 0.988235
0.050980 0.988235
0.054902 0.988235
0.058824 0.988235
0.062745 0.988235
0.066667 0.988235
0.070588 0.988235
0.074510 0.988235
0.078431 0.988235
0.082353 0.988235
0.086275 0.988235
0.090196 0.988235
0.094118 0.988235
0.098039 0.988235
0.101961 0.988235
0.105882 0.988235
0.109804 0.988235
0.113725 0.988235
0.117647 0.988235
0.121569 0.988235
0.125490 0.988235
0.129412 0.988235
0.133333 0.988235
0.137255 0.988235
0.141176 0.988235
0.145098 0.988235
0.149020 0.988235
0.152941 0.988235
0.156863 0.988235
0.160784 0.988235
0.164706 0.988235
0.168627 0.988235
0.172549 0.988235
0.176471 0.988235
0.180392 0.988235
0.184314 0.988235
0.188235 0.988235
0.192157 0.988235
0.196078 0.988235
0.200000 0.988235
0.203922 0.988235
0.207843 0.988235
0.211765 0.988235
0.215686 0.988235
0.219608 0.988235
0.223529 0.988235
0.227451 0.988235
0.231373 0.988235
0.235294 0.988235
0.239216 0.988235
0.243137 0.988235
0.247059 0.988235
0.250980 0.988235
0.254902 0.988235
0.258824 0.988235
0.262745 0.988235
0.266667 0.988235
0.270588 0.988235
0.274510 0.988235
0.278431 0.988235
0.282353 0.988235
0.286275 0.988235
0.290196 0.988235
0.294118 0.988235
0.298039 0.988235
0.301961 0.988235
0.305882 0.988235
0.309804 0.988235
0.313726 0.988235
0.317647 0.988235
0.321569 0.988235
0.325490 0.988235
0.329412 0.988235
0.333333 0.988235
0.337255 0.988235
0.341176 0.988235
0.345098 0.988235
0.349020 0.988235
0.352941 0.988235
0.356863 0.988235
0.360784 0.988235
0.364706 0.988235
0.368627 0.988235
0.372549 0.988235
0.376471 0.988235
0.380392 0.988235
0.384314 0.988235
0.388235 0.988235
0.392157 0.988235
0.396078 0.988235
0.400000 0.988235
0.403922 0.988235
0.407843 0.988235
0.411765 0.988235
0.415686 0.988235
0.419608 0.988235
0.423529 0.988235
0.427451 0.988235
0.431373 0.988235
0.435294 0.988235
0.439216 0.988235
0.443137 0.988235
0.447059 0.988235
0.450980 0.988235
0.454902 0.988235
0.458824 0.988235
0.462745 0.988235
0.466667 0.988235
0.470588 0.988235
0.474510 0.988235
0.478431 0.988235
0.482353 0.988235
0.486275 0.988235
0.490196 0.988235
0.494118 0.988235
0.498039 0.988235
0.501961 0.988235
0.505882 0.988235
0.509804 0.988235
0.513726 0.988235
0.517647 0.988235
0.521569 0.988235
0.525490 0.988235
0.529412 0.988235
0.533333 0.988235
0.537255 0.988235
0.541176 0.988235
0.545098 0.988235
0.549020 0.988235
0.552941 0.988235
0.556863 0.988235
0.560784 0.988235
0.564706 0.988235
0.568627 0.988235
0.572549 0.988235
0.576471 0.988235
0.580392 0.988235
0.584314 0.988235
0.588235 0.988235
0.592157 0.988235
0.596078 0.988235
0.600000 0.988235
0.603922 0.988235
0.607843 0.988235
0.611765 0.988235
0.615686 0.988235
0.619608 0.988235
0.623529 0.988235
0.627451 0.988235
0.631373 0.988235
0.635294 0.988235
0.639216 0.988235
0.643137 0.988235
0.647059 0.988235
0.650980 0.988235
0.654902 0.988235
0.658824 0.988235
0.662745 0.988235
0.666667 0.988235
0.670588 0.988235
0.674510 0.988235
0.678431 0.988235
0.682353 0.988235
0.686275 0.988235
0.690196 0.988235
0.694118 0.988235
0.698039 0.988235
0.701961 0.988235
0.705882 0.988235
0.709804 0.988235
0.713726 0.988235
0.717647 0.988235
0.721569 0.988235
0.725490 0.988235
0.729412 0.988235
0.733333 0.988235
0.737255 0.988235
0.741176 0.988235
0.745098 0.988235
0.749020 0.988235
0.752941 0.988235
0.756863 0.988235
0.760784 0.988235
0.764706 0.988235
0.768627 0.988235
0.772549 0.988235
0.776471 0.988235
0.780392 0.988235
0.784314 0.988235
0.788235 0.988235
0.792157 0.988235
0.796078 0.988235
0.800000 0.988235
0.803922 0.988235
0.807843 0.988235
0.811765 0.988235
0.815686 0.988235
0.819608 0.988235
0.823529 0.988235
0.827451 0.988235
0.831373 0.988235
0.835294 0.988235
0.839216 0.988235
0.843137 0.988235
0.847059 0.988235
0.850980 0.988235
0.854902 0.988235
0.858824 0.988235
0.862745 0.988235
0.866667 0.988235
0.870588 0.988235
0.874510 0.988235
0.878431 0.988235
0.882353 0.988235
0.886275 0.988235
0.890196 0.988235
0.894118 0.988235
0.898039 0.988235
0.901961 0.988235
0.905882 0.988235
0.909804 0.988235
0.913725 0.988235
0.917647 0.988235
0.921569 0.988235
0.925490 0.988235
0.929412 0.988235
0.933333 0.988235
0.937255 0.988235
0.941176 0.988235
0.945098 0.988235
0.949020 0.988235
0.952941 0.988235
0.956863 0.988235
0.960784 0.988235
0.964706 0.988235
0.968627 0.988235
0.972549 0.988235
0.976471 0.988235
0.980392 0.988235
0.984314 0.988235
0.988235 0.988235
0.992157 0.988235
0.996078 0.988235
1.000000 0.988235

i = 2530.000000 0.992157
0.003922 0.992157
0.007843 0.992157
0.011765 0.992157
0.015686 0.992157
0.019608 0.992157
0.023529 0.992157
0.027451 0.992157
0.031373 0.992157
0.035294 0.992157
0.039216 0.992157
0.043137 0.992157
0.047059 0.992157
0.050980 0.992157
0.054902 0.992157
0.058824 0.992157
0.062745 0.992157
0.066667 0.992157
0.070588 0.992157
0.074510 0.992157
0.078431 0.992157
0.082353 0.992157
0.086275 0.992157
0.090196 0.992157
0.094118 0.992157
0.098039 0.992157
0.101961 0.992157
0.105882 0.992157
0.109804 0.992157
0.113725 0.992157
0.117647 0.992157
0.121569 0.992157
0.125490 0.992157
0.129412 0.992157
0.133333 0.992157
0.137255 0.992157
0.141176 0.992157
0.145098 0.992157
0.149020 0.992157
0.152941 0.992157
0.156863 0.992157
0.160784 0.992157
0.164706 0.992157
0.168627 0.992157
0.172549 0.992157
0.176471 0.992157
0.180392 0.992157
0.184314 0.992157
0.188235 0.992157
0.192157 0.992157
0.196078 0.992157
0.200000 0.992157
0.203922 0.992157
0.207843 0.992157
0.211765 0.992157
0.215686 0.992157
0.219608 0.992157
0.223529 0.992157
0.227451 0.992157
0.231373 0.992157
0.235294 0.992157
0.239216 0.992157
0.243137 0.992157
0.247059 0.992157
0.250980 0.992157
0.254902 0.992157
0.258824 0.992157
0.262745 0.992157
0.266667 0.992157
0.270588 0.992157
0.274510 0.992157
0.278431 0.992157
0.282353 0.992157
0.286275 0.992157
0.290196 0.992157
0.294118 0.992157
0.298039 0.992157
0.301961 0.992157
0.305882 0.992157
0.309804 0.992157
0.313726 0.992157
0.317647 0.992157
0.321569 0.992157
0.325490 0.992157
0.329412 0.992157
0.333333 0.992157
0.337255 0.992157
0.341176 0.992157
0.345098 0.992157
0.349020 0.992157
0.352941 0.992157
0.356863 0.992157
0.360784 0.992157
0.364706 0.992157
0.368627 0.992157
0.372549 0.992157
0.376471 0.992157
0.380392 0.992157
0.384314 0.992157
0.388235 0.992157
0.392157 0.992157
0.396078 0.992157
0.400000 0.992157
0.403922 0.992157
0.407843 0.992157
0.411765 0.992157
0.415686 0.992157
0.419608 0.992157
0.423529 0.992157
0.427451 0.992157
0.431373 0.992157
0.435294 0.992157
0.439216 0.992157
0.443137 0.992157
0.447059 0.992157
0.450980 0.992157
0.454902 0.992157
0.458824 0.992157
0.462745 0.992157
0.466667 0.992157
0.470588 0.992157
0.474510 0.992157
0.478431 0.992157
0.482353 0.992157
0.486275 0.992157
0.490196 0.992157
0.494118 0.992157
0.498039 0.992157
0.501961 0.992157
0.505882 0.992157
0.509804 0.992157
0.513726 0.992157
0.517647 0.992157
0.521569 0.992157
0.525490 0.992157
0.529412 0.992157
0.533333 0.992157
0.537255 0.992157
0.541176 0.992157
0.545098 0.992157
0.549020 0.992157
0.552941 0.992157
0.556863 0.992157
0.560784 0.992157
0.564706 0.992157
0.568627 0.992157
0.572549 0.992157
0.576471 0.992157
0.580392 0.992157
0.584314 0.992157
0.588235 0.992157
0.592157 0.992157
0.596078 0.992157
0.600000 0.992157
0.603922 0.992157
0.607843 0.992157
0.611765 0.992157
0.615686 0.992157
0.619608 0.992157
0.623529 0.992157
0.627451 0.992157
0.631373 0.992157
0.635294 0.992157
0.639216 0.992157
0.643137 0.992157
0.647059 0.992157
0.650980 0.992157
0.654902 0.992157
0.658824 0.992157
0.662745 0.992157
0.666667 0.992157
0.670588 0.992157
0.674510 0.992157
0.678431 0.992157
0.682353 0.992157
0.686275 0.992157
0.690196 0.992157
0.694118 0.992157
0.698039 0.992157
0.701961 0.992157
0.705882 0.992157
0.709804 0.992157
0.713726 0.992157
0.717647 0.992157
0.721569 0.992157
0.725490 0.992157
0.729412 0.992157
0.733333 0.992157
0.737255 0.992157
0.741176 0.992157
0.745098 0.992157
0.749020 0.992157
0.752941 0.992157
0.756863 0.992157
0.760784 0.992157
0.764706 0.992157
0.768627 0.992157
0.772549 0.992157
0.776471 0.992157
0.780392 0.992157
0.784314 0.992157
0.788235 0.992157
0.792157 0.992157
0.796078 0.992157
0.800000 0.992157
0.803922 0.992157
0.807843 0.992157
0.811765 0.992157
0.815686 0.992157
0.819608 0.992157
0.823529 0.992157
0.827451 0.992157
0.831373 0.992157
0.835294 0.992157
0.839216 0.992157
0.843137 0.992157
0.847059 0.992157
0.850980 0.992157
0.854902 0.992157
0.858824 0.992157
0.862745 0.992157
0.866667 0.992157
0.870588 0.992157
0.874510 0.992157
0.878431 0.992157
0.882353 0.992157
0.886275 0.992157
0.890196 0.992157
0.894118 0.992157
0.898039 0.992157
0.901961 0.992157
0.905882 0.992157
0.909804 0.992157
0.913725 0.992157
0.917647 0.992157
0.921569 0.992157
0.925490 0.992157
0.929412 0.992157
0.933333 0.992157
0.937255 0.992157
0.941176 0.992157
0.945098 0.992157
0.949020 0.992157
0.952941 0.992157
0.956863 0.992157
0.960784 0.992157
0.964706 0.992157
0.968627 0.992157
0.972549 0.992157
0.976471 0.992157
0.980392 0.992157
0.984314 0.992157
0.988235 0.992157
0.992157 0.992157
0.996078 0.992157
1.000000 0.992157

i = 2540.000000 0.996078
0.003922 0.996078
0.007843 0.996078
0.011765 0.996078
0.015686 0.996078
0.019608 0.996078
0.023529 0.996078
0.027451 0.996078
0.031373 0.996078
0.035294 0.996078
0.039216 0.996078
0.043137 0.996078
0.047059 0.996078
0.050980 0.996078
0.054902 0.996078
0.058824 0.996078
0.062745 0.996078
0.066667 0.996078
0.070588 0.996078
0.074510 0.996078
0.078431 0.996078
0.082353 0.996078
0.086275 0.996078
0.090196 0.996078
0.094118 0.996078
0.098039 0.996078
0.101961 0.996078
0.105882 0.996078
0.109804 0.996078
0.113725 0.996078
0.117647 0.996078
0.121569 0.996078
0.125490 0.996078
0.129412 0.996078
0.133333 0.996078
0.137255 0.996078
0.141176 0.996078
0.145098 0.996078
0.149020 0.996078
0.152941 0.996078
0.156863 0.996078
0.160784 0.996078
0.164706 0.996078
0.168627 0.996078
0.172549 0.996078
0.176471 0.996078
0.180392 0.996078
0.184314 0.996078
0.188235 0.996078
0.192157 0.996078
0.196078 0.996078
0.200000 0.996078
0.203922 0.996078
0.207843 0.996078
0.211765 0.996078
0.215686 0.996078
0.219608 0.996078
0.223529 0.996078
0.227451 0.996078
0.231373 0.996078
0.235294 0.996078
0.239216 0.996078
0.243137 0.996078
0.247059 0.996078
0.250980 0.996078
0.254902 0.996078
0.258824 0.996078
0.262745 0.996078
0.266667 0.996078
0.270588 0.996078
0.274510 0.996078
0.278431 0.996078
0.282353 0.996078
0.286275 0.996078
0.290196 0.996078
0.294118 0.996078
0.298039 0.996078
0.301961 0.996078
0.305882 0.996078
0.309804 0.996078
0.313726 0.996078
0.317647 0.996078
0.321569 0.996078
0.325490 0.996078
0.329412 0.996078
0.333333 0.996078
0.337255 0.996078
0.341176 0.996078
0.345098 0.996078
0.349020 0.996078
0.352941 0.996078
0.356863 0.996078
0.360784 0.996078
0.364706 0.996078
0.368627 0.996078
0.372549 0.996078
0.376471 0.996078
0.380392 0.996078
0.384314 0.996078
0.388235 0.996078
0.392157 0.996078
0.396078 0.996078
0.400000 0.996078
0.403922 0.996078
0.407843 0.996078
0.411765 0.996078
0.415686 0.996078
0.419608 0.996078
0.423529 0.996078
0.427451 0.996078
0.431373 0.996078
0.435294 0.996078
0.439216 0.996078
0.443137 0.996078
0.447059 0.996078
0.450980 0.996078
0.454902 0.996078
0.458824 0.996078
0.462745 0.996078
0.466667 0.996078
0.470588 0.996078
0.474510 0.996078
0.478431 0.996078
0.482353 0.996078
0.486275 0.996078
0.490196 0.996078
0.494118 0.996078
0.498039 0.996078
0.501961 0.996078
0.505882 0.996078
0.509804 0.996078
0.513726 0.996078
0.517647 0.996078
0.521569 0.996078
0.525490 0.996078
0.529412 0.996078
0.533333 0.996078
0.537255 0.996078
0.541176 0.996078
0.545098 0.996078
0.549020 0.996078
0.552941 0.996078
0.556863 0.996078
0.560784 0.996078
0.564706 0.996078
0.568627 0.996078
0.572549 0.996078
0.576471 0.996078
0.580392 0.996078
0.584314 0.996078
0.588235 0.996078
0.592157 0.996078
0.596078 0.996078
0.600000 0.996078
0.603922 0.996078
0.607843 0.996078
0.611765 0.996078
0.615686 0.996078
0.619608 0.996078
0.623529 0.996078
0.627451 0.996078
0.631373 0.996078
0.635294 0.996078
0.639216 0.996078
0.643137 0.996078
0.647059 0.996078
0.650980 0.996078
0.654902 0.996078
0.658824 0.996078
0.662745 0.996078
0.666667 0.996078
0.670588 0.996078
0.674510 0.996078
0.678431 0.996078
0.682353 0.996078
0.686275 0.996078
0.690196 0.996078
0.694118 0.996078
0.698039 0.996078
0.701961 0.996078
0.705882 0.996078
0.709804 0.996078
0.713726 0.996078
0.717647 0.996078
0.721569 0.996078
0.725490 0.996078
0.729412 0.996078
0.733333 0.996078
0.737255 0.996078
0.741176 0.996078
0.745098 0.996078
0.749020 0.996078
0.752941 0.996078
0.756863 0.996078
0.760784 0.996078
0.764706 0.996078
0.768627 0.996078
0.772549 0.996078
0.776471 0.996078
0.780392 0.996078
0.784314 0.996078
0.788235 0.996078
0.792157 0.996078
0.796078 0.996078
0.800000 0.996078
0.803922 0.996078
0.807843 0.996078
0.811765 0.996078
0.815686 0.996078
0.819608 0.996078
0.823529 0.996078
0.827451 0.996078
0.831373 0.996078
0.835294 0.996078
0.839216 0.996078
0.843137 0.996078
0.847059 0.996078
0.850980 0.996078
0.854902 0.996078
0.858824 0.996078
0.862745 0.996078
0.866667 0.996078
0.870588 0.996078
0.874510 0.996078
0.878431 0.996078
0.882353 0.996078
0.886275 0.996078
0.890196 0.996078
0.894118 0.996078
0.898039 0.996078
0.901961 0.996078
0.905882 0.996078
0.909804 0.996078
0.913725 0.996078
0.917647 0.996078
0.921569 0.996078
0.925490 0.996078
0.929412 0.996078
0.933333 0.996078
0.937255 0.996078
0.941176 0.996078
0.945098 0.996078
0.949020 0.996078
0.952941 0.996078
0.956863 0.996078
0.960784 0.996078
0.964706 0.996078
0.968627 0.996078
0.972549 0.996078
0.976471 0.996078
0.980392 0.996078
0.984314 0.996078
0.988235 0.996078
0.992157 0.996078
0.996078 0.996078
1.000000 0.996078

i = 2550.000000 1.000000
0.003922 1.000000
0.007843 1.000000
0.011765 1.000000
0.015686 1.000000
0.019608 1.000000
0.023529 1.000000
0.027451 1.000000
0.031373 1.000000
0.035294 1.000000
0.039216 1.000000
0.043137 1.000000
0.047059 1.000000
0.050980 1.000000
0.054902 1.000000
0.058824 1.000000
0.062745 1.000000
0.066667 1.000000
0.070588 1.000000
0.074510 1.000000
0.078431 1.000000
0.082353 1.000000
0.086275 1.000000
0.090196 1.000000
0.094118 1.000000
0.098039 1.000000
0.101961 1.000000
0.105882 1.000000
0.109804 1.000000
0.113725 1.000000
0.117647 1.000000
0.121569 1.000000
0.125490 1.000000
0.129412 1.000000
0.133333 1.000000
0.137255 1.000000
0.141176 1.000000
0.145098 1.000000
0.149020 1.000000
0.152941 1.000000
0.156863 1.000000
0.160784 1.000000
0.164706 1.000000
0.168627 1.000000
0.172549 1.000000
0.176471 1.000000
0.180392 1.000000
0.184314 1.000000
0.188235 1.000000
0.192157 1.000000
0.196078 1.000000
0.200000 1.000000
0.203922 1.000000
0.207843 1.000000
0.211765 1.000000
0.215686 1.000000
0.219608 1.000000
0.223529 1.000000
0.227451 1.000000
0.231373 1.000000
0.235294 1.000000
0.239216 1.000000
0.243137 1.000000
0.247059 1.000000
0.250980 1.000000
0.254902 1.000000
0.258824 1.000000
0.262745 1.000000
0.266667 1.000000
0.270588 1.000000
0.274510 1.000000
0.278431 1.000000
0.282353 1.000000
0.286275 1.000000
0.290196 1.000000
0.294118 1.000000
0.298039 1.000000
0.301961 1.000000
0.305882 1.000000
0.309804 1.000000
0.313726 1.000000
0.317647 1.000000
0.321569 1.000000
0.325490 1.000000
0.329412 1.000000
0.333333 1.000000
0.337255 1.000000
0.341176 1.000000
0.345098 1.000000
0.349020 1.000000
0.352941 1.000000
0.356863 1.000000
0.360784 1.000000
0.364706 1.000000
0.368627 1.000000
0.372549 1.000000
0.376471 1.000000
0.380392 1.000000
0.384314 1.000000
0.388235 1.000000
0.392157 1.000000
0.396078 1.000000
0.400000 1.000000
0.403922 1.000000
0.407843 1.000000
0.411765 1.000000
0.415686 1.000000
0.419608 1.000000
0.423529 1.000000
0.427451 1.000000
0.431373 1.000000
0.435294 1.000000
0.439216 1.000000
0.443137 1.000000
0.447059 1.000000
0.450980 1.000000
0.454902 1.000000
0.458824 1.000000
0.462745 1.000000
0.466667 1.000000
0.470588 1.000000
0.474510 1.000000
0.478431 1.000000
0.482353 1.000000
0.486275 1.000000
0.490196 1.000000
0.494118 1.000000
0.498039 1.000000
0.501961 1.000000
0.505882 1.000000
0.509804 1.000000
0.513726 1.000000
0.517647 1.000000
0.521569 1.000000
0.525490 1.000000
0.529412 1.000000
0.533333 1.000000
0.537255 1.000000
0.541176 1.000000
0.545098 1.000000
0.549020 1.000000
0.552941 1.000000
0.556863 1.000000
0.560784 1.000000
0.564706 1.000000
0.568627 1.000000
0.572549 1.000000
0.576471 1.000000
0.580392 1.000000
0.584314 1.000000
0.588235 1.000000
0.592157 1.000000
0.596078 1.000000
0.600000 1.000000
0.603922 1.000000
0.607843 1.000000
0.611765 1.000000
0.615686 1.000000
0.619608 1.000000
0.623529 1.000000
0.627451 1.000000
0.631373 1.000000
0.635294 1.000000
0.639216 1.000000
0.643137 1.000000
0.647059 1.000000
0.650980 1.000000
0.654902 1.000000
0.658824 1.000000
0.662745 1.000000
0.666667 1.000000
0.670588 1.000000
0.674510 1.000000
0.678431 1.000000
0.682353 1.000000
0.686275 1.000000
0.690196 1.000000
0.694118 1.000000
0.698039 1.000000
0.701961 1.000000
0.705882 1.000000
0.709804 1.000000
0.713726 1.000000
0.717647 1.000000
0.721569 1.000000
0.725490 1.000000
0.729412 1.000000
0.733333 1.000000
0.737255 1.000000
0.741176 1.000000
0.745098 1.000000
0.749020 1.000000
0.752941 1.000000
0.756863 1.000000
0.760784 1.000000
0.764706 1.000000
0.768627 1.000000
0.772549 1.000000
0.776471 1.000000
0.780392 1.000000
0.784314 1.000000
0.788235 1.000000
0.792157 1.000000
0.796078 1.000000
0.800000 1.000000
0.803922 1.000000
0.807843 1.000000
0.811765 1.000000
0.815686 1.000000
0.819608 1.000000
0.823529 1.000000
0.827451 1.000000
0.831373 1.000000
0.835294 1.000000
0.839216 1.000000
0.843137 1.000000
0.847059 1.000000
0.850980 1.000000
0.854902 1.000000
0.858824 1.000000
0.862745 1.000000
0.866667 1.000000
0.870588 1.000000
0.874510 1.000000
0.878431 1.000000
0.882353 1.000000
0.886275 1.000000
0.890196 1.000000
0.894118 1.000000
0.898039 1.000000
0.901961 1.000000
0.905882 1.000000
0.909804 1.000000
0.913725 1.000000
0.917647 1.000000
0.921569 1.000000
0.925490 1.000000
0.929412 1.000000
0.933333 1.000000
0.937255 1.000000
0.941176 1.000000
0.945098 1.000000
0.949020 1.000000
0.952941 1.000000
0.956863 1.000000
0.960784 1.000000
0.964706 1.000000
0.968627 1.000000
0.972549 1.000000
0.976471 1.000000
0.980392 1.000000
0.984314 1.000000
0.988235 1.000000
0.992157 1.000000
0.996078 1.000000
1.000000 1.000000

i = 256